============================= test session starts ==============================
platform linux -- Python 3.13.15, pytest-9.0.3, pluggy-1.6.0
rootdir: /usr/local/google/home/konstantint/Projects/prefecture
configfile: pyproject.toml
plugins: anyio-4.13.0
collected 13 items

prefecture/operations/templating_test.py FFFFFFFFFFFFF                   [100%]

=================================== FAILURES ===================================
______________________ test_generate_template_only_params ______________________

test_template_dir = PosixPath('/tmp/pytest-of-konstantint/pytest-2/test_generate_template_only_pa0')

    def test_generate_template_only_params(test_template_dir):
        """Test template rendering with only parameters."""
        prompt_config = {
            "template_file": "test_prompt.j2",
            "params": {"name": "World", "last_weeks_digest": "None"},
        }
        generator = templating.Jinja2Templater(
            config_dir=test_template_dir, run_dir=test_template_dir, **prompt_config
        )
>       generated_prompt = generator()
                           ^^^^^^^^^^^

prefecture/operations/templating_test.py:30: 
_ _ _ _ _ _ _ _ _ _ _ _ _ _ _ _ _ _ _ _ _ _ _ _ _ _ _ _ _ _ _ _ _ _ _ _ _ _ _ _ 
.venv/lib/python3.13/site-packages/prefect/tasks.py:1213: in __call__
    return run_task(
.venv/lib/python3.13/site-packages/prefect/task_engine.py:1902: in run_task
    return run_task_sync(**kwargs)
           ^^^^^^^^^^^^^^^^^^^^^^^
.venv/lib/python3.13/site-packages/prefect/task_engine.py:1667: in run_task_sync
    with engine.start(task_run_id=task_run_id, dependencies=dependencies):
         ^^^^^^^^^^^^^^^^^^^^^^^^^^^^^^^^^^^^^^^^^^^^^^^^^^^^^^^^^^^^^^^^
/usr/lib/python3.13/contextlib.py:141: in __enter__
    return next(self.gen)
           ^^^^^^^^^^^^^^
.venv/lib/python3.13/site-packages/prefect/task_engine.py:920: in start
    with self.initialize_run(task_run_id=task_run_id, dependencies=dependencies):
         ^^^^^^^^^^^^^^^^^^^^^^^^^^^^^^^^^^^^^^^^^^^^^^^^^^^^^^^^^^^^^^^^^^^^^^^
/usr/lib/python3.13/contextlib.py:141: in __enter__
    return next(self.gen)
           ^^^^^^^^^^^^^^
.venv/lib/python3.13/site-packages/prefect/task_engine.py:822: in initialize_run
    with SyncClientContext.get_or_create() as client_ctx:
         ^^^^^^^^^^^^^^^^^^^^^^^^^^^^^^^^^
/usr/lib/python3.13/contextlib.py:141: in __enter__
    return next(self.gen)
           ^^^^^^^^^^^^^^
.venv/lib/python3.13/site-packages/prefect/context.py:337: in get_or_create
    with cls() as ctx:
         ^^^^^
.venv/lib/python3.13/site-packages/prefect/context.py:305: in __init__
    client=get_client(sync_client=True, httpx_settings=httpx_settings),
           ^^^^^^^^^^^^^^^^^^^^^^^^^^^^^^^^^^^^^^^^^^^^^^^^^^^^^^^^^^^
.venv/lib/python3.13/site-packages/prefect/client/orchestration/__init__.py:252: in get_client
    server.start()
.venv/lib/python3.13/site-packages/prefect/server/api/server.py:1154: in start
    response.raise_for_status()
_ _ _ _ _ _ _ _ _ _ _ _ _ _ _ _ _ _ _ _ _ _ _ _ _ _ _ _ _ _ _ _ _ _ _ _ _ _ _ _ 

self = <Response [400 Bad Request]>

    def raise_for_status(self) -> Response:
        """
        Raise the `HTTPStatusError` if one occurred.
        """
        request = self._request
        if request is None:
            raise RuntimeError(
                "Cannot call `raise_for_status` as the request "
                "instance has not been set on this response."
            )
    
        if self.is_success:
            return self
    
        if self.has_redirect_location:
            message = (
                "{error_type} '{0.status_code} {0.reason_phrase}' for url '{0.url}'\n"
                "Redirect location: '{0.headers[location]}'\n"
                "For more information check: https://developer.mozilla.org/en-US/docs/Web/HTTP/Status/{0.status_code}"
            )
        else:
            message = (
                "{error_type} '{0.status_code} {0.reason_phrase}' for url '{0.url}'\n"
                "For more information check: https://developer.mozilla.org/en-US/docs/Web/HTTP/Status/{0.status_code}"
            )
    
        status_class = self.status_code // 100
        error_types = {
            1: "Informational response",
            3: "Redirect response",
            4: "Client error",
            5: "Server error",
        }
        error_type = error_types.get(status_class, "Invalid status code")
        message = message.format(self, error_type=error_type)
>       raise HTTPStatusError(message, request=request, response=self)
E       httpx.HTTPStatusError: Client error '400 Bad Request' for url 'http://127.0.0.1:8560/api/health'
E       For more information check: https://developer.mozilla.org/en-US/docs/Web/HTTP/Status/400

.venv/lib/python3.13/site-packages/httpx/_models.py:829: HTTPStatusError
----------------------------- Captured stderr call -----------------------------
14:14:11.548 | INFO    | prefect - Starting temporary server on http://127.0.0.1:8265
See https://docs.prefect.io/v3/concepts/server#how-to-guides for more information on running a dedicated Prefect server.
14:14:16.248 | ERROR   | uvicorn.error - Traceback (most recent call last):
  File "/usr/local/google/home/konstantint/Projects/prefecture/.venv/lib/python3.13/site-packages/sqlalchemy/engine/base.py", line 143, in __init__
    self._dbapi_connection = engine.raw_connection()
                             ~~~~~~~~~~~~~~~~~~~~~^^
  File "/usr/local/google/home/konstantint/Projects/prefecture/.venv/lib/python3.13/site-packages/sqlalchemy/engine/base.py", line 3317, in raw_connection
    return self.pool.connect()
           ~~~~~~~~~~~~~~~~~^^
  File "/usr/local/google/home/konstantint/Projects/prefecture/.venv/lib/python3.13/site-packages/sqlalchemy/pool/base.py", line 448, in connect
    return _ConnectionFairy._checkout(self)
           ~~~~~~~~~~~~~~~~~~~~~~~~~~^^^^^^
  File "/usr/local/google/home/konstantint/Projects/prefecture/.venv/lib/python3.13/site-packages/sqlalchemy/pool/base.py", line 1272, in _checkout
    fairy = _ConnectionRecord.checkout(pool)
  File "/usr/local/google/home/konstantint/Projects/prefecture/.venv/lib/python3.13/site-packages/sqlalchemy/pool/base.py", line 712, in checkout
    rec = pool._do_get()
  File "/usr/local/google/home/konstantint/Projects/prefecture/.venv/lib/python3.13/site-packages/sqlalchemy/pool/impl.py", line 177, in _do_get
    with util.safe_reraise():
         ~~~~~~~~~~~~~~~~~^^
  File "/usr/local/google/home/konstantint/Projects/prefecture/.venv/lib/python3.13/site-packages/sqlalchemy/util/langhelpers.py", line 121, in __exit__
    raise exc_value.with_traceback(exc_tb)
  File "/usr/local/google/home/konstantint/Projects/prefecture/.venv/lib/python3.13/site-packages/sqlalchemy/pool/impl.py", line 175, in _do_get
    return self._create_connection()
           ~~~~~~~~~~~~~~~~~~~~~~~^^
  File "/usr/local/google/home/konstantint/Projects/prefecture/.venv/lib/python3.13/site-packages/sqlalchemy/pool/base.py", line 389, in _create_connection
    return _ConnectionRecord(self)
  File "/usr/local/google/home/konstantint/Projects/prefecture/.venv/lib/python3.13/site-packages/sqlalchemy/pool/base.py", line 674, in __init__
    self.__connect()
    ~~~~~~~~~~~~~~^^
  File "/usr/local/google/home/konstantint/Projects/prefecture/.venv/lib/python3.13/site-packages/sqlalchemy/pool/base.py", line 914, in __connect
    )._exec_w_sync_on_first_run(self.dbapi_connection, self)
      ~~~~~~~~~~~~~~~~~~~~~~~~~^^^^^^^^^^^^^^^^^^^^^^^^^^^^^
  File "/usr/local/google/home/konstantint/Projects/prefecture/.venv/lib/python3.13/site-packages/sqlalchemy/event/attr.py", line 501, in _exec_w_sync_on_first_run
    self(*args, **kw)
    ~~~~^^^^^^^^^^^^^
  File "/usr/local/google/home/konstantint/Projects/prefecture/.venv/lib/python3.13/site-packages/sqlalchemy/event/attr.py", line 515, in __call__
    fn(*args, **kw)
    ~~^^^^^^^^^^^^^
  File "/usr/local/google/home/konstantint/Projects/prefecture/.venv/lib/python3.13/site-packages/prefect/server/database/configurations.py", line 530, in setup_sqlite
    cursor.execute("PRAGMA journal_mode = WAL;")
    ~~~~~~~~~~~~~~^^^^^^^^^^^^^^^^^^^^^^^^^^^^^^
  File "/usr/local/google/home/konstantint/Projects/prefecture/.venv/lib/python3.13/site-packages/sqlalchemy/dialects/sqlite/aiosqlite.py", line 182, in execute
    self._adapt_connection._handle_exception(error)
    ~~~~~~~~~~~~~~~~~~~~~~~~~~~~~~~~~~~~~~~~^^^^^^^
  File "/usr/local/google/home/konstantint/Projects/prefecture/.venv/lib/python3.13/site-packages/sqlalchemy/dialects/sqlite/aiosqlite.py", line 342, in _handle_exception
    raise error
  File "/usr/local/google/home/konstantint/Projects/prefecture/.venv/lib/python3.13/site-packages/sqlalchemy/dialects/sqlite/aiosqlite.py", line 162, in execute
    self.await_(_cursor.execute(operation))
    ~~~~~~~~~~~^^^^^^^^^^^^^^^^^^^^^^^^^^^^
  File "/usr/local/google/home/konstantint/Projects/prefecture/.venv/lib/python3.13/site-packages/sqlalchemy/util/_concurrency_py3k.py", line 132, in await_only
    return current.parent.switch(awaitable)  # type: ignore[no-any-return,attr-defined] # noqa: E501
           ~~~~~~~~~~~~~~~~~~~~~^^^^^^^^^^^
  File "/usr/local/google/home/konstantint/Projects/prefecture/.venv/lib/python3.13/site-packages/sqlalchemy/util/_concurrency_py3k.py", line 196, in greenlet_spawn
    value = await result
            ^^^^^^^^^^^^
  File "/usr/local/google/home/konstantint/Projects/prefecture/.venv/lib/python3.13/site-packages/aiosqlite/cursor.py", line 40, in execute
    await self._execute(self._cursor.execute, sql, parameters)
  File "/usr/local/google/home/konstantint/Projects/prefecture/.venv/lib/python3.13/site-packages/aiosqlite/cursor.py", line 32, in _execute
    return await self._conn._execute(fn, *args, **kwargs)
           ^^^^^^^^^^^^^^^^^^^^^^^^^^^^^^^^^^^^^^^^^^^^^^
  File "/usr/local/google/home/konstantint/Projects/prefecture/.venv/lib/python3.13/site-packages/aiosqlite/core.py", line 160, in _execute
    return await future
           ^^^^^^^^^^^^
  File "/usr/local/google/home/konstantint/Projects/prefecture/.venv/lib/python3.13/site-packages/aiosqlite/core.py", line 63, in _connection_worker_thread
    result = function()
sqlite3.OperationalError: unable to open database file

The above exception was the direct cause of the following exception:

Traceback (most recent call last):
  File "/usr/local/google/home/konstantint/Projects/prefecture/.venv/lib/python3.13/site-packages/starlette/routing.py", line 638, in lifespan
    async with self.lifespan_context(app) as maybe_state:
               ~~~~~~~~~~~~~~~~~~~~~^^^^^
  File "/usr/lib/python3.13/contextlib.py", line 214, in __aenter__
    return await anext(self.gen)
           ^^^^^^^^^^^^^^^^^^^^^
  File "/usr/local/google/home/konstantint/Projects/prefecture/.venv/lib/python3.13/site-packages/prefect/server/api/server.py", line 921, in lifespan
    await run_migrations()
  File "/usr/local/google/home/konstantint/Projects/prefecture/.venv/lib/python3.13/site-packages/prefect/server/api/server.py", line 898, in run_migrations
    await db.create_db()
  File "/usr/local/google/home/konstantint/Projects/prefecture/.venv/lib/python3.13/site-packages/prefect/server/database/interface.py", line 77, in create_db
    await self.run_migrations_upgrade()
  File "/usr/local/google/home/konstantint/Projects/prefecture/.venv/lib/python3.13/site-packages/prefect/server/database/interface.py", line 115, in run_migrations_upgrade
    await run_sync_in_worker_thread(alembic_upgrade)
  File "/usr/local/google/home/konstantint/Projects/prefecture/.venv/lib/python3.13/site-packages/prefect/utilities/asyncutils/__init__.py", line 233, in run_sync_in_worker_thread
    result = await anyio.to_thread.run_sync(
             ^^^^^^^^^^^^^^^^^^^^^^^^^^^^^^^
        call_with_mark, call, abandon_on_cancel=True, limiter=get_thread_limiter()
        ^^^^^^^^^^^^^^^^^^^^^^^^^^^^^^^^^^^^^^^^^^^^^^^^^^^^^^^^^^^^^^^^^^^^^^^^^^
    )
    ^
  File "/usr/local/google/home/konstantint/Projects/prefecture/.venv/lib/python3.13/site-packages/anyio/to_thread.py", line 63, in run_sync
    return await get_async_backend().run_sync_in_worker_thread(
           ^^^^^^^^^^^^^^^^^^^^^^^^^^^^^^^^^^^^^^^^^^^^^^^^^^^^
        func, args, abandon_on_cancel=abandon_on_cancel, limiter=limiter
        ^^^^^^^^^^^^^^^^^^^^^^^^^^^^^^^^^^^^^^^^^^^^^^^^^^^^^^^^^^^^^^^^
    )
    ^
  File "/usr/local/google/home/konstantint/Projects/prefecture/.venv/lib/python3.13/site-packages/anyio/_backends/_asyncio.py", line 2518, in run_sync_in_worker_thread
    return await future
           ^^^^^^^^^^^^
  File "/usr/local/google/home/konstantint/Projects/prefecture/.venv/lib/python3.13/site-packages/anyio/_backends/_asyncio.py", line 1002, in run
    result = context.run(func, *args)
  File "/usr/local/google/home/konstantint/Projects/prefecture/.venv/lib/python3.13/site-packages/prefect/utilities/asyncutils/__init__.py", line 243, in call_with_mark
    return call()
  File "/usr/local/google/home/konstantint/Projects/prefecture/.venv/lib/python3.13/site-packages/prefect/server/database/alembic_commands.py", line 36, in wrapper
    return fn(*args, **kwargs)
  File "/usr/local/google/home/konstantint/Projects/prefecture/.venv/lib/python3.13/site-packages/prefect/server/database/alembic_commands.py", line 72, in alembic_upgrade
    alembic.command.upgrade(alembic_config(), revision, sql=dry_run)
    ~~~~~~~~~~~~~~~~~~~~~~~^^^^^^^^^^^^^^^^^^^^^^^^^^^^^^^^^^^^^^^^^
  File "/usr/local/google/home/konstantint/Projects/prefecture/.venv/lib/python3.13/site-packages/alembic/command.py", line 483, in upgrade
    script.run_env()
    ~~~~~~~~~~~~~~^^
  File "/usr/local/google/home/konstantint/Projects/prefecture/.venv/lib/python3.13/site-packages/alembic/script/base.py", line 545, in run_env
    util.load_python_file(self.dir, "env.py")
    ~~~~~~~~~~~~~~~~~~~~~^^^^^^^^^^^^^^^^^^^^
  File "/usr/local/google/home/konstantint/Projects/prefecture/.venv/lib/python3.13/site-packages/alembic/util/pyfiles.py", line 116, in load_python_file
    module = load_module_py(module_id, path)
  File "/usr/local/google/home/konstantint/Projects/prefecture/.venv/lib/python3.13/site-packages/alembic/util/pyfiles.py", line 136, in load_module_py
    spec.loader.exec_module(module)  # type: ignore
    ~~~~~~~~~~~~~~~~~~~~~~~^^^^^^^^
  File "<frozen importlib._bootstrap_external>", line 1023, in exec_module
  File "<frozen importlib._bootstrap>", line 488, in _call_with_frames_removed
  File "/usr/local/google/home/konstantint/Projects/prefecture/.venv/lib/python3.13/site-packages/prefect/server/database/_migrations/env.py", line 201, in <module>
    run_async_from_worker_thread(apply_migrations)
    ~~~~~~~~~~~~~~~~~~~~~~~~~~~~^^^^^^^^^^^^^^^^^^
  File "/usr/local/google/home/konstantint/Projects/prefecture/.venv/lib/python3.13/site-packages/prefect/utilities/asyncutils/__init__.py", line 254, in run_async_from_worker_thread
    return anyio.from_thread.run(call)
           ~~~~~~~~~~~~~~~~~~~~~^^^^^^
  File "/usr/local/google/home/konstantint/Projects/prefecture/.venv/lib/python3.13/site-packages/anyio/from_thread.py", line 90, in run
    return token.backend_class.run_async_from_thread(
           ~~~~~~~~~~~~~~~~~~~~~~~~~~~~~~~~~~~~~~~~~^
        func, args, token=token.native_token if explicit_token else None
        ^^^^^^^^^^^^^^^^^^^^^^^^^^^^^^^^^^^^^^^^^^^^^^^^^^^^^^^^^^^^^^^^
    )
    ^
  File "/usr/local/google/home/konstantint/Projects/prefecture/.venv/lib/python3.13/site-packages/anyio/_backends/_asyncio.py", line 2565, in run_async_from_thread
    return f.result()
           ~~~~~~~~^^
  File "/usr/lib/python3.13/concurrent/futures/_base.py", line 460, in result
    return self.__get_result()
           ~~~~~~~~~~~~~~~~~^^
  File "/usr/lib/python3.13/concurrent/futures/_base.py", line 402, in __get_result
    raise self._exception
  File "/usr/local/google/home/konstantint/Projects/prefecture/.venv/lib/python3.13/site-packages/anyio/_backends/_asyncio.py", line 2546, in task_wrapper
    return await func(*args)
           ^^^^^^^^^^^^^^^^^
  File "/usr/local/google/home/konstantint/Projects/prefecture/.venv/lib/python3.13/site-packages/prefect/server/database/_migrations/env.py", line 189, in apply_migrations
    async with engine.connect() as connection:
               ~~~~~~~~~~~~~~^^
  File "/usr/local/google/home/konstantint/Projects/prefecture/.venv/lib/python3.13/site-packages/sqlalchemy/ext/asyncio/base.py", line 121, in __aenter__
    return await self.start(is_ctxmanager=True)
           ^^^^^^^^^^^^^^^^^^^^^^^^^^^^^^^^^^^^
  File "/usr/local/google/home/konstantint/Projects/prefecture/.venv/lib/python3.13/site-packages/sqlalchemy/ext/asyncio/engine.py", line 275, in start
    await greenlet_spawn(self.sync_engine.connect)
  File "/usr/local/google/home/konstantint/Projects/prefecture/.venv/lib/python3.13/site-packages/sqlalchemy/util/_concurrency_py3k.py", line 201, in greenlet_spawn
    result = context.throw(*sys.exc_info())
  File "/usr/local/google/home/konstantint/Projects/prefecture/.venv/lib/python3.13/site-packages/sqlalchemy/engine/base.py", line 3293, in connect
    return self._connection_cls(self)
           ~~~~~~~~~~~~~~~~~~~~^^^^^^
  File "/usr/local/google/home/konstantint/Projects/prefecture/.venv/lib/python3.13/site-packages/sqlalchemy/engine/base.py", line 145, in __init__
    Connection._handle_dbapi_exception_noconnection(
    ~~~~~~~~~~~~~~~~~~~~~~~~~~~~~~~~~~~~~~~~~~~~~~~^
        err, dialect, engine
        ^^^^^^^^^^^^^^^^^^^^
    )
    ^
  File "/usr/local/google/home/konstantint/Projects/prefecture/.venv/lib/python3.13/site-packages/sqlalchemy/engine/base.py", line 2448, in _handle_dbapi_exception_noconnection
    raise sqlalchemy_exception.with_traceback(exc_info[2]) from e
  File "/usr/local/google/home/konstantint/Projects/prefecture/.venv/lib/python3.13/site-packages/sqlalchemy/engine/base.py", line 143, in __init__
    self._dbapi_connection = engine.raw_connection()
                             ~~~~~~~~~~~~~~~~~~~~~^^
  File "/usr/local/google/home/konstantint/Projects/prefecture/.venv/lib/python3.13/site-packages/sqlalchemy/engine/base.py", line 3317, in raw_connection
    return self.pool.connect()
           ~~~~~~~~~~~~~~~~~^^
  File "/usr/local/google/home/konstantint/Projects/prefecture/.venv/lib/python3.13/site-packages/sqlalchemy/pool/base.py", line 448, in connect
    return _ConnectionFairy._checkout(self)
           ~~~~~~~~~~~~~~~~~~~~~~~~~~^^^^^^
  File "/usr/local/google/home/konstantint/Projects/prefecture/.venv/lib/python3.13/site-packages/sqlalchemy/pool/base.py", line 1272, in _checkout
    fairy = _ConnectionRecord.checkout(pool)
  File "/usr/local/google/home/konstantint/Projects/prefecture/.venv/lib/python3.13/site-packages/sqlalchemy/pool/base.py", line 712, in checkout
    rec = pool._do_get()
  File "/usr/local/google/home/konstantint/Projects/prefecture/.venv/lib/python3.13/site-packages/sqlalchemy/pool/impl.py", line 177, in _do_get
    with util.safe_reraise():
         ~~~~~~~~~~~~~~~~~^^
  File "/usr/local/google/home/konstantint/Projects/prefecture/.venv/lib/python3.13/site-packages/sqlalchemy/util/langhelpers.py", line 121, in __exit__
    raise exc_value.with_traceback(exc_tb)
  File "/usr/local/google/home/konstantint/Projects/prefecture/.venv/lib/python3.13/site-packages/sqlalchemy/pool/impl.py", line 175, in _do_get
    return self._create_connection()
           ~~~~~~~~~~~~~~~~~~~~~~~^^
  File "/usr/local/google/home/konstantint/Projects/prefecture/.venv/lib/python3.13/site-packages/sqlalchemy/pool/base.py", line 389, in _create_connection
    return _ConnectionRecord(self)
  File "/usr/local/google/home/konstantint/Projects/prefecture/.venv/lib/python3.13/site-packages/sqlalchemy/pool/base.py", line 674, in __init__
    self.__connect()
    ~~~~~~~~~~~~~~^^
  File "/usr/local/google/home/konstantint/Projects/prefecture/.venv/lib/python3.13/site-packages/sqlalchemy/pool/base.py", line 914, in __connect
    )._exec_w_sync_on_first_run(self.dbapi_connection, self)
      ~~~~~~~~~~~~~~~~~~~~~~~~~^^^^^^^^^^^^^^^^^^^^^^^^^^^^^
  File "/usr/local/google/home/konstantint/Projects/prefecture/.venv/lib/python3.13/site-packages/sqlalchemy/event/attr.py", line 501, in _exec_w_sync_on_first_run
    self(*args, **kw)
    ~~~~^^^^^^^^^^^^^
  File "/usr/local/google/home/konstantint/Projects/prefecture/.venv/lib/python3.13/site-packages/sqlalchemy/event/attr.py", line 515, in __call__
    fn(*args, **kw)
    ~~^^^^^^^^^^^^^
  File "/usr/local/google/home/konstantint/Projects/prefecture/.venv/lib/python3.13/site-packages/prefect/server/database/configurations.py", line 530, in setup_sqlite
    cursor.execute("PRAGMA journal_mode = WAL;")
    ~~~~~~~~~~~~~~^^^^^^^^^^^^^^^^^^^^^^^^^^^^^^
  File "/usr/local/google/home/konstantint/Projects/prefecture/.venv/lib/python3.13/site-packages/sqlalchemy/dialects/sqlite/aiosqlite.py", line 182, in execute
    self._adapt_connection._handle_exception(error)
    ~~~~~~~~~~~~~~~~~~~~~~~~~~~~~~~~~~~~~~~~^^^^^^^
  File "/usr/local/google/home/konstantint/Projects/prefecture/.venv/lib/python3.13/site-packages/sqlalchemy/dialects/sqlite/aiosqlite.py", line 342, in _handle_exception
    raise error
  File "/usr/local/google/home/konstantint/Projects/prefecture/.venv/lib/python3.13/site-packages/sqlalchemy/dialects/sqlite/aiosqlite.py", line 162, in execute
    self.await_(_cursor.execute(operation))
    ~~~~~~~~~~~^^^^^^^^^^^^^^^^^^^^^^^^^^^^
  File "/usr/local/google/home/konstantint/Projects/prefecture/.venv/lib/python3.13/site-packages/sqlalchemy/util/_concurrency_py3k.py", line 132, in await_only
    return current.parent.switch(awaitable)  # type: ignore[no-any-return,attr-defined] # noqa: E501
           ~~~~~~~~~~~~~~~~~~~~~^^^^^^^^^^^
  File "/usr/local/google/home/konstantint/Projects/prefecture/.venv/lib/python3.13/site-packages/sqlalchemy/util/_concurrency_py3k.py", line 196, in greenlet_spawn
    value = await result
            ^^^^^^^^^^^^
  File "/usr/local/google/home/konstantint/Projects/prefecture/.venv/lib/python3.13/site-packages/aiosqlite/cursor.py", line 40, in execute
    await self._execute(self._cursor.execute, sql, parameters)
  File "/usr/local/google/home/konstantint/Projects/prefecture/.venv/lib/python3.13/site-packages/aiosqlite/cursor.py", line 32, in _execute
    return await self._conn._execute(fn, *args, **kwargs)
           ^^^^^^^^^^^^^^^^^^^^^^^^^^^^^^^^^^^^^^^^^^^^^^
  File "/usr/local/google/home/konstantint/Projects/prefecture/.venv/lib/python3.13/site-packages/aiosqlite/core.py", line 160, in _execute
    return await future
           ^^^^^^^^^^^^
  File "/usr/local/google/home/konstantint/Projects/prefecture/.venv/lib/python3.13/site-packages/aiosqlite/core.py", line 63, in _connection_worker_thread
    result = function()
sqlalchemy.exc.OperationalError: (sqlite3.OperationalError) unable to open database file
(Background on this error at: https://sqlalche.me/e/20/e3q8)

14:14:16.267 | ERROR   | uvicorn.error - Application startup failed. Exiting.
14:14:21.754 | ERROR   | uvicorn.error - Traceback (most recent call last):
  File "/usr/local/google/home/konstantint/Projects/prefecture/.venv/lib/python3.13/site-packages/sqlalchemy/engine/base.py", line 143, in __init__
    self._dbapi_connection = engine.raw_connection()
                             ~~~~~~~~~~~~~~~~~~~~~^^
  File "/usr/local/google/home/konstantint/Projects/prefecture/.venv/lib/python3.13/site-packages/sqlalchemy/engine/base.py", line 3317, in raw_connection
    return self.pool.connect()
           ~~~~~~~~~~~~~~~~~^^
  File "/usr/local/google/home/konstantint/Projects/prefecture/.venv/lib/python3.13/site-packages/sqlalchemy/pool/base.py", line 448, in connect
    return _ConnectionFairy._checkout(self)
           ~~~~~~~~~~~~~~~~~~~~~~~~~~^^^^^^
  File "/usr/local/google/home/konstantint/Projects/prefecture/.venv/lib/python3.13/site-packages/sqlalchemy/pool/base.py", line 1272, in _checkout
    fairy = _ConnectionRecord.checkout(pool)
  File "/usr/local/google/home/konstantint/Projects/prefecture/.venv/lib/python3.13/site-packages/sqlalchemy/pool/base.py", line 712, in checkout
    rec = pool._do_get()
  File "/usr/local/google/home/konstantint/Projects/prefecture/.venv/lib/python3.13/site-packages/sqlalchemy/pool/impl.py", line 177, in _do_get
    with util.safe_reraise():
         ~~~~~~~~~~~~~~~~~^^
  File "/usr/local/google/home/konstantint/Projects/prefecture/.venv/lib/python3.13/site-packages/sqlalchemy/util/langhelpers.py", line 121, in __exit__
    raise exc_value.with_traceback(exc_tb)
  File "/usr/local/google/home/konstantint/Projects/prefecture/.venv/lib/python3.13/site-packages/sqlalchemy/pool/impl.py", line 175, in _do_get
    return self._create_connection()
           ~~~~~~~~~~~~~~~~~~~~~~~^^
  File "/usr/local/google/home/konstantint/Projects/prefecture/.venv/lib/python3.13/site-packages/sqlalchemy/pool/base.py", line 389, in _create_connection
    return _ConnectionRecord(self)
  File "/usr/local/google/home/konstantint/Projects/prefecture/.venv/lib/python3.13/site-packages/sqlalchemy/pool/base.py", line 674, in __init__
    self.__connect()
    ~~~~~~~~~~~~~~^^
  File "/usr/local/google/home/konstantint/Projects/prefecture/.venv/lib/python3.13/site-packages/sqlalchemy/pool/base.py", line 914, in __connect
    )._exec_w_sync_on_first_run(self.dbapi_connection, self)
      ~~~~~~~~~~~~~~~~~~~~~~~~~^^^^^^^^^^^^^^^^^^^^^^^^^^^^^
  File "/usr/local/google/home/konstantint/Projects/prefecture/.venv/lib/python3.13/site-packages/sqlalchemy/event/attr.py", line 501, in _exec_w_sync_on_first_run
    self(*args, **kw)
    ~~~~^^^^^^^^^^^^^
  File "/usr/local/google/home/konstantint/Projects/prefecture/.venv/lib/python3.13/site-packages/sqlalchemy/event/attr.py", line 515, in __call__
    fn(*args, **kw)
    ~~^^^^^^^^^^^^^
  File "/usr/local/google/home/konstantint/Projects/prefecture/.venv/lib/python3.13/site-packages/prefect/server/database/configurations.py", line 530, in setup_sqlite
    cursor.execute("PRAGMA journal_mode = WAL;")
    ~~~~~~~~~~~~~~^^^^^^^^^^^^^^^^^^^^^^^^^^^^^^
  File "/usr/local/google/home/konstantint/Projects/prefecture/.venv/lib/python3.13/site-packages/sqlalchemy/dialects/sqlite/aiosqlite.py", line 182, in execute
    self._adapt_connection._handle_exception(error)
    ~~~~~~~~~~~~~~~~~~~~~~~~~~~~~~~~~~~~~~~~^^^^^^^
  File "/usr/local/google/home/konstantint/Projects/prefecture/.venv/lib/python3.13/site-packages/sqlalchemy/dialects/sqlite/aiosqlite.py", line 342, in _handle_exception
    raise error
  File "/usr/local/google/home/konstantint/Projects/prefecture/.venv/lib/python3.13/site-packages/sqlalchemy/dialects/sqlite/aiosqlite.py", line 162, in execute
    self.await_(_cursor.execute(operation))
    ~~~~~~~~~~~^^^^^^^^^^^^^^^^^^^^^^^^^^^^
  File "/usr/local/google/home/konstantint/Projects/prefecture/.venv/lib/python3.13/site-packages/sqlalchemy/util/_concurrency_py3k.py", line 132, in await_only
    return current.parent.switch(awaitable)  # type: ignore[no-any-return,attr-defined] # noqa: E501
           ~~~~~~~~~~~~~~~~~~~~~^^^^^^^^^^^
  File "/usr/local/google/home/konstantint/Projects/prefecture/.venv/lib/python3.13/site-packages/sqlalchemy/util/_concurrency_py3k.py", line 196, in greenlet_spawn
    value = await result
            ^^^^^^^^^^^^
  File "/usr/local/google/home/konstantint/Projects/prefecture/.venv/lib/python3.13/site-packages/aiosqlite/cursor.py", line 40, in execute
    await self._execute(self._cursor.execute, sql, parameters)
  File "/usr/local/google/home/konstantint/Projects/prefecture/.venv/lib/python3.13/site-packages/aiosqlite/cursor.py", line 32, in _execute
    return await self._conn._execute(fn, *args, **kwargs)
           ^^^^^^^^^^^^^^^^^^^^^^^^^^^^^^^^^^^^^^^^^^^^^^
  File "/usr/local/google/home/konstantint/Projects/prefecture/.venv/lib/python3.13/site-packages/aiosqlite/core.py", line 160, in _execute
    return await future
           ^^^^^^^^^^^^
  File "/usr/local/google/home/konstantint/Projects/prefecture/.venv/lib/python3.13/site-packages/aiosqlite/core.py", line 63, in _connection_worker_thread
    result = function()
sqlite3.OperationalError: unable to open database file

The above exception was the direct cause of the following exception:

Traceback (most recent call last):
  File "/usr/local/google/home/konstantint/Projects/prefecture/.venv/lib/python3.13/site-packages/starlette/routing.py", line 638, in lifespan
    async with self.lifespan_context(app) as maybe_state:
               ~~~~~~~~~~~~~~~~~~~~~^^^^^
  File "/usr/lib/python3.13/contextlib.py", line 214, in __aenter__
    return await anext(self.gen)
           ^^^^^^^^^^^^^^^^^^^^^
  File "/usr/local/google/home/konstantint/Projects/prefecture/.venv/lib/python3.13/site-packages/prefect/server/api/server.py", line 921, in lifespan
    await run_migrations()
  File "/usr/local/google/home/konstantint/Projects/prefecture/.venv/lib/python3.13/site-packages/prefect/server/api/server.py", line 898, in run_migrations
    await db.create_db()
  File "/usr/local/google/home/konstantint/Projects/prefecture/.venv/lib/python3.13/site-packages/prefect/server/database/interface.py", line 77, in create_db
    await self.run_migrations_upgrade()
  File "/usr/local/google/home/konstantint/Projects/prefecture/.venv/lib/python3.13/site-packages/prefect/server/database/interface.py", line 115, in run_migrations_upgrade
    await run_sync_in_worker_thread(alembic_upgrade)
  File "/usr/local/google/home/konstantint/Projects/prefecture/.venv/lib/python3.13/site-packages/prefect/utilities/asyncutils/__init__.py", line 233, in run_sync_in_worker_thread
    result = await anyio.to_thread.run_sync(
             ^^^^^^^^^^^^^^^^^^^^^^^^^^^^^^^
        call_with_mark, call, abandon_on_cancel=True, limiter=get_thread_limiter()
        ^^^^^^^^^^^^^^^^^^^^^^^^^^^^^^^^^^^^^^^^^^^^^^^^^^^^^^^^^^^^^^^^^^^^^^^^^^
    )
    ^
  File "/usr/local/google/home/konstantint/Projects/prefecture/.venv/lib/python3.13/site-packages/anyio/to_thread.py", line 63, in run_sync
    return await get_async_backend().run_sync_in_worker_thread(
           ^^^^^^^^^^^^^^^^^^^^^^^^^^^^^^^^^^^^^^^^^^^^^^^^^^^^
        func, args, abandon_on_cancel=abandon_on_cancel, limiter=limiter
        ^^^^^^^^^^^^^^^^^^^^^^^^^^^^^^^^^^^^^^^^^^^^^^^^^^^^^^^^^^^^^^^^
    )
    ^
  File "/usr/local/google/home/konstantint/Projects/prefecture/.venv/lib/python3.13/site-packages/anyio/_backends/_asyncio.py", line 2518, in run_sync_in_worker_thread
    return await future
           ^^^^^^^^^^^^
  File "/usr/local/google/home/konstantint/Projects/prefecture/.venv/lib/python3.13/site-packages/anyio/_backends/_asyncio.py", line 1002, in run
    result = context.run(func, *args)
  File "/usr/local/google/home/konstantint/Projects/prefecture/.venv/lib/python3.13/site-packages/prefect/utilities/asyncutils/__init__.py", line 243, in call_with_mark
    return call()
  File "/usr/local/google/home/konstantint/Projects/prefecture/.venv/lib/python3.13/site-packages/prefect/server/database/alembic_commands.py", line 36, in wrapper
    return fn(*args, **kwargs)
  File "/usr/local/google/home/konstantint/Projects/prefecture/.venv/lib/python3.13/site-packages/prefect/server/database/alembic_commands.py", line 72, in alembic_upgrade
    alembic.command.upgrade(alembic_config(), revision, sql=dry_run)
    ~~~~~~~~~~~~~~~~~~~~~~~^^^^^^^^^^^^^^^^^^^^^^^^^^^^^^^^^^^^^^^^^
  File "/usr/local/google/home/konstantint/Projects/prefecture/.venv/lib/python3.13/site-packages/alembic/command.py", line 483, in upgrade
    script.run_env()
    ~~~~~~~~~~~~~~^^
  File "/usr/local/google/home/konstantint/Projects/prefecture/.venv/lib/python3.13/site-packages/alembic/script/base.py", line 545, in run_env
    util.load_python_file(self.dir, "env.py")
    ~~~~~~~~~~~~~~~~~~~~~^^^^^^^^^^^^^^^^^^^^
  File "/usr/local/google/home/konstantint/Projects/prefecture/.venv/lib/python3.13/site-packages/alembic/util/pyfiles.py", line 116, in load_python_file
    module = load_module_py(module_id, path)
  File "/usr/local/google/home/konstantint/Projects/prefecture/.venv/lib/python3.13/site-packages/alembic/util/pyfiles.py", line 136, in load_module_py
    spec.loader.exec_module(module)  # type: ignore
    ~~~~~~~~~~~~~~~~~~~~~~~^^^^^^^^
  File "<frozen importlib._bootstrap_external>", line 1023, in exec_module
  File "<frozen importlib._bootstrap>", line 488, in _call_with_frames_removed
  File "/usr/local/google/home/konstantint/Projects/prefecture/.venv/lib/python3.13/site-packages/prefect/server/database/_migrations/env.py", line 201, in <module>
    run_async_from_worker_thread(apply_migrations)
    ~~~~~~~~~~~~~~~~~~~~~~~~~~~~^^^^^^^^^^^^^^^^^^
  File "/usr/local/google/home/konstantint/Projects/prefecture/.venv/lib/python3.13/site-packages/prefect/utilities/asyncutils/__init__.py", line 254, in run_async_from_worker_thread
    return anyio.from_thread.run(call)
           ~~~~~~~~~~~~~~~~~~~~~^^^^^^
  File "/usr/local/google/home/konstantint/Projects/prefecture/.venv/lib/python3.13/site-packages/anyio/from_thread.py", line 90, in run
    return token.backend_class.run_async_from_thread(
           ~~~~~~~~~~~~~~~~~~~~~~~~~~~~~~~~~~~~~~~~~^
        func, args, token=token.native_token if explicit_token else None
        ^^^^^^^^^^^^^^^^^^^^^^^^^^^^^^^^^^^^^^^^^^^^^^^^^^^^^^^^^^^^^^^^
    )
    ^
  File "/usr/local/google/home/konstantint/Projects/prefecture/.venv/lib/python3.13/site-packages/anyio/_backends/_asyncio.py", line 2565, in run_async_from_thread
    return f.result()
           ~~~~~~~~^^
  File "/usr/lib/python3.13/concurrent/futures/_base.py", line 460, in result
    return self.__get_result()
           ~~~~~~~~~~~~~~~~~^^
  File "/usr/lib/python3.13/concurrent/futures/_base.py", line 402, in __get_result
    raise self._exception
  File "/usr/local/google/home/konstantint/Projects/prefecture/.venv/lib/python3.13/site-packages/anyio/_backends/_asyncio.py", line 2546, in task_wrapper
    return await func(*args)
           ^^^^^^^^^^^^^^^^^
  File "/usr/local/google/home/konstantint/Projects/prefecture/.venv/lib/python3.13/site-packages/prefect/server/database/_migrations/env.py", line 189, in apply_migrations
    async with engine.connect() as connection:
               ~~~~~~~~~~~~~~^^
  File "/usr/local/google/home/konstantint/Projects/prefecture/.venv/lib/python3.13/site-packages/sqlalchemy/ext/asyncio/base.py", line 121, in __aenter__
    return await self.start(is_ctxmanager=True)
           ^^^^^^^^^^^^^^^^^^^^^^^^^^^^^^^^^^^^
  File "/usr/local/google/home/konstantint/Projects/prefecture/.venv/lib/python3.13/site-packages/sqlalchemy/ext/asyncio/engine.py", line 275, in start
    await greenlet_spawn(self.sync_engine.connect)
  File "/usr/local/google/home/konstantint/Projects/prefecture/.venv/lib/python3.13/site-packages/sqlalchemy/util/_concurrency_py3k.py", line 201, in greenlet_spawn
    result = context.throw(*sys.exc_info())
  File "/usr/local/google/home/konstantint/Projects/prefecture/.venv/lib/python3.13/site-packages/sqlalchemy/engine/base.py", line 3293, in connect
    return self._connection_cls(self)
           ~~~~~~~~~~~~~~~~~~~~^^^^^^
  File "/usr/local/google/home/konstantint/Projects/prefecture/.venv/lib/python3.13/site-packages/sqlalchemy/engine/base.py", line 145, in __init__
    Connection._handle_dbapi_exception_noconnection(
    ~~~~~~~~~~~~~~~~~~~~~~~~~~~~~~~~~~~~~~~~~~~~~~~^
        err, dialect, engine
        ^^^^^^^^^^^^^^^^^^^^
    )
    ^
  File "/usr/local/google/home/konstantint/Projects/prefecture/.venv/lib/python3.13/site-packages/sqlalchemy/engine/base.py", line 2448, in _handle_dbapi_exception_noconnection
    raise sqlalchemy_exception.with_traceback(exc_info[2]) from e
  File "/usr/local/google/home/konstantint/Projects/prefecture/.venv/lib/python3.13/site-packages/sqlalchemy/engine/base.py", line 143, in __init__
    self._dbapi_connection = engine.raw_connection()
                             ~~~~~~~~~~~~~~~~~~~~~^^
  File "/usr/local/google/home/konstantint/Projects/prefecture/.venv/lib/python3.13/site-packages/sqlalchemy/engine/base.py", line 3317, in raw_connection
    return self.pool.connect()
           ~~~~~~~~~~~~~~~~~^^
  File "/usr/local/google/home/konstantint/Projects/prefecture/.venv/lib/python3.13/site-packages/sqlalchemy/pool/base.py", line 448, in connect
    return _ConnectionFairy._checkout(self)
           ~~~~~~~~~~~~~~~~~~~~~~~~~~^^^^^^
  File "/usr/local/google/home/konstantint/Projects/prefecture/.venv/lib/python3.13/site-packages/sqlalchemy/pool/base.py", line 1272, in _checkout
    fairy = _ConnectionRecord.checkout(pool)
  File "/usr/local/google/home/konstantint/Projects/prefecture/.venv/lib/python3.13/site-packages/sqlalchemy/pool/base.py", line 712, in checkout
    rec = pool._do_get()
  File "/usr/local/google/home/konstantint/Projects/prefecture/.venv/lib/python3.13/site-packages/sqlalchemy/pool/impl.py", line 177, in _do_get
    with util.safe_reraise():
         ~~~~~~~~~~~~~~~~~^^
  File "/usr/local/google/home/konstantint/Projects/prefecture/.venv/lib/python3.13/site-packages/sqlalchemy/util/langhelpers.py", line 121, in __exit__
    raise exc_value.with_traceback(exc_tb)
  File "/usr/local/google/home/konstantint/Projects/prefecture/.venv/lib/python3.13/site-packages/sqlalchemy/pool/impl.py", line 175, in _do_get
    return self._create_connection()
           ~~~~~~~~~~~~~~~~~~~~~~~^^
  File "/usr/local/google/home/konstantint/Projects/prefecture/.venv/lib/python3.13/site-packages/sqlalchemy/pool/base.py", line 389, in _create_connection
    return _ConnectionRecord(self)
  File "/usr/local/google/home/konstantint/Projects/prefecture/.venv/lib/python3.13/site-packages/sqlalchemy/pool/base.py", line 674, in __init__
    self.__connect()
    ~~~~~~~~~~~~~~^^
  File "/usr/local/google/home/konstantint/Projects/prefecture/.venv/lib/python3.13/site-packages/sqlalchemy/pool/base.py", line 914, in __connect
    )._exec_w_sync_on_first_run(self.dbapi_connection, self)
      ~~~~~~~~~~~~~~~~~~~~~~~~~^^^^^^^^^^^^^^^^^^^^^^^^^^^^^
  File "/usr/local/google/home/konstantint/Projects/prefecture/.venv/lib/python3.13/site-packages/sqlalchemy/event/attr.py", line 501, in _exec_w_sync_on_first_run
    self(*args, **kw)
    ~~~~^^^^^^^^^^^^^
  File "/usr/local/google/home/konstantint/Projects/prefecture/.venv/lib/python3.13/site-packages/sqlalchemy/event/attr.py", line 515, in __call__
    fn(*args, **kw)
    ~~^^^^^^^^^^^^^
  File "/usr/local/google/home/konstantint/Projects/prefecture/.venv/lib/python3.13/site-packages/prefect/server/database/configurations.py", line 530, in setup_sqlite
    cursor.execute("PRAGMA journal_mode = WAL;")
    ~~~~~~~~~~~~~~^^^^^^^^^^^^^^^^^^^^^^^^^^^^^^
  File "/usr/local/google/home/konstantint/Projects/prefecture/.venv/lib/python3.13/site-packages/sqlalchemy/dialects/sqlite/aiosqlite.py", line 182, in execute
    self._adapt_connection._handle_exception(error)
    ~~~~~~~~~~~~~~~~~~~~~~~~~~~~~~~~~~~~~~~~^^^^^^^
  File "/usr/local/google/home/konstantint/Projects/prefecture/.venv/lib/python3.13/site-packages/sqlalchemy/dialects/sqlite/aiosqlite.py", line 342, in _handle_exception
    raise error
  File "/usr/local/google/home/konstantint/Projects/prefecture/.venv/lib/python3.13/site-packages/sqlalchemy/dialects/sqlite/aiosqlite.py", line 162, in execute
    self.await_(_cursor.execute(operation))
    ~~~~~~~~~~~^^^^^^^^^^^^^^^^^^^^^^^^^^^^
  File "/usr/local/google/home/konstantint/Projects/prefecture/.venv/lib/python3.13/site-packages/sqlalchemy/util/_concurrency_py3k.py", line 132, in await_only
    return current.parent.switch(awaitable)  # type: ignore[no-any-return,attr-defined] # noqa: E501
           ~~~~~~~~~~~~~~~~~~~~~^^^^^^^^^^^
  File "/usr/local/google/home/konstantint/Projects/prefecture/.venv/lib/python3.13/site-packages/sqlalchemy/util/_concurrency_py3k.py", line 196, in greenlet_spawn
    value = await result
            ^^^^^^^^^^^^
  File "/usr/local/google/home/konstantint/Projects/prefecture/.venv/lib/python3.13/site-packages/aiosqlite/cursor.py", line 40, in execute
    await self._execute(self._cursor.execute, sql, parameters)
  File "/usr/local/google/home/konstantint/Projects/prefecture/.venv/lib/python3.13/site-packages/aiosqlite/cursor.py", line 32, in _execute
    return await self._conn._execute(fn, *args, **kwargs)
           ^^^^^^^^^^^^^^^^^^^^^^^^^^^^^^^^^^^^^^^^^^^^^^
  File "/usr/local/google/home/konstantint/Projects/prefecture/.venv/lib/python3.13/site-packages/aiosqlite/core.py", line 160, in _execute
    return await future
           ^^^^^^^^^^^^
  File "/usr/local/google/home/konstantint/Projects/prefecture/.venv/lib/python3.13/site-packages/aiosqlite/core.py", line 63, in _connection_worker_thread
    result = function()
sqlalchemy.exc.OperationalError: (sqlite3.OperationalError) unable to open database file
(Background on this error at: https://sqlalche.me/e/20/e3q8)

14:14:21.771 | ERROR   | uvicorn.error - Application startup failed. Exiting.
14:14:27.419 | ERROR   | uvicorn.error - Traceback (most recent call last):
  File "/usr/local/google/home/konstantint/Projects/prefecture/.venv/lib/python3.13/site-packages/sqlalchemy/engine/base.py", line 143, in __init__
    self._dbapi_connection = engine.raw_connection()
                             ~~~~~~~~~~~~~~~~~~~~~^^
  File "/usr/local/google/home/konstantint/Projects/prefecture/.venv/lib/python3.13/site-packages/sqlalchemy/engine/base.py", line 3317, in raw_connection
    return self.pool.connect()
           ~~~~~~~~~~~~~~~~~^^
  File "/usr/local/google/home/konstantint/Projects/prefecture/.venv/lib/python3.13/site-packages/sqlalchemy/pool/base.py", line 448, in connect
    return _ConnectionFairy._checkout(self)
           ~~~~~~~~~~~~~~~~~~~~~~~~~~^^^^^^
  File "/usr/local/google/home/konstantint/Projects/prefecture/.venv/lib/python3.13/site-packages/sqlalchemy/pool/base.py", line 1272, in _checkout
    fairy = _ConnectionRecord.checkout(pool)
  File "/usr/local/google/home/konstantint/Projects/prefecture/.venv/lib/python3.13/site-packages/sqlalchemy/pool/base.py", line 712, in checkout
    rec = pool._do_get()
  File "/usr/local/google/home/konstantint/Projects/prefecture/.venv/lib/python3.13/site-packages/sqlalchemy/pool/impl.py", line 177, in _do_get
    with util.safe_reraise():
         ~~~~~~~~~~~~~~~~~^^
  File "/usr/local/google/home/konstantint/Projects/prefecture/.venv/lib/python3.13/site-packages/sqlalchemy/util/langhelpers.py", line 121, in __exit__
    raise exc_value.with_traceback(exc_tb)
  File "/usr/local/google/home/konstantint/Projects/prefecture/.venv/lib/python3.13/site-packages/sqlalchemy/pool/impl.py", line 175, in _do_get
    return self._create_connection()
           ~~~~~~~~~~~~~~~~~~~~~~~^^
  File "/usr/local/google/home/konstantint/Projects/prefecture/.venv/lib/python3.13/site-packages/sqlalchemy/pool/base.py", line 389, in _create_connection
    return _ConnectionRecord(self)
  File "/usr/local/google/home/konstantint/Projects/prefecture/.venv/lib/python3.13/site-packages/sqlalchemy/pool/base.py", line 674, in __init__
    self.__connect()
    ~~~~~~~~~~~~~~^^
  File "/usr/local/google/home/konstantint/Projects/prefecture/.venv/lib/python3.13/site-packages/sqlalchemy/pool/base.py", line 914, in __connect
    )._exec_w_sync_on_first_run(self.dbapi_connection, self)
      ~~~~~~~~~~~~~~~~~~~~~~~~~^^^^^^^^^^^^^^^^^^^^^^^^^^^^^
  File "/usr/local/google/home/konstantint/Projects/prefecture/.venv/lib/python3.13/site-packages/sqlalchemy/event/attr.py", line 501, in _exec_w_sync_on_first_run
    self(*args, **kw)
    ~~~~^^^^^^^^^^^^^
  File "/usr/local/google/home/konstantint/Projects/prefecture/.venv/lib/python3.13/site-packages/sqlalchemy/event/attr.py", line 515, in __call__
    fn(*args, **kw)
    ~~^^^^^^^^^^^^^
  File "/usr/local/google/home/konstantint/Projects/prefecture/.venv/lib/python3.13/site-packages/prefect/server/database/configurations.py", line 530, in setup_sqlite
    cursor.execute("PRAGMA journal_mode = WAL;")
    ~~~~~~~~~~~~~~^^^^^^^^^^^^^^^^^^^^^^^^^^^^^^
  File "/usr/local/google/home/konstantint/Projects/prefecture/.venv/lib/python3.13/site-packages/sqlalchemy/dialects/sqlite/aiosqlite.py", line 182, in execute
    self._adapt_connection._handle_exception(error)
    ~~~~~~~~~~~~~~~~~~~~~~~~~~~~~~~~~~~~~~~~^^^^^^^
  File "/usr/local/google/home/konstantint/Projects/prefecture/.venv/lib/python3.13/site-packages/sqlalchemy/dialects/sqlite/aiosqlite.py", line 342, in _handle_exception
    raise error
  File "/usr/local/google/home/konstantint/Projects/prefecture/.venv/lib/python3.13/site-packages/sqlalchemy/dialects/sqlite/aiosqlite.py", line 162, in execute
    self.await_(_cursor.execute(operation))
    ~~~~~~~~~~~^^^^^^^^^^^^^^^^^^^^^^^^^^^^
  File "/usr/local/google/home/konstantint/Projects/prefecture/.venv/lib/python3.13/site-packages/sqlalchemy/util/_concurrency_py3k.py", line 132, in await_only
    return current.parent.switch(awaitable)  # type: ignore[no-any-return,attr-defined] # noqa: E501
           ~~~~~~~~~~~~~~~~~~~~~^^^^^^^^^^^
  File "/usr/local/google/home/konstantint/Projects/prefecture/.venv/lib/python3.13/site-packages/sqlalchemy/util/_concurrency_py3k.py", line 196, in greenlet_spawn
    value = await result
            ^^^^^^^^^^^^
  File "/usr/local/google/home/konstantint/Projects/prefecture/.venv/lib/python3.13/site-packages/aiosqlite/cursor.py", line 40, in execute
    await self._execute(self._cursor.execute, sql, parameters)
  File "/usr/local/google/home/konstantint/Projects/prefecture/.venv/lib/python3.13/site-packages/aiosqlite/cursor.py", line 32, in _execute
    return await self._conn._execute(fn, *args, **kwargs)
           ^^^^^^^^^^^^^^^^^^^^^^^^^^^^^^^^^^^^^^^^^^^^^^
  File "/usr/local/google/home/konstantint/Projects/prefecture/.venv/lib/python3.13/site-packages/aiosqlite/core.py", line 160, in _execute
    return await future
           ^^^^^^^^^^^^
  File "/usr/local/google/home/konstantint/Projects/prefecture/.venv/lib/python3.13/site-packages/aiosqlite/core.py", line 63, in _connection_worker_thread
    result = function()
sqlite3.OperationalError: unable to open database file

The above exception was the direct cause of the following exception:

Traceback (most recent call last):
  File "/usr/local/google/home/konstantint/Projects/prefecture/.venv/lib/python3.13/site-packages/starlette/routing.py", line 638, in lifespan
    async with self.lifespan_context(app) as maybe_state:
               ~~~~~~~~~~~~~~~~~~~~~^^^^^
  File "/usr/lib/python3.13/contextlib.py", line 214, in __aenter__
    return await anext(self.gen)
           ^^^^^^^^^^^^^^^^^^^^^
  File "/usr/local/google/home/konstantint/Projects/prefecture/.venv/lib/python3.13/site-packages/prefect/server/api/server.py", line 921, in lifespan
    await run_migrations()
  File "/usr/local/google/home/konstantint/Projects/prefecture/.venv/lib/python3.13/site-packages/prefect/server/api/server.py", line 898, in run_migrations
    await db.create_db()
  File "/usr/local/google/home/konstantint/Projects/prefecture/.venv/lib/python3.13/site-packages/prefect/server/database/interface.py", line 77, in create_db
    await self.run_migrations_upgrade()
  File "/usr/local/google/home/konstantint/Projects/prefecture/.venv/lib/python3.13/site-packages/prefect/server/database/interface.py", line 115, in run_migrations_upgrade
    await run_sync_in_worker_thread(alembic_upgrade)
  File "/usr/local/google/home/konstantint/Projects/prefecture/.venv/lib/python3.13/site-packages/prefect/utilities/asyncutils/__init__.py", line 233, in run_sync_in_worker_thread
    result = await anyio.to_thread.run_sync(
             ^^^^^^^^^^^^^^^^^^^^^^^^^^^^^^^
        call_with_mark, call, abandon_on_cancel=True, limiter=get_thread_limiter()
        ^^^^^^^^^^^^^^^^^^^^^^^^^^^^^^^^^^^^^^^^^^^^^^^^^^^^^^^^^^^^^^^^^^^^^^^^^^
    )
    ^
  File "/usr/local/google/home/konstantint/Projects/prefecture/.venv/lib/python3.13/site-packages/anyio/to_thread.py", line 63, in run_sync
    return await get_async_backend().run_sync_in_worker_thread(
           ^^^^^^^^^^^^^^^^^^^^^^^^^^^^^^^^^^^^^^^^^^^^^^^^^^^^
        func, args, abandon_on_cancel=abandon_on_cancel, limiter=limiter
        ^^^^^^^^^^^^^^^^^^^^^^^^^^^^^^^^^^^^^^^^^^^^^^^^^^^^^^^^^^^^^^^^
    )
    ^
  File "/usr/local/google/home/konstantint/Projects/prefecture/.venv/lib/python3.13/site-packages/anyio/_backends/_asyncio.py", line 2518, in run_sync_in_worker_thread
    return await future
           ^^^^^^^^^^^^
  File "/usr/local/google/home/konstantint/Projects/prefecture/.venv/lib/python3.13/site-packages/anyio/_backends/_asyncio.py", line 1002, in run
    result = context.run(func, *args)
  File "/usr/local/google/home/konstantint/Projects/prefecture/.venv/lib/python3.13/site-packages/prefect/utilities/asyncutils/__init__.py", line 243, in call_with_mark
    return call()
  File "/usr/local/google/home/konstantint/Projects/prefecture/.venv/lib/python3.13/site-packages/prefect/server/database/alembic_commands.py", line 36, in wrapper
    return fn(*args, **kwargs)
  File "/usr/local/google/home/konstantint/Projects/prefecture/.venv/lib/python3.13/site-packages/prefect/server/database/alembic_commands.py", line 72, in alembic_upgrade
    alembic.command.upgrade(alembic_config(), revision, sql=dry_run)
    ~~~~~~~~~~~~~~~~~~~~~~~^^^^^^^^^^^^^^^^^^^^^^^^^^^^^^^^^^^^^^^^^
  File "/usr/local/google/home/konstantint/Projects/prefecture/.venv/lib/python3.13/site-packages/alembic/command.py", line 483, in upgrade
    script.run_env()
    ~~~~~~~~~~~~~~^^
  File "/usr/local/google/home/konstantint/Projects/prefecture/.venv/lib/python3.13/site-packages/alembic/script/base.py", line 545, in run_env
    util.load_python_file(self.dir, "env.py")
    ~~~~~~~~~~~~~~~~~~~~~^^^^^^^^^^^^^^^^^^^^
  File "/usr/local/google/home/konstantint/Projects/prefecture/.venv/lib/python3.13/site-packages/alembic/util/pyfiles.py", line 116, in load_python_file
    module = load_module_py(module_id, path)
  File "/usr/local/google/home/konstantint/Projects/prefecture/.venv/lib/python3.13/site-packages/alembic/util/pyfiles.py", line 136, in load_module_py
    spec.loader.exec_module(module)  # type: ignore
    ~~~~~~~~~~~~~~~~~~~~~~~^^^^^^^^
  File "<frozen importlib._bootstrap_external>", line 1023, in exec_module
  File "<frozen importlib._bootstrap>", line 488, in _call_with_frames_removed
  File "/usr/local/google/home/konstantint/Projects/prefecture/.venv/lib/python3.13/site-packages/prefect/server/database/_migrations/env.py", line 201, in <module>
    run_async_from_worker_thread(apply_migrations)
    ~~~~~~~~~~~~~~~~~~~~~~~~~~~~^^^^^^^^^^^^^^^^^^
  File "/usr/local/google/home/konstantint/Projects/prefecture/.venv/lib/python3.13/site-packages/prefect/utilities/asyncutils/__init__.py", line 254, in run_async_from_worker_thread
    return anyio.from_thread.run(call)
           ~~~~~~~~~~~~~~~~~~~~~^^^^^^
  File "/usr/local/google/home/konstantint/Projects/prefecture/.venv/lib/python3.13/site-packages/anyio/from_thread.py", line 90, in run
    return token.backend_class.run_async_from_thread(
           ~~~~~~~~~~~~~~~~~~~~~~~~~~~~~~~~~~~~~~~~~^
        func, args, token=token.native_token if explicit_token else None
        ^^^^^^^^^^^^^^^^^^^^^^^^^^^^^^^^^^^^^^^^^^^^^^^^^^^^^^^^^^^^^^^^
    )
    ^
  File "/usr/local/google/home/konstantint/Projects/prefecture/.venv/lib/python3.13/site-packages/anyio/_backends/_asyncio.py", line 2565, in run_async_from_thread
    return f.result()
           ~~~~~~~~^^
  File "/usr/lib/python3.13/concurrent/futures/_base.py", line 460, in result
    return self.__get_result()
           ~~~~~~~~~~~~~~~~~^^
  File "/usr/lib/python3.13/concurrent/futures/_base.py", line 402, in __get_result
    raise self._exception
  File "/usr/local/google/home/konstantint/Projects/prefecture/.venv/lib/python3.13/site-packages/anyio/_backends/_asyncio.py", line 2546, in task_wrapper
    return await func(*args)
           ^^^^^^^^^^^^^^^^^
  File "/usr/local/google/home/konstantint/Projects/prefecture/.venv/lib/python3.13/site-packages/prefect/server/database/_migrations/env.py", line 189, in apply_migrations
    async with engine.connect() as connection:
               ~~~~~~~~~~~~~~^^
  File "/usr/local/google/home/konstantint/Projects/prefecture/.venv/lib/python3.13/site-packages/sqlalchemy/ext/asyncio/base.py", line 121, in __aenter__
    return await self.start(is_ctxmanager=True)
           ^^^^^^^^^^^^^^^^^^^^^^^^^^^^^^^^^^^^
  File "/usr/local/google/home/konstantint/Projects/prefecture/.venv/lib/python3.13/site-packages/sqlalchemy/ext/asyncio/engine.py", line 275, in start
    await greenlet_spawn(self.sync_engine.connect)
  File "/usr/local/google/home/konstantint/Projects/prefecture/.venv/lib/python3.13/site-packages/sqlalchemy/util/_concurrency_py3k.py", line 201, in greenlet_spawn
    result = context.throw(*sys.exc_info())
  File "/usr/local/google/home/konstantint/Projects/prefecture/.venv/lib/python3.13/site-packages/sqlalchemy/engine/base.py", line 3293, in connect
    return self._connection_cls(self)
           ~~~~~~~~~~~~~~~~~~~~^^^^^^
  File "/usr/local/google/home/konstantint/Projects/prefecture/.venv/lib/python3.13/site-packages/sqlalchemy/engine/base.py", line 145, in __init__
    Connection._handle_dbapi_exception_noconnection(
    ~~~~~~~~~~~~~~~~~~~~~~~~~~~~~~~~~~~~~~~~~~~~~~~^
        err, dialect, engine
        ^^^^^^^^^^^^^^^^^^^^
    )
    ^
  File "/usr/local/google/home/konstantint/Projects/prefecture/.venv/lib/python3.13/site-packages/sqlalchemy/engine/base.py", line 2448, in _handle_dbapi_exception_noconnection
    raise sqlalchemy_exception.with_traceback(exc_info[2]) from e
  File "/usr/local/google/home/konstantint/Projects/prefecture/.venv/lib/python3.13/site-packages/sqlalchemy/engine/base.py", line 143, in __init__
    self._dbapi_connection = engine.raw_connection()
                             ~~~~~~~~~~~~~~~~~~~~~^^
  File "/usr/local/google/home/konstantint/Projects/prefecture/.venv/lib/python3.13/site-packages/sqlalchemy/engine/base.py", line 3317, in raw_connection
    return self.pool.connect()
           ~~~~~~~~~~~~~~~~~^^
  File "/usr/local/google/home/konstantint/Projects/prefecture/.venv/lib/python3.13/site-packages/sqlalchemy/pool/base.py", line 448, in connect
    return _ConnectionFairy._checkout(self)
           ~~~~~~~~~~~~~~~~~~~~~~~~~~^^^^^^
  File "/usr/local/google/home/konstantint/Projects/prefecture/.venv/lib/python3.13/site-packages/sqlalchemy/pool/base.py", line 1272, in _checkout
    fairy = _ConnectionRecord.checkout(pool)
  File "/usr/local/google/home/konstantint/Projects/prefecture/.venv/lib/python3.13/site-packages/sqlalchemy/pool/base.py", line 712, in checkout
    rec = pool._do_get()
  File "/usr/local/google/home/konstantint/Projects/prefecture/.venv/lib/python3.13/site-packages/sqlalchemy/pool/impl.py", line 177, in _do_get
    with util.safe_reraise():
         ~~~~~~~~~~~~~~~~~^^
  File "/usr/local/google/home/konstantint/Projects/prefecture/.venv/lib/python3.13/site-packages/sqlalchemy/util/langhelpers.py", line 121, in __exit__
    raise exc_value.with_traceback(exc_tb)
  File "/usr/local/google/home/konstantint/Projects/prefecture/.venv/lib/python3.13/site-packages/sqlalchemy/pool/impl.py", line 175, in _do_get
    return self._create_connection()
           ~~~~~~~~~~~~~~~~~~~~~~~^^
  File "/usr/local/google/home/konstantint/Projects/prefecture/.venv/lib/python3.13/site-packages/sqlalchemy/pool/base.py", line 389, in _create_connection
    return _ConnectionRecord(self)
  File "/usr/local/google/home/konstantint/Projects/prefecture/.venv/lib/python3.13/site-packages/sqlalchemy/pool/base.py", line 674, in __init__
    self.__connect()
    ~~~~~~~~~~~~~~^^
  File "/usr/local/google/home/konstantint/Projects/prefecture/.venv/lib/python3.13/site-packages/sqlalchemy/pool/base.py", line 914, in __connect
    )._exec_w_sync_on_first_run(self.dbapi_connection, self)
      ~~~~~~~~~~~~~~~~~~~~~~~~~^^^^^^^^^^^^^^^^^^^^^^^^^^^^^
  File "/usr/local/google/home/konstantint/Projects/prefecture/.venv/lib/python3.13/site-packages/sqlalchemy/event/attr.py", line 501, in _exec_w_sync_on_first_run
    self(*args, **kw)
    ~~~~^^^^^^^^^^^^^
  File "/usr/local/google/home/konstantint/Projects/prefecture/.venv/lib/python3.13/site-packages/sqlalchemy/event/attr.py", line 515, in __call__
    fn(*args, **kw)
    ~~^^^^^^^^^^^^^
  File "/usr/local/google/home/konstantint/Projects/prefecture/.venv/lib/python3.13/site-packages/prefect/server/database/configurations.py", line 530, in setup_sqlite
    cursor.execute("PRAGMA journal_mode = WAL;")
    ~~~~~~~~~~~~~~^^^^^^^^^^^^^^^^^^^^^^^^^^^^^^
  File "/usr/local/google/home/konstantint/Projects/prefecture/.venv/lib/python3.13/site-packages/sqlalchemy/dialects/sqlite/aiosqlite.py", line 182, in execute
    self._adapt_connection._handle_exception(error)
    ~~~~~~~~~~~~~~~~~~~~~~~~~~~~~~~~~~~~~~~~^^^^^^^
  File "/usr/local/google/home/konstantint/Projects/prefecture/.venv/lib/python3.13/site-packages/sqlalchemy/dialects/sqlite/aiosqlite.py", line 342, in _handle_exception
    raise error
  File "/usr/local/google/home/konstantint/Projects/prefecture/.venv/lib/python3.13/site-packages/sqlalchemy/dialects/sqlite/aiosqlite.py", line 162, in execute
    self.await_(_cursor.execute(operation))
    ~~~~~~~~~~~^^^^^^^^^^^^^^^^^^^^^^^^^^^^
  File "/usr/local/google/home/konstantint/Projects/prefecture/.venv/lib/python3.13/site-packages/sqlalchemy/util/_concurrency_py3k.py", line 132, in await_only
    return current.parent.switch(awaitable)  # type: ignore[no-any-return,attr-defined] # noqa: E501
           ~~~~~~~~~~~~~~~~~~~~~^^^^^^^^^^^
  File "/usr/local/google/home/konstantint/Projects/prefecture/.venv/lib/python3.13/site-packages/sqlalchemy/util/_concurrency_py3k.py", line 196, in greenlet_spawn
    value = await result
            ^^^^^^^^^^^^
  File "/usr/local/google/home/konstantint/Projects/prefecture/.venv/lib/python3.13/site-packages/aiosqlite/cursor.py", line 40, in execute
    await self._execute(self._cursor.execute, sql, parameters)
  File "/usr/local/google/home/konstantint/Projects/prefecture/.venv/lib/python3.13/site-packages/aiosqlite/cursor.py", line 32, in _execute
    return await self._conn._execute(fn, *args, **kwargs)
           ^^^^^^^^^^^^^^^^^^^^^^^^^^^^^^^^^^^^^^^^^^^^^^
  File "/usr/local/google/home/konstantint/Projects/prefecture/.venv/lib/python3.13/site-packages/aiosqlite/core.py", line 160, in _execute
    return await future
           ^^^^^^^^^^^^
  File "/usr/local/google/home/konstantint/Projects/prefecture/.venv/lib/python3.13/site-packages/aiosqlite/core.py", line 63, in _connection_worker_thread
    result = function()
sqlalchemy.exc.OperationalError: (sqlite3.OperationalError) unable to open database file
(Background on this error at: https://sqlalche.me/e/20/e3q8)

14:14:27.435 | ERROR   | uvicorn.error - Application startup failed. Exiting.
------------------------------ Captured log call -------------------------------
INFO     prefect:server.py:1127 Starting temporary server on http://127.0.0.1:8265
See https://docs.prefect.io/v3/concepts/server#how-to-guides for more information on running a dedicated Prefect server.
______________________ test_generate_template_with_loader ______________________

test_template_dir = PosixPath('/tmp/pytest-of-konstantint/pytest-2/test_generate_template_with_lo0')

    def test_generate_template_with_loader(test_template_dir):
        """Test template rendering with a context loader."""
        # Create mock data directory with date format
        run_dir = test_template_dir / "2023-10-25"
        run_dir.mkdir()
    
        with open(run_dir / "digest.md", "w") as f:
            f.write("Old content")
    
        prompt_config = {
            "template_file": "test_prompt.j2",
            "params": {"name": "LoaderTest"},
            "context_loaders": [
                {
                    "type": "run_dir_file",
                    "assign_to": "last_weeks_digest",
                    "params": {"file_name": "digest.md", "days_ago": 0},
                }
            ],
        }
    
        generator = templating.Jinja2Templater(
            config_dir=test_template_dir, run_dir=run_dir, **prompt_config
        )
>       generated_prompt = generator()
                           ^^^^^^^^^^^

prefecture/operations/templating_test.py:58: 
_ _ _ _ _ _ _ _ _ _ _ _ _ _ _ _ _ _ _ _ _ _ _ _ _ _ _ _ _ _ _ _ _ _ _ _ _ _ _ _ 
.venv/lib/python3.13/site-packages/prefect/tasks.py:1213: in __call__
    return run_task(
.venv/lib/python3.13/site-packages/prefect/task_engine.py:1902: in run_task
    return run_task_sync(**kwargs)
           ^^^^^^^^^^^^^^^^^^^^^^^
.venv/lib/python3.13/site-packages/prefect/task_engine.py:1667: in run_task_sync
    with engine.start(task_run_id=task_run_id, dependencies=dependencies):
         ^^^^^^^^^^^^^^^^^^^^^^^^^^^^^^^^^^^^^^^^^^^^^^^^^^^^^^^^^^^^^^^^
/usr/lib/python3.13/contextlib.py:141: in __enter__
    return next(self.gen)
           ^^^^^^^^^^^^^^
.venv/lib/python3.13/site-packages/prefect/task_engine.py:920: in start
    with self.initialize_run(task_run_id=task_run_id, dependencies=dependencies):
         ^^^^^^^^^^^^^^^^^^^^^^^^^^^^^^^^^^^^^^^^^^^^^^^^^^^^^^^^^^^^^^^^^^^^^^^
/usr/lib/python3.13/contextlib.py:141: in __enter__
    return next(self.gen)
           ^^^^^^^^^^^^^^
.venv/lib/python3.13/site-packages/prefect/task_engine.py:822: in initialize_run
    with SyncClientContext.get_or_create() as client_ctx:
         ^^^^^^^^^^^^^^^^^^^^^^^^^^^^^^^^^
/usr/lib/python3.13/contextlib.py:141: in __enter__
    return next(self.gen)
           ^^^^^^^^^^^^^^
.venv/lib/python3.13/site-packages/prefect/context.py:337: in get_or_create
    with cls() as ctx:
         ^^^^^
.venv/lib/python3.13/site-packages/prefect/context.py:305: in __init__
    client=get_client(sync_client=True, httpx_settings=httpx_settings),
           ^^^^^^^^^^^^^^^^^^^^^^^^^^^^^^^^^^^^^^^^^^^^^^^^^^^^^^^^^^^
.venv/lib/python3.13/site-packages/prefect/client/orchestration/__init__.py:252: in get_client
    server.start()
.venv/lib/python3.13/site-packages/prefect/server/api/server.py:1154: in start
    response.raise_for_status()
_ _ _ _ _ _ _ _ _ _ _ _ _ _ _ _ _ _ _ _ _ _ _ _ _ _ _ _ _ _ _ _ _ _ _ _ _ _ _ _ 

self = <Response [400 Bad Request]>

    def raise_for_status(self) -> Response:
        """
        Raise the `HTTPStatusError` if one occurred.
        """
        request = self._request
        if request is None:
            raise RuntimeError(
                "Cannot call `raise_for_status` as the request "
                "instance has not been set on this response."
            )
    
        if self.is_success:
            return self
    
        if self.has_redirect_location:
            message = (
                "{error_type} '{0.status_code} {0.reason_phrase}' for url '{0.url}'\n"
                "Redirect location: '{0.headers[location]}'\n"
                "For more information check: https://developer.mozilla.org/en-US/docs/Web/HTTP/Status/{0.status_code}"
            )
        else:
            message = (
                "{error_type} '{0.status_code} {0.reason_phrase}' for url '{0.url}'\n"
                "For more information check: https://developer.mozilla.org/en-US/docs/Web/HTTP/Status/{0.status_code}"
            )
    
        status_class = self.status_code // 100
        error_types = {
            1: "Informational response",
            3: "Redirect response",
            4: "Client error",
            5: "Server error",
        }
        error_type = error_types.get(status_class, "Invalid status code")
        message = message.format(self, error_type=error_type)
>       raise HTTPStatusError(message, request=request, response=self)
E       httpx.HTTPStatusError: Client error '400 Bad Request' for url 'http://127.0.0.1:8264/api/health'
E       For more information check: https://developer.mozilla.org/en-US/docs/Web/HTTP/Status/400

.venv/lib/python3.13/site-packages/httpx/_models.py:829: HTTPStatusError
----------------------------- Captured stderr call -----------------------------
14:14:32.358 | INFO    | prefect - Starting temporary server on http://127.0.0.1:8560
See https://docs.prefect.io/v3/concepts/server#how-to-guides for more information on running a dedicated Prefect server.
14:14:33.160 | ERROR   | uvicorn.error - Traceback (most recent call last):
  File "/usr/local/google/home/konstantint/Projects/prefecture/.venv/lib/python3.13/site-packages/sqlalchemy/engine/base.py", line 143, in __init__
    self._dbapi_connection = engine.raw_connection()
                             ~~~~~~~~~~~~~~~~~~~~~^^
  File "/usr/local/google/home/konstantint/Projects/prefecture/.venv/lib/python3.13/site-packages/sqlalchemy/engine/base.py", line 3317, in raw_connection
    return self.pool.connect()
           ~~~~~~~~~~~~~~~~~^^
  File "/usr/local/google/home/konstantint/Projects/prefecture/.venv/lib/python3.13/site-packages/sqlalchemy/pool/base.py", line 448, in connect
    return _ConnectionFairy._checkout(self)
           ~~~~~~~~~~~~~~~~~~~~~~~~~~^^^^^^
  File "/usr/local/google/home/konstantint/Projects/prefecture/.venv/lib/python3.13/site-packages/sqlalchemy/pool/base.py", line 1272, in _checkout
    fairy = _ConnectionRecord.checkout(pool)
  File "/usr/local/google/home/konstantint/Projects/prefecture/.venv/lib/python3.13/site-packages/sqlalchemy/pool/base.py", line 712, in checkout
    rec = pool._do_get()
  File "/usr/local/google/home/konstantint/Projects/prefecture/.venv/lib/python3.13/site-packages/sqlalchemy/pool/impl.py", line 177, in _do_get
    with util.safe_reraise():
         ~~~~~~~~~~~~~~~~~^^
  File "/usr/local/google/home/konstantint/Projects/prefecture/.venv/lib/python3.13/site-packages/sqlalchemy/util/langhelpers.py", line 121, in __exit__
    raise exc_value.with_traceback(exc_tb)
  File "/usr/local/google/home/konstantint/Projects/prefecture/.venv/lib/python3.13/site-packages/sqlalchemy/pool/impl.py", line 175, in _do_get
    return self._create_connection()
           ~~~~~~~~~~~~~~~~~~~~~~~^^
  File "/usr/local/google/home/konstantint/Projects/prefecture/.venv/lib/python3.13/site-packages/sqlalchemy/pool/base.py", line 389, in _create_connection
    return _ConnectionRecord(self)
  File "/usr/local/google/home/konstantint/Projects/prefecture/.venv/lib/python3.13/site-packages/sqlalchemy/pool/base.py", line 674, in __init__
    self.__connect()
    ~~~~~~~~~~~~~~^^
  File "/usr/local/google/home/konstantint/Projects/prefecture/.venv/lib/python3.13/site-packages/sqlalchemy/pool/base.py", line 914, in __connect
    )._exec_w_sync_on_first_run(self.dbapi_connection, self)
      ~~~~~~~~~~~~~~~~~~~~~~~~~^^^^^^^^^^^^^^^^^^^^^^^^^^^^^
  File "/usr/local/google/home/konstantint/Projects/prefecture/.venv/lib/python3.13/site-packages/sqlalchemy/event/attr.py", line 501, in _exec_w_sync_on_first_run
    self(*args, **kw)
    ~~~~^^^^^^^^^^^^^
  File "/usr/local/google/home/konstantint/Projects/prefecture/.venv/lib/python3.13/site-packages/sqlalchemy/event/attr.py", line 515, in __call__
    fn(*args, **kw)
    ~~^^^^^^^^^^^^^
  File "/usr/local/google/home/konstantint/Projects/prefecture/.venv/lib/python3.13/site-packages/prefect/server/database/configurations.py", line 530, in setup_sqlite
    cursor.execute("PRAGMA journal_mode = WAL;")
    ~~~~~~~~~~~~~~^^^^^^^^^^^^^^^^^^^^^^^^^^^^^^
  File "/usr/local/google/home/konstantint/Projects/prefecture/.venv/lib/python3.13/site-packages/sqlalchemy/dialects/sqlite/aiosqlite.py", line 182, in execute
    self._adapt_connection._handle_exception(error)
    ~~~~~~~~~~~~~~~~~~~~~~~~~~~~~~~~~~~~~~~~^^^^^^^
  File "/usr/local/google/home/konstantint/Projects/prefecture/.venv/lib/python3.13/site-packages/sqlalchemy/dialects/sqlite/aiosqlite.py", line 342, in _handle_exception
    raise error
  File "/usr/local/google/home/konstantint/Projects/prefecture/.venv/lib/python3.13/site-packages/sqlalchemy/dialects/sqlite/aiosqlite.py", line 162, in execute
    self.await_(_cursor.execute(operation))
    ~~~~~~~~~~~^^^^^^^^^^^^^^^^^^^^^^^^^^^^
  File "/usr/local/google/home/konstantint/Projects/prefecture/.venv/lib/python3.13/site-packages/sqlalchemy/util/_concurrency_py3k.py", line 132, in await_only
    return current.parent.switch(awaitable)  # type: ignore[no-any-return,attr-defined] # noqa: E501
           ~~~~~~~~~~~~~~~~~~~~~^^^^^^^^^^^
  File "/usr/local/google/home/konstantint/Projects/prefecture/.venv/lib/python3.13/site-packages/sqlalchemy/util/_concurrency_py3k.py", line 196, in greenlet_spawn
    value = await result
            ^^^^^^^^^^^^
  File "/usr/local/google/home/konstantint/Projects/prefecture/.venv/lib/python3.13/site-packages/aiosqlite/cursor.py", line 40, in execute
    await self._execute(self._cursor.execute, sql, parameters)
  File "/usr/local/google/home/konstantint/Projects/prefecture/.venv/lib/python3.13/site-packages/aiosqlite/cursor.py", line 32, in _execute
    return await self._conn._execute(fn, *args, **kwargs)
           ^^^^^^^^^^^^^^^^^^^^^^^^^^^^^^^^^^^^^^^^^^^^^^
  File "/usr/local/google/home/konstantint/Projects/prefecture/.venv/lib/python3.13/site-packages/aiosqlite/core.py", line 160, in _execute
    return await future
           ^^^^^^^^^^^^
  File "/usr/local/google/home/konstantint/Projects/prefecture/.venv/lib/python3.13/site-packages/aiosqlite/core.py", line 63, in _connection_worker_thread
    result = function()
sqlite3.OperationalError: unable to open database file

The above exception was the direct cause of the following exception:

Traceback (most recent call last):
  File "/usr/local/google/home/konstantint/Projects/prefecture/.venv/lib/python3.13/site-packages/starlette/routing.py", line 638, in lifespan
    async with self.lifespan_context(app) as maybe_state:
               ~~~~~~~~~~~~~~~~~~~~~^^^^^
  File "/usr/lib/python3.13/contextlib.py", line 214, in __aenter__
    return await anext(self.gen)
           ^^^^^^^^^^^^^^^^^^^^^
  File "/usr/local/google/home/konstantint/Projects/prefecture/.venv/lib/python3.13/site-packages/prefect/server/api/server.py", line 921, in lifespan
    await run_migrations()
  File "/usr/local/google/home/konstantint/Projects/prefecture/.venv/lib/python3.13/site-packages/prefect/server/api/server.py", line 898, in run_migrations
    await db.create_db()
  File "/usr/local/google/home/konstantint/Projects/prefecture/.venv/lib/python3.13/site-packages/prefect/server/database/interface.py", line 77, in create_db
    await self.run_migrations_upgrade()
  File "/usr/local/google/home/konstantint/Projects/prefecture/.venv/lib/python3.13/site-packages/prefect/server/database/interface.py", line 115, in run_migrations_upgrade
    await run_sync_in_worker_thread(alembic_upgrade)
  File "/usr/local/google/home/konstantint/Projects/prefecture/.venv/lib/python3.13/site-packages/prefect/utilities/asyncutils/__init__.py", line 233, in run_sync_in_worker_thread
    result = await anyio.to_thread.run_sync(
             ^^^^^^^^^^^^^^^^^^^^^^^^^^^^^^^
        call_with_mark, call, abandon_on_cancel=True, limiter=get_thread_limiter()
        ^^^^^^^^^^^^^^^^^^^^^^^^^^^^^^^^^^^^^^^^^^^^^^^^^^^^^^^^^^^^^^^^^^^^^^^^^^
    )
    ^
  File "/usr/local/google/home/konstantint/Projects/prefecture/.venv/lib/python3.13/site-packages/anyio/to_thread.py", line 63, in run_sync
    return await get_async_backend().run_sync_in_worker_thread(
           ^^^^^^^^^^^^^^^^^^^^^^^^^^^^^^^^^^^^^^^^^^^^^^^^^^^^
        func, args, abandon_on_cancel=abandon_on_cancel, limiter=limiter
        ^^^^^^^^^^^^^^^^^^^^^^^^^^^^^^^^^^^^^^^^^^^^^^^^^^^^^^^^^^^^^^^^
    )
    ^
  File "/usr/local/google/home/konstantint/Projects/prefecture/.venv/lib/python3.13/site-packages/anyio/_backends/_asyncio.py", line 2518, in run_sync_in_worker_thread
    return await future
           ^^^^^^^^^^^^
  File "/usr/local/google/home/konstantint/Projects/prefecture/.venv/lib/python3.13/site-packages/anyio/_backends/_asyncio.py", line 1002, in run
    result = context.run(func, *args)
  File "/usr/local/google/home/konstantint/Projects/prefecture/.venv/lib/python3.13/site-packages/prefect/utilities/asyncutils/__init__.py", line 243, in call_with_mark
    return call()
  File "/usr/local/google/home/konstantint/Projects/prefecture/.venv/lib/python3.13/site-packages/prefect/server/database/alembic_commands.py", line 36, in wrapper
    return fn(*args, **kwargs)
  File "/usr/local/google/home/konstantint/Projects/prefecture/.venv/lib/python3.13/site-packages/prefect/server/database/alembic_commands.py", line 72, in alembic_upgrade
    alembic.command.upgrade(alembic_config(), revision, sql=dry_run)
    ~~~~~~~~~~~~~~~~~~~~~~~^^^^^^^^^^^^^^^^^^^^^^^^^^^^^^^^^^^^^^^^^
  File "/usr/local/google/home/konstantint/Projects/prefecture/.venv/lib/python3.13/site-packages/alembic/command.py", line 483, in upgrade
    script.run_env()
    ~~~~~~~~~~~~~~^^
  File "/usr/local/google/home/konstantint/Projects/prefecture/.venv/lib/python3.13/site-packages/alembic/script/base.py", line 545, in run_env
    util.load_python_file(self.dir, "env.py")
    ~~~~~~~~~~~~~~~~~~~~~^^^^^^^^^^^^^^^^^^^^
  File "/usr/local/google/home/konstantint/Projects/prefecture/.venv/lib/python3.13/site-packages/alembic/util/pyfiles.py", line 116, in load_python_file
    module = load_module_py(module_id, path)
  File "/usr/local/google/home/konstantint/Projects/prefecture/.venv/lib/python3.13/site-packages/alembic/util/pyfiles.py", line 136, in load_module_py
    spec.loader.exec_module(module)  # type: ignore
    ~~~~~~~~~~~~~~~~~~~~~~~^^^^^^^^
  File "<frozen importlib._bootstrap_external>", line 1023, in exec_module
  File "<frozen importlib._bootstrap>", line 488, in _call_with_frames_removed
  File "/usr/local/google/home/konstantint/Projects/prefecture/.venv/lib/python3.13/site-packages/prefect/server/database/_migrations/env.py", line 201, in <module>
    run_async_from_worker_thread(apply_migrations)
    ~~~~~~~~~~~~~~~~~~~~~~~~~~~~^^^^^^^^^^^^^^^^^^
  File "/usr/local/google/home/konstantint/Projects/prefecture/.venv/lib/python3.13/site-packages/prefect/utilities/asyncutils/__init__.py", line 254, in run_async_from_worker_thread
    return anyio.from_thread.run(call)
           ~~~~~~~~~~~~~~~~~~~~~^^^^^^
  File "/usr/local/google/home/konstantint/Projects/prefecture/.venv/lib/python3.13/site-packages/anyio/from_thread.py", line 90, in run
    return token.backend_class.run_async_from_thread(
           ~~~~~~~~~~~~~~~~~~~~~~~~~~~~~~~~~~~~~~~~~^
        func, args, token=token.native_token if explicit_token else None
        ^^^^^^^^^^^^^^^^^^^^^^^^^^^^^^^^^^^^^^^^^^^^^^^^^^^^^^^^^^^^^^^^
    )
    ^
  File "/usr/local/google/home/konstantint/Projects/prefecture/.venv/lib/python3.13/site-packages/anyio/_backends/_asyncio.py", line 2565, in run_async_from_thread
    return f.result()
           ~~~~~~~~^^
  File "/usr/lib/python3.13/concurrent/futures/_base.py", line 460, in result
    return self.__get_result()
           ~~~~~~~~~~~~~~~~~^^
  File "/usr/lib/python3.13/concurrent/futures/_base.py", line 402, in __get_result
    raise self._exception
  File "/usr/local/google/home/konstantint/Projects/prefecture/.venv/lib/python3.13/site-packages/anyio/_backends/_asyncio.py", line 2546, in task_wrapper
    return await func(*args)
           ^^^^^^^^^^^^^^^^^
  File "/usr/local/google/home/konstantint/Projects/prefecture/.venv/lib/python3.13/site-packages/prefect/server/database/_migrations/env.py", line 189, in apply_migrations
    async with engine.connect() as connection:
               ~~~~~~~~~~~~~~^^
  File "/usr/local/google/home/konstantint/Projects/prefecture/.venv/lib/python3.13/site-packages/sqlalchemy/ext/asyncio/base.py", line 121, in __aenter__
    return await self.start(is_ctxmanager=True)
           ^^^^^^^^^^^^^^^^^^^^^^^^^^^^^^^^^^^^
  File "/usr/local/google/home/konstantint/Projects/prefecture/.venv/lib/python3.13/site-packages/sqlalchemy/ext/asyncio/engine.py", line 275, in start
    await greenlet_spawn(self.sync_engine.connect)
  File "/usr/local/google/home/konstantint/Projects/prefecture/.venv/lib/python3.13/site-packages/sqlalchemy/util/_concurrency_py3k.py", line 201, in greenlet_spawn
    result = context.throw(*sys.exc_info())
  File "/usr/local/google/home/konstantint/Projects/prefecture/.venv/lib/python3.13/site-packages/sqlalchemy/engine/base.py", line 3293, in connect
    return self._connection_cls(self)
           ~~~~~~~~~~~~~~~~~~~~^^^^^^
  File "/usr/local/google/home/konstantint/Projects/prefecture/.venv/lib/python3.13/site-packages/sqlalchemy/engine/base.py", line 145, in __init__
    Connection._handle_dbapi_exception_noconnection(
    ~~~~~~~~~~~~~~~~~~~~~~~~~~~~~~~~~~~~~~~~~~~~~~~^
        err, dialect, engine
        ^^^^^^^^^^^^^^^^^^^^
    )
    ^
  File "/usr/local/google/home/konstantint/Projects/prefecture/.venv/lib/python3.13/site-packages/sqlalchemy/engine/base.py", line 2448, in _handle_dbapi_exception_noconnection
    raise sqlalchemy_exception.with_traceback(exc_info[2]) from e
  File "/usr/local/google/home/konstantint/Projects/prefecture/.venv/lib/python3.13/site-packages/sqlalchemy/engine/base.py", line 143, in __init__
    self._dbapi_connection = engine.raw_connection()
                             ~~~~~~~~~~~~~~~~~~~~~^^
  File "/usr/local/google/home/konstantint/Projects/prefecture/.venv/lib/python3.13/site-packages/sqlalchemy/engine/base.py", line 3317, in raw_connection
    return self.pool.connect()
           ~~~~~~~~~~~~~~~~~^^
  File "/usr/local/google/home/konstantint/Projects/prefecture/.venv/lib/python3.13/site-packages/sqlalchemy/pool/base.py", line 448, in connect
    return _ConnectionFairy._checkout(self)
           ~~~~~~~~~~~~~~~~~~~~~~~~~~^^^^^^
  File "/usr/local/google/home/konstantint/Projects/prefecture/.venv/lib/python3.13/site-packages/sqlalchemy/pool/base.py", line 1272, in _checkout
    fairy = _ConnectionRecord.checkout(pool)
  File "/usr/local/google/home/konstantint/Projects/prefecture/.venv/lib/python3.13/site-packages/sqlalchemy/pool/base.py", line 712, in checkout
    rec = pool._do_get()
  File "/usr/local/google/home/konstantint/Projects/prefecture/.venv/lib/python3.13/site-packages/sqlalchemy/pool/impl.py", line 177, in _do_get
    with util.safe_reraise():
         ~~~~~~~~~~~~~~~~~^^
  File "/usr/local/google/home/konstantint/Projects/prefecture/.venv/lib/python3.13/site-packages/sqlalchemy/util/langhelpers.py", line 121, in __exit__
    raise exc_value.with_traceback(exc_tb)
  File "/usr/local/google/home/konstantint/Projects/prefecture/.venv/lib/python3.13/site-packages/sqlalchemy/pool/impl.py", line 175, in _do_get
    return self._create_connection()
           ~~~~~~~~~~~~~~~~~~~~~~~^^
  File "/usr/local/google/home/konstantint/Projects/prefecture/.venv/lib/python3.13/site-packages/sqlalchemy/pool/base.py", line 389, in _create_connection
    return _ConnectionRecord(self)
  File "/usr/local/google/home/konstantint/Projects/prefecture/.venv/lib/python3.13/site-packages/sqlalchemy/pool/base.py", line 674, in __init__
    self.__connect()
    ~~~~~~~~~~~~~~^^
  File "/usr/local/google/home/konstantint/Projects/prefecture/.venv/lib/python3.13/site-packages/sqlalchemy/pool/base.py", line 914, in __connect
    )._exec_w_sync_on_first_run(self.dbapi_connection, self)
      ~~~~~~~~~~~~~~~~~~~~~~~~~^^^^^^^^^^^^^^^^^^^^^^^^^^^^^
  File "/usr/local/google/home/konstantint/Projects/prefecture/.venv/lib/python3.13/site-packages/sqlalchemy/event/attr.py", line 501, in _exec_w_sync_on_first_run
    self(*args, **kw)
    ~~~~^^^^^^^^^^^^^
  File "/usr/local/google/home/konstantint/Projects/prefecture/.venv/lib/python3.13/site-packages/sqlalchemy/event/attr.py", line 515, in __call__
    fn(*args, **kw)
    ~~^^^^^^^^^^^^^
  File "/usr/local/google/home/konstantint/Projects/prefecture/.venv/lib/python3.13/site-packages/prefect/server/database/configurations.py", line 530, in setup_sqlite
    cursor.execute("PRAGMA journal_mode = WAL;")
    ~~~~~~~~~~~~~~^^^^^^^^^^^^^^^^^^^^^^^^^^^^^^
  File "/usr/local/google/home/konstantint/Projects/prefecture/.venv/lib/python3.13/site-packages/sqlalchemy/dialects/sqlite/aiosqlite.py", line 182, in execute
    self._adapt_connection._handle_exception(error)
    ~~~~~~~~~~~~~~~~~~~~~~~~~~~~~~~~~~~~~~~~^^^^^^^
  File "/usr/local/google/home/konstantint/Projects/prefecture/.venv/lib/python3.13/site-packages/sqlalchemy/dialects/sqlite/aiosqlite.py", line 342, in _handle_exception
    raise error
  File "/usr/local/google/home/konstantint/Projects/prefecture/.venv/lib/python3.13/site-packages/sqlalchemy/dialects/sqlite/aiosqlite.py", line 162, in execute
    self.await_(_cursor.execute(operation))
    ~~~~~~~~~~~^^^^^^^^^^^^^^^^^^^^^^^^^^^^
  File "/usr/local/google/home/konstantint/Projects/prefecture/.venv/lib/python3.13/site-packages/sqlalchemy/util/_concurrency_py3k.py", line 132, in await_only
    return current.parent.switch(awaitable)  # type: ignore[no-any-return,attr-defined] # noqa: E501
           ~~~~~~~~~~~~~~~~~~~~~^^^^^^^^^^^
  File "/usr/local/google/home/konstantint/Projects/prefecture/.venv/lib/python3.13/site-packages/sqlalchemy/util/_concurrency_py3k.py", line 196, in greenlet_spawn
    value = await result
            ^^^^^^^^^^^^
  File "/usr/local/google/home/konstantint/Projects/prefecture/.venv/lib/python3.13/site-packages/aiosqlite/cursor.py", line 40, in execute
    await self._execute(self._cursor.execute, sql, parameters)
  File "/usr/local/google/home/konstantint/Projects/prefecture/.venv/lib/python3.13/site-packages/aiosqlite/cursor.py", line 32, in _execute
    return await self._conn._execute(fn, *args, **kwargs)
           ^^^^^^^^^^^^^^^^^^^^^^^^^^^^^^^^^^^^^^^^^^^^^^
  File "/usr/local/google/home/konstantint/Projects/prefecture/.venv/lib/python3.13/site-packages/aiosqlite/core.py", line 160, in _execute
    return await future
           ^^^^^^^^^^^^
  File "/usr/local/google/home/konstantint/Projects/prefecture/.venv/lib/python3.13/site-packages/aiosqlite/core.py", line 63, in _connection_worker_thread
    result = function()
sqlalchemy.exc.OperationalError: (sqlite3.OperationalError) unable to open database file
(Background on this error at: https://sqlalche.me/e/20/e3q8)

14:14:33.177 | ERROR   | uvicorn.error - Application startup failed. Exiting.
14:14:37.525 | ERROR   | uvicorn.error - Traceback (most recent call last):
  File "/usr/local/google/home/konstantint/Projects/prefecture/.venv/lib/python3.13/site-packages/sqlalchemy/engine/base.py", line 143, in __init__
    self._dbapi_connection = engine.raw_connection()
                             ~~~~~~~~~~~~~~~~~~~~~^^
  File "/usr/local/google/home/konstantint/Projects/prefecture/.venv/lib/python3.13/site-packages/sqlalchemy/engine/base.py", line 3317, in raw_connection
    return self.pool.connect()
           ~~~~~~~~~~~~~~~~~^^
  File "/usr/local/google/home/konstantint/Projects/prefecture/.venv/lib/python3.13/site-packages/sqlalchemy/pool/base.py", line 448, in connect
    return _ConnectionFairy._checkout(self)
           ~~~~~~~~~~~~~~~~~~~~~~~~~~^^^^^^
  File "/usr/local/google/home/konstantint/Projects/prefecture/.venv/lib/python3.13/site-packages/sqlalchemy/pool/base.py", line 1272, in _checkout
    fairy = _ConnectionRecord.checkout(pool)
  File "/usr/local/google/home/konstantint/Projects/prefecture/.venv/lib/python3.13/site-packages/sqlalchemy/pool/base.py", line 712, in checkout
    rec = pool._do_get()
  File "/usr/local/google/home/konstantint/Projects/prefecture/.venv/lib/python3.13/site-packages/sqlalchemy/pool/impl.py", line 177, in _do_get
    with util.safe_reraise():
         ~~~~~~~~~~~~~~~~~^^
  File "/usr/local/google/home/konstantint/Projects/prefecture/.venv/lib/python3.13/site-packages/sqlalchemy/util/langhelpers.py", line 121, in __exit__
    raise exc_value.with_traceback(exc_tb)
  File "/usr/local/google/home/konstantint/Projects/prefecture/.venv/lib/python3.13/site-packages/sqlalchemy/pool/impl.py", line 175, in _do_get
    return self._create_connection()
           ~~~~~~~~~~~~~~~~~~~~~~~^^
  File "/usr/local/google/home/konstantint/Projects/prefecture/.venv/lib/python3.13/site-packages/sqlalchemy/pool/base.py", line 389, in _create_connection
    return _ConnectionRecord(self)
  File "/usr/local/google/home/konstantint/Projects/prefecture/.venv/lib/python3.13/site-packages/sqlalchemy/pool/base.py", line 674, in __init__
    self.__connect()
    ~~~~~~~~~~~~~~^^
  File "/usr/local/google/home/konstantint/Projects/prefecture/.venv/lib/python3.13/site-packages/sqlalchemy/pool/base.py", line 914, in __connect
    )._exec_w_sync_on_first_run(self.dbapi_connection, self)
      ~~~~~~~~~~~~~~~~~~~~~~~~~^^^^^^^^^^^^^^^^^^^^^^^^^^^^^
  File "/usr/local/google/home/konstantint/Projects/prefecture/.venv/lib/python3.13/site-packages/sqlalchemy/event/attr.py", line 501, in _exec_w_sync_on_first_run
    self(*args, **kw)
    ~~~~^^^^^^^^^^^^^
  File "/usr/local/google/home/konstantint/Projects/prefecture/.venv/lib/python3.13/site-packages/sqlalchemy/event/attr.py", line 515, in __call__
    fn(*args, **kw)
    ~~^^^^^^^^^^^^^
  File "/usr/local/google/home/konstantint/Projects/prefecture/.venv/lib/python3.13/site-packages/prefect/server/database/configurations.py", line 530, in setup_sqlite
    cursor.execute("PRAGMA journal_mode = WAL;")
    ~~~~~~~~~~~~~~^^^^^^^^^^^^^^^^^^^^^^^^^^^^^^
  File "/usr/local/google/home/konstantint/Projects/prefecture/.venv/lib/python3.13/site-packages/sqlalchemy/dialects/sqlite/aiosqlite.py", line 182, in execute
    self._adapt_connection._handle_exception(error)
    ~~~~~~~~~~~~~~~~~~~~~~~~~~~~~~~~~~~~~~~~^^^^^^^
  File "/usr/local/google/home/konstantint/Projects/prefecture/.venv/lib/python3.13/site-packages/sqlalchemy/dialects/sqlite/aiosqlite.py", line 342, in _handle_exception
    raise error
  File "/usr/local/google/home/konstantint/Projects/prefecture/.venv/lib/python3.13/site-packages/sqlalchemy/dialects/sqlite/aiosqlite.py", line 162, in execute
    self.await_(_cursor.execute(operation))
    ~~~~~~~~~~~^^^^^^^^^^^^^^^^^^^^^^^^^^^^
  File "/usr/local/google/home/konstantint/Projects/prefecture/.venv/lib/python3.13/site-packages/sqlalchemy/util/_concurrency_py3k.py", line 132, in await_only
    return current.parent.switch(awaitable)  # type: ignore[no-any-return,attr-defined] # noqa: E501
           ~~~~~~~~~~~~~~~~~~~~~^^^^^^^^^^^
  File "/usr/local/google/home/konstantint/Projects/prefecture/.venv/lib/python3.13/site-packages/sqlalchemy/util/_concurrency_py3k.py", line 196, in greenlet_spawn
    value = await result
            ^^^^^^^^^^^^
  File "/usr/local/google/home/konstantint/Projects/prefecture/.venv/lib/python3.13/site-packages/aiosqlite/cursor.py", line 40, in execute
    await self._execute(self._cursor.execute, sql, parameters)
  File "/usr/local/google/home/konstantint/Projects/prefecture/.venv/lib/python3.13/site-packages/aiosqlite/cursor.py", line 32, in _execute
    return await self._conn._execute(fn, *args, **kwargs)
           ^^^^^^^^^^^^^^^^^^^^^^^^^^^^^^^^^^^^^^^^^^^^^^
  File "/usr/local/google/home/konstantint/Projects/prefecture/.venv/lib/python3.13/site-packages/aiosqlite/core.py", line 160, in _execute
    return await future
           ^^^^^^^^^^^^
  File "/usr/local/google/home/konstantint/Projects/prefecture/.venv/lib/python3.13/site-packages/aiosqlite/core.py", line 63, in _connection_worker_thread
    result = function()
sqlite3.OperationalError: unable to open database file

The above exception was the direct cause of the following exception:

Traceback (most recent call last):
  File "/usr/local/google/home/konstantint/Projects/prefecture/.venv/lib/python3.13/site-packages/starlette/routing.py", line 638, in lifespan
    async with self.lifespan_context(app) as maybe_state:
               ~~~~~~~~~~~~~~~~~~~~~^^^^^
  File "/usr/lib/python3.13/contextlib.py", line 214, in __aenter__
    return await anext(self.gen)
           ^^^^^^^^^^^^^^^^^^^^^
  File "/usr/local/google/home/konstantint/Projects/prefecture/.venv/lib/python3.13/site-packages/prefect/server/api/server.py", line 921, in lifespan
    await run_migrations()
  File "/usr/local/google/home/konstantint/Projects/prefecture/.venv/lib/python3.13/site-packages/prefect/server/api/server.py", line 898, in run_migrations
    await db.create_db()
  File "/usr/local/google/home/konstantint/Projects/prefecture/.venv/lib/python3.13/site-packages/prefect/server/database/interface.py", line 77, in create_db
    await self.run_migrations_upgrade()
  File "/usr/local/google/home/konstantint/Projects/prefecture/.venv/lib/python3.13/site-packages/prefect/server/database/interface.py", line 115, in run_migrations_upgrade
    await run_sync_in_worker_thread(alembic_upgrade)
  File "/usr/local/google/home/konstantint/Projects/prefecture/.venv/lib/python3.13/site-packages/prefect/utilities/asyncutils/__init__.py", line 233, in run_sync_in_worker_thread
    result = await anyio.to_thread.run_sync(
             ^^^^^^^^^^^^^^^^^^^^^^^^^^^^^^^
        call_with_mark, call, abandon_on_cancel=True, limiter=get_thread_limiter()
        ^^^^^^^^^^^^^^^^^^^^^^^^^^^^^^^^^^^^^^^^^^^^^^^^^^^^^^^^^^^^^^^^^^^^^^^^^^
    )
    ^
  File "/usr/local/google/home/konstantint/Projects/prefecture/.venv/lib/python3.13/site-packages/anyio/to_thread.py", line 63, in run_sync
    return await get_async_backend().run_sync_in_worker_thread(
           ^^^^^^^^^^^^^^^^^^^^^^^^^^^^^^^^^^^^^^^^^^^^^^^^^^^^
        func, args, abandon_on_cancel=abandon_on_cancel, limiter=limiter
        ^^^^^^^^^^^^^^^^^^^^^^^^^^^^^^^^^^^^^^^^^^^^^^^^^^^^^^^^^^^^^^^^
    )
    ^
  File "/usr/local/google/home/konstantint/Projects/prefecture/.venv/lib/python3.13/site-packages/anyio/_backends/_asyncio.py", line 2518, in run_sync_in_worker_thread
    return await future
           ^^^^^^^^^^^^
  File "/usr/local/google/home/konstantint/Projects/prefecture/.venv/lib/python3.13/site-packages/anyio/_backends/_asyncio.py", line 1002, in run
    result = context.run(func, *args)
  File "/usr/local/google/home/konstantint/Projects/prefecture/.venv/lib/python3.13/site-packages/prefect/utilities/asyncutils/__init__.py", line 243, in call_with_mark
    return call()
  File "/usr/local/google/home/konstantint/Projects/prefecture/.venv/lib/python3.13/site-packages/prefect/server/database/alembic_commands.py", line 36, in wrapper
    return fn(*args, **kwargs)
  File "/usr/local/google/home/konstantint/Projects/prefecture/.venv/lib/python3.13/site-packages/prefect/server/database/alembic_commands.py", line 72, in alembic_upgrade
    alembic.command.upgrade(alembic_config(), revision, sql=dry_run)
    ~~~~~~~~~~~~~~~~~~~~~~~^^^^^^^^^^^^^^^^^^^^^^^^^^^^^^^^^^^^^^^^^
  File "/usr/local/google/home/konstantint/Projects/prefecture/.venv/lib/python3.13/site-packages/alembic/command.py", line 483, in upgrade
    script.run_env()
    ~~~~~~~~~~~~~~^^
  File "/usr/local/google/home/konstantint/Projects/prefecture/.venv/lib/python3.13/site-packages/alembic/script/base.py", line 545, in run_env
    util.load_python_file(self.dir, "env.py")
    ~~~~~~~~~~~~~~~~~~~~~^^^^^^^^^^^^^^^^^^^^
  File "/usr/local/google/home/konstantint/Projects/prefecture/.venv/lib/python3.13/site-packages/alembic/util/pyfiles.py", line 116, in load_python_file
    module = load_module_py(module_id, path)
  File "/usr/local/google/home/konstantint/Projects/prefecture/.venv/lib/python3.13/site-packages/alembic/util/pyfiles.py", line 136, in load_module_py
    spec.loader.exec_module(module)  # type: ignore
    ~~~~~~~~~~~~~~~~~~~~~~~^^^^^^^^
  File "<frozen importlib._bootstrap_external>", line 1023, in exec_module
  File "<frozen importlib._bootstrap>", line 488, in _call_with_frames_removed
  File "/usr/local/google/home/konstantint/Projects/prefecture/.venv/lib/python3.13/site-packages/prefect/server/database/_migrations/env.py", line 201, in <module>
    run_async_from_worker_thread(apply_migrations)
    ~~~~~~~~~~~~~~~~~~~~~~~~~~~~^^^^^^^^^^^^^^^^^^
  File "/usr/local/google/home/konstantint/Projects/prefecture/.venv/lib/python3.13/site-packages/prefect/utilities/asyncutils/__init__.py", line 254, in run_async_from_worker_thread
    return anyio.from_thread.run(call)
           ~~~~~~~~~~~~~~~~~~~~~^^^^^^
  File "/usr/local/google/home/konstantint/Projects/prefecture/.venv/lib/python3.13/site-packages/anyio/from_thread.py", line 90, in run
    return token.backend_class.run_async_from_thread(
           ~~~~~~~~~~~~~~~~~~~~~~~~~~~~~~~~~~~~~~~~~^
        func, args, token=token.native_token if explicit_token else None
        ^^^^^^^^^^^^^^^^^^^^^^^^^^^^^^^^^^^^^^^^^^^^^^^^^^^^^^^^^^^^^^^^
    )
    ^
  File "/usr/local/google/home/konstantint/Projects/prefecture/.venv/lib/python3.13/site-packages/anyio/_backends/_asyncio.py", line 2565, in run_async_from_thread
    return f.result()
           ~~~~~~~~^^
  File "/usr/lib/python3.13/concurrent/futures/_base.py", line 460, in result
    return self.__get_result()
           ~~~~~~~~~~~~~~~~~^^
  File "/usr/lib/python3.13/concurrent/futures/_base.py", line 402, in __get_result
    raise self._exception
  File "/usr/local/google/home/konstantint/Projects/prefecture/.venv/lib/python3.13/site-packages/anyio/_backends/_asyncio.py", line 2546, in task_wrapper
    return await func(*args)
           ^^^^^^^^^^^^^^^^^
  File "/usr/local/google/home/konstantint/Projects/prefecture/.venv/lib/python3.13/site-packages/prefect/server/database/_migrations/env.py", line 189, in apply_migrations
    async with engine.connect() as connection:
               ~~~~~~~~~~~~~~^^
  File "/usr/local/google/home/konstantint/Projects/prefecture/.venv/lib/python3.13/site-packages/sqlalchemy/ext/asyncio/base.py", line 121, in __aenter__
    return await self.start(is_ctxmanager=True)
           ^^^^^^^^^^^^^^^^^^^^^^^^^^^^^^^^^^^^
  File "/usr/local/google/home/konstantint/Projects/prefecture/.venv/lib/python3.13/site-packages/sqlalchemy/ext/asyncio/engine.py", line 275, in start
    await greenlet_spawn(self.sync_engine.connect)
  File "/usr/local/google/home/konstantint/Projects/prefecture/.venv/lib/python3.13/site-packages/sqlalchemy/util/_concurrency_py3k.py", line 201, in greenlet_spawn
    result = context.throw(*sys.exc_info())
  File "/usr/local/google/home/konstantint/Projects/prefecture/.venv/lib/python3.13/site-packages/sqlalchemy/engine/base.py", line 3293, in connect
    return self._connection_cls(self)
           ~~~~~~~~~~~~~~~~~~~~^^^^^^
  File "/usr/local/google/home/konstantint/Projects/prefecture/.venv/lib/python3.13/site-packages/sqlalchemy/engine/base.py", line 145, in __init__
    Connection._handle_dbapi_exception_noconnection(
    ~~~~~~~~~~~~~~~~~~~~~~~~~~~~~~~~~~~~~~~~~~~~~~~^
        err, dialect, engine
        ^^^^^^^^^^^^^^^^^^^^
    )
    ^
  File "/usr/local/google/home/konstantint/Projects/prefecture/.venv/lib/python3.13/site-packages/sqlalchemy/engine/base.py", line 2448, in _handle_dbapi_exception_noconnection
    raise sqlalchemy_exception.with_traceback(exc_info[2]) from e
  File "/usr/local/google/home/konstantint/Projects/prefecture/.venv/lib/python3.13/site-packages/sqlalchemy/engine/base.py", line 143, in __init__
    self._dbapi_connection = engine.raw_connection()
                             ~~~~~~~~~~~~~~~~~~~~~^^
  File "/usr/local/google/home/konstantint/Projects/prefecture/.venv/lib/python3.13/site-packages/sqlalchemy/engine/base.py", line 3317, in raw_connection
    return self.pool.connect()
           ~~~~~~~~~~~~~~~~~^^
  File "/usr/local/google/home/konstantint/Projects/prefecture/.venv/lib/python3.13/site-packages/sqlalchemy/pool/base.py", line 448, in connect
    return _ConnectionFairy._checkout(self)
           ~~~~~~~~~~~~~~~~~~~~~~~~~~^^^^^^
  File "/usr/local/google/home/konstantint/Projects/prefecture/.venv/lib/python3.13/site-packages/sqlalchemy/pool/base.py", line 1272, in _checkout
    fairy = _ConnectionRecord.checkout(pool)
  File "/usr/local/google/home/konstantint/Projects/prefecture/.venv/lib/python3.13/site-packages/sqlalchemy/pool/base.py", line 712, in checkout
    rec = pool._do_get()
  File "/usr/local/google/home/konstantint/Projects/prefecture/.venv/lib/python3.13/site-packages/sqlalchemy/pool/impl.py", line 177, in _do_get
    with util.safe_reraise():
         ~~~~~~~~~~~~~~~~~^^
  File "/usr/local/google/home/konstantint/Projects/prefecture/.venv/lib/python3.13/site-packages/sqlalchemy/util/langhelpers.py", line 121, in __exit__
    raise exc_value.with_traceback(exc_tb)
  File "/usr/local/google/home/konstantint/Projects/prefecture/.venv/lib/python3.13/site-packages/sqlalchemy/pool/impl.py", line 175, in _do_get
    return self._create_connection()
           ~~~~~~~~~~~~~~~~~~~~~~~^^
  File "/usr/local/google/home/konstantint/Projects/prefecture/.venv/lib/python3.13/site-packages/sqlalchemy/pool/base.py", line 389, in _create_connection
    return _ConnectionRecord(self)
  File "/usr/local/google/home/konstantint/Projects/prefecture/.venv/lib/python3.13/site-packages/sqlalchemy/pool/base.py", line 674, in __init__
    self.__connect()
    ~~~~~~~~~~~~~~^^
  File "/usr/local/google/home/konstantint/Projects/prefecture/.venv/lib/python3.13/site-packages/sqlalchemy/pool/base.py", line 914, in __connect
    )._exec_w_sync_on_first_run(self.dbapi_connection, self)
      ~~~~~~~~~~~~~~~~~~~~~~~~~^^^^^^^^^^^^^^^^^^^^^^^^^^^^^
  File "/usr/local/google/home/konstantint/Projects/prefecture/.venv/lib/python3.13/site-packages/sqlalchemy/event/attr.py", line 501, in _exec_w_sync_on_first_run
    self(*args, **kw)
    ~~~~^^^^^^^^^^^^^
  File "/usr/local/google/home/konstantint/Projects/prefecture/.venv/lib/python3.13/site-packages/sqlalchemy/event/attr.py", line 515, in __call__
    fn(*args, **kw)
    ~~^^^^^^^^^^^^^
  File "/usr/local/google/home/konstantint/Projects/prefecture/.venv/lib/python3.13/site-packages/prefect/server/database/configurations.py", line 530, in setup_sqlite
    cursor.execute("PRAGMA journal_mode = WAL;")
    ~~~~~~~~~~~~~~^^^^^^^^^^^^^^^^^^^^^^^^^^^^^^
  File "/usr/local/google/home/konstantint/Projects/prefecture/.venv/lib/python3.13/site-packages/sqlalchemy/dialects/sqlite/aiosqlite.py", line 182, in execute
    self._adapt_connection._handle_exception(error)
    ~~~~~~~~~~~~~~~~~~~~~~~~~~~~~~~~~~~~~~~~^^^^^^^
  File "/usr/local/google/home/konstantint/Projects/prefecture/.venv/lib/python3.13/site-packages/sqlalchemy/dialects/sqlite/aiosqlite.py", line 342, in _handle_exception
    raise error
  File "/usr/local/google/home/konstantint/Projects/prefecture/.venv/lib/python3.13/site-packages/sqlalchemy/dialects/sqlite/aiosqlite.py", line 162, in execute
    self.await_(_cursor.execute(operation))
    ~~~~~~~~~~~^^^^^^^^^^^^^^^^^^^^^^^^^^^^
  File "/usr/local/google/home/konstantint/Projects/prefecture/.venv/lib/python3.13/site-packages/sqlalchemy/util/_concurrency_py3k.py", line 132, in await_only
    return current.parent.switch(awaitable)  # type: ignore[no-any-return,attr-defined] # noqa: E501
           ~~~~~~~~~~~~~~~~~~~~~^^^^^^^^^^^
  File "/usr/local/google/home/konstantint/Projects/prefecture/.venv/lib/python3.13/site-packages/sqlalchemy/util/_concurrency_py3k.py", line 196, in greenlet_spawn
    value = await result
            ^^^^^^^^^^^^
  File "/usr/local/google/home/konstantint/Projects/prefecture/.venv/lib/python3.13/site-packages/aiosqlite/cursor.py", line 40, in execute
    await self._execute(self._cursor.execute, sql, parameters)
  File "/usr/local/google/home/konstantint/Projects/prefecture/.venv/lib/python3.13/site-packages/aiosqlite/cursor.py", line 32, in _execute
    return await self._conn._execute(fn, *args, **kwargs)
           ^^^^^^^^^^^^^^^^^^^^^^^^^^^^^^^^^^^^^^^^^^^^^^
  File "/usr/local/google/home/konstantint/Projects/prefecture/.venv/lib/python3.13/site-packages/aiosqlite/core.py", line 160, in _execute
    return await future
           ^^^^^^^^^^^^
  File "/usr/local/google/home/konstantint/Projects/prefecture/.venv/lib/python3.13/site-packages/aiosqlite/core.py", line 63, in _connection_worker_thread
    result = function()
sqlalchemy.exc.OperationalError: (sqlite3.OperationalError) unable to open database file
(Background on this error at: https://sqlalche.me/e/20/e3q8)

14:14:37.542 | ERROR   | uvicorn.error - Application startup failed. Exiting.
14:14:43.469 | ERROR   | uvicorn.error - Traceback (most recent call last):
  File "/usr/local/google/home/konstantint/Projects/prefecture/.venv/lib/python3.13/site-packages/sqlalchemy/engine/base.py", line 143, in __init__
    self._dbapi_connection = engine.raw_connection()
                             ~~~~~~~~~~~~~~~~~~~~~^^
  File "/usr/local/google/home/konstantint/Projects/prefecture/.venv/lib/python3.13/site-packages/sqlalchemy/engine/base.py", line 3317, in raw_connection
    return self.pool.connect()
           ~~~~~~~~~~~~~~~~~^^
  File "/usr/local/google/home/konstantint/Projects/prefecture/.venv/lib/python3.13/site-packages/sqlalchemy/pool/base.py", line 448, in connect
    return _ConnectionFairy._checkout(self)
           ~~~~~~~~~~~~~~~~~~~~~~~~~~^^^^^^
  File "/usr/local/google/home/konstantint/Projects/prefecture/.venv/lib/python3.13/site-packages/sqlalchemy/pool/base.py", line 1272, in _checkout
    fairy = _ConnectionRecord.checkout(pool)
  File "/usr/local/google/home/konstantint/Projects/prefecture/.venv/lib/python3.13/site-packages/sqlalchemy/pool/base.py", line 712, in checkout
    rec = pool._do_get()
  File "/usr/local/google/home/konstantint/Projects/prefecture/.venv/lib/python3.13/site-packages/sqlalchemy/pool/impl.py", line 177, in _do_get
    with util.safe_reraise():
         ~~~~~~~~~~~~~~~~~^^
  File "/usr/local/google/home/konstantint/Projects/prefecture/.venv/lib/python3.13/site-packages/sqlalchemy/util/langhelpers.py", line 121, in __exit__
    raise exc_value.with_traceback(exc_tb)
  File "/usr/local/google/home/konstantint/Projects/prefecture/.venv/lib/python3.13/site-packages/sqlalchemy/pool/impl.py", line 175, in _do_get
    return self._create_connection()
           ~~~~~~~~~~~~~~~~~~~~~~~^^
  File "/usr/local/google/home/konstantint/Projects/prefecture/.venv/lib/python3.13/site-packages/sqlalchemy/pool/base.py", line 389, in _create_connection
    return _ConnectionRecord(self)
  File "/usr/local/google/home/konstantint/Projects/prefecture/.venv/lib/python3.13/site-packages/sqlalchemy/pool/base.py", line 674, in __init__
    self.__connect()
    ~~~~~~~~~~~~~~^^
  File "/usr/local/google/home/konstantint/Projects/prefecture/.venv/lib/python3.13/site-packages/sqlalchemy/pool/base.py", line 914, in __connect
    )._exec_w_sync_on_first_run(self.dbapi_connection, self)
      ~~~~~~~~~~~~~~~~~~~~~~~~~^^^^^^^^^^^^^^^^^^^^^^^^^^^^^
  File "/usr/local/google/home/konstantint/Projects/prefecture/.venv/lib/python3.13/site-packages/sqlalchemy/event/attr.py", line 501, in _exec_w_sync_on_first_run
    self(*args, **kw)
    ~~~~^^^^^^^^^^^^^
  File "/usr/local/google/home/konstantint/Projects/prefecture/.venv/lib/python3.13/site-packages/sqlalchemy/event/attr.py", line 515, in __call__
    fn(*args, **kw)
    ~~^^^^^^^^^^^^^
  File "/usr/local/google/home/konstantint/Projects/prefecture/.venv/lib/python3.13/site-packages/prefect/server/database/configurations.py", line 530, in setup_sqlite
    cursor.execute("PRAGMA journal_mode = WAL;")
    ~~~~~~~~~~~~~~^^^^^^^^^^^^^^^^^^^^^^^^^^^^^^
  File "/usr/local/google/home/konstantint/Projects/prefecture/.venv/lib/python3.13/site-packages/sqlalchemy/dialects/sqlite/aiosqlite.py", line 182, in execute
    self._adapt_connection._handle_exception(error)
    ~~~~~~~~~~~~~~~~~~~~~~~~~~~~~~~~~~~~~~~~^^^^^^^
  File "/usr/local/google/home/konstantint/Projects/prefecture/.venv/lib/python3.13/site-packages/sqlalchemy/dialects/sqlite/aiosqlite.py", line 342, in _handle_exception
    raise error
  File "/usr/local/google/home/konstantint/Projects/prefecture/.venv/lib/python3.13/site-packages/sqlalchemy/dialects/sqlite/aiosqlite.py", line 162, in execute
    self.await_(_cursor.execute(operation))
    ~~~~~~~~~~~^^^^^^^^^^^^^^^^^^^^^^^^^^^^
  File "/usr/local/google/home/konstantint/Projects/prefecture/.venv/lib/python3.13/site-packages/sqlalchemy/util/_concurrency_py3k.py", line 132, in await_only
    return current.parent.switch(awaitable)  # type: ignore[no-any-return,attr-defined] # noqa: E501
           ~~~~~~~~~~~~~~~~~~~~~^^^^^^^^^^^
  File "/usr/local/google/home/konstantint/Projects/prefecture/.venv/lib/python3.13/site-packages/sqlalchemy/util/_concurrency_py3k.py", line 196, in greenlet_spawn
    value = await result
            ^^^^^^^^^^^^
  File "/usr/local/google/home/konstantint/Projects/prefecture/.venv/lib/python3.13/site-packages/aiosqlite/cursor.py", line 40, in execute
    await self._execute(self._cursor.execute, sql, parameters)
  File "/usr/local/google/home/konstantint/Projects/prefecture/.venv/lib/python3.13/site-packages/aiosqlite/cursor.py", line 32, in _execute
    return await self._conn._execute(fn, *args, **kwargs)
           ^^^^^^^^^^^^^^^^^^^^^^^^^^^^^^^^^^^^^^^^^^^^^^
  File "/usr/local/google/home/konstantint/Projects/prefecture/.venv/lib/python3.13/site-packages/aiosqlite/core.py", line 160, in _execute
    return await future
           ^^^^^^^^^^^^
  File "/usr/local/google/home/konstantint/Projects/prefecture/.venv/lib/python3.13/site-packages/aiosqlite/core.py", line 63, in _connection_worker_thread
    result = function()
sqlite3.OperationalError: unable to open database file

The above exception was the direct cause of the following exception:

Traceback (most recent call last):
  File "/usr/local/google/home/konstantint/Projects/prefecture/.venv/lib/python3.13/site-packages/starlette/routing.py", line 638, in lifespan
    async with self.lifespan_context(app) as maybe_state:
               ~~~~~~~~~~~~~~~~~~~~~^^^^^
  File "/usr/lib/python3.13/contextlib.py", line 214, in __aenter__
    return await anext(self.gen)
           ^^^^^^^^^^^^^^^^^^^^^
  File "/usr/local/google/home/konstantint/Projects/prefecture/.venv/lib/python3.13/site-packages/prefect/server/api/server.py", line 921, in lifespan
    await run_migrations()
  File "/usr/local/google/home/konstantint/Projects/prefecture/.venv/lib/python3.13/site-packages/prefect/server/api/server.py", line 898, in run_migrations
    await db.create_db()
  File "/usr/local/google/home/konstantint/Projects/prefecture/.venv/lib/python3.13/site-packages/prefect/server/database/interface.py", line 77, in create_db
    await self.run_migrations_upgrade()
  File "/usr/local/google/home/konstantint/Projects/prefecture/.venv/lib/python3.13/site-packages/prefect/server/database/interface.py", line 115, in run_migrations_upgrade
    await run_sync_in_worker_thread(alembic_upgrade)
  File "/usr/local/google/home/konstantint/Projects/prefecture/.venv/lib/python3.13/site-packages/prefect/utilities/asyncutils/__init__.py", line 233, in run_sync_in_worker_thread
    result = await anyio.to_thread.run_sync(
             ^^^^^^^^^^^^^^^^^^^^^^^^^^^^^^^
        call_with_mark, call, abandon_on_cancel=True, limiter=get_thread_limiter()
        ^^^^^^^^^^^^^^^^^^^^^^^^^^^^^^^^^^^^^^^^^^^^^^^^^^^^^^^^^^^^^^^^^^^^^^^^^^
    )
    ^
  File "/usr/local/google/home/konstantint/Projects/prefecture/.venv/lib/python3.13/site-packages/anyio/to_thread.py", line 63, in run_sync
    return await get_async_backend().run_sync_in_worker_thread(
           ^^^^^^^^^^^^^^^^^^^^^^^^^^^^^^^^^^^^^^^^^^^^^^^^^^^^
        func, args, abandon_on_cancel=abandon_on_cancel, limiter=limiter
        ^^^^^^^^^^^^^^^^^^^^^^^^^^^^^^^^^^^^^^^^^^^^^^^^^^^^^^^^^^^^^^^^
    )
    ^
  File "/usr/local/google/home/konstantint/Projects/prefecture/.venv/lib/python3.13/site-packages/anyio/_backends/_asyncio.py", line 2518, in run_sync_in_worker_thread
    return await future
           ^^^^^^^^^^^^
  File "/usr/local/google/home/konstantint/Projects/prefecture/.venv/lib/python3.13/site-packages/anyio/_backends/_asyncio.py", line 1002, in run
    result = context.run(func, *args)
  File "/usr/local/google/home/konstantint/Projects/prefecture/.venv/lib/python3.13/site-packages/prefect/utilities/asyncutils/__init__.py", line 243, in call_with_mark
    return call()
  File "/usr/local/google/home/konstantint/Projects/prefecture/.venv/lib/python3.13/site-packages/prefect/server/database/alembic_commands.py", line 36, in wrapper
    return fn(*args, **kwargs)
  File "/usr/local/google/home/konstantint/Projects/prefecture/.venv/lib/python3.13/site-packages/prefect/server/database/alembic_commands.py", line 72, in alembic_upgrade
    alembic.command.upgrade(alembic_config(), revision, sql=dry_run)
    ~~~~~~~~~~~~~~~~~~~~~~~^^^^^^^^^^^^^^^^^^^^^^^^^^^^^^^^^^^^^^^^^
  File "/usr/local/google/home/konstantint/Projects/prefecture/.venv/lib/python3.13/site-packages/alembic/command.py", line 483, in upgrade
    script.run_env()
    ~~~~~~~~~~~~~~^^
  File "/usr/local/google/home/konstantint/Projects/prefecture/.venv/lib/python3.13/site-packages/alembic/script/base.py", line 545, in run_env
    util.load_python_file(self.dir, "env.py")
    ~~~~~~~~~~~~~~~~~~~~~^^^^^^^^^^^^^^^^^^^^
  File "/usr/local/google/home/konstantint/Projects/prefecture/.venv/lib/python3.13/site-packages/alembic/util/pyfiles.py", line 116, in load_python_file
    module = load_module_py(module_id, path)
  File "/usr/local/google/home/konstantint/Projects/prefecture/.venv/lib/python3.13/site-packages/alembic/util/pyfiles.py", line 136, in load_module_py
    spec.loader.exec_module(module)  # type: ignore
    ~~~~~~~~~~~~~~~~~~~~~~~^^^^^^^^
  File "<frozen importlib._bootstrap_external>", line 1023, in exec_module
  File "<frozen importlib._bootstrap>", line 488, in _call_with_frames_removed
  File "/usr/local/google/home/konstantint/Projects/prefecture/.venv/lib/python3.13/site-packages/prefect/server/database/_migrations/env.py", line 201, in <module>
    run_async_from_worker_thread(apply_migrations)
    ~~~~~~~~~~~~~~~~~~~~~~~~~~~~^^^^^^^^^^^^^^^^^^
  File "/usr/local/google/home/konstantint/Projects/prefecture/.venv/lib/python3.13/site-packages/prefect/utilities/asyncutils/__init__.py", line 254, in run_async_from_worker_thread
    return anyio.from_thread.run(call)
           ~~~~~~~~~~~~~~~~~~~~~^^^^^^
  File "/usr/local/google/home/konstantint/Projects/prefecture/.venv/lib/python3.13/site-packages/anyio/from_thread.py", line 90, in run
    return token.backend_class.run_async_from_thread(
           ~~~~~~~~~~~~~~~~~~~~~~~~~~~~~~~~~~~~~~~~~^
        func, args, token=token.native_token if explicit_token else None
        ^^^^^^^^^^^^^^^^^^^^^^^^^^^^^^^^^^^^^^^^^^^^^^^^^^^^^^^^^^^^^^^^
    )
    ^
  File "/usr/local/google/home/konstantint/Projects/prefecture/.venv/lib/python3.13/site-packages/anyio/_backends/_asyncio.py", line 2565, in run_async_from_thread
    return f.result()
           ~~~~~~~~^^
  File "/usr/lib/python3.13/concurrent/futures/_base.py", line 460, in result
    return self.__get_result()
           ~~~~~~~~~~~~~~~~~^^
  File "/usr/lib/python3.13/concurrent/futures/_base.py", line 402, in __get_result
    raise self._exception
  File "/usr/local/google/home/konstantint/Projects/prefecture/.venv/lib/python3.13/site-packages/anyio/_backends/_asyncio.py", line 2546, in task_wrapper
    return await func(*args)
           ^^^^^^^^^^^^^^^^^
  File "/usr/local/google/home/konstantint/Projects/prefecture/.venv/lib/python3.13/site-packages/prefect/server/database/_migrations/env.py", line 189, in apply_migrations
    async with engine.connect() as connection:
               ~~~~~~~~~~~~~~^^
  File "/usr/local/google/home/konstantint/Projects/prefecture/.venv/lib/python3.13/site-packages/sqlalchemy/ext/asyncio/base.py", line 121, in __aenter__
    return await self.start(is_ctxmanager=True)
           ^^^^^^^^^^^^^^^^^^^^^^^^^^^^^^^^^^^^
  File "/usr/local/google/home/konstantint/Projects/prefecture/.venv/lib/python3.13/site-packages/sqlalchemy/ext/asyncio/engine.py", line 275, in start
    await greenlet_spawn(self.sync_engine.connect)
  File "/usr/local/google/home/konstantint/Projects/prefecture/.venv/lib/python3.13/site-packages/sqlalchemy/util/_concurrency_py3k.py", line 201, in greenlet_spawn
    result = context.throw(*sys.exc_info())
  File "/usr/local/google/home/konstantint/Projects/prefecture/.venv/lib/python3.13/site-packages/sqlalchemy/engine/base.py", line 3293, in connect
    return self._connection_cls(self)
           ~~~~~~~~~~~~~~~~~~~~^^^^^^
  File "/usr/local/google/home/konstantint/Projects/prefecture/.venv/lib/python3.13/site-packages/sqlalchemy/engine/base.py", line 145, in __init__
    Connection._handle_dbapi_exception_noconnection(
    ~~~~~~~~~~~~~~~~~~~~~~~~~~~~~~~~~~~~~~~~~~~~~~~^
        err, dialect, engine
        ^^^^^^^^^^^^^^^^^^^^
    )
    ^
  File "/usr/local/google/home/konstantint/Projects/prefecture/.venv/lib/python3.13/site-packages/sqlalchemy/engine/base.py", line 2448, in _handle_dbapi_exception_noconnection
    raise sqlalchemy_exception.with_traceback(exc_info[2]) from e
  File "/usr/local/google/home/konstantint/Projects/prefecture/.venv/lib/python3.13/site-packages/sqlalchemy/engine/base.py", line 143, in __init__
    self._dbapi_connection = engine.raw_connection()
                             ~~~~~~~~~~~~~~~~~~~~~^^
  File "/usr/local/google/home/konstantint/Projects/prefecture/.venv/lib/python3.13/site-packages/sqlalchemy/engine/base.py", line 3317, in raw_connection
    return self.pool.connect()
           ~~~~~~~~~~~~~~~~~^^
  File "/usr/local/google/home/konstantint/Projects/prefecture/.venv/lib/python3.13/site-packages/sqlalchemy/pool/base.py", line 448, in connect
    return _ConnectionFairy._checkout(self)
           ~~~~~~~~~~~~~~~~~~~~~~~~~~^^^^^^
  File "/usr/local/google/home/konstantint/Projects/prefecture/.venv/lib/python3.13/site-packages/sqlalchemy/pool/base.py", line 1272, in _checkout
    fairy = _ConnectionRecord.checkout(pool)
  File "/usr/local/google/home/konstantint/Projects/prefecture/.venv/lib/python3.13/site-packages/sqlalchemy/pool/base.py", line 712, in checkout
    rec = pool._do_get()
  File "/usr/local/google/home/konstantint/Projects/prefecture/.venv/lib/python3.13/site-packages/sqlalchemy/pool/impl.py", line 177, in _do_get
    with util.safe_reraise():
         ~~~~~~~~~~~~~~~~~^^
  File "/usr/local/google/home/konstantint/Projects/prefecture/.venv/lib/python3.13/site-packages/sqlalchemy/util/langhelpers.py", line 121, in __exit__
    raise exc_value.with_traceback(exc_tb)
  File "/usr/local/google/home/konstantint/Projects/prefecture/.venv/lib/python3.13/site-packages/sqlalchemy/pool/impl.py", line 175, in _do_get
    return self._create_connection()
           ~~~~~~~~~~~~~~~~~~~~~~~^^
  File "/usr/local/google/home/konstantint/Projects/prefecture/.venv/lib/python3.13/site-packages/sqlalchemy/pool/base.py", line 389, in _create_connection
    return _ConnectionRecord(self)
  File "/usr/local/google/home/konstantint/Projects/prefecture/.venv/lib/python3.13/site-packages/sqlalchemy/pool/base.py", line 674, in __init__
    self.__connect()
    ~~~~~~~~~~~~~~^^
  File "/usr/local/google/home/konstantint/Projects/prefecture/.venv/lib/python3.13/site-packages/sqlalchemy/pool/base.py", line 914, in __connect
    )._exec_w_sync_on_first_run(self.dbapi_connection, self)
      ~~~~~~~~~~~~~~~~~~~~~~~~~^^^^^^^^^^^^^^^^^^^^^^^^^^^^^
  File "/usr/local/google/home/konstantint/Projects/prefecture/.venv/lib/python3.13/site-packages/sqlalchemy/event/attr.py", line 501, in _exec_w_sync_on_first_run
    self(*args, **kw)
    ~~~~^^^^^^^^^^^^^
  File "/usr/local/google/home/konstantint/Projects/prefecture/.venv/lib/python3.13/site-packages/sqlalchemy/event/attr.py", line 515, in __call__
    fn(*args, **kw)
    ~~^^^^^^^^^^^^^
  File "/usr/local/google/home/konstantint/Projects/prefecture/.venv/lib/python3.13/site-packages/prefect/server/database/configurations.py", line 530, in setup_sqlite
    cursor.execute("PRAGMA journal_mode = WAL;")
    ~~~~~~~~~~~~~~^^^^^^^^^^^^^^^^^^^^^^^^^^^^^^
  File "/usr/local/google/home/konstantint/Projects/prefecture/.venv/lib/python3.13/site-packages/sqlalchemy/dialects/sqlite/aiosqlite.py", line 182, in execute
    self._adapt_connection._handle_exception(error)
    ~~~~~~~~~~~~~~~~~~~~~~~~~~~~~~~~~~~~~~~~^^^^^^^
  File "/usr/local/google/home/konstantint/Projects/prefecture/.venv/lib/python3.13/site-packages/sqlalchemy/dialects/sqlite/aiosqlite.py", line 342, in _handle_exception
    raise error
  File "/usr/local/google/home/konstantint/Projects/prefecture/.venv/lib/python3.13/site-packages/sqlalchemy/dialects/sqlite/aiosqlite.py", line 162, in execute
    self.await_(_cursor.execute(operation))
    ~~~~~~~~~~~^^^^^^^^^^^^^^^^^^^^^^^^^^^^
  File "/usr/local/google/home/konstantint/Projects/prefecture/.venv/lib/python3.13/site-packages/sqlalchemy/util/_concurrency_py3k.py", line 132, in await_only
    return current.parent.switch(awaitable)  # type: ignore[no-any-return,attr-defined] # noqa: E501
           ~~~~~~~~~~~~~~~~~~~~~^^^^^^^^^^^
  File "/usr/local/google/home/konstantint/Projects/prefecture/.venv/lib/python3.13/site-packages/sqlalchemy/util/_concurrency_py3k.py", line 196, in greenlet_spawn
    value = await result
            ^^^^^^^^^^^^
  File "/usr/local/google/home/konstantint/Projects/prefecture/.venv/lib/python3.13/site-packages/aiosqlite/cursor.py", line 40, in execute
    await self._execute(self._cursor.execute, sql, parameters)
  File "/usr/local/google/home/konstantint/Projects/prefecture/.venv/lib/python3.13/site-packages/aiosqlite/cursor.py", line 32, in _execute
    return await self._conn._execute(fn, *args, **kwargs)
           ^^^^^^^^^^^^^^^^^^^^^^^^^^^^^^^^^^^^^^^^^^^^^^
  File "/usr/local/google/home/konstantint/Projects/prefecture/.venv/lib/python3.13/site-packages/aiosqlite/core.py", line 160, in _execute
    return await future
           ^^^^^^^^^^^^
  File "/usr/local/google/home/konstantint/Projects/prefecture/.venv/lib/python3.13/site-packages/aiosqlite/core.py", line 63, in _connection_worker_thread
    result = function()
sqlalchemy.exc.OperationalError: (sqlite3.OperationalError) unable to open database file
(Background on this error at: https://sqlalche.me/e/20/e3q8)

14:14:43.485 | ERROR   | uvicorn.error - Application startup failed. Exiting.
14:14:49.522 | ERROR   | uvicorn.error - Traceback (most recent call last):
  File "/usr/local/google/home/konstantint/Projects/prefecture/.venv/lib/python3.13/site-packages/sqlalchemy/engine/base.py", line 143, in __init__
    self._dbapi_connection = engine.raw_connection()
                             ~~~~~~~~~~~~~~~~~~~~~^^
  File "/usr/local/google/home/konstantint/Projects/prefecture/.venv/lib/python3.13/site-packages/sqlalchemy/engine/base.py", line 3317, in raw_connection
    return self.pool.connect()
           ~~~~~~~~~~~~~~~~~^^
  File "/usr/local/google/home/konstantint/Projects/prefecture/.venv/lib/python3.13/site-packages/sqlalchemy/pool/base.py", line 448, in connect
    return _ConnectionFairy._checkout(self)
           ~~~~~~~~~~~~~~~~~~~~~~~~~~^^^^^^
  File "/usr/local/google/home/konstantint/Projects/prefecture/.venv/lib/python3.13/site-packages/sqlalchemy/pool/base.py", line 1272, in _checkout
    fairy = _ConnectionRecord.checkout(pool)
  File "/usr/local/google/home/konstantint/Projects/prefecture/.venv/lib/python3.13/site-packages/sqlalchemy/pool/base.py", line 712, in checkout
    rec = pool._do_get()
  File "/usr/local/google/home/konstantint/Projects/prefecture/.venv/lib/python3.13/site-packages/sqlalchemy/pool/impl.py", line 177, in _do_get
    with util.safe_reraise():
         ~~~~~~~~~~~~~~~~~^^
  File "/usr/local/google/home/konstantint/Projects/prefecture/.venv/lib/python3.13/site-packages/sqlalchemy/util/langhelpers.py", line 121, in __exit__
    raise exc_value.with_traceback(exc_tb)
  File "/usr/local/google/home/konstantint/Projects/prefecture/.venv/lib/python3.13/site-packages/sqlalchemy/pool/impl.py", line 175, in _do_get
    return self._create_connection()
           ~~~~~~~~~~~~~~~~~~~~~~~^^
  File "/usr/local/google/home/konstantint/Projects/prefecture/.venv/lib/python3.13/site-packages/sqlalchemy/pool/base.py", line 389, in _create_connection
    return _ConnectionRecord(self)
  File "/usr/local/google/home/konstantint/Projects/prefecture/.venv/lib/python3.13/site-packages/sqlalchemy/pool/base.py", line 674, in __init__
    self.__connect()
    ~~~~~~~~~~~~~~^^
  File "/usr/local/google/home/konstantint/Projects/prefecture/.venv/lib/python3.13/site-packages/sqlalchemy/pool/base.py", line 914, in __connect
    )._exec_w_sync_on_first_run(self.dbapi_connection, self)
      ~~~~~~~~~~~~~~~~~~~~~~~~~^^^^^^^^^^^^^^^^^^^^^^^^^^^^^
  File "/usr/local/google/home/konstantint/Projects/prefecture/.venv/lib/python3.13/site-packages/sqlalchemy/event/attr.py", line 501, in _exec_w_sync_on_first_run
    self(*args, **kw)
    ~~~~^^^^^^^^^^^^^
  File "/usr/local/google/home/konstantint/Projects/prefecture/.venv/lib/python3.13/site-packages/sqlalchemy/event/attr.py", line 515, in __call__
    fn(*args, **kw)
    ~~^^^^^^^^^^^^^
  File "/usr/local/google/home/konstantint/Projects/prefecture/.venv/lib/python3.13/site-packages/prefect/server/database/configurations.py", line 530, in setup_sqlite
    cursor.execute("PRAGMA journal_mode = WAL;")
    ~~~~~~~~~~~~~~^^^^^^^^^^^^^^^^^^^^^^^^^^^^^^
  File "/usr/local/google/home/konstantint/Projects/prefecture/.venv/lib/python3.13/site-packages/sqlalchemy/dialects/sqlite/aiosqlite.py", line 182, in execute
    self._adapt_connection._handle_exception(error)
    ~~~~~~~~~~~~~~~~~~~~~~~~~~~~~~~~~~~~~~~~^^^^^^^
  File "/usr/local/google/home/konstantint/Projects/prefecture/.venv/lib/python3.13/site-packages/sqlalchemy/dialects/sqlite/aiosqlite.py", line 342, in _handle_exception
    raise error
  File "/usr/local/google/home/konstantint/Projects/prefecture/.venv/lib/python3.13/site-packages/sqlalchemy/dialects/sqlite/aiosqlite.py", line 162, in execute
    self.await_(_cursor.execute(operation))
    ~~~~~~~~~~~^^^^^^^^^^^^^^^^^^^^^^^^^^^^
  File "/usr/local/google/home/konstantint/Projects/prefecture/.venv/lib/python3.13/site-packages/sqlalchemy/util/_concurrency_py3k.py", line 132, in await_only
    return current.parent.switch(awaitable)  # type: ignore[no-any-return,attr-defined] # noqa: E501
           ~~~~~~~~~~~~~~~~~~~~~^^^^^^^^^^^
  File "/usr/local/google/home/konstantint/Projects/prefecture/.venv/lib/python3.13/site-packages/sqlalchemy/util/_concurrency_py3k.py", line 196, in greenlet_spawn
    value = await result
            ^^^^^^^^^^^^
  File "/usr/local/google/home/konstantint/Projects/prefecture/.venv/lib/python3.13/site-packages/aiosqlite/cursor.py", line 40, in execute
    await self._execute(self._cursor.execute, sql, parameters)
  File "/usr/local/google/home/konstantint/Projects/prefecture/.venv/lib/python3.13/site-packages/aiosqlite/cursor.py", line 32, in _execute
    return await self._conn._execute(fn, *args, **kwargs)
           ^^^^^^^^^^^^^^^^^^^^^^^^^^^^^^^^^^^^^^^^^^^^^^
  File "/usr/local/google/home/konstantint/Projects/prefecture/.venv/lib/python3.13/site-packages/aiosqlite/core.py", line 160, in _execute
    return await future
           ^^^^^^^^^^^^
  File "/usr/local/google/home/konstantint/Projects/prefecture/.venv/lib/python3.13/site-packages/aiosqlite/core.py", line 63, in _connection_worker_thread
    result = function()
sqlite3.OperationalError: unable to open database file

The above exception was the direct cause of the following exception:

Traceback (most recent call last):
  File "/usr/local/google/home/konstantint/Projects/prefecture/.venv/lib/python3.13/site-packages/starlette/routing.py", line 638, in lifespan
    async with self.lifespan_context(app) as maybe_state:
               ~~~~~~~~~~~~~~~~~~~~~^^^^^
  File "/usr/lib/python3.13/contextlib.py", line 214, in __aenter__
    return await anext(self.gen)
           ^^^^^^^^^^^^^^^^^^^^^
  File "/usr/local/google/home/konstantint/Projects/prefecture/.venv/lib/python3.13/site-packages/prefect/server/api/server.py", line 921, in lifespan
    await run_migrations()
  File "/usr/local/google/home/konstantint/Projects/prefecture/.venv/lib/python3.13/site-packages/prefect/server/api/server.py", line 898, in run_migrations
    await db.create_db()
  File "/usr/local/google/home/konstantint/Projects/prefecture/.venv/lib/python3.13/site-packages/prefect/server/database/interface.py", line 77, in create_db
    await self.run_migrations_upgrade()
  File "/usr/local/google/home/konstantint/Projects/prefecture/.venv/lib/python3.13/site-packages/prefect/server/database/interface.py", line 115, in run_migrations_upgrade
    await run_sync_in_worker_thread(alembic_upgrade)
  File "/usr/local/google/home/konstantint/Projects/prefecture/.venv/lib/python3.13/site-packages/prefect/utilities/asyncutils/__init__.py", line 233, in run_sync_in_worker_thread
    result = await anyio.to_thread.run_sync(
             ^^^^^^^^^^^^^^^^^^^^^^^^^^^^^^^
        call_with_mark, call, abandon_on_cancel=True, limiter=get_thread_limiter()
        ^^^^^^^^^^^^^^^^^^^^^^^^^^^^^^^^^^^^^^^^^^^^^^^^^^^^^^^^^^^^^^^^^^^^^^^^^^
    )
    ^
  File "/usr/local/google/home/konstantint/Projects/prefecture/.venv/lib/python3.13/site-packages/anyio/to_thread.py", line 63, in run_sync
    return await get_async_backend().run_sync_in_worker_thread(
           ^^^^^^^^^^^^^^^^^^^^^^^^^^^^^^^^^^^^^^^^^^^^^^^^^^^^
        func, args, abandon_on_cancel=abandon_on_cancel, limiter=limiter
        ^^^^^^^^^^^^^^^^^^^^^^^^^^^^^^^^^^^^^^^^^^^^^^^^^^^^^^^^^^^^^^^^
    )
    ^
  File "/usr/local/google/home/konstantint/Projects/prefecture/.venv/lib/python3.13/site-packages/anyio/_backends/_asyncio.py", line 2518, in run_sync_in_worker_thread
    return await future
           ^^^^^^^^^^^^
  File "/usr/local/google/home/konstantint/Projects/prefecture/.venv/lib/python3.13/site-packages/anyio/_backends/_asyncio.py", line 1002, in run
    result = context.run(func, *args)
  File "/usr/local/google/home/konstantint/Projects/prefecture/.venv/lib/python3.13/site-packages/prefect/utilities/asyncutils/__init__.py", line 243, in call_with_mark
    return call()
  File "/usr/local/google/home/konstantint/Projects/prefecture/.venv/lib/python3.13/site-packages/prefect/server/database/alembic_commands.py", line 36, in wrapper
    return fn(*args, **kwargs)
  File "/usr/local/google/home/konstantint/Projects/prefecture/.venv/lib/python3.13/site-packages/prefect/server/database/alembic_commands.py", line 72, in alembic_upgrade
    alembic.command.upgrade(alembic_config(), revision, sql=dry_run)
    ~~~~~~~~~~~~~~~~~~~~~~~^^^^^^^^^^^^^^^^^^^^^^^^^^^^^^^^^^^^^^^^^
  File "/usr/local/google/home/konstantint/Projects/prefecture/.venv/lib/python3.13/site-packages/alembic/command.py", line 483, in upgrade
    script.run_env()
    ~~~~~~~~~~~~~~^^
  File "/usr/local/google/home/konstantint/Projects/prefecture/.venv/lib/python3.13/site-packages/alembic/script/base.py", line 545, in run_env
    util.load_python_file(self.dir, "env.py")
    ~~~~~~~~~~~~~~~~~~~~~^^^^^^^^^^^^^^^^^^^^
  File "/usr/local/google/home/konstantint/Projects/prefecture/.venv/lib/python3.13/site-packages/alembic/util/pyfiles.py", line 116, in load_python_file
    module = load_module_py(module_id, path)
  File "/usr/local/google/home/konstantint/Projects/prefecture/.venv/lib/python3.13/site-packages/alembic/util/pyfiles.py", line 136, in load_module_py
    spec.loader.exec_module(module)  # type: ignore
    ~~~~~~~~~~~~~~~~~~~~~~~^^^^^^^^
  File "<frozen importlib._bootstrap_external>", line 1023, in exec_module
  File "<frozen importlib._bootstrap>", line 488, in _call_with_frames_removed
  File "/usr/local/google/home/konstantint/Projects/prefecture/.venv/lib/python3.13/site-packages/prefect/server/database/_migrations/env.py", line 201, in <module>
    run_async_from_worker_thread(apply_migrations)
    ~~~~~~~~~~~~~~~~~~~~~~~~~~~~^^^^^^^^^^^^^^^^^^
  File "/usr/local/google/home/konstantint/Projects/prefecture/.venv/lib/python3.13/site-packages/prefect/utilities/asyncutils/__init__.py", line 254, in run_async_from_worker_thread
    return anyio.from_thread.run(call)
           ~~~~~~~~~~~~~~~~~~~~~^^^^^^
  File "/usr/local/google/home/konstantint/Projects/prefecture/.venv/lib/python3.13/site-packages/anyio/from_thread.py", line 90, in run
    return token.backend_class.run_async_from_thread(
           ~~~~~~~~~~~~~~~~~~~~~~~~~~~~~~~~~~~~~~~~~^
        func, args, token=token.native_token if explicit_token else None
        ^^^^^^^^^^^^^^^^^^^^^^^^^^^^^^^^^^^^^^^^^^^^^^^^^^^^^^^^^^^^^^^^
    )
    ^
  File "/usr/local/google/home/konstantint/Projects/prefecture/.venv/lib/python3.13/site-packages/anyio/_backends/_asyncio.py", line 2565, in run_async_from_thread
    return f.result()
           ~~~~~~~~^^
  File "/usr/lib/python3.13/concurrent/futures/_base.py", line 460, in result
    return self.__get_result()
           ~~~~~~~~~~~~~~~~~^^
  File "/usr/lib/python3.13/concurrent/futures/_base.py", line 402, in __get_result
    raise self._exception
  File "/usr/local/google/home/konstantint/Projects/prefecture/.venv/lib/python3.13/site-packages/anyio/_backends/_asyncio.py", line 2546, in task_wrapper
    return await func(*args)
           ^^^^^^^^^^^^^^^^^
  File "/usr/local/google/home/konstantint/Projects/prefecture/.venv/lib/python3.13/site-packages/prefect/server/database/_migrations/env.py", line 189, in apply_migrations
    async with engine.connect() as connection:
               ~~~~~~~~~~~~~~^^
  File "/usr/local/google/home/konstantint/Projects/prefecture/.venv/lib/python3.13/site-packages/sqlalchemy/ext/asyncio/base.py", line 121, in __aenter__
    return await self.start(is_ctxmanager=True)
           ^^^^^^^^^^^^^^^^^^^^^^^^^^^^^^^^^^^^
  File "/usr/local/google/home/konstantint/Projects/prefecture/.venv/lib/python3.13/site-packages/sqlalchemy/ext/asyncio/engine.py", line 275, in start
    await greenlet_spawn(self.sync_engine.connect)
  File "/usr/local/google/home/konstantint/Projects/prefecture/.venv/lib/python3.13/site-packages/sqlalchemy/util/_concurrency_py3k.py", line 201, in greenlet_spawn
    result = context.throw(*sys.exc_info())
  File "/usr/local/google/home/konstantint/Projects/prefecture/.venv/lib/python3.13/site-packages/sqlalchemy/engine/base.py", line 3293, in connect
    return self._connection_cls(self)
           ~~~~~~~~~~~~~~~~~~~~^^^^^^
  File "/usr/local/google/home/konstantint/Projects/prefecture/.venv/lib/python3.13/site-packages/sqlalchemy/engine/base.py", line 145, in __init__
    Connection._handle_dbapi_exception_noconnection(
    ~~~~~~~~~~~~~~~~~~~~~~~~~~~~~~~~~~~~~~~~~~~~~~~^
        err, dialect, engine
        ^^^^^^^^^^^^^^^^^^^^
    )
    ^
  File "/usr/local/google/home/konstantint/Projects/prefecture/.venv/lib/python3.13/site-packages/sqlalchemy/engine/base.py", line 2448, in _handle_dbapi_exception_noconnection
    raise sqlalchemy_exception.with_traceback(exc_info[2]) from e
  File "/usr/local/google/home/konstantint/Projects/prefecture/.venv/lib/python3.13/site-packages/sqlalchemy/engine/base.py", line 143, in __init__
    self._dbapi_connection = engine.raw_connection()
                             ~~~~~~~~~~~~~~~~~~~~~^^
  File "/usr/local/google/home/konstantint/Projects/prefecture/.venv/lib/python3.13/site-packages/sqlalchemy/engine/base.py", line 3317, in raw_connection
    return self.pool.connect()
           ~~~~~~~~~~~~~~~~~^^
  File "/usr/local/google/home/konstantint/Projects/prefecture/.venv/lib/python3.13/site-packages/sqlalchemy/pool/base.py", line 448, in connect
    return _ConnectionFairy._checkout(self)
           ~~~~~~~~~~~~~~~~~~~~~~~~~~^^^^^^
  File "/usr/local/google/home/konstantint/Projects/prefecture/.venv/lib/python3.13/site-packages/sqlalchemy/pool/base.py", line 1272, in _checkout
    fairy = _ConnectionRecord.checkout(pool)
  File "/usr/local/google/home/konstantint/Projects/prefecture/.venv/lib/python3.13/site-packages/sqlalchemy/pool/base.py", line 712, in checkout
    rec = pool._do_get()
  File "/usr/local/google/home/konstantint/Projects/prefecture/.venv/lib/python3.13/site-packages/sqlalchemy/pool/impl.py", line 177, in _do_get
    with util.safe_reraise():
         ~~~~~~~~~~~~~~~~~^^
  File "/usr/local/google/home/konstantint/Projects/prefecture/.venv/lib/python3.13/site-packages/sqlalchemy/util/langhelpers.py", line 121, in __exit__
    raise exc_value.with_traceback(exc_tb)
  File "/usr/local/google/home/konstantint/Projects/prefecture/.venv/lib/python3.13/site-packages/sqlalchemy/pool/impl.py", line 175, in _do_get
    return self._create_connection()
           ~~~~~~~~~~~~~~~~~~~~~~~^^
  File "/usr/local/google/home/konstantint/Projects/prefecture/.venv/lib/python3.13/site-packages/sqlalchemy/pool/base.py", line 389, in _create_connection
    return _ConnectionRecord(self)
  File "/usr/local/google/home/konstantint/Projects/prefecture/.venv/lib/python3.13/site-packages/sqlalchemy/pool/base.py", line 674, in __init__
    self.__connect()
    ~~~~~~~~~~~~~~^^
  File "/usr/local/google/home/konstantint/Projects/prefecture/.venv/lib/python3.13/site-packages/sqlalchemy/pool/base.py", line 914, in __connect
    )._exec_w_sync_on_first_run(self.dbapi_connection, self)
      ~~~~~~~~~~~~~~~~~~~~~~~~~^^^^^^^^^^^^^^^^^^^^^^^^^^^^^
  File "/usr/local/google/home/konstantint/Projects/prefecture/.venv/lib/python3.13/site-packages/sqlalchemy/event/attr.py", line 501, in _exec_w_sync_on_first_run
    self(*args, **kw)
    ~~~~^^^^^^^^^^^^^
  File "/usr/local/google/home/konstantint/Projects/prefecture/.venv/lib/python3.13/site-packages/sqlalchemy/event/attr.py", line 515, in __call__
    fn(*args, **kw)
    ~~^^^^^^^^^^^^^
  File "/usr/local/google/home/konstantint/Projects/prefecture/.venv/lib/python3.13/site-packages/prefect/server/database/configurations.py", line 530, in setup_sqlite
    cursor.execute("PRAGMA journal_mode = WAL;")
    ~~~~~~~~~~~~~~^^^^^^^^^^^^^^^^^^^^^^^^^^^^^^
  File "/usr/local/google/home/konstantint/Projects/prefecture/.venv/lib/python3.13/site-packages/sqlalchemy/dialects/sqlite/aiosqlite.py", line 182, in execute
    self._adapt_connection._handle_exception(error)
    ~~~~~~~~~~~~~~~~~~~~~~~~~~~~~~~~~~~~~~~~^^^^^^^
  File "/usr/local/google/home/konstantint/Projects/prefecture/.venv/lib/python3.13/site-packages/sqlalchemy/dialects/sqlite/aiosqlite.py", line 342, in _handle_exception
    raise error
  File "/usr/local/google/home/konstantint/Projects/prefecture/.venv/lib/python3.13/site-packages/sqlalchemy/dialects/sqlite/aiosqlite.py", line 162, in execute
    self.await_(_cursor.execute(operation))
    ~~~~~~~~~~~^^^^^^^^^^^^^^^^^^^^^^^^^^^^
  File "/usr/local/google/home/konstantint/Projects/prefecture/.venv/lib/python3.13/site-packages/sqlalchemy/util/_concurrency_py3k.py", line 132, in await_only
    return current.parent.switch(awaitable)  # type: ignore[no-any-return,attr-defined] # noqa: E501
           ~~~~~~~~~~~~~~~~~~~~~^^^^^^^^^^^
  File "/usr/local/google/home/konstantint/Projects/prefecture/.venv/lib/python3.13/site-packages/sqlalchemy/util/_concurrency_py3k.py", line 196, in greenlet_spawn
    value = await result
            ^^^^^^^^^^^^
  File "/usr/local/google/home/konstantint/Projects/prefecture/.venv/lib/python3.13/site-packages/aiosqlite/cursor.py", line 40, in execute
    await self._execute(self._cursor.execute, sql, parameters)
  File "/usr/local/google/home/konstantint/Projects/prefecture/.venv/lib/python3.13/site-packages/aiosqlite/cursor.py", line 32, in _execute
    return await self._conn._execute(fn, *args, **kwargs)
           ^^^^^^^^^^^^^^^^^^^^^^^^^^^^^^^^^^^^^^^^^^^^^^
  File "/usr/local/google/home/konstantint/Projects/prefecture/.venv/lib/python3.13/site-packages/aiosqlite/core.py", line 160, in _execute
    return await future
           ^^^^^^^^^^^^
  File "/usr/local/google/home/konstantint/Projects/prefecture/.venv/lib/python3.13/site-packages/aiosqlite/core.py", line 63, in _connection_worker_thread
    result = function()
sqlalchemy.exc.OperationalError: (sqlite3.OperationalError) unable to open database file
(Background on this error at: https://sqlalche.me/e/20/e3q8)

14:14:49.539 | ERROR   | uvicorn.error - Application startup failed. Exiting.
------------------------------ Captured log call -------------------------------
INFO     prefect:server.py:1127 Starting temporary server on http://127.0.0.1:8560
See https://docs.prefect.io/v3/concepts/server#how-to-guides for more information on running a dedicated Prefect server.
___________________ test_generate_template_with_loader_remap ___________________

test_template_dir = PosixPath('/tmp/pytest-of-konstantint/pytest-2/test_generate_template_with_lo1')

    def test_generate_template_with_loader_remap(test_template_dir):
        """Test template rendering with loader and variable remapping."""
        # Create mock data directory with date format
        run_dir = test_template_dir / "2023-10-25"
        run_dir.mkdir()
    
        with open(run_dir / "digest.md", "w") as f:
            f.write("Old content")
    
        # Create a template that expects a different variable name
        template_file = test_template_dir / "test_remap.j2"
        with open(template_file, "w") as f:
            f.write("Previous: {{ prev_content }}")
    
        prompt_config = {
            "template_file": "test_remap.j2",
            "context_loaders": [
                {
                    "type": "run_dir_file",
                    "assign_to": "prev_content",
                    "params": {"file_name": "digest.md"},
                }
            ],
        }
    
        try:
            generator = templating.Jinja2Templater(
                config_dir=test_template_dir, run_dir=run_dir, **prompt_config
            )
>           generated_prompt = generator()
                               ^^^^^^^^^^^

prefecture/operations/templating_test.py:91: 
_ _ _ _ _ _ _ _ _ _ _ _ _ _ _ _ _ _ _ _ _ _ _ _ _ _ _ _ _ _ _ _ _ _ _ _ _ _ _ _ 
.venv/lib/python3.13/site-packages/prefect/tasks.py:1213: in __call__
    return run_task(
.venv/lib/python3.13/site-packages/prefect/task_engine.py:1902: in run_task
    return run_task_sync(**kwargs)
           ^^^^^^^^^^^^^^^^^^^^^^^
.venv/lib/python3.13/site-packages/prefect/task_engine.py:1667: in run_task_sync
    with engine.start(task_run_id=task_run_id, dependencies=dependencies):
         ^^^^^^^^^^^^^^^^^^^^^^^^^^^^^^^^^^^^^^^^^^^^^^^^^^^^^^^^^^^^^^^^
/usr/lib/python3.13/contextlib.py:141: in __enter__
    return next(self.gen)
           ^^^^^^^^^^^^^^
.venv/lib/python3.13/site-packages/prefect/task_engine.py:920: in start
    with self.initialize_run(task_run_id=task_run_id, dependencies=dependencies):
         ^^^^^^^^^^^^^^^^^^^^^^^^^^^^^^^^^^^^^^^^^^^^^^^^^^^^^^^^^^^^^^^^^^^^^^^
/usr/lib/python3.13/contextlib.py:141: in __enter__
    return next(self.gen)
           ^^^^^^^^^^^^^^
.venv/lib/python3.13/site-packages/prefect/task_engine.py:822: in initialize_run
    with SyncClientContext.get_or_create() as client_ctx:
         ^^^^^^^^^^^^^^^^^^^^^^^^^^^^^^^^^
/usr/lib/python3.13/contextlib.py:141: in __enter__
    return next(self.gen)
           ^^^^^^^^^^^^^^
.venv/lib/python3.13/site-packages/prefect/context.py:337: in get_or_create
    with cls() as ctx:
         ^^^^^
.venv/lib/python3.13/site-packages/prefect/context.py:305: in __init__
    client=get_client(sync_client=True, httpx_settings=httpx_settings),
           ^^^^^^^^^^^^^^^^^^^^^^^^^^^^^^^^^^^^^^^^^^^^^^^^^^^^^^^^^^^
.venv/lib/python3.13/site-packages/prefect/client/orchestration/__init__.py:252: in get_client
    server.start()
.venv/lib/python3.13/site-packages/prefect/server/api/server.py:1154: in start
    response.raise_for_status()
_ _ _ _ _ _ _ _ _ _ _ _ _ _ _ _ _ _ _ _ _ _ _ _ _ _ _ _ _ _ _ _ _ _ _ _ _ _ _ _ 

self = <Response [400 Bad Request]>

    def raise_for_status(self) -> Response:
        """
        Raise the `HTTPStatusError` if one occurred.
        """
        request = self._request
        if request is None:
            raise RuntimeError(
                "Cannot call `raise_for_status` as the request "
                "instance has not been set on this response."
            )
    
        if self.is_success:
            return self
    
        if self.has_redirect_location:
            message = (
                "{error_type} '{0.status_code} {0.reason_phrase}' for url '{0.url}'\n"
                "Redirect location: '{0.headers[location]}'\n"
                "For more information check: https://developer.mozilla.org/en-US/docs/Web/HTTP/Status/{0.status_code}"
            )
        else:
            message = (
                "{error_type} '{0.status_code} {0.reason_phrase}' for url '{0.url}'\n"
                "For more information check: https://developer.mozilla.org/en-US/docs/Web/HTTP/Status/{0.status_code}"
            )
    
        status_class = self.status_code // 100
        error_types = {
            1: "Informational response",
            3: "Redirect response",
            4: "Client error",
            5: "Server error",
        }
        error_type = error_types.get(status_class, "Invalid status code")
        message = message.format(self, error_type=error_type)
>       raise HTTPStatusError(message, request=request, response=self)
E       httpx.HTTPStatusError: Client error '400 Bad Request' for url 'http://127.0.0.1:8508/api/health'
E       For more information check: https://developer.mozilla.org/en-US/docs/Web/HTTP/Status/400

.venv/lib/python3.13/site-packages/httpx/_models.py:829: HTTPStatusError
----------------------------- Captured stderr call -----------------------------
14:14:53.049 | INFO    | prefect - Starting temporary server on http://127.0.0.1:8264
See https://docs.prefect.io/v3/concepts/server#how-to-guides for more information on running a dedicated Prefect server.
14:14:55.665 | ERROR   | uvicorn.error - Traceback (most recent call last):
  File "/usr/local/google/home/konstantint/Projects/prefecture/.venv/lib/python3.13/site-packages/sqlalchemy/engine/base.py", line 143, in __init__
    self._dbapi_connection = engine.raw_connection()
                             ~~~~~~~~~~~~~~~~~~~~~^^
  File "/usr/local/google/home/konstantint/Projects/prefecture/.venv/lib/python3.13/site-packages/sqlalchemy/engine/base.py", line 3317, in raw_connection
    return self.pool.connect()
           ~~~~~~~~~~~~~~~~~^^
  File "/usr/local/google/home/konstantint/Projects/prefecture/.venv/lib/python3.13/site-packages/sqlalchemy/pool/base.py", line 448, in connect
    return _ConnectionFairy._checkout(self)
           ~~~~~~~~~~~~~~~~~~~~~~~~~~^^^^^^
  File "/usr/local/google/home/konstantint/Projects/prefecture/.venv/lib/python3.13/site-packages/sqlalchemy/pool/base.py", line 1272, in _checkout
    fairy = _ConnectionRecord.checkout(pool)
  File "/usr/local/google/home/konstantint/Projects/prefecture/.venv/lib/python3.13/site-packages/sqlalchemy/pool/base.py", line 712, in checkout
    rec = pool._do_get()
  File "/usr/local/google/home/konstantint/Projects/prefecture/.venv/lib/python3.13/site-packages/sqlalchemy/pool/impl.py", line 177, in _do_get
    with util.safe_reraise():
         ~~~~~~~~~~~~~~~~~^^
  File "/usr/local/google/home/konstantint/Projects/prefecture/.venv/lib/python3.13/site-packages/sqlalchemy/util/langhelpers.py", line 121, in __exit__
    raise exc_value.with_traceback(exc_tb)
  File "/usr/local/google/home/konstantint/Projects/prefecture/.venv/lib/python3.13/site-packages/sqlalchemy/pool/impl.py", line 175, in _do_get
    return self._create_connection()
           ~~~~~~~~~~~~~~~~~~~~~~~^^
  File "/usr/local/google/home/konstantint/Projects/prefecture/.venv/lib/python3.13/site-packages/sqlalchemy/pool/base.py", line 389, in _create_connection
    return _ConnectionRecord(self)
  File "/usr/local/google/home/konstantint/Projects/prefecture/.venv/lib/python3.13/site-packages/sqlalchemy/pool/base.py", line 674, in __init__
    self.__connect()
    ~~~~~~~~~~~~~~^^
  File "/usr/local/google/home/konstantint/Projects/prefecture/.venv/lib/python3.13/site-packages/sqlalchemy/pool/base.py", line 914, in __connect
    )._exec_w_sync_on_first_run(self.dbapi_connection, self)
      ~~~~~~~~~~~~~~~~~~~~~~~~~^^^^^^^^^^^^^^^^^^^^^^^^^^^^^
  File "/usr/local/google/home/konstantint/Projects/prefecture/.venv/lib/python3.13/site-packages/sqlalchemy/event/attr.py", line 501, in _exec_w_sync_on_first_run
    self(*args, **kw)
    ~~~~^^^^^^^^^^^^^
  File "/usr/local/google/home/konstantint/Projects/prefecture/.venv/lib/python3.13/site-packages/sqlalchemy/event/attr.py", line 515, in __call__
    fn(*args, **kw)
    ~~^^^^^^^^^^^^^
  File "/usr/local/google/home/konstantint/Projects/prefecture/.venv/lib/python3.13/site-packages/prefect/server/database/configurations.py", line 530, in setup_sqlite
    cursor.execute("PRAGMA journal_mode = WAL;")
    ~~~~~~~~~~~~~~^^^^^^^^^^^^^^^^^^^^^^^^^^^^^^
  File "/usr/local/google/home/konstantint/Projects/prefecture/.venv/lib/python3.13/site-packages/sqlalchemy/dialects/sqlite/aiosqlite.py", line 182, in execute
    self._adapt_connection._handle_exception(error)
    ~~~~~~~~~~~~~~~~~~~~~~~~~~~~~~~~~~~~~~~~^^^^^^^
  File "/usr/local/google/home/konstantint/Projects/prefecture/.venv/lib/python3.13/site-packages/sqlalchemy/dialects/sqlite/aiosqlite.py", line 342, in _handle_exception
    raise error
  File "/usr/local/google/home/konstantint/Projects/prefecture/.venv/lib/python3.13/site-packages/sqlalchemy/dialects/sqlite/aiosqlite.py", line 162, in execute
    self.await_(_cursor.execute(operation))
    ~~~~~~~~~~~^^^^^^^^^^^^^^^^^^^^^^^^^^^^
  File "/usr/local/google/home/konstantint/Projects/prefecture/.venv/lib/python3.13/site-packages/sqlalchemy/util/_concurrency_py3k.py", line 132, in await_only
    return current.parent.switch(awaitable)  # type: ignore[no-any-return,attr-defined] # noqa: E501
           ~~~~~~~~~~~~~~~~~~~~~^^^^^^^^^^^
  File "/usr/local/google/home/konstantint/Projects/prefecture/.venv/lib/python3.13/site-packages/sqlalchemy/util/_concurrency_py3k.py", line 196, in greenlet_spawn
    value = await result
            ^^^^^^^^^^^^
  File "/usr/local/google/home/konstantint/Projects/prefecture/.venv/lib/python3.13/site-packages/aiosqlite/cursor.py", line 40, in execute
    await self._execute(self._cursor.execute, sql, parameters)
  File "/usr/local/google/home/konstantint/Projects/prefecture/.venv/lib/python3.13/site-packages/aiosqlite/cursor.py", line 32, in _execute
    return await self._conn._execute(fn, *args, **kwargs)
           ^^^^^^^^^^^^^^^^^^^^^^^^^^^^^^^^^^^^^^^^^^^^^^
  File "/usr/local/google/home/konstantint/Projects/prefecture/.venv/lib/python3.13/site-packages/aiosqlite/core.py", line 160, in _execute
    return await future
           ^^^^^^^^^^^^
  File "/usr/local/google/home/konstantint/Projects/prefecture/.venv/lib/python3.13/site-packages/aiosqlite/core.py", line 63, in _connection_worker_thread
    result = function()
sqlite3.OperationalError: unable to open database file

The above exception was the direct cause of the following exception:

Traceback (most recent call last):
  File "/usr/local/google/home/konstantint/Projects/prefecture/.venv/lib/python3.13/site-packages/starlette/routing.py", line 638, in lifespan
    async with self.lifespan_context(app) as maybe_state:
               ~~~~~~~~~~~~~~~~~~~~~^^^^^
  File "/usr/lib/python3.13/contextlib.py", line 214, in __aenter__
    return await anext(self.gen)
           ^^^^^^^^^^^^^^^^^^^^^
  File "/usr/local/google/home/konstantint/Projects/prefecture/.venv/lib/python3.13/site-packages/prefect/server/api/server.py", line 921, in lifespan
    await run_migrations()
  File "/usr/local/google/home/konstantint/Projects/prefecture/.venv/lib/python3.13/site-packages/prefect/server/api/server.py", line 898, in run_migrations
    await db.create_db()
  File "/usr/local/google/home/konstantint/Projects/prefecture/.venv/lib/python3.13/site-packages/prefect/server/database/interface.py", line 77, in create_db
    await self.run_migrations_upgrade()
  File "/usr/local/google/home/konstantint/Projects/prefecture/.venv/lib/python3.13/site-packages/prefect/server/database/interface.py", line 115, in run_migrations_upgrade
    await run_sync_in_worker_thread(alembic_upgrade)
  File "/usr/local/google/home/konstantint/Projects/prefecture/.venv/lib/python3.13/site-packages/prefect/utilities/asyncutils/__init__.py", line 233, in run_sync_in_worker_thread
    result = await anyio.to_thread.run_sync(
             ^^^^^^^^^^^^^^^^^^^^^^^^^^^^^^^
        call_with_mark, call, abandon_on_cancel=True, limiter=get_thread_limiter()
        ^^^^^^^^^^^^^^^^^^^^^^^^^^^^^^^^^^^^^^^^^^^^^^^^^^^^^^^^^^^^^^^^^^^^^^^^^^
    )
    ^
  File "/usr/local/google/home/konstantint/Projects/prefecture/.venv/lib/python3.13/site-packages/anyio/to_thread.py", line 63, in run_sync
    return await get_async_backend().run_sync_in_worker_thread(
           ^^^^^^^^^^^^^^^^^^^^^^^^^^^^^^^^^^^^^^^^^^^^^^^^^^^^
        func, args, abandon_on_cancel=abandon_on_cancel, limiter=limiter
        ^^^^^^^^^^^^^^^^^^^^^^^^^^^^^^^^^^^^^^^^^^^^^^^^^^^^^^^^^^^^^^^^
    )
    ^
  File "/usr/local/google/home/konstantint/Projects/prefecture/.venv/lib/python3.13/site-packages/anyio/_backends/_asyncio.py", line 2518, in run_sync_in_worker_thread
    return await future
           ^^^^^^^^^^^^
  File "/usr/local/google/home/konstantint/Projects/prefecture/.venv/lib/python3.13/site-packages/anyio/_backends/_asyncio.py", line 1002, in run
    result = context.run(func, *args)
  File "/usr/local/google/home/konstantint/Projects/prefecture/.venv/lib/python3.13/site-packages/prefect/utilities/asyncutils/__init__.py", line 243, in call_with_mark
    return call()
  File "/usr/local/google/home/konstantint/Projects/prefecture/.venv/lib/python3.13/site-packages/prefect/server/database/alembic_commands.py", line 36, in wrapper
    return fn(*args, **kwargs)
  File "/usr/local/google/home/konstantint/Projects/prefecture/.venv/lib/python3.13/site-packages/prefect/server/database/alembic_commands.py", line 72, in alembic_upgrade
    alembic.command.upgrade(alembic_config(), revision, sql=dry_run)
    ~~~~~~~~~~~~~~~~~~~~~~~^^^^^^^^^^^^^^^^^^^^^^^^^^^^^^^^^^^^^^^^^
  File "/usr/local/google/home/konstantint/Projects/prefecture/.venv/lib/python3.13/site-packages/alembic/command.py", line 483, in upgrade
    script.run_env()
    ~~~~~~~~~~~~~~^^
  File "/usr/local/google/home/konstantint/Projects/prefecture/.venv/lib/python3.13/site-packages/alembic/script/base.py", line 545, in run_env
    util.load_python_file(self.dir, "env.py")
    ~~~~~~~~~~~~~~~~~~~~~^^^^^^^^^^^^^^^^^^^^
  File "/usr/local/google/home/konstantint/Projects/prefecture/.venv/lib/python3.13/site-packages/alembic/util/pyfiles.py", line 116, in load_python_file
    module = load_module_py(module_id, path)
  File "/usr/local/google/home/konstantint/Projects/prefecture/.venv/lib/python3.13/site-packages/alembic/util/pyfiles.py", line 136, in load_module_py
    spec.loader.exec_module(module)  # type: ignore
    ~~~~~~~~~~~~~~~~~~~~~~~^^^^^^^^
  File "<frozen importlib._bootstrap_external>", line 1023, in exec_module
  File "<frozen importlib._bootstrap>", line 488, in _call_with_frames_removed
  File "/usr/local/google/home/konstantint/Projects/prefecture/.venv/lib/python3.13/site-packages/prefect/server/database/_migrations/env.py", line 201, in <module>
    run_async_from_worker_thread(apply_migrations)
    ~~~~~~~~~~~~~~~~~~~~~~~~~~~~^^^^^^^^^^^^^^^^^^
  File "/usr/local/google/home/konstantint/Projects/prefecture/.venv/lib/python3.13/site-packages/prefect/utilities/asyncutils/__init__.py", line 254, in run_async_from_worker_thread
    return anyio.from_thread.run(call)
           ~~~~~~~~~~~~~~~~~~~~~^^^^^^
  File "/usr/local/google/home/konstantint/Projects/prefecture/.venv/lib/python3.13/site-packages/anyio/from_thread.py", line 90, in run
    return token.backend_class.run_async_from_thread(
           ~~~~~~~~~~~~~~~~~~~~~~~~~~~~~~~~~~~~~~~~~^
        func, args, token=token.native_token if explicit_token else None
        ^^^^^^^^^^^^^^^^^^^^^^^^^^^^^^^^^^^^^^^^^^^^^^^^^^^^^^^^^^^^^^^^
    )
    ^
  File "/usr/local/google/home/konstantint/Projects/prefecture/.venv/lib/python3.13/site-packages/anyio/_backends/_asyncio.py", line 2565, in run_async_from_thread
    return f.result()
           ~~~~~~~~^^
  File "/usr/lib/python3.13/concurrent/futures/_base.py", line 460, in result
    return self.__get_result()
           ~~~~~~~~~~~~~~~~~^^
  File "/usr/lib/python3.13/concurrent/futures/_base.py", line 402, in __get_result
    raise self._exception
  File "/usr/local/google/home/konstantint/Projects/prefecture/.venv/lib/python3.13/site-packages/anyio/_backends/_asyncio.py", line 2546, in task_wrapper
    return await func(*args)
           ^^^^^^^^^^^^^^^^^
  File "/usr/local/google/home/konstantint/Projects/prefecture/.venv/lib/python3.13/site-packages/prefect/server/database/_migrations/env.py", line 189, in apply_migrations
    async with engine.connect() as connection:
               ~~~~~~~~~~~~~~^^
  File "/usr/local/google/home/konstantint/Projects/prefecture/.venv/lib/python3.13/site-packages/sqlalchemy/ext/asyncio/base.py", line 121, in __aenter__
    return await self.start(is_ctxmanager=True)
           ^^^^^^^^^^^^^^^^^^^^^^^^^^^^^^^^^^^^
  File "/usr/local/google/home/konstantint/Projects/prefecture/.venv/lib/python3.13/site-packages/sqlalchemy/ext/asyncio/engine.py", line 275, in start
    await greenlet_spawn(self.sync_engine.connect)
  File "/usr/local/google/home/konstantint/Projects/prefecture/.venv/lib/python3.13/site-packages/sqlalchemy/util/_concurrency_py3k.py", line 201, in greenlet_spawn
    result = context.throw(*sys.exc_info())
  File "/usr/local/google/home/konstantint/Projects/prefecture/.venv/lib/python3.13/site-packages/sqlalchemy/engine/base.py", line 3293, in connect
    return self._connection_cls(self)
           ~~~~~~~~~~~~~~~~~~~~^^^^^^
  File "/usr/local/google/home/konstantint/Projects/prefecture/.venv/lib/python3.13/site-packages/sqlalchemy/engine/base.py", line 145, in __init__
    Connection._handle_dbapi_exception_noconnection(
    ~~~~~~~~~~~~~~~~~~~~~~~~~~~~~~~~~~~~~~~~~~~~~~~^
        err, dialect, engine
        ^^^^^^^^^^^^^^^^^^^^
    )
    ^
  File "/usr/local/google/home/konstantint/Projects/prefecture/.venv/lib/python3.13/site-packages/sqlalchemy/engine/base.py", line 2448, in _handle_dbapi_exception_noconnection
    raise sqlalchemy_exception.with_traceback(exc_info[2]) from e
  File "/usr/local/google/home/konstantint/Projects/prefecture/.venv/lib/python3.13/site-packages/sqlalchemy/engine/base.py", line 143, in __init__
    self._dbapi_connection = engine.raw_connection()
                             ~~~~~~~~~~~~~~~~~~~~~^^
  File "/usr/local/google/home/konstantint/Projects/prefecture/.venv/lib/python3.13/site-packages/sqlalchemy/engine/base.py", line 3317, in raw_connection
    return self.pool.connect()
           ~~~~~~~~~~~~~~~~~^^
  File "/usr/local/google/home/konstantint/Projects/prefecture/.venv/lib/python3.13/site-packages/sqlalchemy/pool/base.py", line 448, in connect
    return _ConnectionFairy._checkout(self)
           ~~~~~~~~~~~~~~~~~~~~~~~~~~^^^^^^
  File "/usr/local/google/home/konstantint/Projects/prefecture/.venv/lib/python3.13/site-packages/sqlalchemy/pool/base.py", line 1272, in _checkout
    fairy = _ConnectionRecord.checkout(pool)
  File "/usr/local/google/home/konstantint/Projects/prefecture/.venv/lib/python3.13/site-packages/sqlalchemy/pool/base.py", line 712, in checkout
    rec = pool._do_get()
  File "/usr/local/google/home/konstantint/Projects/prefecture/.venv/lib/python3.13/site-packages/sqlalchemy/pool/impl.py", line 177, in _do_get
    with util.safe_reraise():
         ~~~~~~~~~~~~~~~~~^^
  File "/usr/local/google/home/konstantint/Projects/prefecture/.venv/lib/python3.13/site-packages/sqlalchemy/util/langhelpers.py", line 121, in __exit__
    raise exc_value.with_traceback(exc_tb)
  File "/usr/local/google/home/konstantint/Projects/prefecture/.venv/lib/python3.13/site-packages/sqlalchemy/pool/impl.py", line 175, in _do_get
    return self._create_connection()
           ~~~~~~~~~~~~~~~~~~~~~~~^^
  File "/usr/local/google/home/konstantint/Projects/prefecture/.venv/lib/python3.13/site-packages/sqlalchemy/pool/base.py", line 389, in _create_connection
    return _ConnectionRecord(self)
  File "/usr/local/google/home/konstantint/Projects/prefecture/.venv/lib/python3.13/site-packages/sqlalchemy/pool/base.py", line 674, in __init__
    self.__connect()
    ~~~~~~~~~~~~~~^^
  File "/usr/local/google/home/konstantint/Projects/prefecture/.venv/lib/python3.13/site-packages/sqlalchemy/pool/base.py", line 914, in __connect
    )._exec_w_sync_on_first_run(self.dbapi_connection, self)
      ~~~~~~~~~~~~~~~~~~~~~~~~~^^^^^^^^^^^^^^^^^^^^^^^^^^^^^
  File "/usr/local/google/home/konstantint/Projects/prefecture/.venv/lib/python3.13/site-packages/sqlalchemy/event/attr.py", line 501, in _exec_w_sync_on_first_run
    self(*args, **kw)
    ~~~~^^^^^^^^^^^^^
  File "/usr/local/google/home/konstantint/Projects/prefecture/.venv/lib/python3.13/site-packages/sqlalchemy/event/attr.py", line 515, in __call__
    fn(*args, **kw)
    ~~^^^^^^^^^^^^^
  File "/usr/local/google/home/konstantint/Projects/prefecture/.venv/lib/python3.13/site-packages/prefect/server/database/configurations.py", line 530, in setup_sqlite
    cursor.execute("PRAGMA journal_mode = WAL;")
    ~~~~~~~~~~~~~~^^^^^^^^^^^^^^^^^^^^^^^^^^^^^^
  File "/usr/local/google/home/konstantint/Projects/prefecture/.venv/lib/python3.13/site-packages/sqlalchemy/dialects/sqlite/aiosqlite.py", line 182, in execute
    self._adapt_connection._handle_exception(error)
    ~~~~~~~~~~~~~~~~~~~~~~~~~~~~~~~~~~~~~~~~^^^^^^^
  File "/usr/local/google/home/konstantint/Projects/prefecture/.venv/lib/python3.13/site-packages/sqlalchemy/dialects/sqlite/aiosqlite.py", line 342, in _handle_exception
    raise error
  File "/usr/local/google/home/konstantint/Projects/prefecture/.venv/lib/python3.13/site-packages/sqlalchemy/dialects/sqlite/aiosqlite.py", line 162, in execute
    self.await_(_cursor.execute(operation))
    ~~~~~~~~~~~^^^^^^^^^^^^^^^^^^^^^^^^^^^^
  File "/usr/local/google/home/konstantint/Projects/prefecture/.venv/lib/python3.13/site-packages/sqlalchemy/util/_concurrency_py3k.py", line 132, in await_only
    return current.parent.switch(awaitable)  # type: ignore[no-any-return,attr-defined] # noqa: E501
           ~~~~~~~~~~~~~~~~~~~~~^^^^^^^^^^^
  File "/usr/local/google/home/konstantint/Projects/prefecture/.venv/lib/python3.13/site-packages/sqlalchemy/util/_concurrency_py3k.py", line 196, in greenlet_spawn
    value = await result
            ^^^^^^^^^^^^
  File "/usr/local/google/home/konstantint/Projects/prefecture/.venv/lib/python3.13/site-packages/aiosqlite/cursor.py", line 40, in execute
    await self._execute(self._cursor.execute, sql, parameters)
  File "/usr/local/google/home/konstantint/Projects/prefecture/.venv/lib/python3.13/site-packages/aiosqlite/cursor.py", line 32, in _execute
    return await self._conn._execute(fn, *args, **kwargs)
           ^^^^^^^^^^^^^^^^^^^^^^^^^^^^^^^^^^^^^^^^^^^^^^
  File "/usr/local/google/home/konstantint/Projects/prefecture/.venv/lib/python3.13/site-packages/aiosqlite/core.py", line 160, in _execute
    return await future
           ^^^^^^^^^^^^
  File "/usr/local/google/home/konstantint/Projects/prefecture/.venv/lib/python3.13/site-packages/aiosqlite/core.py", line 63, in _connection_worker_thread
    result = function()
sqlalchemy.exc.OperationalError: (sqlite3.OperationalError) unable to open database file
(Background on this error at: https://sqlalche.me/e/20/e3q8)

14:14:55.684 | ERROR   | uvicorn.error - Application startup failed. Exiting.
14:14:58.373 | ERROR   | uvicorn.error - Traceback (most recent call last):
  File "/usr/local/google/home/konstantint/Projects/prefecture/.venv/lib/python3.13/site-packages/sqlalchemy/engine/base.py", line 143, in __init__
    self._dbapi_connection = engine.raw_connection()
                             ~~~~~~~~~~~~~~~~~~~~~^^
  File "/usr/local/google/home/konstantint/Projects/prefecture/.venv/lib/python3.13/site-packages/sqlalchemy/engine/base.py", line 3317, in raw_connection
    return self.pool.connect()
           ~~~~~~~~~~~~~~~~~^^
  File "/usr/local/google/home/konstantint/Projects/prefecture/.venv/lib/python3.13/site-packages/sqlalchemy/pool/base.py", line 448, in connect
    return _ConnectionFairy._checkout(self)
           ~~~~~~~~~~~~~~~~~~~~~~~~~~^^^^^^
  File "/usr/local/google/home/konstantint/Projects/prefecture/.venv/lib/python3.13/site-packages/sqlalchemy/pool/base.py", line 1272, in _checkout
    fairy = _ConnectionRecord.checkout(pool)
  File "/usr/local/google/home/konstantint/Projects/prefecture/.venv/lib/python3.13/site-packages/sqlalchemy/pool/base.py", line 712, in checkout
    rec = pool._do_get()
  File "/usr/local/google/home/konstantint/Projects/prefecture/.venv/lib/python3.13/site-packages/sqlalchemy/pool/impl.py", line 177, in _do_get
    with util.safe_reraise():
         ~~~~~~~~~~~~~~~~~^^
  File "/usr/local/google/home/konstantint/Projects/prefecture/.venv/lib/python3.13/site-packages/sqlalchemy/util/langhelpers.py", line 121, in __exit__
    raise exc_value.with_traceback(exc_tb)
  File "/usr/local/google/home/konstantint/Projects/prefecture/.venv/lib/python3.13/site-packages/sqlalchemy/pool/impl.py", line 175, in _do_get
    return self._create_connection()
           ~~~~~~~~~~~~~~~~~~~~~~~^^
  File "/usr/local/google/home/konstantint/Projects/prefecture/.venv/lib/python3.13/site-packages/sqlalchemy/pool/base.py", line 389, in _create_connection
    return _ConnectionRecord(self)
  File "/usr/local/google/home/konstantint/Projects/prefecture/.venv/lib/python3.13/site-packages/sqlalchemy/pool/base.py", line 674, in __init__
    self.__connect()
    ~~~~~~~~~~~~~~^^
  File "/usr/local/google/home/konstantint/Projects/prefecture/.venv/lib/python3.13/site-packages/sqlalchemy/pool/base.py", line 914, in __connect
    )._exec_w_sync_on_first_run(self.dbapi_connection, self)
      ~~~~~~~~~~~~~~~~~~~~~~~~~^^^^^^^^^^^^^^^^^^^^^^^^^^^^^
  File "/usr/local/google/home/konstantint/Projects/prefecture/.venv/lib/python3.13/site-packages/sqlalchemy/event/attr.py", line 501, in _exec_w_sync_on_first_run
    self(*args, **kw)
    ~~~~^^^^^^^^^^^^^
  File "/usr/local/google/home/konstantint/Projects/prefecture/.venv/lib/python3.13/site-packages/sqlalchemy/event/attr.py", line 515, in __call__
    fn(*args, **kw)
    ~~^^^^^^^^^^^^^
  File "/usr/local/google/home/konstantint/Projects/prefecture/.venv/lib/python3.13/site-packages/prefect/server/database/configurations.py", line 530, in setup_sqlite
    cursor.execute("PRAGMA journal_mode = WAL;")
    ~~~~~~~~~~~~~~^^^^^^^^^^^^^^^^^^^^^^^^^^^^^^
  File "/usr/local/google/home/konstantint/Projects/prefecture/.venv/lib/python3.13/site-packages/sqlalchemy/dialects/sqlite/aiosqlite.py", line 182, in execute
    self._adapt_connection._handle_exception(error)
    ~~~~~~~~~~~~~~~~~~~~~~~~~~~~~~~~~~~~~~~~^^^^^^^
  File "/usr/local/google/home/konstantint/Projects/prefecture/.venv/lib/python3.13/site-packages/sqlalchemy/dialects/sqlite/aiosqlite.py", line 342, in _handle_exception
    raise error
  File "/usr/local/google/home/konstantint/Projects/prefecture/.venv/lib/python3.13/site-packages/sqlalchemy/dialects/sqlite/aiosqlite.py", line 162, in execute
    self.await_(_cursor.execute(operation))
    ~~~~~~~~~~~^^^^^^^^^^^^^^^^^^^^^^^^^^^^
  File "/usr/local/google/home/konstantint/Projects/prefecture/.venv/lib/python3.13/site-packages/sqlalchemy/util/_concurrency_py3k.py", line 132, in await_only
    return current.parent.switch(awaitable)  # type: ignore[no-any-return,attr-defined] # noqa: E501
           ~~~~~~~~~~~~~~~~~~~~~^^^^^^^^^^^
  File "/usr/local/google/home/konstantint/Projects/prefecture/.venv/lib/python3.13/site-packages/sqlalchemy/util/_concurrency_py3k.py", line 196, in greenlet_spawn
    value = await result
            ^^^^^^^^^^^^
  File "/usr/local/google/home/konstantint/Projects/prefecture/.venv/lib/python3.13/site-packages/aiosqlite/cursor.py", line 40, in execute
    await self._execute(self._cursor.execute, sql, parameters)
  File "/usr/local/google/home/konstantint/Projects/prefecture/.venv/lib/python3.13/site-packages/aiosqlite/cursor.py", line 32, in _execute
    return await self._conn._execute(fn, *args, **kwargs)
           ^^^^^^^^^^^^^^^^^^^^^^^^^^^^^^^^^^^^^^^^^^^^^^
  File "/usr/local/google/home/konstantint/Projects/prefecture/.venv/lib/python3.13/site-packages/aiosqlite/core.py", line 160, in _execute
    return await future
           ^^^^^^^^^^^^
  File "/usr/local/google/home/konstantint/Projects/prefecture/.venv/lib/python3.13/site-packages/aiosqlite/core.py", line 63, in _connection_worker_thread
    result = function()
sqlite3.OperationalError: unable to open database file

The above exception was the direct cause of the following exception:

Traceback (most recent call last):
  File "/usr/local/google/home/konstantint/Projects/prefecture/.venv/lib/python3.13/site-packages/starlette/routing.py", line 638, in lifespan
    async with self.lifespan_context(app) as maybe_state:
               ~~~~~~~~~~~~~~~~~~~~~^^^^^
  File "/usr/lib/python3.13/contextlib.py", line 214, in __aenter__
    return await anext(self.gen)
           ^^^^^^^^^^^^^^^^^^^^^
  File "/usr/local/google/home/konstantint/Projects/prefecture/.venv/lib/python3.13/site-packages/prefect/server/api/server.py", line 921, in lifespan
    await run_migrations()
  File "/usr/local/google/home/konstantint/Projects/prefecture/.venv/lib/python3.13/site-packages/prefect/server/api/server.py", line 898, in run_migrations
    await db.create_db()
  File "/usr/local/google/home/konstantint/Projects/prefecture/.venv/lib/python3.13/site-packages/prefect/server/database/interface.py", line 77, in create_db
    await self.run_migrations_upgrade()
  File "/usr/local/google/home/konstantint/Projects/prefecture/.venv/lib/python3.13/site-packages/prefect/server/database/interface.py", line 115, in run_migrations_upgrade
    await run_sync_in_worker_thread(alembic_upgrade)
  File "/usr/local/google/home/konstantint/Projects/prefecture/.venv/lib/python3.13/site-packages/prefect/utilities/asyncutils/__init__.py", line 233, in run_sync_in_worker_thread
    result = await anyio.to_thread.run_sync(
             ^^^^^^^^^^^^^^^^^^^^^^^^^^^^^^^
        call_with_mark, call, abandon_on_cancel=True, limiter=get_thread_limiter()
        ^^^^^^^^^^^^^^^^^^^^^^^^^^^^^^^^^^^^^^^^^^^^^^^^^^^^^^^^^^^^^^^^^^^^^^^^^^
    )
    ^
  File "/usr/local/google/home/konstantint/Projects/prefecture/.venv/lib/python3.13/site-packages/anyio/to_thread.py", line 63, in run_sync
    return await get_async_backend().run_sync_in_worker_thread(
           ^^^^^^^^^^^^^^^^^^^^^^^^^^^^^^^^^^^^^^^^^^^^^^^^^^^^
        func, args, abandon_on_cancel=abandon_on_cancel, limiter=limiter
        ^^^^^^^^^^^^^^^^^^^^^^^^^^^^^^^^^^^^^^^^^^^^^^^^^^^^^^^^^^^^^^^^
    )
    ^
  File "/usr/local/google/home/konstantint/Projects/prefecture/.venv/lib/python3.13/site-packages/anyio/_backends/_asyncio.py", line 2518, in run_sync_in_worker_thread
    return await future
           ^^^^^^^^^^^^
  File "/usr/local/google/home/konstantint/Projects/prefecture/.venv/lib/python3.13/site-packages/anyio/_backends/_asyncio.py", line 1002, in run
    result = context.run(func, *args)
  File "/usr/local/google/home/konstantint/Projects/prefecture/.venv/lib/python3.13/site-packages/prefect/utilities/asyncutils/__init__.py", line 243, in call_with_mark
    return call()
  File "/usr/local/google/home/konstantint/Projects/prefecture/.venv/lib/python3.13/site-packages/prefect/server/database/alembic_commands.py", line 36, in wrapper
    return fn(*args, **kwargs)
  File "/usr/local/google/home/konstantint/Projects/prefecture/.venv/lib/python3.13/site-packages/prefect/server/database/alembic_commands.py", line 72, in alembic_upgrade
    alembic.command.upgrade(alembic_config(), revision, sql=dry_run)
    ~~~~~~~~~~~~~~~~~~~~~~~^^^^^^^^^^^^^^^^^^^^^^^^^^^^^^^^^^^^^^^^^
  File "/usr/local/google/home/konstantint/Projects/prefecture/.venv/lib/python3.13/site-packages/alembic/command.py", line 483, in upgrade
    script.run_env()
    ~~~~~~~~~~~~~~^^
  File "/usr/local/google/home/konstantint/Projects/prefecture/.venv/lib/python3.13/site-packages/alembic/script/base.py", line 545, in run_env
    util.load_python_file(self.dir, "env.py")
    ~~~~~~~~~~~~~~~~~~~~~^^^^^^^^^^^^^^^^^^^^
  File "/usr/local/google/home/konstantint/Projects/prefecture/.venv/lib/python3.13/site-packages/alembic/util/pyfiles.py", line 116, in load_python_file
    module = load_module_py(module_id, path)
  File "/usr/local/google/home/konstantint/Projects/prefecture/.venv/lib/python3.13/site-packages/alembic/util/pyfiles.py", line 136, in load_module_py
    spec.loader.exec_module(module)  # type: ignore
    ~~~~~~~~~~~~~~~~~~~~~~~^^^^^^^^
  File "<frozen importlib._bootstrap_external>", line 1023, in exec_module
  File "<frozen importlib._bootstrap>", line 488, in _call_with_frames_removed
  File "/usr/local/google/home/konstantint/Projects/prefecture/.venv/lib/python3.13/site-packages/prefect/server/database/_migrations/env.py", line 201, in <module>
    run_async_from_worker_thread(apply_migrations)
    ~~~~~~~~~~~~~~~~~~~~~~~~~~~~^^^^^^^^^^^^^^^^^^
  File "/usr/local/google/home/konstantint/Projects/prefecture/.venv/lib/python3.13/site-packages/prefect/utilities/asyncutils/__init__.py", line 254, in run_async_from_worker_thread
    return anyio.from_thread.run(call)
           ~~~~~~~~~~~~~~~~~~~~~^^^^^^
  File "/usr/local/google/home/konstantint/Projects/prefecture/.venv/lib/python3.13/site-packages/anyio/from_thread.py", line 90, in run
    return token.backend_class.run_async_from_thread(
           ~~~~~~~~~~~~~~~~~~~~~~~~~~~~~~~~~~~~~~~~~^
        func, args, token=token.native_token if explicit_token else None
        ^^^^^^^^^^^^^^^^^^^^^^^^^^^^^^^^^^^^^^^^^^^^^^^^^^^^^^^^^^^^^^^^
    )
    ^
  File "/usr/local/google/home/konstantint/Projects/prefecture/.venv/lib/python3.13/site-packages/anyio/_backends/_asyncio.py", line 2565, in run_async_from_thread
    return f.result()
           ~~~~~~~~^^
  File "/usr/lib/python3.13/concurrent/futures/_base.py", line 460, in result
    return self.__get_result()
           ~~~~~~~~~~~~~~~~~^^
  File "/usr/lib/python3.13/concurrent/futures/_base.py", line 402, in __get_result
    raise self._exception
  File "/usr/local/google/home/konstantint/Projects/prefecture/.venv/lib/python3.13/site-packages/anyio/_backends/_asyncio.py", line 2546, in task_wrapper
    return await func(*args)
           ^^^^^^^^^^^^^^^^^
  File "/usr/local/google/home/konstantint/Projects/prefecture/.venv/lib/python3.13/site-packages/prefect/server/database/_migrations/env.py", line 189, in apply_migrations
    async with engine.connect() as connection:
               ~~~~~~~~~~~~~~^^
  File "/usr/local/google/home/konstantint/Projects/prefecture/.venv/lib/python3.13/site-packages/sqlalchemy/ext/asyncio/base.py", line 121, in __aenter__
    return await self.start(is_ctxmanager=True)
           ^^^^^^^^^^^^^^^^^^^^^^^^^^^^^^^^^^^^
  File "/usr/local/google/home/konstantint/Projects/prefecture/.venv/lib/python3.13/site-packages/sqlalchemy/ext/asyncio/engine.py", line 275, in start
    await greenlet_spawn(self.sync_engine.connect)
  File "/usr/local/google/home/konstantint/Projects/prefecture/.venv/lib/python3.13/site-packages/sqlalchemy/util/_concurrency_py3k.py", line 201, in greenlet_spawn
    result = context.throw(*sys.exc_info())
  File "/usr/local/google/home/konstantint/Projects/prefecture/.venv/lib/python3.13/site-packages/sqlalchemy/engine/base.py", line 3293, in connect
    return self._connection_cls(self)
           ~~~~~~~~~~~~~~~~~~~~^^^^^^
  File "/usr/local/google/home/konstantint/Projects/prefecture/.venv/lib/python3.13/site-packages/sqlalchemy/engine/base.py", line 145, in __init__
    Connection._handle_dbapi_exception_noconnection(
    ~~~~~~~~~~~~~~~~~~~~~~~~~~~~~~~~~~~~~~~~~~~~~~~^
        err, dialect, engine
        ^^^^^^^^^^^^^^^^^^^^
    )
    ^
  File "/usr/local/google/home/konstantint/Projects/prefecture/.venv/lib/python3.13/site-packages/sqlalchemy/engine/base.py", line 2448, in _handle_dbapi_exception_noconnection
    raise sqlalchemy_exception.with_traceback(exc_info[2]) from e
  File "/usr/local/google/home/konstantint/Projects/prefecture/.venv/lib/python3.13/site-packages/sqlalchemy/engine/base.py", line 143, in __init__
    self._dbapi_connection = engine.raw_connection()
                             ~~~~~~~~~~~~~~~~~~~~~^^
  File "/usr/local/google/home/konstantint/Projects/prefecture/.venv/lib/python3.13/site-packages/sqlalchemy/engine/base.py", line 3317, in raw_connection
    return self.pool.connect()
           ~~~~~~~~~~~~~~~~~^^
  File "/usr/local/google/home/konstantint/Projects/prefecture/.venv/lib/python3.13/site-packages/sqlalchemy/pool/base.py", line 448, in connect
    return _ConnectionFairy._checkout(self)
           ~~~~~~~~~~~~~~~~~~~~~~~~~~^^^^^^
  File "/usr/local/google/home/konstantint/Projects/prefecture/.venv/lib/python3.13/site-packages/sqlalchemy/pool/base.py", line 1272, in _checkout
    fairy = _ConnectionRecord.checkout(pool)
  File "/usr/local/google/home/konstantint/Projects/prefecture/.venv/lib/python3.13/site-packages/sqlalchemy/pool/base.py", line 712, in checkout
    rec = pool._do_get()
  File "/usr/local/google/home/konstantint/Projects/prefecture/.venv/lib/python3.13/site-packages/sqlalchemy/pool/impl.py", line 177, in _do_get
    with util.safe_reraise():
         ~~~~~~~~~~~~~~~~~^^
  File "/usr/local/google/home/konstantint/Projects/prefecture/.venv/lib/python3.13/site-packages/sqlalchemy/util/langhelpers.py", line 121, in __exit__
    raise exc_value.with_traceback(exc_tb)
  File "/usr/local/google/home/konstantint/Projects/prefecture/.venv/lib/python3.13/site-packages/sqlalchemy/pool/impl.py", line 175, in _do_get
    return self._create_connection()
           ~~~~~~~~~~~~~~~~~~~~~~~^^
  File "/usr/local/google/home/konstantint/Projects/prefecture/.venv/lib/python3.13/site-packages/sqlalchemy/pool/base.py", line 389, in _create_connection
    return _ConnectionRecord(self)
  File "/usr/local/google/home/konstantint/Projects/prefecture/.venv/lib/python3.13/site-packages/sqlalchemy/pool/base.py", line 674, in __init__
    self.__connect()
    ~~~~~~~~~~~~~~^^
  File "/usr/local/google/home/konstantint/Projects/prefecture/.venv/lib/python3.13/site-packages/sqlalchemy/pool/base.py", line 914, in __connect
    )._exec_w_sync_on_first_run(self.dbapi_connection, self)
      ~~~~~~~~~~~~~~~~~~~~~~~~~^^^^^^^^^^^^^^^^^^^^^^^^^^^^^
  File "/usr/local/google/home/konstantint/Projects/prefecture/.venv/lib/python3.13/site-packages/sqlalchemy/event/attr.py", line 501, in _exec_w_sync_on_first_run
    self(*args, **kw)
    ~~~~^^^^^^^^^^^^^
  File "/usr/local/google/home/konstantint/Projects/prefecture/.venv/lib/python3.13/site-packages/sqlalchemy/event/attr.py", line 515, in __call__
    fn(*args, **kw)
    ~~^^^^^^^^^^^^^
  File "/usr/local/google/home/konstantint/Projects/prefecture/.venv/lib/python3.13/site-packages/prefect/server/database/configurations.py", line 530, in setup_sqlite
    cursor.execute("PRAGMA journal_mode = WAL;")
    ~~~~~~~~~~~~~~^^^^^^^^^^^^^^^^^^^^^^^^^^^^^^
  File "/usr/local/google/home/konstantint/Projects/prefecture/.venv/lib/python3.13/site-packages/sqlalchemy/dialects/sqlite/aiosqlite.py", line 182, in execute
    self._adapt_connection._handle_exception(error)
    ~~~~~~~~~~~~~~~~~~~~~~~~~~~~~~~~~~~~~~~~^^^^^^^
  File "/usr/local/google/home/konstantint/Projects/prefecture/.venv/lib/python3.13/site-packages/sqlalchemy/dialects/sqlite/aiosqlite.py", line 342, in _handle_exception
    raise error
  File "/usr/local/google/home/konstantint/Projects/prefecture/.venv/lib/python3.13/site-packages/sqlalchemy/dialects/sqlite/aiosqlite.py", line 162, in execute
    self.await_(_cursor.execute(operation))
    ~~~~~~~~~~~^^^^^^^^^^^^^^^^^^^^^^^^^^^^
  File "/usr/local/google/home/konstantint/Projects/prefecture/.venv/lib/python3.13/site-packages/sqlalchemy/util/_concurrency_py3k.py", line 132, in await_only
    return current.parent.switch(awaitable)  # type: ignore[no-any-return,attr-defined] # noqa: E501
           ~~~~~~~~~~~~~~~~~~~~~^^^^^^^^^^^
  File "/usr/local/google/home/konstantint/Projects/prefecture/.venv/lib/python3.13/site-packages/sqlalchemy/util/_concurrency_py3k.py", line 196, in greenlet_spawn
    value = await result
            ^^^^^^^^^^^^
  File "/usr/local/google/home/konstantint/Projects/prefecture/.venv/lib/python3.13/site-packages/aiosqlite/cursor.py", line 40, in execute
    await self._execute(self._cursor.execute, sql, parameters)
  File "/usr/local/google/home/konstantint/Projects/prefecture/.venv/lib/python3.13/site-packages/aiosqlite/cursor.py", line 32, in _execute
    return await self._conn._execute(fn, *args, **kwargs)
           ^^^^^^^^^^^^^^^^^^^^^^^^^^^^^^^^^^^^^^^^^^^^^^
  File "/usr/local/google/home/konstantint/Projects/prefecture/.venv/lib/python3.13/site-packages/aiosqlite/core.py", line 160, in _execute
    return await future
           ^^^^^^^^^^^^
  File "/usr/local/google/home/konstantint/Projects/prefecture/.venv/lib/python3.13/site-packages/aiosqlite/core.py", line 63, in _connection_worker_thread
    result = function()
sqlalchemy.exc.OperationalError: (sqlite3.OperationalError) unable to open database file
(Background on this error at: https://sqlalche.me/e/20/e3q8)

14:14:58.392 | ERROR   | uvicorn.error - Application startup failed. Exiting.
14:15:04.998 | ERROR   | uvicorn.error - Traceback (most recent call last):
  File "/usr/local/google/home/konstantint/Projects/prefecture/.venv/lib/python3.13/site-packages/sqlalchemy/engine/base.py", line 143, in __init__
    self._dbapi_connection = engine.raw_connection()
                             ~~~~~~~~~~~~~~~~~~~~~^^
  File "/usr/local/google/home/konstantint/Projects/prefecture/.venv/lib/python3.13/site-packages/sqlalchemy/engine/base.py", line 3317, in raw_connection
    return self.pool.connect()
           ~~~~~~~~~~~~~~~~~^^
  File "/usr/local/google/home/konstantint/Projects/prefecture/.venv/lib/python3.13/site-packages/sqlalchemy/pool/base.py", line 448, in connect
    return _ConnectionFairy._checkout(self)
           ~~~~~~~~~~~~~~~~~~~~~~~~~~^^^^^^
  File "/usr/local/google/home/konstantint/Projects/prefecture/.venv/lib/python3.13/site-packages/sqlalchemy/pool/base.py", line 1272, in _checkout
    fairy = _ConnectionRecord.checkout(pool)
  File "/usr/local/google/home/konstantint/Projects/prefecture/.venv/lib/python3.13/site-packages/sqlalchemy/pool/base.py", line 712, in checkout
    rec = pool._do_get()
  File "/usr/local/google/home/konstantint/Projects/prefecture/.venv/lib/python3.13/site-packages/sqlalchemy/pool/impl.py", line 177, in _do_get
    with util.safe_reraise():
         ~~~~~~~~~~~~~~~~~^^
  File "/usr/local/google/home/konstantint/Projects/prefecture/.venv/lib/python3.13/site-packages/sqlalchemy/util/langhelpers.py", line 121, in __exit__
    raise exc_value.with_traceback(exc_tb)
  File "/usr/local/google/home/konstantint/Projects/prefecture/.venv/lib/python3.13/site-packages/sqlalchemy/pool/impl.py", line 175, in _do_get
    return self._create_connection()
           ~~~~~~~~~~~~~~~~~~~~~~~^^
  File "/usr/local/google/home/konstantint/Projects/prefecture/.venv/lib/python3.13/site-packages/sqlalchemy/pool/base.py", line 389, in _create_connection
    return _ConnectionRecord(self)
  File "/usr/local/google/home/konstantint/Projects/prefecture/.venv/lib/python3.13/site-packages/sqlalchemy/pool/base.py", line 674, in __init__
    self.__connect()
    ~~~~~~~~~~~~~~^^
  File "/usr/local/google/home/konstantint/Projects/prefecture/.venv/lib/python3.13/site-packages/sqlalchemy/pool/base.py", line 914, in __connect
    )._exec_w_sync_on_first_run(self.dbapi_connection, self)
      ~~~~~~~~~~~~~~~~~~~~~~~~~^^^^^^^^^^^^^^^^^^^^^^^^^^^^^
  File "/usr/local/google/home/konstantint/Projects/prefecture/.venv/lib/python3.13/site-packages/sqlalchemy/event/attr.py", line 501, in _exec_w_sync_on_first_run
    self(*args, **kw)
    ~~~~^^^^^^^^^^^^^
  File "/usr/local/google/home/konstantint/Projects/prefecture/.venv/lib/python3.13/site-packages/sqlalchemy/event/attr.py", line 515, in __call__
    fn(*args, **kw)
    ~~^^^^^^^^^^^^^
  File "/usr/local/google/home/konstantint/Projects/prefecture/.venv/lib/python3.13/site-packages/prefect/server/database/configurations.py", line 530, in setup_sqlite
    cursor.execute("PRAGMA journal_mode = WAL;")
    ~~~~~~~~~~~~~~^^^^^^^^^^^^^^^^^^^^^^^^^^^^^^
  File "/usr/local/google/home/konstantint/Projects/prefecture/.venv/lib/python3.13/site-packages/sqlalchemy/dialects/sqlite/aiosqlite.py", line 182, in execute
    self._adapt_connection._handle_exception(error)
    ~~~~~~~~~~~~~~~~~~~~~~~~~~~~~~~~~~~~~~~~^^^^^^^
  File "/usr/local/google/home/konstantint/Projects/prefecture/.venv/lib/python3.13/site-packages/sqlalchemy/dialects/sqlite/aiosqlite.py", line 342, in _handle_exception
    raise error
  File "/usr/local/google/home/konstantint/Projects/prefecture/.venv/lib/python3.13/site-packages/sqlalchemy/dialects/sqlite/aiosqlite.py", line 162, in execute
    self.await_(_cursor.execute(operation))
    ~~~~~~~~~~~^^^^^^^^^^^^^^^^^^^^^^^^^^^^
  File "/usr/local/google/home/konstantint/Projects/prefecture/.venv/lib/python3.13/site-packages/sqlalchemy/util/_concurrency_py3k.py", line 132, in await_only
    return current.parent.switch(awaitable)  # type: ignore[no-any-return,attr-defined] # noqa: E501
           ~~~~~~~~~~~~~~~~~~~~~^^^^^^^^^^^
  File "/usr/local/google/home/konstantint/Projects/prefecture/.venv/lib/python3.13/site-packages/sqlalchemy/util/_concurrency_py3k.py", line 196, in greenlet_spawn
    value = await result
            ^^^^^^^^^^^^
  File "/usr/local/google/home/konstantint/Projects/prefecture/.venv/lib/python3.13/site-packages/aiosqlite/cursor.py", line 40, in execute
    await self._execute(self._cursor.execute, sql, parameters)
  File "/usr/local/google/home/konstantint/Projects/prefecture/.venv/lib/python3.13/site-packages/aiosqlite/cursor.py", line 32, in _execute
    return await self._conn._execute(fn, *args, **kwargs)
           ^^^^^^^^^^^^^^^^^^^^^^^^^^^^^^^^^^^^^^^^^^^^^^
  File "/usr/local/google/home/konstantint/Projects/prefecture/.venv/lib/python3.13/site-packages/aiosqlite/core.py", line 160, in _execute
    return await future
           ^^^^^^^^^^^^
  File "/usr/local/google/home/konstantint/Projects/prefecture/.venv/lib/python3.13/site-packages/aiosqlite/core.py", line 63, in _connection_worker_thread
    result = function()
sqlite3.OperationalError: unable to open database file

The above exception was the direct cause of the following exception:

Traceback (most recent call last):
  File "/usr/local/google/home/konstantint/Projects/prefecture/.venv/lib/python3.13/site-packages/starlette/routing.py", line 638, in lifespan
    async with self.lifespan_context(app) as maybe_state:
               ~~~~~~~~~~~~~~~~~~~~~^^^^^
  File "/usr/lib/python3.13/contextlib.py", line 214, in __aenter__
    return await anext(self.gen)
           ^^^^^^^^^^^^^^^^^^^^^
  File "/usr/local/google/home/konstantint/Projects/prefecture/.venv/lib/python3.13/site-packages/prefect/server/api/server.py", line 921, in lifespan
    await run_migrations()
  File "/usr/local/google/home/konstantint/Projects/prefecture/.venv/lib/python3.13/site-packages/prefect/server/api/server.py", line 898, in run_migrations
    await db.create_db()
  File "/usr/local/google/home/konstantint/Projects/prefecture/.venv/lib/python3.13/site-packages/prefect/server/database/interface.py", line 77, in create_db
    await self.run_migrations_upgrade()
  File "/usr/local/google/home/konstantint/Projects/prefecture/.venv/lib/python3.13/site-packages/prefect/server/database/interface.py", line 115, in run_migrations_upgrade
    await run_sync_in_worker_thread(alembic_upgrade)
  File "/usr/local/google/home/konstantint/Projects/prefecture/.venv/lib/python3.13/site-packages/prefect/utilities/asyncutils/__init__.py", line 233, in run_sync_in_worker_thread
    result = await anyio.to_thread.run_sync(
             ^^^^^^^^^^^^^^^^^^^^^^^^^^^^^^^
        call_with_mark, call, abandon_on_cancel=True, limiter=get_thread_limiter()
        ^^^^^^^^^^^^^^^^^^^^^^^^^^^^^^^^^^^^^^^^^^^^^^^^^^^^^^^^^^^^^^^^^^^^^^^^^^
    )
    ^
  File "/usr/local/google/home/konstantint/Projects/prefecture/.venv/lib/python3.13/site-packages/anyio/to_thread.py", line 63, in run_sync
    return await get_async_backend().run_sync_in_worker_thread(
           ^^^^^^^^^^^^^^^^^^^^^^^^^^^^^^^^^^^^^^^^^^^^^^^^^^^^
        func, args, abandon_on_cancel=abandon_on_cancel, limiter=limiter
        ^^^^^^^^^^^^^^^^^^^^^^^^^^^^^^^^^^^^^^^^^^^^^^^^^^^^^^^^^^^^^^^^
    )
    ^
  File "/usr/local/google/home/konstantint/Projects/prefecture/.venv/lib/python3.13/site-packages/anyio/_backends/_asyncio.py", line 2518, in run_sync_in_worker_thread
    return await future
           ^^^^^^^^^^^^
  File "/usr/local/google/home/konstantint/Projects/prefecture/.venv/lib/python3.13/site-packages/anyio/_backends/_asyncio.py", line 1002, in run
    result = context.run(func, *args)
  File "/usr/local/google/home/konstantint/Projects/prefecture/.venv/lib/python3.13/site-packages/prefect/utilities/asyncutils/__init__.py", line 243, in call_with_mark
    return call()
  File "/usr/local/google/home/konstantint/Projects/prefecture/.venv/lib/python3.13/site-packages/prefect/server/database/alembic_commands.py", line 36, in wrapper
    return fn(*args, **kwargs)
  File "/usr/local/google/home/konstantint/Projects/prefecture/.venv/lib/python3.13/site-packages/prefect/server/database/alembic_commands.py", line 72, in alembic_upgrade
    alembic.command.upgrade(alembic_config(), revision, sql=dry_run)
    ~~~~~~~~~~~~~~~~~~~~~~~^^^^^^^^^^^^^^^^^^^^^^^^^^^^^^^^^^^^^^^^^
  File "/usr/local/google/home/konstantint/Projects/prefecture/.venv/lib/python3.13/site-packages/alembic/command.py", line 483, in upgrade
    script.run_env()
    ~~~~~~~~~~~~~~^^
  File "/usr/local/google/home/konstantint/Projects/prefecture/.venv/lib/python3.13/site-packages/alembic/script/base.py", line 545, in run_env
    util.load_python_file(self.dir, "env.py")
    ~~~~~~~~~~~~~~~~~~~~~^^^^^^^^^^^^^^^^^^^^
  File "/usr/local/google/home/konstantint/Projects/prefecture/.venv/lib/python3.13/site-packages/alembic/util/pyfiles.py", line 116, in load_python_file
    module = load_module_py(module_id, path)
  File "/usr/local/google/home/konstantint/Projects/prefecture/.venv/lib/python3.13/site-packages/alembic/util/pyfiles.py", line 136, in load_module_py
    spec.loader.exec_module(module)  # type: ignore
    ~~~~~~~~~~~~~~~~~~~~~~~^^^^^^^^
  File "<frozen importlib._bootstrap_external>", line 1023, in exec_module
  File "<frozen importlib._bootstrap>", line 488, in _call_with_frames_removed
  File "/usr/local/google/home/konstantint/Projects/prefecture/.venv/lib/python3.13/site-packages/prefect/server/database/_migrations/env.py", line 201, in <module>
    run_async_from_worker_thread(apply_migrations)
    ~~~~~~~~~~~~~~~~~~~~~~~~~~~~^^^^^^^^^^^^^^^^^^
  File "/usr/local/google/home/konstantint/Projects/prefecture/.venv/lib/python3.13/site-packages/prefect/utilities/asyncutils/__init__.py", line 254, in run_async_from_worker_thread
    return anyio.from_thread.run(call)
           ~~~~~~~~~~~~~~~~~~~~~^^^^^^
  File "/usr/local/google/home/konstantint/Projects/prefecture/.venv/lib/python3.13/site-packages/anyio/from_thread.py", line 90, in run
    return token.backend_class.run_async_from_thread(
           ~~~~~~~~~~~~~~~~~~~~~~~~~~~~~~~~~~~~~~~~~^
        func, args, token=token.native_token if explicit_token else None
        ^^^^^^^^^^^^^^^^^^^^^^^^^^^^^^^^^^^^^^^^^^^^^^^^^^^^^^^^^^^^^^^^
    )
    ^
  File "/usr/local/google/home/konstantint/Projects/prefecture/.venv/lib/python3.13/site-packages/anyio/_backends/_asyncio.py", line 2565, in run_async_from_thread
    return f.result()
           ~~~~~~~~^^
  File "/usr/lib/python3.13/concurrent/futures/_base.py", line 460, in result
    return self.__get_result()
           ~~~~~~~~~~~~~~~~~^^
  File "/usr/lib/python3.13/concurrent/futures/_base.py", line 402, in __get_result
    raise self._exception
  File "/usr/local/google/home/konstantint/Projects/prefecture/.venv/lib/python3.13/site-packages/anyio/_backends/_asyncio.py", line 2546, in task_wrapper
    return await func(*args)
           ^^^^^^^^^^^^^^^^^
  File "/usr/local/google/home/konstantint/Projects/prefecture/.venv/lib/python3.13/site-packages/prefect/server/database/_migrations/env.py", line 189, in apply_migrations
    async with engine.connect() as connection:
               ~~~~~~~~~~~~~~^^
  File "/usr/local/google/home/konstantint/Projects/prefecture/.venv/lib/python3.13/site-packages/sqlalchemy/ext/asyncio/base.py", line 121, in __aenter__
    return await self.start(is_ctxmanager=True)
           ^^^^^^^^^^^^^^^^^^^^^^^^^^^^^^^^^^^^
  File "/usr/local/google/home/konstantint/Projects/prefecture/.venv/lib/python3.13/site-packages/sqlalchemy/ext/asyncio/engine.py", line 275, in start
    await greenlet_spawn(self.sync_engine.connect)
  File "/usr/local/google/home/konstantint/Projects/prefecture/.venv/lib/python3.13/site-packages/sqlalchemy/util/_concurrency_py3k.py", line 201, in greenlet_spawn
    result = context.throw(*sys.exc_info())
  File "/usr/local/google/home/konstantint/Projects/prefecture/.venv/lib/python3.13/site-packages/sqlalchemy/engine/base.py", line 3293, in connect
    return self._connection_cls(self)
           ~~~~~~~~~~~~~~~~~~~~^^^^^^
  File "/usr/local/google/home/konstantint/Projects/prefecture/.venv/lib/python3.13/site-packages/sqlalchemy/engine/base.py", line 145, in __init__
    Connection._handle_dbapi_exception_noconnection(
    ~~~~~~~~~~~~~~~~~~~~~~~~~~~~~~~~~~~~~~~~~~~~~~~^
        err, dialect, engine
        ^^^^^^^^^^^^^^^^^^^^
    )
    ^
  File "/usr/local/google/home/konstantint/Projects/prefecture/.venv/lib/python3.13/site-packages/sqlalchemy/engine/base.py", line 2448, in _handle_dbapi_exception_noconnection
    raise sqlalchemy_exception.with_traceback(exc_info[2]) from e
  File "/usr/local/google/home/konstantint/Projects/prefecture/.venv/lib/python3.13/site-packages/sqlalchemy/engine/base.py", line 143, in __init__
    self._dbapi_connection = engine.raw_connection()
                             ~~~~~~~~~~~~~~~~~~~~~^^
  File "/usr/local/google/home/konstantint/Projects/prefecture/.venv/lib/python3.13/site-packages/sqlalchemy/engine/base.py", line 3317, in raw_connection
    return self.pool.connect()
           ~~~~~~~~~~~~~~~~~^^
  File "/usr/local/google/home/konstantint/Projects/prefecture/.venv/lib/python3.13/site-packages/sqlalchemy/pool/base.py", line 448, in connect
    return _ConnectionFairy._checkout(self)
           ~~~~~~~~~~~~~~~~~~~~~~~~~~^^^^^^
  File "/usr/local/google/home/konstantint/Projects/prefecture/.venv/lib/python3.13/site-packages/sqlalchemy/pool/base.py", line 1272, in _checkout
    fairy = _ConnectionRecord.checkout(pool)
  File "/usr/local/google/home/konstantint/Projects/prefecture/.venv/lib/python3.13/site-packages/sqlalchemy/pool/base.py", line 712, in checkout
    rec = pool._do_get()
  File "/usr/local/google/home/konstantint/Projects/prefecture/.venv/lib/python3.13/site-packages/sqlalchemy/pool/impl.py", line 177, in _do_get
    with util.safe_reraise():
         ~~~~~~~~~~~~~~~~~^^
  File "/usr/local/google/home/konstantint/Projects/prefecture/.venv/lib/python3.13/site-packages/sqlalchemy/util/langhelpers.py", line 121, in __exit__
    raise exc_value.with_traceback(exc_tb)
  File "/usr/local/google/home/konstantint/Projects/prefecture/.venv/lib/python3.13/site-packages/sqlalchemy/pool/impl.py", line 175, in _do_get
    return self._create_connection()
           ~~~~~~~~~~~~~~~~~~~~~~~^^
  File "/usr/local/google/home/konstantint/Projects/prefecture/.venv/lib/python3.13/site-packages/sqlalchemy/pool/base.py", line 389, in _create_connection
    return _ConnectionRecord(self)
  File "/usr/local/google/home/konstantint/Projects/prefecture/.venv/lib/python3.13/site-packages/sqlalchemy/pool/base.py", line 674, in __init__
    self.__connect()
    ~~~~~~~~~~~~~~^^
  File "/usr/local/google/home/konstantint/Projects/prefecture/.venv/lib/python3.13/site-packages/sqlalchemy/pool/base.py", line 914, in __connect
    )._exec_w_sync_on_first_run(self.dbapi_connection, self)
      ~~~~~~~~~~~~~~~~~~~~~~~~~^^^^^^^^^^^^^^^^^^^^^^^^^^^^^
  File "/usr/local/google/home/konstantint/Projects/prefecture/.venv/lib/python3.13/site-packages/sqlalchemy/event/attr.py", line 501, in _exec_w_sync_on_first_run
    self(*args, **kw)
    ~~~~^^^^^^^^^^^^^
  File "/usr/local/google/home/konstantint/Projects/prefecture/.venv/lib/python3.13/site-packages/sqlalchemy/event/attr.py", line 515, in __call__
    fn(*args, **kw)
    ~~^^^^^^^^^^^^^
  File "/usr/local/google/home/konstantint/Projects/prefecture/.venv/lib/python3.13/site-packages/prefect/server/database/configurations.py", line 530, in setup_sqlite
    cursor.execute("PRAGMA journal_mode = WAL;")
    ~~~~~~~~~~~~~~^^^^^^^^^^^^^^^^^^^^^^^^^^^^^^
  File "/usr/local/google/home/konstantint/Projects/prefecture/.venv/lib/python3.13/site-packages/sqlalchemy/dialects/sqlite/aiosqlite.py", line 182, in execute
    self._adapt_connection._handle_exception(error)
    ~~~~~~~~~~~~~~~~~~~~~~~~~~~~~~~~~~~~~~~~^^^^^^^
  File "/usr/local/google/home/konstantint/Projects/prefecture/.venv/lib/python3.13/site-packages/sqlalchemy/dialects/sqlite/aiosqlite.py", line 342, in _handle_exception
    raise error
  File "/usr/local/google/home/konstantint/Projects/prefecture/.venv/lib/python3.13/site-packages/sqlalchemy/dialects/sqlite/aiosqlite.py", line 162, in execute
    self.await_(_cursor.execute(operation))
    ~~~~~~~~~~~^^^^^^^^^^^^^^^^^^^^^^^^^^^^
  File "/usr/local/google/home/konstantint/Projects/prefecture/.venv/lib/python3.13/site-packages/sqlalchemy/util/_concurrency_py3k.py", line 132, in await_only
    return current.parent.switch(awaitable)  # type: ignore[no-any-return,attr-defined] # noqa: E501
           ~~~~~~~~~~~~~~~~~~~~~^^^^^^^^^^^
  File "/usr/local/google/home/konstantint/Projects/prefecture/.venv/lib/python3.13/site-packages/sqlalchemy/util/_concurrency_py3k.py", line 196, in greenlet_spawn
    value = await result
            ^^^^^^^^^^^^
  File "/usr/local/google/home/konstantint/Projects/prefecture/.venv/lib/python3.13/site-packages/aiosqlite/cursor.py", line 40, in execute
    await self._execute(self._cursor.execute, sql, parameters)
  File "/usr/local/google/home/konstantint/Projects/prefecture/.venv/lib/python3.13/site-packages/aiosqlite/cursor.py", line 32, in _execute
    return await self._conn._execute(fn, *args, **kwargs)
           ^^^^^^^^^^^^^^^^^^^^^^^^^^^^^^^^^^^^^^^^^^^^^^
  File "/usr/local/google/home/konstantint/Projects/prefecture/.venv/lib/python3.13/site-packages/aiosqlite/core.py", line 160, in _execute
    return await future
           ^^^^^^^^^^^^
  File "/usr/local/google/home/konstantint/Projects/prefecture/.venv/lib/python3.13/site-packages/aiosqlite/core.py", line 63, in _connection_worker_thread
    result = function()
sqlalchemy.exc.OperationalError: (sqlite3.OperationalError) unable to open database file
(Background on this error at: https://sqlalche.me/e/20/e3q8)

14:15:05.015 | ERROR   | uvicorn.error - Application startup failed. Exiting.
14:15:11.294 | ERROR   | uvicorn.error - Traceback (most recent call last):
  File "/usr/local/google/home/konstantint/Projects/prefecture/.venv/lib/python3.13/site-packages/sqlalchemy/engine/base.py", line 143, in __init__
    self._dbapi_connection = engine.raw_connection()
                             ~~~~~~~~~~~~~~~~~~~~~^^
  File "/usr/local/google/home/konstantint/Projects/prefecture/.venv/lib/python3.13/site-packages/sqlalchemy/engine/base.py", line 3317, in raw_connection
    return self.pool.connect()
           ~~~~~~~~~~~~~~~~~^^
  File "/usr/local/google/home/konstantint/Projects/prefecture/.venv/lib/python3.13/site-packages/sqlalchemy/pool/base.py", line 448, in connect
    return _ConnectionFairy._checkout(self)
           ~~~~~~~~~~~~~~~~~~~~~~~~~~^^^^^^
  File "/usr/local/google/home/konstantint/Projects/prefecture/.venv/lib/python3.13/site-packages/sqlalchemy/pool/base.py", line 1272, in _checkout
    fairy = _ConnectionRecord.checkout(pool)
  File "/usr/local/google/home/konstantint/Projects/prefecture/.venv/lib/python3.13/site-packages/sqlalchemy/pool/base.py", line 712, in checkout
    rec = pool._do_get()
  File "/usr/local/google/home/konstantint/Projects/prefecture/.venv/lib/python3.13/site-packages/sqlalchemy/pool/impl.py", line 177, in _do_get
    with util.safe_reraise():
         ~~~~~~~~~~~~~~~~~^^
  File "/usr/local/google/home/konstantint/Projects/prefecture/.venv/lib/python3.13/site-packages/sqlalchemy/util/langhelpers.py", line 121, in __exit__
    raise exc_value.with_traceback(exc_tb)
  File "/usr/local/google/home/konstantint/Projects/prefecture/.venv/lib/python3.13/site-packages/sqlalchemy/pool/impl.py", line 175, in _do_get
    return self._create_connection()
           ~~~~~~~~~~~~~~~~~~~~~~~^^
  File "/usr/local/google/home/konstantint/Projects/prefecture/.venv/lib/python3.13/site-packages/sqlalchemy/pool/base.py", line 389, in _create_connection
    return _ConnectionRecord(self)
  File "/usr/local/google/home/konstantint/Projects/prefecture/.venv/lib/python3.13/site-packages/sqlalchemy/pool/base.py", line 674, in __init__
    self.__connect()
    ~~~~~~~~~~~~~~^^
  File "/usr/local/google/home/konstantint/Projects/prefecture/.venv/lib/python3.13/site-packages/sqlalchemy/pool/base.py", line 914, in __connect
    )._exec_w_sync_on_first_run(self.dbapi_connection, self)
      ~~~~~~~~~~~~~~~~~~~~~~~~~^^^^^^^^^^^^^^^^^^^^^^^^^^^^^
  File "/usr/local/google/home/konstantint/Projects/prefecture/.venv/lib/python3.13/site-packages/sqlalchemy/event/attr.py", line 501, in _exec_w_sync_on_first_run
    self(*args, **kw)
    ~~~~^^^^^^^^^^^^^
  File "/usr/local/google/home/konstantint/Projects/prefecture/.venv/lib/python3.13/site-packages/sqlalchemy/event/attr.py", line 515, in __call__
    fn(*args, **kw)
    ~~^^^^^^^^^^^^^
  File "/usr/local/google/home/konstantint/Projects/prefecture/.venv/lib/python3.13/site-packages/prefect/server/database/configurations.py", line 530, in setup_sqlite
    cursor.execute("PRAGMA journal_mode = WAL;")
    ~~~~~~~~~~~~~~^^^^^^^^^^^^^^^^^^^^^^^^^^^^^^
  File "/usr/local/google/home/konstantint/Projects/prefecture/.venv/lib/python3.13/site-packages/sqlalchemy/dialects/sqlite/aiosqlite.py", line 182, in execute
    self._adapt_connection._handle_exception(error)
    ~~~~~~~~~~~~~~~~~~~~~~~~~~~~~~~~~~~~~~~~^^^^^^^
  File "/usr/local/google/home/konstantint/Projects/prefecture/.venv/lib/python3.13/site-packages/sqlalchemy/dialects/sqlite/aiosqlite.py", line 342, in _handle_exception
    raise error
  File "/usr/local/google/home/konstantint/Projects/prefecture/.venv/lib/python3.13/site-packages/sqlalchemy/dialects/sqlite/aiosqlite.py", line 162, in execute
    self.await_(_cursor.execute(operation))
    ~~~~~~~~~~~^^^^^^^^^^^^^^^^^^^^^^^^^^^^
  File "/usr/local/google/home/konstantint/Projects/prefecture/.venv/lib/python3.13/site-packages/sqlalchemy/util/_concurrency_py3k.py", line 132, in await_only
    return current.parent.switch(awaitable)  # type: ignore[no-any-return,attr-defined] # noqa: E501
           ~~~~~~~~~~~~~~~~~~~~~^^^^^^^^^^^
  File "/usr/local/google/home/konstantint/Projects/prefecture/.venv/lib/python3.13/site-packages/sqlalchemy/util/_concurrency_py3k.py", line 196, in greenlet_spawn
    value = await result
            ^^^^^^^^^^^^
  File "/usr/local/google/home/konstantint/Projects/prefecture/.venv/lib/python3.13/site-packages/aiosqlite/cursor.py", line 40, in execute
    await self._execute(self._cursor.execute, sql, parameters)
  File "/usr/local/google/home/konstantint/Projects/prefecture/.venv/lib/python3.13/site-packages/aiosqlite/cursor.py", line 32, in _execute
    return await self._conn._execute(fn, *args, **kwargs)
           ^^^^^^^^^^^^^^^^^^^^^^^^^^^^^^^^^^^^^^^^^^^^^^
  File "/usr/local/google/home/konstantint/Projects/prefecture/.venv/lib/python3.13/site-packages/aiosqlite/core.py", line 160, in _execute
    return await future
           ^^^^^^^^^^^^
  File "/usr/local/google/home/konstantint/Projects/prefecture/.venv/lib/python3.13/site-packages/aiosqlite/core.py", line 63, in _connection_worker_thread
    result = function()
sqlite3.OperationalError: unable to open database file

The above exception was the direct cause of the following exception:

Traceback (most recent call last):
  File "/usr/local/google/home/konstantint/Projects/prefecture/.venv/lib/python3.13/site-packages/starlette/routing.py", line 638, in lifespan
    async with self.lifespan_context(app) as maybe_state:
               ~~~~~~~~~~~~~~~~~~~~~^^^^^
  File "/usr/lib/python3.13/contextlib.py", line 214, in __aenter__
    return await anext(self.gen)
           ^^^^^^^^^^^^^^^^^^^^^
  File "/usr/local/google/home/konstantint/Projects/prefecture/.venv/lib/python3.13/site-packages/prefect/server/api/server.py", line 921, in lifespan
    await run_migrations()
  File "/usr/local/google/home/konstantint/Projects/prefecture/.venv/lib/python3.13/site-packages/prefect/server/api/server.py", line 898, in run_migrations
    await db.create_db()
  File "/usr/local/google/home/konstantint/Projects/prefecture/.venv/lib/python3.13/site-packages/prefect/server/database/interface.py", line 77, in create_db
    await self.run_migrations_upgrade()
  File "/usr/local/google/home/konstantint/Projects/prefecture/.venv/lib/python3.13/site-packages/prefect/server/database/interface.py", line 115, in run_migrations_upgrade
    await run_sync_in_worker_thread(alembic_upgrade)
  File "/usr/local/google/home/konstantint/Projects/prefecture/.venv/lib/python3.13/site-packages/prefect/utilities/asyncutils/__init__.py", line 233, in run_sync_in_worker_thread
    result = await anyio.to_thread.run_sync(
             ^^^^^^^^^^^^^^^^^^^^^^^^^^^^^^^
        call_with_mark, call, abandon_on_cancel=True, limiter=get_thread_limiter()
        ^^^^^^^^^^^^^^^^^^^^^^^^^^^^^^^^^^^^^^^^^^^^^^^^^^^^^^^^^^^^^^^^^^^^^^^^^^
    )
    ^
  File "/usr/local/google/home/konstantint/Projects/prefecture/.venv/lib/python3.13/site-packages/anyio/to_thread.py", line 63, in run_sync
    return await get_async_backend().run_sync_in_worker_thread(
           ^^^^^^^^^^^^^^^^^^^^^^^^^^^^^^^^^^^^^^^^^^^^^^^^^^^^
        func, args, abandon_on_cancel=abandon_on_cancel, limiter=limiter
        ^^^^^^^^^^^^^^^^^^^^^^^^^^^^^^^^^^^^^^^^^^^^^^^^^^^^^^^^^^^^^^^^
    )
    ^
  File "/usr/local/google/home/konstantint/Projects/prefecture/.venv/lib/python3.13/site-packages/anyio/_backends/_asyncio.py", line 2518, in run_sync_in_worker_thread
    return await future
           ^^^^^^^^^^^^
  File "/usr/local/google/home/konstantint/Projects/prefecture/.venv/lib/python3.13/site-packages/anyio/_backends/_asyncio.py", line 1002, in run
    result = context.run(func, *args)
  File "/usr/local/google/home/konstantint/Projects/prefecture/.venv/lib/python3.13/site-packages/prefect/utilities/asyncutils/__init__.py", line 243, in call_with_mark
    return call()
  File "/usr/local/google/home/konstantint/Projects/prefecture/.venv/lib/python3.13/site-packages/prefect/server/database/alembic_commands.py", line 36, in wrapper
    return fn(*args, **kwargs)
  File "/usr/local/google/home/konstantint/Projects/prefecture/.venv/lib/python3.13/site-packages/prefect/server/database/alembic_commands.py", line 72, in alembic_upgrade
    alembic.command.upgrade(alembic_config(), revision, sql=dry_run)
    ~~~~~~~~~~~~~~~~~~~~~~~^^^^^^^^^^^^^^^^^^^^^^^^^^^^^^^^^^^^^^^^^
  File "/usr/local/google/home/konstantint/Projects/prefecture/.venv/lib/python3.13/site-packages/alembic/command.py", line 483, in upgrade
    script.run_env()
    ~~~~~~~~~~~~~~^^
  File "/usr/local/google/home/konstantint/Projects/prefecture/.venv/lib/python3.13/site-packages/alembic/script/base.py", line 545, in run_env
    util.load_python_file(self.dir, "env.py")
    ~~~~~~~~~~~~~~~~~~~~~^^^^^^^^^^^^^^^^^^^^
  File "/usr/local/google/home/konstantint/Projects/prefecture/.venv/lib/python3.13/site-packages/alembic/util/pyfiles.py", line 116, in load_python_file
    module = load_module_py(module_id, path)
  File "/usr/local/google/home/konstantint/Projects/prefecture/.venv/lib/python3.13/site-packages/alembic/util/pyfiles.py", line 136, in load_module_py
    spec.loader.exec_module(module)  # type: ignore
    ~~~~~~~~~~~~~~~~~~~~~~~^^^^^^^^
  File "<frozen importlib._bootstrap_external>", line 1023, in exec_module
  File "<frozen importlib._bootstrap>", line 488, in _call_with_frames_removed
  File "/usr/local/google/home/konstantint/Projects/prefecture/.venv/lib/python3.13/site-packages/prefect/server/database/_migrations/env.py", line 201, in <module>
    run_async_from_worker_thread(apply_migrations)
    ~~~~~~~~~~~~~~~~~~~~~~~~~~~~^^^^^^^^^^^^^^^^^^
  File "/usr/local/google/home/konstantint/Projects/prefecture/.venv/lib/python3.13/site-packages/prefect/utilities/asyncutils/__init__.py", line 254, in run_async_from_worker_thread
    return anyio.from_thread.run(call)
           ~~~~~~~~~~~~~~~~~~~~~^^^^^^
  File "/usr/local/google/home/konstantint/Projects/prefecture/.venv/lib/python3.13/site-packages/anyio/from_thread.py", line 90, in run
    return token.backend_class.run_async_from_thread(
           ~~~~~~~~~~~~~~~~~~~~~~~~~~~~~~~~~~~~~~~~~^
        func, args, token=token.native_token if explicit_token else None
        ^^^^^^^^^^^^^^^^^^^^^^^^^^^^^^^^^^^^^^^^^^^^^^^^^^^^^^^^^^^^^^^^
    )
    ^
  File "/usr/local/google/home/konstantint/Projects/prefecture/.venv/lib/python3.13/site-packages/anyio/_backends/_asyncio.py", line 2565, in run_async_from_thread
    return f.result()
           ~~~~~~~~^^
  File "/usr/lib/python3.13/concurrent/futures/_base.py", line 460, in result
    return self.__get_result()
           ~~~~~~~~~~~~~~~~~^^
  File "/usr/lib/python3.13/concurrent/futures/_base.py", line 402, in __get_result
    raise self._exception
  File "/usr/local/google/home/konstantint/Projects/prefecture/.venv/lib/python3.13/site-packages/anyio/_backends/_asyncio.py", line 2546, in task_wrapper
    return await func(*args)
           ^^^^^^^^^^^^^^^^^
  File "/usr/local/google/home/konstantint/Projects/prefecture/.venv/lib/python3.13/site-packages/prefect/server/database/_migrations/env.py", line 189, in apply_migrations
    async with engine.connect() as connection:
               ~~~~~~~~~~~~~~^^
  File "/usr/local/google/home/konstantint/Projects/prefecture/.venv/lib/python3.13/site-packages/sqlalchemy/ext/asyncio/base.py", line 121, in __aenter__
    return await self.start(is_ctxmanager=True)
           ^^^^^^^^^^^^^^^^^^^^^^^^^^^^^^^^^^^^
  File "/usr/local/google/home/konstantint/Projects/prefecture/.venv/lib/python3.13/site-packages/sqlalchemy/ext/asyncio/engine.py", line 275, in start
    await greenlet_spawn(self.sync_engine.connect)
  File "/usr/local/google/home/konstantint/Projects/prefecture/.venv/lib/python3.13/site-packages/sqlalchemy/util/_concurrency_py3k.py", line 201, in greenlet_spawn
    result = context.throw(*sys.exc_info())
  File "/usr/local/google/home/konstantint/Projects/prefecture/.venv/lib/python3.13/site-packages/sqlalchemy/engine/base.py", line 3293, in connect
    return self._connection_cls(self)
           ~~~~~~~~~~~~~~~~~~~~^^^^^^
  File "/usr/local/google/home/konstantint/Projects/prefecture/.venv/lib/python3.13/site-packages/sqlalchemy/engine/base.py", line 145, in __init__
    Connection._handle_dbapi_exception_noconnection(
    ~~~~~~~~~~~~~~~~~~~~~~~~~~~~~~~~~~~~~~~~~~~~~~~^
        err, dialect, engine
        ^^^^^^^^^^^^^^^^^^^^
    )
    ^
  File "/usr/local/google/home/konstantint/Projects/prefecture/.venv/lib/python3.13/site-packages/sqlalchemy/engine/base.py", line 2448, in _handle_dbapi_exception_noconnection
    raise sqlalchemy_exception.with_traceback(exc_info[2]) from e
  File "/usr/local/google/home/konstantint/Projects/prefecture/.venv/lib/python3.13/site-packages/sqlalchemy/engine/base.py", line 143, in __init__
    self._dbapi_connection = engine.raw_connection()
                             ~~~~~~~~~~~~~~~~~~~~~^^
  File "/usr/local/google/home/konstantint/Projects/prefecture/.venv/lib/python3.13/site-packages/sqlalchemy/engine/base.py", line 3317, in raw_connection
    return self.pool.connect()
           ~~~~~~~~~~~~~~~~~^^
  File "/usr/local/google/home/konstantint/Projects/prefecture/.venv/lib/python3.13/site-packages/sqlalchemy/pool/base.py", line 448, in connect
    return _ConnectionFairy._checkout(self)
           ~~~~~~~~~~~~~~~~~~~~~~~~~~^^^^^^
  File "/usr/local/google/home/konstantint/Projects/prefecture/.venv/lib/python3.13/site-packages/sqlalchemy/pool/base.py", line 1272, in _checkout
    fairy = _ConnectionRecord.checkout(pool)
  File "/usr/local/google/home/konstantint/Projects/prefecture/.venv/lib/python3.13/site-packages/sqlalchemy/pool/base.py", line 712, in checkout
    rec = pool._do_get()
  File "/usr/local/google/home/konstantint/Projects/prefecture/.venv/lib/python3.13/site-packages/sqlalchemy/pool/impl.py", line 177, in _do_get
    with util.safe_reraise():
         ~~~~~~~~~~~~~~~~~^^
  File "/usr/local/google/home/konstantint/Projects/prefecture/.venv/lib/python3.13/site-packages/sqlalchemy/util/langhelpers.py", line 121, in __exit__
    raise exc_value.with_traceback(exc_tb)
  File "/usr/local/google/home/konstantint/Projects/prefecture/.venv/lib/python3.13/site-packages/sqlalchemy/pool/impl.py", line 175, in _do_get
    return self._create_connection()
           ~~~~~~~~~~~~~~~~~~~~~~~^^
  File "/usr/local/google/home/konstantint/Projects/prefecture/.venv/lib/python3.13/site-packages/sqlalchemy/pool/base.py", line 389, in _create_connection
    return _ConnectionRecord(self)
  File "/usr/local/google/home/konstantint/Projects/prefecture/.venv/lib/python3.13/site-packages/sqlalchemy/pool/base.py", line 674, in __init__
    self.__connect()
    ~~~~~~~~~~~~~~^^
  File "/usr/local/google/home/konstantint/Projects/prefecture/.venv/lib/python3.13/site-packages/sqlalchemy/pool/base.py", line 914, in __connect
    )._exec_w_sync_on_first_run(self.dbapi_connection, self)
      ~~~~~~~~~~~~~~~~~~~~~~~~~^^^^^^^^^^^^^^^^^^^^^^^^^^^^^
  File "/usr/local/google/home/konstantint/Projects/prefecture/.venv/lib/python3.13/site-packages/sqlalchemy/event/attr.py", line 501, in _exec_w_sync_on_first_run
    self(*args, **kw)
    ~~~~^^^^^^^^^^^^^
  File "/usr/local/google/home/konstantint/Projects/prefecture/.venv/lib/python3.13/site-packages/sqlalchemy/event/attr.py", line 515, in __call__
    fn(*args, **kw)
    ~~^^^^^^^^^^^^^
  File "/usr/local/google/home/konstantint/Projects/prefecture/.venv/lib/python3.13/site-packages/prefect/server/database/configurations.py", line 530, in setup_sqlite
    cursor.execute("PRAGMA journal_mode = WAL;")
    ~~~~~~~~~~~~~~^^^^^^^^^^^^^^^^^^^^^^^^^^^^^^
  File "/usr/local/google/home/konstantint/Projects/prefecture/.venv/lib/python3.13/site-packages/sqlalchemy/dialects/sqlite/aiosqlite.py", line 182, in execute
    self._adapt_connection._handle_exception(error)
    ~~~~~~~~~~~~~~~~~~~~~~~~~~~~~~~~~~~~~~~~^^^^^^^
  File "/usr/local/google/home/konstantint/Projects/prefecture/.venv/lib/python3.13/site-packages/sqlalchemy/dialects/sqlite/aiosqlite.py", line 342, in _handle_exception
    raise error
  File "/usr/local/google/home/konstantint/Projects/prefecture/.venv/lib/python3.13/site-packages/sqlalchemy/dialects/sqlite/aiosqlite.py", line 162, in execute
    self.await_(_cursor.execute(operation))
    ~~~~~~~~~~~^^^^^^^^^^^^^^^^^^^^^^^^^^^^
  File "/usr/local/google/home/konstantint/Projects/prefecture/.venv/lib/python3.13/site-packages/sqlalchemy/util/_concurrency_py3k.py", line 132, in await_only
    return current.parent.switch(awaitable)  # type: ignore[no-any-return,attr-defined] # noqa: E501
           ~~~~~~~~~~~~~~~~~~~~~^^^^^^^^^^^
  File "/usr/local/google/home/konstantint/Projects/prefecture/.venv/lib/python3.13/site-packages/sqlalchemy/util/_concurrency_py3k.py", line 196, in greenlet_spawn
    value = await result
            ^^^^^^^^^^^^
  File "/usr/local/google/home/konstantint/Projects/prefecture/.venv/lib/python3.13/site-packages/aiosqlite/cursor.py", line 40, in execute
    await self._execute(self._cursor.execute, sql, parameters)
  File "/usr/local/google/home/konstantint/Projects/prefecture/.venv/lib/python3.13/site-packages/aiosqlite/cursor.py", line 32, in _execute
    return await self._conn._execute(fn, *args, **kwargs)
           ^^^^^^^^^^^^^^^^^^^^^^^^^^^^^^^^^^^^^^^^^^^^^^
  File "/usr/local/google/home/konstantint/Projects/prefecture/.venv/lib/python3.13/site-packages/aiosqlite/core.py", line 160, in _execute
    return await future
           ^^^^^^^^^^^^
  File "/usr/local/google/home/konstantint/Projects/prefecture/.venv/lib/python3.13/site-packages/aiosqlite/core.py", line 63, in _connection_worker_thread
    result = function()
sqlalchemy.exc.OperationalError: (sqlite3.OperationalError) unable to open database file
(Background on this error at: https://sqlalche.me/e/20/e3q8)

14:15:11.313 | ERROR   | uvicorn.error - Application startup failed. Exiting.
------------------------------ Captured log call -------------------------------
INFO     prefect:server.py:1127 Starting temporary server on http://127.0.0.1:8264
See https://docs.prefect.io/v3/concepts/server#how-to-guides for more information on running a dedicated Prefect server.
______________________ test_run_dir_file_loader_days_ago _______________________

test_template_dir = PosixPath('/tmp/pytest-of-konstantint/pytest-2/test_run_dir_file_loader_days_0')

    def test_run_dir_file_loader_days_ago(test_template_dir):
        """Test RunDirFileLoader with days_ago parameter."""
        # Create mock data directory structure
        base_dir = test_template_dir / "data"
        base_dir.mkdir()
    
        prev_dir = base_dir / "2023-10-24"
        prev_dir.mkdir()
        with open(prev_dir / "digest.md", "w") as f:
            f.write("Previous content")
    
        run_dir = base_dir / "2023-10-25"
        run_dir.mkdir()
    
        prompt_config = {
            "template_file": "test_prompt.j2",
            "params": {"name": "LoaderTest"},
            "context_loaders": [
                {
                    "type": "run_dir_file",
                    "assign_to": "last_weeks_digest",
                    "params": {"file_name": "digest.md", "days_ago": 1},
                }
            ],
        }
    
        generator = templating.Jinja2Templater(
                config_dir=test_template_dir, run_dir=run_dir, **prompt_config
        )
>       generated_prompt = generator()
                           ^^^^^^^^^^^

prefecture/operations/templating_test.py:127: 
_ _ _ _ _ _ _ _ _ _ _ _ _ _ _ _ _ _ _ _ _ _ _ _ _ _ _ _ _ _ _ _ _ _ _ _ _ _ _ _ 
.venv/lib/python3.13/site-packages/prefect/tasks.py:1213: in __call__
    return run_task(
.venv/lib/python3.13/site-packages/prefect/task_engine.py:1902: in run_task
    return run_task_sync(**kwargs)
           ^^^^^^^^^^^^^^^^^^^^^^^
.venv/lib/python3.13/site-packages/prefect/task_engine.py:1667: in run_task_sync
    with engine.start(task_run_id=task_run_id, dependencies=dependencies):
         ^^^^^^^^^^^^^^^^^^^^^^^^^^^^^^^^^^^^^^^^^^^^^^^^^^^^^^^^^^^^^^^^
/usr/lib/python3.13/contextlib.py:141: in __enter__
    return next(self.gen)
           ^^^^^^^^^^^^^^
.venv/lib/python3.13/site-packages/prefect/task_engine.py:920: in start
    with self.initialize_run(task_run_id=task_run_id, dependencies=dependencies):
         ^^^^^^^^^^^^^^^^^^^^^^^^^^^^^^^^^^^^^^^^^^^^^^^^^^^^^^^^^^^^^^^^^^^^^^^
/usr/lib/python3.13/contextlib.py:141: in __enter__
    return next(self.gen)
           ^^^^^^^^^^^^^^
.venv/lib/python3.13/site-packages/prefect/task_engine.py:822: in initialize_run
    with SyncClientContext.get_or_create() as client_ctx:
         ^^^^^^^^^^^^^^^^^^^^^^^^^^^^^^^^^
/usr/lib/python3.13/contextlib.py:141: in __enter__
    return next(self.gen)
           ^^^^^^^^^^^^^^
.venv/lib/python3.13/site-packages/prefect/context.py:337: in get_or_create
    with cls() as ctx:
         ^^^^^
.venv/lib/python3.13/site-packages/prefect/context.py:305: in __init__
    client=get_client(sync_client=True, httpx_settings=httpx_settings),
           ^^^^^^^^^^^^^^^^^^^^^^^^^^^^^^^^^^^^^^^^^^^^^^^^^^^^^^^^^^^
.venv/lib/python3.13/site-packages/prefect/client/orchestration/__init__.py:252: in get_client
    server.start()
.venv/lib/python3.13/site-packages/prefect/server/api/server.py:1154: in start
    response.raise_for_status()
_ _ _ _ _ _ _ _ _ _ _ _ _ _ _ _ _ _ _ _ _ _ _ _ _ _ _ _ _ _ _ _ _ _ _ _ _ _ _ _ 

self = <Response [400 Bad Request]>

    def raise_for_status(self) -> Response:
        """
        Raise the `HTTPStatusError` if one occurred.
        """
        request = self._request
        if request is None:
            raise RuntimeError(
                "Cannot call `raise_for_status` as the request "
                "instance has not been set on this response."
            )
    
        if self.is_success:
            return self
    
        if self.has_redirect_location:
            message = (
                "{error_type} '{0.status_code} {0.reason_phrase}' for url '{0.url}'\n"
                "Redirect location: '{0.headers[location]}'\n"
                "For more information check: https://developer.mozilla.org/en-US/docs/Web/HTTP/Status/{0.status_code}"
            )
        else:
            message = (
                "{error_type} '{0.status_code} {0.reason_phrase}' for url '{0.url}'\n"
                "For more information check: https://developer.mozilla.org/en-US/docs/Web/HTTP/Status/{0.status_code}"
            )
    
        status_class = self.status_code // 100
        error_types = {
            1: "Informational response",
            3: "Redirect response",
            4: "Client error",
            5: "Server error",
        }
        error_type = error_types.get(status_class, "Invalid status code")
        message = message.format(self, error_type=error_type)
>       raise HTTPStatusError(message, request=request, response=self)
E       httpx.HTTPStatusError: Client error '400 Bad Request' for url 'http://127.0.0.1:8184/api/health'
E       For more information check: https://developer.mozilla.org/en-US/docs/Web/HTTP/Status/400

.venv/lib/python3.13/site-packages/httpx/_models.py:829: HTTPStatusError
----------------------------- Captured stderr call -----------------------------
14:15:14.059 | INFO    | prefect - Starting temporary server on http://127.0.0.1:8508
See https://docs.prefect.io/v3/concepts/server#how-to-guides for more information on running a dedicated Prefect server.
14:15:17.736 | ERROR   | uvicorn.error - Traceback (most recent call last):
  File "/usr/local/google/home/konstantint/Projects/prefecture/.venv/lib/python3.13/site-packages/sqlalchemy/engine/base.py", line 143, in __init__
    self._dbapi_connection = engine.raw_connection()
                             ~~~~~~~~~~~~~~~~~~~~~^^
  File "/usr/local/google/home/konstantint/Projects/prefecture/.venv/lib/python3.13/site-packages/sqlalchemy/engine/base.py", line 3317, in raw_connection
    return self.pool.connect()
           ~~~~~~~~~~~~~~~~~^^
  File "/usr/local/google/home/konstantint/Projects/prefecture/.venv/lib/python3.13/site-packages/sqlalchemy/pool/base.py", line 448, in connect
    return _ConnectionFairy._checkout(self)
           ~~~~~~~~~~~~~~~~~~~~~~~~~~^^^^^^
  File "/usr/local/google/home/konstantint/Projects/prefecture/.venv/lib/python3.13/site-packages/sqlalchemy/pool/base.py", line 1272, in _checkout
    fairy = _ConnectionRecord.checkout(pool)
  File "/usr/local/google/home/konstantint/Projects/prefecture/.venv/lib/python3.13/site-packages/sqlalchemy/pool/base.py", line 712, in checkout
    rec = pool._do_get()
  File "/usr/local/google/home/konstantint/Projects/prefecture/.venv/lib/python3.13/site-packages/sqlalchemy/pool/impl.py", line 177, in _do_get
    with util.safe_reraise():
         ~~~~~~~~~~~~~~~~~^^
  File "/usr/local/google/home/konstantint/Projects/prefecture/.venv/lib/python3.13/site-packages/sqlalchemy/util/langhelpers.py", line 121, in __exit__
    raise exc_value.with_traceback(exc_tb)
  File "/usr/local/google/home/konstantint/Projects/prefecture/.venv/lib/python3.13/site-packages/sqlalchemy/pool/impl.py", line 175, in _do_get
    return self._create_connection()
           ~~~~~~~~~~~~~~~~~~~~~~~^^
  File "/usr/local/google/home/konstantint/Projects/prefecture/.venv/lib/python3.13/site-packages/sqlalchemy/pool/base.py", line 389, in _create_connection
    return _ConnectionRecord(self)
  File "/usr/local/google/home/konstantint/Projects/prefecture/.venv/lib/python3.13/site-packages/sqlalchemy/pool/base.py", line 674, in __init__
    self.__connect()
    ~~~~~~~~~~~~~~^^
  File "/usr/local/google/home/konstantint/Projects/prefecture/.venv/lib/python3.13/site-packages/sqlalchemy/pool/base.py", line 914, in __connect
    )._exec_w_sync_on_first_run(self.dbapi_connection, self)
      ~~~~~~~~~~~~~~~~~~~~~~~~~^^^^^^^^^^^^^^^^^^^^^^^^^^^^^
  File "/usr/local/google/home/konstantint/Projects/prefecture/.venv/lib/python3.13/site-packages/sqlalchemy/event/attr.py", line 501, in _exec_w_sync_on_first_run
    self(*args, **kw)
    ~~~~^^^^^^^^^^^^^
  File "/usr/local/google/home/konstantint/Projects/prefecture/.venv/lib/python3.13/site-packages/sqlalchemy/event/attr.py", line 515, in __call__
    fn(*args, **kw)
    ~~^^^^^^^^^^^^^
  File "/usr/local/google/home/konstantint/Projects/prefecture/.venv/lib/python3.13/site-packages/prefect/server/database/configurations.py", line 530, in setup_sqlite
    cursor.execute("PRAGMA journal_mode = WAL;")
    ~~~~~~~~~~~~~~^^^^^^^^^^^^^^^^^^^^^^^^^^^^^^
  File "/usr/local/google/home/konstantint/Projects/prefecture/.venv/lib/python3.13/site-packages/sqlalchemy/dialects/sqlite/aiosqlite.py", line 182, in execute
    self._adapt_connection._handle_exception(error)
    ~~~~~~~~~~~~~~~~~~~~~~~~~~~~~~~~~~~~~~~~^^^^^^^
  File "/usr/local/google/home/konstantint/Projects/prefecture/.venv/lib/python3.13/site-packages/sqlalchemy/dialects/sqlite/aiosqlite.py", line 342, in _handle_exception
    raise error
  File "/usr/local/google/home/konstantint/Projects/prefecture/.venv/lib/python3.13/site-packages/sqlalchemy/dialects/sqlite/aiosqlite.py", line 162, in execute
    self.await_(_cursor.execute(operation))
    ~~~~~~~~~~~^^^^^^^^^^^^^^^^^^^^^^^^^^^^
  File "/usr/local/google/home/konstantint/Projects/prefecture/.venv/lib/python3.13/site-packages/sqlalchemy/util/_concurrency_py3k.py", line 132, in await_only
    return current.parent.switch(awaitable)  # type: ignore[no-any-return,attr-defined] # noqa: E501
           ~~~~~~~~~~~~~~~~~~~~~^^^^^^^^^^^
  File "/usr/local/google/home/konstantint/Projects/prefecture/.venv/lib/python3.13/site-packages/sqlalchemy/util/_concurrency_py3k.py", line 196, in greenlet_spawn
    value = await result
            ^^^^^^^^^^^^
  File "/usr/local/google/home/konstantint/Projects/prefecture/.venv/lib/python3.13/site-packages/aiosqlite/cursor.py", line 40, in execute
    await self._execute(self._cursor.execute, sql, parameters)
  File "/usr/local/google/home/konstantint/Projects/prefecture/.venv/lib/python3.13/site-packages/aiosqlite/cursor.py", line 32, in _execute
    return await self._conn._execute(fn, *args, **kwargs)
           ^^^^^^^^^^^^^^^^^^^^^^^^^^^^^^^^^^^^^^^^^^^^^^
  File "/usr/local/google/home/konstantint/Projects/prefecture/.venv/lib/python3.13/site-packages/aiosqlite/core.py", line 160, in _execute
    return await future
           ^^^^^^^^^^^^
  File "/usr/local/google/home/konstantint/Projects/prefecture/.venv/lib/python3.13/site-packages/aiosqlite/core.py", line 63, in _connection_worker_thread
    result = function()
sqlite3.OperationalError: unable to open database file

The above exception was the direct cause of the following exception:

Traceback (most recent call last):
  File "/usr/local/google/home/konstantint/Projects/prefecture/.venv/lib/python3.13/site-packages/starlette/routing.py", line 638, in lifespan
    async with self.lifespan_context(app) as maybe_state:
               ~~~~~~~~~~~~~~~~~~~~~^^^^^
  File "/usr/lib/python3.13/contextlib.py", line 214, in __aenter__
    return await anext(self.gen)
           ^^^^^^^^^^^^^^^^^^^^^
  File "/usr/local/google/home/konstantint/Projects/prefecture/.venv/lib/python3.13/site-packages/prefect/server/api/server.py", line 921, in lifespan
    await run_migrations()
  File "/usr/local/google/home/konstantint/Projects/prefecture/.venv/lib/python3.13/site-packages/prefect/server/api/server.py", line 898, in run_migrations
    await db.create_db()
  File "/usr/local/google/home/konstantint/Projects/prefecture/.venv/lib/python3.13/site-packages/prefect/server/database/interface.py", line 77, in create_db
    await self.run_migrations_upgrade()
  File "/usr/local/google/home/konstantint/Projects/prefecture/.venv/lib/python3.13/site-packages/prefect/server/database/interface.py", line 115, in run_migrations_upgrade
    await run_sync_in_worker_thread(alembic_upgrade)
  File "/usr/local/google/home/konstantint/Projects/prefecture/.venv/lib/python3.13/site-packages/prefect/utilities/asyncutils/__init__.py", line 233, in run_sync_in_worker_thread
    result = await anyio.to_thread.run_sync(
             ^^^^^^^^^^^^^^^^^^^^^^^^^^^^^^^
        call_with_mark, call, abandon_on_cancel=True, limiter=get_thread_limiter()
        ^^^^^^^^^^^^^^^^^^^^^^^^^^^^^^^^^^^^^^^^^^^^^^^^^^^^^^^^^^^^^^^^^^^^^^^^^^
    )
    ^
  File "/usr/local/google/home/konstantint/Projects/prefecture/.venv/lib/python3.13/site-packages/anyio/to_thread.py", line 63, in run_sync
    return await get_async_backend().run_sync_in_worker_thread(
           ^^^^^^^^^^^^^^^^^^^^^^^^^^^^^^^^^^^^^^^^^^^^^^^^^^^^
        func, args, abandon_on_cancel=abandon_on_cancel, limiter=limiter
        ^^^^^^^^^^^^^^^^^^^^^^^^^^^^^^^^^^^^^^^^^^^^^^^^^^^^^^^^^^^^^^^^
    )
    ^
  File "/usr/local/google/home/konstantint/Projects/prefecture/.venv/lib/python3.13/site-packages/anyio/_backends/_asyncio.py", line 2518, in run_sync_in_worker_thread
    return await future
           ^^^^^^^^^^^^
  File "/usr/local/google/home/konstantint/Projects/prefecture/.venv/lib/python3.13/site-packages/anyio/_backends/_asyncio.py", line 1002, in run
    result = context.run(func, *args)
  File "/usr/local/google/home/konstantint/Projects/prefecture/.venv/lib/python3.13/site-packages/prefect/utilities/asyncutils/__init__.py", line 243, in call_with_mark
    return call()
  File "/usr/local/google/home/konstantint/Projects/prefecture/.venv/lib/python3.13/site-packages/prefect/server/database/alembic_commands.py", line 36, in wrapper
    return fn(*args, **kwargs)
  File "/usr/local/google/home/konstantint/Projects/prefecture/.venv/lib/python3.13/site-packages/prefect/server/database/alembic_commands.py", line 72, in alembic_upgrade
    alembic.command.upgrade(alembic_config(), revision, sql=dry_run)
    ~~~~~~~~~~~~~~~~~~~~~~~^^^^^^^^^^^^^^^^^^^^^^^^^^^^^^^^^^^^^^^^^
  File "/usr/local/google/home/konstantint/Projects/prefecture/.venv/lib/python3.13/site-packages/alembic/command.py", line 483, in upgrade
    script.run_env()
    ~~~~~~~~~~~~~~^^
  File "/usr/local/google/home/konstantint/Projects/prefecture/.venv/lib/python3.13/site-packages/alembic/script/base.py", line 545, in run_env
    util.load_python_file(self.dir, "env.py")
    ~~~~~~~~~~~~~~~~~~~~~^^^^^^^^^^^^^^^^^^^^
  File "/usr/local/google/home/konstantint/Projects/prefecture/.venv/lib/python3.13/site-packages/alembic/util/pyfiles.py", line 116, in load_python_file
    module = load_module_py(module_id, path)
  File "/usr/local/google/home/konstantint/Projects/prefecture/.venv/lib/python3.13/site-packages/alembic/util/pyfiles.py", line 136, in load_module_py
    spec.loader.exec_module(module)  # type: ignore
    ~~~~~~~~~~~~~~~~~~~~~~~^^^^^^^^
  File "<frozen importlib._bootstrap_external>", line 1023, in exec_module
  File "<frozen importlib._bootstrap>", line 488, in _call_with_frames_removed
  File "/usr/local/google/home/konstantint/Projects/prefecture/.venv/lib/python3.13/site-packages/prefect/server/database/_migrations/env.py", line 201, in <module>
    run_async_from_worker_thread(apply_migrations)
    ~~~~~~~~~~~~~~~~~~~~~~~~~~~~^^^^^^^^^^^^^^^^^^
  File "/usr/local/google/home/konstantint/Projects/prefecture/.venv/lib/python3.13/site-packages/prefect/utilities/asyncutils/__init__.py", line 254, in run_async_from_worker_thread
    return anyio.from_thread.run(call)
           ~~~~~~~~~~~~~~~~~~~~~^^^^^^
  File "/usr/local/google/home/konstantint/Projects/prefecture/.venv/lib/python3.13/site-packages/anyio/from_thread.py", line 90, in run
    return token.backend_class.run_async_from_thread(
           ~~~~~~~~~~~~~~~~~~~~~~~~~~~~~~~~~~~~~~~~~^
        func, args, token=token.native_token if explicit_token else None
        ^^^^^^^^^^^^^^^^^^^^^^^^^^^^^^^^^^^^^^^^^^^^^^^^^^^^^^^^^^^^^^^^
    )
    ^
  File "/usr/local/google/home/konstantint/Projects/prefecture/.venv/lib/python3.13/site-packages/anyio/_backends/_asyncio.py", line 2565, in run_async_from_thread
    return f.result()
           ~~~~~~~~^^
  File "/usr/lib/python3.13/concurrent/futures/_base.py", line 460, in result
    return self.__get_result()
           ~~~~~~~~~~~~~~~~~^^
  File "/usr/lib/python3.13/concurrent/futures/_base.py", line 402, in __get_result
    raise self._exception
  File "/usr/local/google/home/konstantint/Projects/prefecture/.venv/lib/python3.13/site-packages/anyio/_backends/_asyncio.py", line 2546, in task_wrapper
    return await func(*args)
           ^^^^^^^^^^^^^^^^^
  File "/usr/local/google/home/konstantint/Projects/prefecture/.venv/lib/python3.13/site-packages/prefect/server/database/_migrations/env.py", line 189, in apply_migrations
    async with engine.connect() as connection:
               ~~~~~~~~~~~~~~^^
  File "/usr/local/google/home/konstantint/Projects/prefecture/.venv/lib/python3.13/site-packages/sqlalchemy/ext/asyncio/base.py", line 121, in __aenter__
    return await self.start(is_ctxmanager=True)
           ^^^^^^^^^^^^^^^^^^^^^^^^^^^^^^^^^^^^
  File "/usr/local/google/home/konstantint/Projects/prefecture/.venv/lib/python3.13/site-packages/sqlalchemy/ext/asyncio/engine.py", line 275, in start
    await greenlet_spawn(self.sync_engine.connect)
  File "/usr/local/google/home/konstantint/Projects/prefecture/.venv/lib/python3.13/site-packages/sqlalchemy/util/_concurrency_py3k.py", line 201, in greenlet_spawn
    result = context.throw(*sys.exc_info())
  File "/usr/local/google/home/konstantint/Projects/prefecture/.venv/lib/python3.13/site-packages/sqlalchemy/engine/base.py", line 3293, in connect
    return self._connection_cls(self)
           ~~~~~~~~~~~~~~~~~~~~^^^^^^
  File "/usr/local/google/home/konstantint/Projects/prefecture/.venv/lib/python3.13/site-packages/sqlalchemy/engine/base.py", line 145, in __init__
    Connection._handle_dbapi_exception_noconnection(
    ~~~~~~~~~~~~~~~~~~~~~~~~~~~~~~~~~~~~~~~~~~~~~~~^
        err, dialect, engine
        ^^^^^^^^^^^^^^^^^^^^
    )
    ^
  File "/usr/local/google/home/konstantint/Projects/prefecture/.venv/lib/python3.13/site-packages/sqlalchemy/engine/base.py", line 2448, in _handle_dbapi_exception_noconnection
    raise sqlalchemy_exception.with_traceback(exc_info[2]) from e
  File "/usr/local/google/home/konstantint/Projects/prefecture/.venv/lib/python3.13/site-packages/sqlalchemy/engine/base.py", line 143, in __init__
    self._dbapi_connection = engine.raw_connection()
                             ~~~~~~~~~~~~~~~~~~~~~^^
  File "/usr/local/google/home/konstantint/Projects/prefecture/.venv/lib/python3.13/site-packages/sqlalchemy/engine/base.py", line 3317, in raw_connection
    return self.pool.connect()
           ~~~~~~~~~~~~~~~~~^^
  File "/usr/local/google/home/konstantint/Projects/prefecture/.venv/lib/python3.13/site-packages/sqlalchemy/pool/base.py", line 448, in connect
    return _ConnectionFairy._checkout(self)
           ~~~~~~~~~~~~~~~~~~~~~~~~~~^^^^^^
  File "/usr/local/google/home/konstantint/Projects/prefecture/.venv/lib/python3.13/site-packages/sqlalchemy/pool/base.py", line 1272, in _checkout
    fairy = _ConnectionRecord.checkout(pool)
  File "/usr/local/google/home/konstantint/Projects/prefecture/.venv/lib/python3.13/site-packages/sqlalchemy/pool/base.py", line 712, in checkout
    rec = pool._do_get()
  File "/usr/local/google/home/konstantint/Projects/prefecture/.venv/lib/python3.13/site-packages/sqlalchemy/pool/impl.py", line 177, in _do_get
    with util.safe_reraise():
         ~~~~~~~~~~~~~~~~~^^
  File "/usr/local/google/home/konstantint/Projects/prefecture/.venv/lib/python3.13/site-packages/sqlalchemy/util/langhelpers.py", line 121, in __exit__
    raise exc_value.with_traceback(exc_tb)
  File "/usr/local/google/home/konstantint/Projects/prefecture/.venv/lib/python3.13/site-packages/sqlalchemy/pool/impl.py", line 175, in _do_get
    return self._create_connection()
           ~~~~~~~~~~~~~~~~~~~~~~~^^
  File "/usr/local/google/home/konstantint/Projects/prefecture/.venv/lib/python3.13/site-packages/sqlalchemy/pool/base.py", line 389, in _create_connection
    return _ConnectionRecord(self)
  File "/usr/local/google/home/konstantint/Projects/prefecture/.venv/lib/python3.13/site-packages/sqlalchemy/pool/base.py", line 674, in __init__
    self.__connect()
    ~~~~~~~~~~~~~~^^
  File "/usr/local/google/home/konstantint/Projects/prefecture/.venv/lib/python3.13/site-packages/sqlalchemy/pool/base.py", line 914, in __connect
    )._exec_w_sync_on_first_run(self.dbapi_connection, self)
      ~~~~~~~~~~~~~~~~~~~~~~~~~^^^^^^^^^^^^^^^^^^^^^^^^^^^^^
  File "/usr/local/google/home/konstantint/Projects/prefecture/.venv/lib/python3.13/site-packages/sqlalchemy/event/attr.py", line 501, in _exec_w_sync_on_first_run
    self(*args, **kw)
    ~~~~^^^^^^^^^^^^^
  File "/usr/local/google/home/konstantint/Projects/prefecture/.venv/lib/python3.13/site-packages/sqlalchemy/event/attr.py", line 515, in __call__
    fn(*args, **kw)
    ~~^^^^^^^^^^^^^
  File "/usr/local/google/home/konstantint/Projects/prefecture/.venv/lib/python3.13/site-packages/prefect/server/database/configurations.py", line 530, in setup_sqlite
    cursor.execute("PRAGMA journal_mode = WAL;")
    ~~~~~~~~~~~~~~^^^^^^^^^^^^^^^^^^^^^^^^^^^^^^
  File "/usr/local/google/home/konstantint/Projects/prefecture/.venv/lib/python3.13/site-packages/sqlalchemy/dialects/sqlite/aiosqlite.py", line 182, in execute
    self._adapt_connection._handle_exception(error)
    ~~~~~~~~~~~~~~~~~~~~~~~~~~~~~~~~~~~~~~~~^^^^^^^
  File "/usr/local/google/home/konstantint/Projects/prefecture/.venv/lib/python3.13/site-packages/sqlalchemy/dialects/sqlite/aiosqlite.py", line 342, in _handle_exception
    raise error
  File "/usr/local/google/home/konstantint/Projects/prefecture/.venv/lib/python3.13/site-packages/sqlalchemy/dialects/sqlite/aiosqlite.py", line 162, in execute
    self.await_(_cursor.execute(operation))
    ~~~~~~~~~~~^^^^^^^^^^^^^^^^^^^^^^^^^^^^
  File "/usr/local/google/home/konstantint/Projects/prefecture/.venv/lib/python3.13/site-packages/sqlalchemy/util/_concurrency_py3k.py", line 132, in await_only
    return current.parent.switch(awaitable)  # type: ignore[no-any-return,attr-defined] # noqa: E501
           ~~~~~~~~~~~~~~~~~~~~~^^^^^^^^^^^
  File "/usr/local/google/home/konstantint/Projects/prefecture/.venv/lib/python3.13/site-packages/sqlalchemy/util/_concurrency_py3k.py", line 196, in greenlet_spawn
    value = await result
            ^^^^^^^^^^^^
  File "/usr/local/google/home/konstantint/Projects/prefecture/.venv/lib/python3.13/site-packages/aiosqlite/cursor.py", line 40, in execute
    await self._execute(self._cursor.execute, sql, parameters)
  File "/usr/local/google/home/konstantint/Projects/prefecture/.venv/lib/python3.13/site-packages/aiosqlite/cursor.py", line 32, in _execute
    return await self._conn._execute(fn, *args, **kwargs)
           ^^^^^^^^^^^^^^^^^^^^^^^^^^^^^^^^^^^^^^^^^^^^^^
  File "/usr/local/google/home/konstantint/Projects/prefecture/.venv/lib/python3.13/site-packages/aiosqlite/core.py", line 160, in _execute
    return await future
           ^^^^^^^^^^^^
  File "/usr/local/google/home/konstantint/Projects/prefecture/.venv/lib/python3.13/site-packages/aiosqlite/core.py", line 63, in _connection_worker_thread
    result = function()
sqlalchemy.exc.OperationalError: (sqlite3.OperationalError) unable to open database file
(Background on this error at: https://sqlalche.me/e/20/e3q8)

14:15:17.754 | ERROR   | uvicorn.error - Application startup failed. Exiting.
14:15:19.265 | ERROR   | uvicorn.error - Traceback (most recent call last):
  File "/usr/local/google/home/konstantint/Projects/prefecture/.venv/lib/python3.13/site-packages/sqlalchemy/engine/base.py", line 143, in __init__
    self._dbapi_connection = engine.raw_connection()
                             ~~~~~~~~~~~~~~~~~~~~~^^
  File "/usr/local/google/home/konstantint/Projects/prefecture/.venv/lib/python3.13/site-packages/sqlalchemy/engine/base.py", line 3317, in raw_connection
    return self.pool.connect()
           ~~~~~~~~~~~~~~~~~^^
  File "/usr/local/google/home/konstantint/Projects/prefecture/.venv/lib/python3.13/site-packages/sqlalchemy/pool/base.py", line 448, in connect
    return _ConnectionFairy._checkout(self)
           ~~~~~~~~~~~~~~~~~~~~~~~~~~^^^^^^
  File "/usr/local/google/home/konstantint/Projects/prefecture/.venv/lib/python3.13/site-packages/sqlalchemy/pool/base.py", line 1272, in _checkout
    fairy = _ConnectionRecord.checkout(pool)
  File "/usr/local/google/home/konstantint/Projects/prefecture/.venv/lib/python3.13/site-packages/sqlalchemy/pool/base.py", line 712, in checkout
    rec = pool._do_get()
  File "/usr/local/google/home/konstantint/Projects/prefecture/.venv/lib/python3.13/site-packages/sqlalchemy/pool/impl.py", line 177, in _do_get
    with util.safe_reraise():
         ~~~~~~~~~~~~~~~~~^^
  File "/usr/local/google/home/konstantint/Projects/prefecture/.venv/lib/python3.13/site-packages/sqlalchemy/util/langhelpers.py", line 121, in __exit__
    raise exc_value.with_traceback(exc_tb)
  File "/usr/local/google/home/konstantint/Projects/prefecture/.venv/lib/python3.13/site-packages/sqlalchemy/pool/impl.py", line 175, in _do_get
    return self._create_connection()
           ~~~~~~~~~~~~~~~~~~~~~~~^^
  File "/usr/local/google/home/konstantint/Projects/prefecture/.venv/lib/python3.13/site-packages/sqlalchemy/pool/base.py", line 389, in _create_connection
    return _ConnectionRecord(self)
  File "/usr/local/google/home/konstantint/Projects/prefecture/.venv/lib/python3.13/site-packages/sqlalchemy/pool/base.py", line 674, in __init__
    self.__connect()
    ~~~~~~~~~~~~~~^^
  File "/usr/local/google/home/konstantint/Projects/prefecture/.venv/lib/python3.13/site-packages/sqlalchemy/pool/base.py", line 914, in __connect
    )._exec_w_sync_on_first_run(self.dbapi_connection, self)
      ~~~~~~~~~~~~~~~~~~~~~~~~~^^^^^^^^^^^^^^^^^^^^^^^^^^^^^
  File "/usr/local/google/home/konstantint/Projects/prefecture/.venv/lib/python3.13/site-packages/sqlalchemy/event/attr.py", line 501, in _exec_w_sync_on_first_run
    self(*args, **kw)
    ~~~~^^^^^^^^^^^^^
  File "/usr/local/google/home/konstantint/Projects/prefecture/.venv/lib/python3.13/site-packages/sqlalchemy/event/attr.py", line 515, in __call__
    fn(*args, **kw)
    ~~^^^^^^^^^^^^^
  File "/usr/local/google/home/konstantint/Projects/prefecture/.venv/lib/python3.13/site-packages/prefect/server/database/configurations.py", line 530, in setup_sqlite
    cursor.execute("PRAGMA journal_mode = WAL;")
    ~~~~~~~~~~~~~~^^^^^^^^^^^^^^^^^^^^^^^^^^^^^^
  File "/usr/local/google/home/konstantint/Projects/prefecture/.venv/lib/python3.13/site-packages/sqlalchemy/dialects/sqlite/aiosqlite.py", line 182, in execute
    self._adapt_connection._handle_exception(error)
    ~~~~~~~~~~~~~~~~~~~~~~~~~~~~~~~~~~~~~~~~^^^^^^^
  File "/usr/local/google/home/konstantint/Projects/prefecture/.venv/lib/python3.13/site-packages/sqlalchemy/dialects/sqlite/aiosqlite.py", line 342, in _handle_exception
    raise error
  File "/usr/local/google/home/konstantint/Projects/prefecture/.venv/lib/python3.13/site-packages/sqlalchemy/dialects/sqlite/aiosqlite.py", line 162, in execute
    self.await_(_cursor.execute(operation))
    ~~~~~~~~~~~^^^^^^^^^^^^^^^^^^^^^^^^^^^^
  File "/usr/local/google/home/konstantint/Projects/prefecture/.venv/lib/python3.13/site-packages/sqlalchemy/util/_concurrency_py3k.py", line 132, in await_only
    return current.parent.switch(awaitable)  # type: ignore[no-any-return,attr-defined] # noqa: E501
           ~~~~~~~~~~~~~~~~~~~~~^^^^^^^^^^^
  File "/usr/local/google/home/konstantint/Projects/prefecture/.venv/lib/python3.13/site-packages/sqlalchemy/util/_concurrency_py3k.py", line 196, in greenlet_spawn
    value = await result
            ^^^^^^^^^^^^
  File "/usr/local/google/home/konstantint/Projects/prefecture/.venv/lib/python3.13/site-packages/aiosqlite/cursor.py", line 40, in execute
    await self._execute(self._cursor.execute, sql, parameters)
  File "/usr/local/google/home/konstantint/Projects/prefecture/.venv/lib/python3.13/site-packages/aiosqlite/cursor.py", line 32, in _execute
    return await self._conn._execute(fn, *args, **kwargs)
           ^^^^^^^^^^^^^^^^^^^^^^^^^^^^^^^^^^^^^^^^^^^^^^
  File "/usr/local/google/home/konstantint/Projects/prefecture/.venv/lib/python3.13/site-packages/aiosqlite/core.py", line 160, in _execute
    return await future
           ^^^^^^^^^^^^
  File "/usr/local/google/home/konstantint/Projects/prefecture/.venv/lib/python3.13/site-packages/aiosqlite/core.py", line 63, in _connection_worker_thread
    result = function()
sqlite3.OperationalError: unable to open database file

The above exception was the direct cause of the following exception:

Traceback (most recent call last):
  File "/usr/local/google/home/konstantint/Projects/prefecture/.venv/lib/python3.13/site-packages/starlette/routing.py", line 638, in lifespan
    async with self.lifespan_context(app) as maybe_state:
               ~~~~~~~~~~~~~~~~~~~~~^^^^^
  File "/usr/lib/python3.13/contextlib.py", line 214, in __aenter__
    return await anext(self.gen)
           ^^^^^^^^^^^^^^^^^^^^^
  File "/usr/local/google/home/konstantint/Projects/prefecture/.venv/lib/python3.13/site-packages/prefect/server/api/server.py", line 921, in lifespan
    await run_migrations()
  File "/usr/local/google/home/konstantint/Projects/prefecture/.venv/lib/python3.13/site-packages/prefect/server/api/server.py", line 898, in run_migrations
    await db.create_db()
  File "/usr/local/google/home/konstantint/Projects/prefecture/.venv/lib/python3.13/site-packages/prefect/server/database/interface.py", line 77, in create_db
    await self.run_migrations_upgrade()
  File "/usr/local/google/home/konstantint/Projects/prefecture/.venv/lib/python3.13/site-packages/prefect/server/database/interface.py", line 115, in run_migrations_upgrade
    await run_sync_in_worker_thread(alembic_upgrade)
  File "/usr/local/google/home/konstantint/Projects/prefecture/.venv/lib/python3.13/site-packages/prefect/utilities/asyncutils/__init__.py", line 233, in run_sync_in_worker_thread
    result = await anyio.to_thread.run_sync(
             ^^^^^^^^^^^^^^^^^^^^^^^^^^^^^^^
        call_with_mark, call, abandon_on_cancel=True, limiter=get_thread_limiter()
        ^^^^^^^^^^^^^^^^^^^^^^^^^^^^^^^^^^^^^^^^^^^^^^^^^^^^^^^^^^^^^^^^^^^^^^^^^^
    )
    ^
  File "/usr/local/google/home/konstantint/Projects/prefecture/.venv/lib/python3.13/site-packages/anyio/to_thread.py", line 63, in run_sync
    return await get_async_backend().run_sync_in_worker_thread(
           ^^^^^^^^^^^^^^^^^^^^^^^^^^^^^^^^^^^^^^^^^^^^^^^^^^^^
        func, args, abandon_on_cancel=abandon_on_cancel, limiter=limiter
        ^^^^^^^^^^^^^^^^^^^^^^^^^^^^^^^^^^^^^^^^^^^^^^^^^^^^^^^^^^^^^^^^
    )
    ^
  File "/usr/local/google/home/konstantint/Projects/prefecture/.venv/lib/python3.13/site-packages/anyio/_backends/_asyncio.py", line 2518, in run_sync_in_worker_thread
    return await future
           ^^^^^^^^^^^^
  File "/usr/local/google/home/konstantint/Projects/prefecture/.venv/lib/python3.13/site-packages/anyio/_backends/_asyncio.py", line 1002, in run
    result = context.run(func, *args)
  File "/usr/local/google/home/konstantint/Projects/prefecture/.venv/lib/python3.13/site-packages/prefect/utilities/asyncutils/__init__.py", line 243, in call_with_mark
    return call()
  File "/usr/local/google/home/konstantint/Projects/prefecture/.venv/lib/python3.13/site-packages/prefect/server/database/alembic_commands.py", line 36, in wrapper
    return fn(*args, **kwargs)
  File "/usr/local/google/home/konstantint/Projects/prefecture/.venv/lib/python3.13/site-packages/prefect/server/database/alembic_commands.py", line 72, in alembic_upgrade
    alembic.command.upgrade(alembic_config(), revision, sql=dry_run)
    ~~~~~~~~~~~~~~~~~~~~~~~^^^^^^^^^^^^^^^^^^^^^^^^^^^^^^^^^^^^^^^^^
  File "/usr/local/google/home/konstantint/Projects/prefecture/.venv/lib/python3.13/site-packages/alembic/command.py", line 483, in upgrade
    script.run_env()
    ~~~~~~~~~~~~~~^^
  File "/usr/local/google/home/konstantint/Projects/prefecture/.venv/lib/python3.13/site-packages/alembic/script/base.py", line 545, in run_env
    util.load_python_file(self.dir, "env.py")
    ~~~~~~~~~~~~~~~~~~~~~^^^^^^^^^^^^^^^^^^^^
  File "/usr/local/google/home/konstantint/Projects/prefecture/.venv/lib/python3.13/site-packages/alembic/util/pyfiles.py", line 116, in load_python_file
    module = load_module_py(module_id, path)
  File "/usr/local/google/home/konstantint/Projects/prefecture/.venv/lib/python3.13/site-packages/alembic/util/pyfiles.py", line 136, in load_module_py
    spec.loader.exec_module(module)  # type: ignore
    ~~~~~~~~~~~~~~~~~~~~~~~^^^^^^^^
  File "<frozen importlib._bootstrap_external>", line 1023, in exec_module
  File "<frozen importlib._bootstrap>", line 488, in _call_with_frames_removed
  File "/usr/local/google/home/konstantint/Projects/prefecture/.venv/lib/python3.13/site-packages/prefect/server/database/_migrations/env.py", line 201, in <module>
    run_async_from_worker_thread(apply_migrations)
    ~~~~~~~~~~~~~~~~~~~~~~~~~~~~^^^^^^^^^^^^^^^^^^
  File "/usr/local/google/home/konstantint/Projects/prefecture/.venv/lib/python3.13/site-packages/prefect/utilities/asyncutils/__init__.py", line 254, in run_async_from_worker_thread
    return anyio.from_thread.run(call)
           ~~~~~~~~~~~~~~~~~~~~~^^^^^^
  File "/usr/local/google/home/konstantint/Projects/prefecture/.venv/lib/python3.13/site-packages/anyio/from_thread.py", line 90, in run
    return token.backend_class.run_async_from_thread(
           ~~~~~~~~~~~~~~~~~~~~~~~~~~~~~~~~~~~~~~~~~^
        func, args, token=token.native_token if explicit_token else None
        ^^^^^^^^^^^^^^^^^^^^^^^^^^^^^^^^^^^^^^^^^^^^^^^^^^^^^^^^^^^^^^^^
    )
    ^
  File "/usr/local/google/home/konstantint/Projects/prefecture/.venv/lib/python3.13/site-packages/anyio/_backends/_asyncio.py", line 2565, in run_async_from_thread
    return f.result()
           ~~~~~~~~^^
  File "/usr/lib/python3.13/concurrent/futures/_base.py", line 460, in result
    return self.__get_result()
           ~~~~~~~~~~~~~~~~~^^
  File "/usr/lib/python3.13/concurrent/futures/_base.py", line 402, in __get_result
    raise self._exception
  File "/usr/local/google/home/konstantint/Projects/prefecture/.venv/lib/python3.13/site-packages/anyio/_backends/_asyncio.py", line 2546, in task_wrapper
    return await func(*args)
           ^^^^^^^^^^^^^^^^^
  File "/usr/local/google/home/konstantint/Projects/prefecture/.venv/lib/python3.13/site-packages/prefect/server/database/_migrations/env.py", line 189, in apply_migrations
    async with engine.connect() as connection:
               ~~~~~~~~~~~~~~^^
  File "/usr/local/google/home/konstantint/Projects/prefecture/.venv/lib/python3.13/site-packages/sqlalchemy/ext/asyncio/base.py", line 121, in __aenter__
    return await self.start(is_ctxmanager=True)
           ^^^^^^^^^^^^^^^^^^^^^^^^^^^^^^^^^^^^
  File "/usr/local/google/home/konstantint/Projects/prefecture/.venv/lib/python3.13/site-packages/sqlalchemy/ext/asyncio/engine.py", line 275, in start
    await greenlet_spawn(self.sync_engine.connect)
  File "/usr/local/google/home/konstantint/Projects/prefecture/.venv/lib/python3.13/site-packages/sqlalchemy/util/_concurrency_py3k.py", line 201, in greenlet_spawn
    result = context.throw(*sys.exc_info())
  File "/usr/local/google/home/konstantint/Projects/prefecture/.venv/lib/python3.13/site-packages/sqlalchemy/engine/base.py", line 3293, in connect
    return self._connection_cls(self)
           ~~~~~~~~~~~~~~~~~~~~^^^^^^
  File "/usr/local/google/home/konstantint/Projects/prefecture/.venv/lib/python3.13/site-packages/sqlalchemy/engine/base.py", line 145, in __init__
    Connection._handle_dbapi_exception_noconnection(
    ~~~~~~~~~~~~~~~~~~~~~~~~~~~~~~~~~~~~~~~~~~~~~~~^
        err, dialect, engine
        ^^^^^^^^^^^^^^^^^^^^
    )
    ^
  File "/usr/local/google/home/konstantint/Projects/prefecture/.venv/lib/python3.13/site-packages/sqlalchemy/engine/base.py", line 2448, in _handle_dbapi_exception_noconnection
    raise sqlalchemy_exception.with_traceback(exc_info[2]) from e
  File "/usr/local/google/home/konstantint/Projects/prefecture/.venv/lib/python3.13/site-packages/sqlalchemy/engine/base.py", line 143, in __init__
    self._dbapi_connection = engine.raw_connection()
                             ~~~~~~~~~~~~~~~~~~~~~^^
  File "/usr/local/google/home/konstantint/Projects/prefecture/.venv/lib/python3.13/site-packages/sqlalchemy/engine/base.py", line 3317, in raw_connection
    return self.pool.connect()
           ~~~~~~~~~~~~~~~~~^^
  File "/usr/local/google/home/konstantint/Projects/prefecture/.venv/lib/python3.13/site-packages/sqlalchemy/pool/base.py", line 448, in connect
    return _ConnectionFairy._checkout(self)
           ~~~~~~~~~~~~~~~~~~~~~~~~~~^^^^^^
  File "/usr/local/google/home/konstantint/Projects/prefecture/.venv/lib/python3.13/site-packages/sqlalchemy/pool/base.py", line 1272, in _checkout
    fairy = _ConnectionRecord.checkout(pool)
  File "/usr/local/google/home/konstantint/Projects/prefecture/.venv/lib/python3.13/site-packages/sqlalchemy/pool/base.py", line 712, in checkout
    rec = pool._do_get()
  File "/usr/local/google/home/konstantint/Projects/prefecture/.venv/lib/python3.13/site-packages/sqlalchemy/pool/impl.py", line 177, in _do_get
    with util.safe_reraise():
         ~~~~~~~~~~~~~~~~~^^
  File "/usr/local/google/home/konstantint/Projects/prefecture/.venv/lib/python3.13/site-packages/sqlalchemy/util/langhelpers.py", line 121, in __exit__
    raise exc_value.with_traceback(exc_tb)
  File "/usr/local/google/home/konstantint/Projects/prefecture/.venv/lib/python3.13/site-packages/sqlalchemy/pool/impl.py", line 175, in _do_get
    return self._create_connection()
           ~~~~~~~~~~~~~~~~~~~~~~~^^
  File "/usr/local/google/home/konstantint/Projects/prefecture/.venv/lib/python3.13/site-packages/sqlalchemy/pool/base.py", line 389, in _create_connection
    return _ConnectionRecord(self)
  File "/usr/local/google/home/konstantint/Projects/prefecture/.venv/lib/python3.13/site-packages/sqlalchemy/pool/base.py", line 674, in __init__
    self.__connect()
    ~~~~~~~~~~~~~~^^
  File "/usr/local/google/home/konstantint/Projects/prefecture/.venv/lib/python3.13/site-packages/sqlalchemy/pool/base.py", line 914, in __connect
    )._exec_w_sync_on_first_run(self.dbapi_connection, self)
      ~~~~~~~~~~~~~~~~~~~~~~~~~^^^^^^^^^^^^^^^^^^^^^^^^^^^^^
  File "/usr/local/google/home/konstantint/Projects/prefecture/.venv/lib/python3.13/site-packages/sqlalchemy/event/attr.py", line 501, in _exec_w_sync_on_first_run
    self(*args, **kw)
    ~~~~^^^^^^^^^^^^^
  File "/usr/local/google/home/konstantint/Projects/prefecture/.venv/lib/python3.13/site-packages/sqlalchemy/event/attr.py", line 515, in __call__
    fn(*args, **kw)
    ~~^^^^^^^^^^^^^
  File "/usr/local/google/home/konstantint/Projects/prefecture/.venv/lib/python3.13/site-packages/prefect/server/database/configurations.py", line 530, in setup_sqlite
    cursor.execute("PRAGMA journal_mode = WAL;")
    ~~~~~~~~~~~~~~^^^^^^^^^^^^^^^^^^^^^^^^^^^^^^
  File "/usr/local/google/home/konstantint/Projects/prefecture/.venv/lib/python3.13/site-packages/sqlalchemy/dialects/sqlite/aiosqlite.py", line 182, in execute
    self._adapt_connection._handle_exception(error)
    ~~~~~~~~~~~~~~~~~~~~~~~~~~~~~~~~~~~~~~~~^^^^^^^
  File "/usr/local/google/home/konstantint/Projects/prefecture/.venv/lib/python3.13/site-packages/sqlalchemy/dialects/sqlite/aiosqlite.py", line 342, in _handle_exception
    raise error
  File "/usr/local/google/home/konstantint/Projects/prefecture/.venv/lib/python3.13/site-packages/sqlalchemy/dialects/sqlite/aiosqlite.py", line 162, in execute
    self.await_(_cursor.execute(operation))
    ~~~~~~~~~~~^^^^^^^^^^^^^^^^^^^^^^^^^^^^
  File "/usr/local/google/home/konstantint/Projects/prefecture/.venv/lib/python3.13/site-packages/sqlalchemy/util/_concurrency_py3k.py", line 132, in await_only
    return current.parent.switch(awaitable)  # type: ignore[no-any-return,attr-defined] # noqa: E501
           ~~~~~~~~~~~~~~~~~~~~~^^^^^^^^^^^
  File "/usr/local/google/home/konstantint/Projects/prefecture/.venv/lib/python3.13/site-packages/sqlalchemy/util/_concurrency_py3k.py", line 196, in greenlet_spawn
    value = await result
            ^^^^^^^^^^^^
  File "/usr/local/google/home/konstantint/Projects/prefecture/.venv/lib/python3.13/site-packages/aiosqlite/cursor.py", line 40, in execute
    await self._execute(self._cursor.execute, sql, parameters)
  File "/usr/local/google/home/konstantint/Projects/prefecture/.venv/lib/python3.13/site-packages/aiosqlite/cursor.py", line 32, in _execute
    return await self._conn._execute(fn, *args, **kwargs)
           ^^^^^^^^^^^^^^^^^^^^^^^^^^^^^^^^^^^^^^^^^^^^^^
  File "/usr/local/google/home/konstantint/Projects/prefecture/.venv/lib/python3.13/site-packages/aiosqlite/core.py", line 160, in _execute
    return await future
           ^^^^^^^^^^^^
  File "/usr/local/google/home/konstantint/Projects/prefecture/.venv/lib/python3.13/site-packages/aiosqlite/core.py", line 63, in _connection_worker_thread
    result = function()
sqlalchemy.exc.OperationalError: (sqlite3.OperationalError) unable to open database file
(Background on this error at: https://sqlalche.me/e/20/e3q8)

14:15:19.284 | ERROR   | uvicorn.error - Application startup failed. Exiting.
14:15:25.444 | ERROR   | uvicorn.error - Traceback (most recent call last):
  File "/usr/local/google/home/konstantint/Projects/prefecture/.venv/lib/python3.13/site-packages/sqlalchemy/engine/base.py", line 143, in __init__
    self._dbapi_connection = engine.raw_connection()
                             ~~~~~~~~~~~~~~~~~~~~~^^
  File "/usr/local/google/home/konstantint/Projects/prefecture/.venv/lib/python3.13/site-packages/sqlalchemy/engine/base.py", line 3317, in raw_connection
    return self.pool.connect()
           ~~~~~~~~~~~~~~~~~^^
  File "/usr/local/google/home/konstantint/Projects/prefecture/.venv/lib/python3.13/site-packages/sqlalchemy/pool/base.py", line 448, in connect
    return _ConnectionFairy._checkout(self)
           ~~~~~~~~~~~~~~~~~~~~~~~~~~^^^^^^
  File "/usr/local/google/home/konstantint/Projects/prefecture/.venv/lib/python3.13/site-packages/sqlalchemy/pool/base.py", line 1272, in _checkout
    fairy = _ConnectionRecord.checkout(pool)
  File "/usr/local/google/home/konstantint/Projects/prefecture/.venv/lib/python3.13/site-packages/sqlalchemy/pool/base.py", line 712, in checkout
    rec = pool._do_get()
  File "/usr/local/google/home/konstantint/Projects/prefecture/.venv/lib/python3.13/site-packages/sqlalchemy/pool/impl.py", line 177, in _do_get
    with util.safe_reraise():
         ~~~~~~~~~~~~~~~~~^^
  File "/usr/local/google/home/konstantint/Projects/prefecture/.venv/lib/python3.13/site-packages/sqlalchemy/util/langhelpers.py", line 121, in __exit__
    raise exc_value.with_traceback(exc_tb)
  File "/usr/local/google/home/konstantint/Projects/prefecture/.venv/lib/python3.13/site-packages/sqlalchemy/pool/impl.py", line 175, in _do_get
    return self._create_connection()
           ~~~~~~~~~~~~~~~~~~~~~~~^^
  File "/usr/local/google/home/konstantint/Projects/prefecture/.venv/lib/python3.13/site-packages/sqlalchemy/pool/base.py", line 389, in _create_connection
    return _ConnectionRecord(self)
  File "/usr/local/google/home/konstantint/Projects/prefecture/.venv/lib/python3.13/site-packages/sqlalchemy/pool/base.py", line 674, in __init__
    self.__connect()
    ~~~~~~~~~~~~~~^^
  File "/usr/local/google/home/konstantint/Projects/prefecture/.venv/lib/python3.13/site-packages/sqlalchemy/pool/base.py", line 914, in __connect
    )._exec_w_sync_on_first_run(self.dbapi_connection, self)
      ~~~~~~~~~~~~~~~~~~~~~~~~~^^^^^^^^^^^^^^^^^^^^^^^^^^^^^
  File "/usr/local/google/home/konstantint/Projects/prefecture/.venv/lib/python3.13/site-packages/sqlalchemy/event/attr.py", line 501, in _exec_w_sync_on_first_run
    self(*args, **kw)
    ~~~~^^^^^^^^^^^^^
  File "/usr/local/google/home/konstantint/Projects/prefecture/.venv/lib/python3.13/site-packages/sqlalchemy/event/attr.py", line 515, in __call__
    fn(*args, **kw)
    ~~^^^^^^^^^^^^^
  File "/usr/local/google/home/konstantint/Projects/prefecture/.venv/lib/python3.13/site-packages/prefect/server/database/configurations.py", line 530, in setup_sqlite
    cursor.execute("PRAGMA journal_mode = WAL;")
    ~~~~~~~~~~~~~~^^^^^^^^^^^^^^^^^^^^^^^^^^^^^^
  File "/usr/local/google/home/konstantint/Projects/prefecture/.venv/lib/python3.13/site-packages/sqlalchemy/dialects/sqlite/aiosqlite.py", line 182, in execute
    self._adapt_connection._handle_exception(error)
    ~~~~~~~~~~~~~~~~~~~~~~~~~~~~~~~~~~~~~~~~^^^^^^^
  File "/usr/local/google/home/konstantint/Projects/prefecture/.venv/lib/python3.13/site-packages/sqlalchemy/dialects/sqlite/aiosqlite.py", line 342, in _handle_exception
    raise error
  File "/usr/local/google/home/konstantint/Projects/prefecture/.venv/lib/python3.13/site-packages/sqlalchemy/dialects/sqlite/aiosqlite.py", line 162, in execute
    self.await_(_cursor.execute(operation))
    ~~~~~~~~~~~^^^^^^^^^^^^^^^^^^^^^^^^^^^^
  File "/usr/local/google/home/konstantint/Projects/prefecture/.venv/lib/python3.13/site-packages/sqlalchemy/util/_concurrency_py3k.py", line 132, in await_only
    return current.parent.switch(awaitable)  # type: ignore[no-any-return,attr-defined] # noqa: E501
           ~~~~~~~~~~~~~~~~~~~~~^^^^^^^^^^^
  File "/usr/local/google/home/konstantint/Projects/prefecture/.venv/lib/python3.13/site-packages/sqlalchemy/util/_concurrency_py3k.py", line 196, in greenlet_spawn
    value = await result
            ^^^^^^^^^^^^
  File "/usr/local/google/home/konstantint/Projects/prefecture/.venv/lib/python3.13/site-packages/aiosqlite/cursor.py", line 40, in execute
    await self._execute(self._cursor.execute, sql, parameters)
  File "/usr/local/google/home/konstantint/Projects/prefecture/.venv/lib/python3.13/site-packages/aiosqlite/cursor.py", line 32, in _execute
    return await self._conn._execute(fn, *args, **kwargs)
           ^^^^^^^^^^^^^^^^^^^^^^^^^^^^^^^^^^^^^^^^^^^^^^
  File "/usr/local/google/home/konstantint/Projects/prefecture/.venv/lib/python3.13/site-packages/aiosqlite/core.py", line 160, in _execute
    return await future
           ^^^^^^^^^^^^
  File "/usr/local/google/home/konstantint/Projects/prefecture/.venv/lib/python3.13/site-packages/aiosqlite/core.py", line 63, in _connection_worker_thread
    result = function()
sqlite3.OperationalError: unable to open database file

The above exception was the direct cause of the following exception:

Traceback (most recent call last):
  File "/usr/local/google/home/konstantint/Projects/prefecture/.venv/lib/python3.13/site-packages/starlette/routing.py", line 638, in lifespan
    async with self.lifespan_context(app) as maybe_state:
               ~~~~~~~~~~~~~~~~~~~~~^^^^^
  File "/usr/lib/python3.13/contextlib.py", line 214, in __aenter__
    return await anext(self.gen)
           ^^^^^^^^^^^^^^^^^^^^^
  File "/usr/local/google/home/konstantint/Projects/prefecture/.venv/lib/python3.13/site-packages/prefect/server/api/server.py", line 921, in lifespan
    await run_migrations()
  File "/usr/local/google/home/konstantint/Projects/prefecture/.venv/lib/python3.13/site-packages/prefect/server/api/server.py", line 898, in run_migrations
    await db.create_db()
  File "/usr/local/google/home/konstantint/Projects/prefecture/.venv/lib/python3.13/site-packages/prefect/server/database/interface.py", line 77, in create_db
    await self.run_migrations_upgrade()
  File "/usr/local/google/home/konstantint/Projects/prefecture/.venv/lib/python3.13/site-packages/prefect/server/database/interface.py", line 115, in run_migrations_upgrade
    await run_sync_in_worker_thread(alembic_upgrade)
  File "/usr/local/google/home/konstantint/Projects/prefecture/.venv/lib/python3.13/site-packages/prefect/utilities/asyncutils/__init__.py", line 233, in run_sync_in_worker_thread
    result = await anyio.to_thread.run_sync(
             ^^^^^^^^^^^^^^^^^^^^^^^^^^^^^^^
        call_with_mark, call, abandon_on_cancel=True, limiter=get_thread_limiter()
        ^^^^^^^^^^^^^^^^^^^^^^^^^^^^^^^^^^^^^^^^^^^^^^^^^^^^^^^^^^^^^^^^^^^^^^^^^^
    )
    ^
  File "/usr/local/google/home/konstantint/Projects/prefecture/.venv/lib/python3.13/site-packages/anyio/to_thread.py", line 63, in run_sync
    return await get_async_backend().run_sync_in_worker_thread(
           ^^^^^^^^^^^^^^^^^^^^^^^^^^^^^^^^^^^^^^^^^^^^^^^^^^^^
        func, args, abandon_on_cancel=abandon_on_cancel, limiter=limiter
        ^^^^^^^^^^^^^^^^^^^^^^^^^^^^^^^^^^^^^^^^^^^^^^^^^^^^^^^^^^^^^^^^
    )
    ^
  File "/usr/local/google/home/konstantint/Projects/prefecture/.venv/lib/python3.13/site-packages/anyio/_backends/_asyncio.py", line 2518, in run_sync_in_worker_thread
    return await future
           ^^^^^^^^^^^^
  File "/usr/local/google/home/konstantint/Projects/prefecture/.venv/lib/python3.13/site-packages/anyio/_backends/_asyncio.py", line 1002, in run
    result = context.run(func, *args)
  File "/usr/local/google/home/konstantint/Projects/prefecture/.venv/lib/python3.13/site-packages/prefect/utilities/asyncutils/__init__.py", line 243, in call_with_mark
    return call()
  File "/usr/local/google/home/konstantint/Projects/prefecture/.venv/lib/python3.13/site-packages/prefect/server/database/alembic_commands.py", line 36, in wrapper
    return fn(*args, **kwargs)
  File "/usr/local/google/home/konstantint/Projects/prefecture/.venv/lib/python3.13/site-packages/prefect/server/database/alembic_commands.py", line 72, in alembic_upgrade
    alembic.command.upgrade(alembic_config(), revision, sql=dry_run)
    ~~~~~~~~~~~~~~~~~~~~~~~^^^^^^^^^^^^^^^^^^^^^^^^^^^^^^^^^^^^^^^^^
  File "/usr/local/google/home/konstantint/Projects/prefecture/.venv/lib/python3.13/site-packages/alembic/command.py", line 483, in upgrade
    script.run_env()
    ~~~~~~~~~~~~~~^^
  File "/usr/local/google/home/konstantint/Projects/prefecture/.venv/lib/python3.13/site-packages/alembic/script/base.py", line 545, in run_env
    util.load_python_file(self.dir, "env.py")
    ~~~~~~~~~~~~~~~~~~~~~^^^^^^^^^^^^^^^^^^^^
  File "/usr/local/google/home/konstantint/Projects/prefecture/.venv/lib/python3.13/site-packages/alembic/util/pyfiles.py", line 116, in load_python_file
    module = load_module_py(module_id, path)
  File "/usr/local/google/home/konstantint/Projects/prefecture/.venv/lib/python3.13/site-packages/alembic/util/pyfiles.py", line 136, in load_module_py
    spec.loader.exec_module(module)  # type: ignore
    ~~~~~~~~~~~~~~~~~~~~~~~^^^^^^^^
  File "<frozen importlib._bootstrap_external>", line 1023, in exec_module
  File "<frozen importlib._bootstrap>", line 488, in _call_with_frames_removed
  File "/usr/local/google/home/konstantint/Projects/prefecture/.venv/lib/python3.13/site-packages/prefect/server/database/_migrations/env.py", line 201, in <module>
    run_async_from_worker_thread(apply_migrations)
    ~~~~~~~~~~~~~~~~~~~~~~~~~~~~^^^^^^^^^^^^^^^^^^
  File "/usr/local/google/home/konstantint/Projects/prefecture/.venv/lib/python3.13/site-packages/prefect/utilities/asyncutils/__init__.py", line 254, in run_async_from_worker_thread
    return anyio.from_thread.run(call)
           ~~~~~~~~~~~~~~~~~~~~~^^^^^^
  File "/usr/local/google/home/konstantint/Projects/prefecture/.venv/lib/python3.13/site-packages/anyio/from_thread.py", line 90, in run
    return token.backend_class.run_async_from_thread(
           ~~~~~~~~~~~~~~~~~~~~~~~~~~~~~~~~~~~~~~~~~^
        func, args, token=token.native_token if explicit_token else None
        ^^^^^^^^^^^^^^^^^^^^^^^^^^^^^^^^^^^^^^^^^^^^^^^^^^^^^^^^^^^^^^^^
    )
    ^
  File "/usr/local/google/home/konstantint/Projects/prefecture/.venv/lib/python3.13/site-packages/anyio/_backends/_asyncio.py", line 2565, in run_async_from_thread
    return f.result()
           ~~~~~~~~^^
  File "/usr/lib/python3.13/concurrent/futures/_base.py", line 460, in result
    return self.__get_result()
           ~~~~~~~~~~~~~~~~~^^
  File "/usr/lib/python3.13/concurrent/futures/_base.py", line 402, in __get_result
    raise self._exception
  File "/usr/local/google/home/konstantint/Projects/prefecture/.venv/lib/python3.13/site-packages/anyio/_backends/_asyncio.py", line 2546, in task_wrapper
    return await func(*args)
           ^^^^^^^^^^^^^^^^^
  File "/usr/local/google/home/konstantint/Projects/prefecture/.venv/lib/python3.13/site-packages/prefect/server/database/_migrations/env.py", line 189, in apply_migrations
    async with engine.connect() as connection:
               ~~~~~~~~~~~~~~^^
  File "/usr/local/google/home/konstantint/Projects/prefecture/.venv/lib/python3.13/site-packages/sqlalchemy/ext/asyncio/base.py", line 121, in __aenter__
    return await self.start(is_ctxmanager=True)
           ^^^^^^^^^^^^^^^^^^^^^^^^^^^^^^^^^^^^
  File "/usr/local/google/home/konstantint/Projects/prefecture/.venv/lib/python3.13/site-packages/sqlalchemy/ext/asyncio/engine.py", line 275, in start
    await greenlet_spawn(self.sync_engine.connect)
  File "/usr/local/google/home/konstantint/Projects/prefecture/.venv/lib/python3.13/site-packages/sqlalchemy/util/_concurrency_py3k.py", line 201, in greenlet_spawn
    result = context.throw(*sys.exc_info())
  File "/usr/local/google/home/konstantint/Projects/prefecture/.venv/lib/python3.13/site-packages/sqlalchemy/engine/base.py", line 3293, in connect
    return self._connection_cls(self)
           ~~~~~~~~~~~~~~~~~~~~^^^^^^
  File "/usr/local/google/home/konstantint/Projects/prefecture/.venv/lib/python3.13/site-packages/sqlalchemy/engine/base.py", line 145, in __init__
    Connection._handle_dbapi_exception_noconnection(
    ~~~~~~~~~~~~~~~~~~~~~~~~~~~~~~~~~~~~~~~~~~~~~~~^
        err, dialect, engine
        ^^^^^^^^^^^^^^^^^^^^
    )
    ^
  File "/usr/local/google/home/konstantint/Projects/prefecture/.venv/lib/python3.13/site-packages/sqlalchemy/engine/base.py", line 2448, in _handle_dbapi_exception_noconnection
    raise sqlalchemy_exception.with_traceback(exc_info[2]) from e
  File "/usr/local/google/home/konstantint/Projects/prefecture/.venv/lib/python3.13/site-packages/sqlalchemy/engine/base.py", line 143, in __init__
    self._dbapi_connection = engine.raw_connection()
                             ~~~~~~~~~~~~~~~~~~~~~^^
  File "/usr/local/google/home/konstantint/Projects/prefecture/.venv/lib/python3.13/site-packages/sqlalchemy/engine/base.py", line 3317, in raw_connection
    return self.pool.connect()
           ~~~~~~~~~~~~~~~~~^^
  File "/usr/local/google/home/konstantint/Projects/prefecture/.venv/lib/python3.13/site-packages/sqlalchemy/pool/base.py", line 448, in connect
    return _ConnectionFairy._checkout(self)
           ~~~~~~~~~~~~~~~~~~~~~~~~~~^^^^^^
  File "/usr/local/google/home/konstantint/Projects/prefecture/.venv/lib/python3.13/site-packages/sqlalchemy/pool/base.py", line 1272, in _checkout
    fairy = _ConnectionRecord.checkout(pool)
  File "/usr/local/google/home/konstantint/Projects/prefecture/.venv/lib/python3.13/site-packages/sqlalchemy/pool/base.py", line 712, in checkout
    rec = pool._do_get()
  File "/usr/local/google/home/konstantint/Projects/prefecture/.venv/lib/python3.13/site-packages/sqlalchemy/pool/impl.py", line 177, in _do_get
    with util.safe_reraise():
         ~~~~~~~~~~~~~~~~~^^
  File "/usr/local/google/home/konstantint/Projects/prefecture/.venv/lib/python3.13/site-packages/sqlalchemy/util/langhelpers.py", line 121, in __exit__
    raise exc_value.with_traceback(exc_tb)
  File "/usr/local/google/home/konstantint/Projects/prefecture/.venv/lib/python3.13/site-packages/sqlalchemy/pool/impl.py", line 175, in _do_get
    return self._create_connection()
           ~~~~~~~~~~~~~~~~~~~~~~~^^
  File "/usr/local/google/home/konstantint/Projects/prefecture/.venv/lib/python3.13/site-packages/sqlalchemy/pool/base.py", line 389, in _create_connection
    return _ConnectionRecord(self)
  File "/usr/local/google/home/konstantint/Projects/prefecture/.venv/lib/python3.13/site-packages/sqlalchemy/pool/base.py", line 674, in __init__
    self.__connect()
    ~~~~~~~~~~~~~~^^
  File "/usr/local/google/home/konstantint/Projects/prefecture/.venv/lib/python3.13/site-packages/sqlalchemy/pool/base.py", line 914, in __connect
    )._exec_w_sync_on_first_run(self.dbapi_connection, self)
      ~~~~~~~~~~~~~~~~~~~~~~~~~^^^^^^^^^^^^^^^^^^^^^^^^^^^^^
  File "/usr/local/google/home/konstantint/Projects/prefecture/.venv/lib/python3.13/site-packages/sqlalchemy/event/attr.py", line 501, in _exec_w_sync_on_first_run
    self(*args, **kw)
    ~~~~^^^^^^^^^^^^^
  File "/usr/local/google/home/konstantint/Projects/prefecture/.venv/lib/python3.13/site-packages/sqlalchemy/event/attr.py", line 515, in __call__
    fn(*args, **kw)
    ~~^^^^^^^^^^^^^
  File "/usr/local/google/home/konstantint/Projects/prefecture/.venv/lib/python3.13/site-packages/prefect/server/database/configurations.py", line 530, in setup_sqlite
    cursor.execute("PRAGMA journal_mode = WAL;")
    ~~~~~~~~~~~~~~^^^^^^^^^^^^^^^^^^^^^^^^^^^^^^
  File "/usr/local/google/home/konstantint/Projects/prefecture/.venv/lib/python3.13/site-packages/sqlalchemy/dialects/sqlite/aiosqlite.py", line 182, in execute
    self._adapt_connection._handle_exception(error)
    ~~~~~~~~~~~~~~~~~~~~~~~~~~~~~~~~~~~~~~~~^^^^^^^
  File "/usr/local/google/home/konstantint/Projects/prefecture/.venv/lib/python3.13/site-packages/sqlalchemy/dialects/sqlite/aiosqlite.py", line 342, in _handle_exception
    raise error
  File "/usr/local/google/home/konstantint/Projects/prefecture/.venv/lib/python3.13/site-packages/sqlalchemy/dialects/sqlite/aiosqlite.py", line 162, in execute
    self.await_(_cursor.execute(operation))
    ~~~~~~~~~~~^^^^^^^^^^^^^^^^^^^^^^^^^^^^
  File "/usr/local/google/home/konstantint/Projects/prefecture/.venv/lib/python3.13/site-packages/sqlalchemy/util/_concurrency_py3k.py", line 132, in await_only
    return current.parent.switch(awaitable)  # type: ignore[no-any-return,attr-defined] # noqa: E501
           ~~~~~~~~~~~~~~~~~~~~~^^^^^^^^^^^
  File "/usr/local/google/home/konstantint/Projects/prefecture/.venv/lib/python3.13/site-packages/sqlalchemy/util/_concurrency_py3k.py", line 196, in greenlet_spawn
    value = await result
            ^^^^^^^^^^^^
  File "/usr/local/google/home/konstantint/Projects/prefecture/.venv/lib/python3.13/site-packages/aiosqlite/cursor.py", line 40, in execute
    await self._execute(self._cursor.execute, sql, parameters)
  File "/usr/local/google/home/konstantint/Projects/prefecture/.venv/lib/python3.13/site-packages/aiosqlite/cursor.py", line 32, in _execute
    return await self._conn._execute(fn, *args, **kwargs)
           ^^^^^^^^^^^^^^^^^^^^^^^^^^^^^^^^^^^^^^^^^^^^^^
  File "/usr/local/google/home/konstantint/Projects/prefecture/.venv/lib/python3.13/site-packages/aiosqlite/core.py", line 160, in _execute
    return await future
           ^^^^^^^^^^^^
  File "/usr/local/google/home/konstantint/Projects/prefecture/.venv/lib/python3.13/site-packages/aiosqlite/core.py", line 63, in _connection_worker_thread
    result = function()
sqlalchemy.exc.OperationalError: (sqlite3.OperationalError) unable to open database file
(Background on this error at: https://sqlalche.me/e/20/e3q8)

14:15:25.465 | ERROR   | uvicorn.error - Application startup failed. Exiting.
14:15:33.152 | ERROR   | uvicorn.error - Traceback (most recent call last):
  File "/usr/local/google/home/konstantint/Projects/prefecture/.venv/lib/python3.13/site-packages/sqlalchemy/engine/base.py", line 143, in __init__
    self._dbapi_connection = engine.raw_connection()
                             ~~~~~~~~~~~~~~~~~~~~~^^
  File "/usr/local/google/home/konstantint/Projects/prefecture/.venv/lib/python3.13/site-packages/sqlalchemy/engine/base.py", line 3317, in raw_connection
    return self.pool.connect()
           ~~~~~~~~~~~~~~~~~^^
  File "/usr/local/google/home/konstantint/Projects/prefecture/.venv/lib/python3.13/site-packages/sqlalchemy/pool/base.py", line 448, in connect
    return _ConnectionFairy._checkout(self)
           ~~~~~~~~~~~~~~~~~~~~~~~~~~^^^^^^
  File "/usr/local/google/home/konstantint/Projects/prefecture/.venv/lib/python3.13/site-packages/sqlalchemy/pool/base.py", line 1272, in _checkout
    fairy = _ConnectionRecord.checkout(pool)
  File "/usr/local/google/home/konstantint/Projects/prefecture/.venv/lib/python3.13/site-packages/sqlalchemy/pool/base.py", line 712, in checkout
    rec = pool._do_get()
  File "/usr/local/google/home/konstantint/Projects/prefecture/.venv/lib/python3.13/site-packages/sqlalchemy/pool/impl.py", line 177, in _do_get
    with util.safe_reraise():
         ~~~~~~~~~~~~~~~~~^^
  File "/usr/local/google/home/konstantint/Projects/prefecture/.venv/lib/python3.13/site-packages/sqlalchemy/util/langhelpers.py", line 121, in __exit__
    raise exc_value.with_traceback(exc_tb)
  File "/usr/local/google/home/konstantint/Projects/prefecture/.venv/lib/python3.13/site-packages/sqlalchemy/pool/impl.py", line 175, in _do_get
    return self._create_connection()
           ~~~~~~~~~~~~~~~~~~~~~~~^^
  File "/usr/local/google/home/konstantint/Projects/prefecture/.venv/lib/python3.13/site-packages/sqlalchemy/pool/base.py", line 389, in _create_connection
    return _ConnectionRecord(self)
  File "/usr/local/google/home/konstantint/Projects/prefecture/.venv/lib/python3.13/site-packages/sqlalchemy/pool/base.py", line 674, in __init__
    self.__connect()
    ~~~~~~~~~~~~~~^^
  File "/usr/local/google/home/konstantint/Projects/prefecture/.venv/lib/python3.13/site-packages/sqlalchemy/pool/base.py", line 914, in __connect
    )._exec_w_sync_on_first_run(self.dbapi_connection, self)
      ~~~~~~~~~~~~~~~~~~~~~~~~~^^^^^^^^^^^^^^^^^^^^^^^^^^^^^
  File "/usr/local/google/home/konstantint/Projects/prefecture/.venv/lib/python3.13/site-packages/sqlalchemy/event/attr.py", line 501, in _exec_w_sync_on_first_run
    self(*args, **kw)
    ~~~~^^^^^^^^^^^^^
  File "/usr/local/google/home/konstantint/Projects/prefecture/.venv/lib/python3.13/site-packages/sqlalchemy/event/attr.py", line 515, in __call__
    fn(*args, **kw)
    ~~^^^^^^^^^^^^^
  File "/usr/local/google/home/konstantint/Projects/prefecture/.venv/lib/python3.13/site-packages/prefect/server/database/configurations.py", line 530, in setup_sqlite
    cursor.execute("PRAGMA journal_mode = WAL;")
    ~~~~~~~~~~~~~~^^^^^^^^^^^^^^^^^^^^^^^^^^^^^^
  File "/usr/local/google/home/konstantint/Projects/prefecture/.venv/lib/python3.13/site-packages/sqlalchemy/dialects/sqlite/aiosqlite.py", line 182, in execute
    self._adapt_connection._handle_exception(error)
    ~~~~~~~~~~~~~~~~~~~~~~~~~~~~~~~~~~~~~~~~^^^^^^^
  File "/usr/local/google/home/konstantint/Projects/prefecture/.venv/lib/python3.13/site-packages/sqlalchemy/dialects/sqlite/aiosqlite.py", line 342, in _handle_exception
    raise error
  File "/usr/local/google/home/konstantint/Projects/prefecture/.venv/lib/python3.13/site-packages/sqlalchemy/dialects/sqlite/aiosqlite.py", line 162, in execute
    self.await_(_cursor.execute(operation))
    ~~~~~~~~~~~^^^^^^^^^^^^^^^^^^^^^^^^^^^^
  File "/usr/local/google/home/konstantint/Projects/prefecture/.venv/lib/python3.13/site-packages/sqlalchemy/util/_concurrency_py3k.py", line 132, in await_only
    return current.parent.switch(awaitable)  # type: ignore[no-any-return,attr-defined] # noqa: E501
           ~~~~~~~~~~~~~~~~~~~~~^^^^^^^^^^^
  File "/usr/local/google/home/konstantint/Projects/prefecture/.venv/lib/python3.13/site-packages/sqlalchemy/util/_concurrency_py3k.py", line 196, in greenlet_spawn
    value = await result
            ^^^^^^^^^^^^
  File "/usr/local/google/home/konstantint/Projects/prefecture/.venv/lib/python3.13/site-packages/aiosqlite/cursor.py", line 40, in execute
    await self._execute(self._cursor.execute, sql, parameters)
  File "/usr/local/google/home/konstantint/Projects/prefecture/.venv/lib/python3.13/site-packages/aiosqlite/cursor.py", line 32, in _execute
    return await self._conn._execute(fn, *args, **kwargs)
           ^^^^^^^^^^^^^^^^^^^^^^^^^^^^^^^^^^^^^^^^^^^^^^
  File "/usr/local/google/home/konstantint/Projects/prefecture/.venv/lib/python3.13/site-packages/aiosqlite/core.py", line 160, in _execute
    return await future
           ^^^^^^^^^^^^
  File "/usr/local/google/home/konstantint/Projects/prefecture/.venv/lib/python3.13/site-packages/aiosqlite/core.py", line 63, in _connection_worker_thread
    result = function()
sqlite3.OperationalError: unable to open database file

The above exception was the direct cause of the following exception:

Traceback (most recent call last):
  File "/usr/local/google/home/konstantint/Projects/prefecture/.venv/lib/python3.13/site-packages/starlette/routing.py", line 638, in lifespan
    async with self.lifespan_context(app) as maybe_state:
               ~~~~~~~~~~~~~~~~~~~~~^^^^^
  File "/usr/lib/python3.13/contextlib.py", line 214, in __aenter__
    return await anext(self.gen)
           ^^^^^^^^^^^^^^^^^^^^^
  File "/usr/local/google/home/konstantint/Projects/prefecture/.venv/lib/python3.13/site-packages/prefect/server/api/server.py", line 921, in lifespan
    await run_migrations()
  File "/usr/local/google/home/konstantint/Projects/prefecture/.venv/lib/python3.13/site-packages/prefect/server/api/server.py", line 898, in run_migrations
    await db.create_db()
  File "/usr/local/google/home/konstantint/Projects/prefecture/.venv/lib/python3.13/site-packages/prefect/server/database/interface.py", line 77, in create_db
    await self.run_migrations_upgrade()
  File "/usr/local/google/home/konstantint/Projects/prefecture/.venv/lib/python3.13/site-packages/prefect/server/database/interface.py", line 115, in run_migrations_upgrade
    await run_sync_in_worker_thread(alembic_upgrade)
  File "/usr/local/google/home/konstantint/Projects/prefecture/.venv/lib/python3.13/site-packages/prefect/utilities/asyncutils/__init__.py", line 233, in run_sync_in_worker_thread
    result = await anyio.to_thread.run_sync(
             ^^^^^^^^^^^^^^^^^^^^^^^^^^^^^^^
        call_with_mark, call, abandon_on_cancel=True, limiter=get_thread_limiter()
        ^^^^^^^^^^^^^^^^^^^^^^^^^^^^^^^^^^^^^^^^^^^^^^^^^^^^^^^^^^^^^^^^^^^^^^^^^^
    )
    ^
  File "/usr/local/google/home/konstantint/Projects/prefecture/.venv/lib/python3.13/site-packages/anyio/to_thread.py", line 63, in run_sync
    return await get_async_backend().run_sync_in_worker_thread(
           ^^^^^^^^^^^^^^^^^^^^^^^^^^^^^^^^^^^^^^^^^^^^^^^^^^^^
        func, args, abandon_on_cancel=abandon_on_cancel, limiter=limiter
        ^^^^^^^^^^^^^^^^^^^^^^^^^^^^^^^^^^^^^^^^^^^^^^^^^^^^^^^^^^^^^^^^
    )
    ^
  File "/usr/local/google/home/konstantint/Projects/prefecture/.venv/lib/python3.13/site-packages/anyio/_backends/_asyncio.py", line 2518, in run_sync_in_worker_thread
    return await future
           ^^^^^^^^^^^^
  File "/usr/local/google/home/konstantint/Projects/prefecture/.venv/lib/python3.13/site-packages/anyio/_backends/_asyncio.py", line 1002, in run
    result = context.run(func, *args)
  File "/usr/local/google/home/konstantint/Projects/prefecture/.venv/lib/python3.13/site-packages/prefect/utilities/asyncutils/__init__.py", line 243, in call_with_mark
    return call()
  File "/usr/local/google/home/konstantint/Projects/prefecture/.venv/lib/python3.13/site-packages/prefect/server/database/alembic_commands.py", line 36, in wrapper
    return fn(*args, **kwargs)
  File "/usr/local/google/home/konstantint/Projects/prefecture/.venv/lib/python3.13/site-packages/prefect/server/database/alembic_commands.py", line 72, in alembic_upgrade
    alembic.command.upgrade(alembic_config(), revision, sql=dry_run)
    ~~~~~~~~~~~~~~~~~~~~~~~^^^^^^^^^^^^^^^^^^^^^^^^^^^^^^^^^^^^^^^^^
  File "/usr/local/google/home/konstantint/Projects/prefecture/.venv/lib/python3.13/site-packages/alembic/command.py", line 483, in upgrade
    script.run_env()
    ~~~~~~~~~~~~~~^^
  File "/usr/local/google/home/konstantint/Projects/prefecture/.venv/lib/python3.13/site-packages/alembic/script/base.py", line 545, in run_env
    util.load_python_file(self.dir, "env.py")
    ~~~~~~~~~~~~~~~~~~~~~^^^^^^^^^^^^^^^^^^^^
  File "/usr/local/google/home/konstantint/Projects/prefecture/.venv/lib/python3.13/site-packages/alembic/util/pyfiles.py", line 116, in load_python_file
    module = load_module_py(module_id, path)
  File "/usr/local/google/home/konstantint/Projects/prefecture/.venv/lib/python3.13/site-packages/alembic/util/pyfiles.py", line 136, in load_module_py
    spec.loader.exec_module(module)  # type: ignore
    ~~~~~~~~~~~~~~~~~~~~~~~^^^^^^^^
  File "<frozen importlib._bootstrap_external>", line 1023, in exec_module
  File "<frozen importlib._bootstrap>", line 488, in _call_with_frames_removed
  File "/usr/local/google/home/konstantint/Projects/prefecture/.venv/lib/python3.13/site-packages/prefect/server/database/_migrations/env.py", line 201, in <module>
    run_async_from_worker_thread(apply_migrations)
    ~~~~~~~~~~~~~~~~~~~~~~~~~~~~^^^^^^^^^^^^^^^^^^
  File "/usr/local/google/home/konstantint/Projects/prefecture/.venv/lib/python3.13/site-packages/prefect/utilities/asyncutils/__init__.py", line 254, in run_async_from_worker_thread
    return anyio.from_thread.run(call)
           ~~~~~~~~~~~~~~~~~~~~~^^^^^^
  File "/usr/local/google/home/konstantint/Projects/prefecture/.venv/lib/python3.13/site-packages/anyio/from_thread.py", line 90, in run
    return token.backend_class.run_async_from_thread(
           ~~~~~~~~~~~~~~~~~~~~~~~~~~~~~~~~~~~~~~~~~^
        func, args, token=token.native_token if explicit_token else None
        ^^^^^^^^^^^^^^^^^^^^^^^^^^^^^^^^^^^^^^^^^^^^^^^^^^^^^^^^^^^^^^^^
    )
    ^
  File "/usr/local/google/home/konstantint/Projects/prefecture/.venv/lib/python3.13/site-packages/anyio/_backends/_asyncio.py", line 2565, in run_async_from_thread
    return f.result()
           ~~~~~~~~^^
  File "/usr/lib/python3.13/concurrent/futures/_base.py", line 460, in result
    return self.__get_result()
           ~~~~~~~~~~~~~~~~~^^
  File "/usr/lib/python3.13/concurrent/futures/_base.py", line 402, in __get_result
    raise self._exception
  File "/usr/local/google/home/konstantint/Projects/prefecture/.venv/lib/python3.13/site-packages/anyio/_backends/_asyncio.py", line 2546, in task_wrapper
    return await func(*args)
           ^^^^^^^^^^^^^^^^^
  File "/usr/local/google/home/konstantint/Projects/prefecture/.venv/lib/python3.13/site-packages/prefect/server/database/_migrations/env.py", line 189, in apply_migrations
    async with engine.connect() as connection:
               ~~~~~~~~~~~~~~^^
  File "/usr/local/google/home/konstantint/Projects/prefecture/.venv/lib/python3.13/site-packages/sqlalchemy/ext/asyncio/base.py", line 121, in __aenter__
    return await self.start(is_ctxmanager=True)
           ^^^^^^^^^^^^^^^^^^^^^^^^^^^^^^^^^^^^
  File "/usr/local/google/home/konstantint/Projects/prefecture/.venv/lib/python3.13/site-packages/sqlalchemy/ext/asyncio/engine.py", line 275, in start
    await greenlet_spawn(self.sync_engine.connect)
  File "/usr/local/google/home/konstantint/Projects/prefecture/.venv/lib/python3.13/site-packages/sqlalchemy/util/_concurrency_py3k.py", line 201, in greenlet_spawn
    result = context.throw(*sys.exc_info())
  File "/usr/local/google/home/konstantint/Projects/prefecture/.venv/lib/python3.13/site-packages/sqlalchemy/engine/base.py", line 3293, in connect
    return self._connection_cls(self)
           ~~~~~~~~~~~~~~~~~~~~^^^^^^
  File "/usr/local/google/home/konstantint/Projects/prefecture/.venv/lib/python3.13/site-packages/sqlalchemy/engine/base.py", line 145, in __init__
    Connection._handle_dbapi_exception_noconnection(
    ~~~~~~~~~~~~~~~~~~~~~~~~~~~~~~~~~~~~~~~~~~~~~~~^
        err, dialect, engine
        ^^^^^^^^^^^^^^^^^^^^
    )
    ^
  File "/usr/local/google/home/konstantint/Projects/prefecture/.venv/lib/python3.13/site-packages/sqlalchemy/engine/base.py", line 2448, in _handle_dbapi_exception_noconnection
    raise sqlalchemy_exception.with_traceback(exc_info[2]) from e
  File "/usr/local/google/home/konstantint/Projects/prefecture/.venv/lib/python3.13/site-packages/sqlalchemy/engine/base.py", line 143, in __init__
    self._dbapi_connection = engine.raw_connection()
                             ~~~~~~~~~~~~~~~~~~~~~^^
  File "/usr/local/google/home/konstantint/Projects/prefecture/.venv/lib/python3.13/site-packages/sqlalchemy/engine/base.py", line 3317, in raw_connection
    return self.pool.connect()
           ~~~~~~~~~~~~~~~~~^^
  File "/usr/local/google/home/konstantint/Projects/prefecture/.venv/lib/python3.13/site-packages/sqlalchemy/pool/base.py", line 448, in connect
    return _ConnectionFairy._checkout(self)
           ~~~~~~~~~~~~~~~~~~~~~~~~~~^^^^^^
  File "/usr/local/google/home/konstantint/Projects/prefecture/.venv/lib/python3.13/site-packages/sqlalchemy/pool/base.py", line 1272, in _checkout
    fairy = _ConnectionRecord.checkout(pool)
  File "/usr/local/google/home/konstantint/Projects/prefecture/.venv/lib/python3.13/site-packages/sqlalchemy/pool/base.py", line 712, in checkout
    rec = pool._do_get()
  File "/usr/local/google/home/konstantint/Projects/prefecture/.venv/lib/python3.13/site-packages/sqlalchemy/pool/impl.py", line 177, in _do_get
    with util.safe_reraise():
         ~~~~~~~~~~~~~~~~~^^
  File "/usr/local/google/home/konstantint/Projects/prefecture/.venv/lib/python3.13/site-packages/sqlalchemy/util/langhelpers.py", line 121, in __exit__
    raise exc_value.with_traceback(exc_tb)
  File "/usr/local/google/home/konstantint/Projects/prefecture/.venv/lib/python3.13/site-packages/sqlalchemy/pool/impl.py", line 175, in _do_get
    return self._create_connection()
           ~~~~~~~~~~~~~~~~~~~~~~~^^
  File "/usr/local/google/home/konstantint/Projects/prefecture/.venv/lib/python3.13/site-packages/sqlalchemy/pool/base.py", line 389, in _create_connection
    return _ConnectionRecord(self)
  File "/usr/local/google/home/konstantint/Projects/prefecture/.venv/lib/python3.13/site-packages/sqlalchemy/pool/base.py", line 674, in __init__
    self.__connect()
    ~~~~~~~~~~~~~~^^
  File "/usr/local/google/home/konstantint/Projects/prefecture/.venv/lib/python3.13/site-packages/sqlalchemy/pool/base.py", line 914, in __connect
    )._exec_w_sync_on_first_run(self.dbapi_connection, self)
      ~~~~~~~~~~~~~~~~~~~~~~~~~^^^^^^^^^^^^^^^^^^^^^^^^^^^^^
  File "/usr/local/google/home/konstantint/Projects/prefecture/.venv/lib/python3.13/site-packages/sqlalchemy/event/attr.py", line 501, in _exec_w_sync_on_first_run
    self(*args, **kw)
    ~~~~^^^^^^^^^^^^^
  File "/usr/local/google/home/konstantint/Projects/prefecture/.venv/lib/python3.13/site-packages/sqlalchemy/event/attr.py", line 515, in __call__
    fn(*args, **kw)
    ~~^^^^^^^^^^^^^
  File "/usr/local/google/home/konstantint/Projects/prefecture/.venv/lib/python3.13/site-packages/prefect/server/database/configurations.py", line 530, in setup_sqlite
    cursor.execute("PRAGMA journal_mode = WAL;")
    ~~~~~~~~~~~~~~^^^^^^^^^^^^^^^^^^^^^^^^^^^^^^
  File "/usr/local/google/home/konstantint/Projects/prefecture/.venv/lib/python3.13/site-packages/sqlalchemy/dialects/sqlite/aiosqlite.py", line 182, in execute
    self._adapt_connection._handle_exception(error)
    ~~~~~~~~~~~~~~~~~~~~~~~~~~~~~~~~~~~~~~~~^^^^^^^
  File "/usr/local/google/home/konstantint/Projects/prefecture/.venv/lib/python3.13/site-packages/sqlalchemy/dialects/sqlite/aiosqlite.py", line 342, in _handle_exception
    raise error
  File "/usr/local/google/home/konstantint/Projects/prefecture/.venv/lib/python3.13/site-packages/sqlalchemy/dialects/sqlite/aiosqlite.py", line 162, in execute
    self.await_(_cursor.execute(operation))
    ~~~~~~~~~~~^^^^^^^^^^^^^^^^^^^^^^^^^^^^
  File "/usr/local/google/home/konstantint/Projects/prefecture/.venv/lib/python3.13/site-packages/sqlalchemy/util/_concurrency_py3k.py", line 132, in await_only
    return current.parent.switch(awaitable)  # type: ignore[no-any-return,attr-defined] # noqa: E501
           ~~~~~~~~~~~~~~~~~~~~~^^^^^^^^^^^
  File "/usr/local/google/home/konstantint/Projects/prefecture/.venv/lib/python3.13/site-packages/sqlalchemy/util/_concurrency_py3k.py", line 196, in greenlet_spawn
    value = await result
            ^^^^^^^^^^^^
  File "/usr/local/google/home/konstantint/Projects/prefecture/.venv/lib/python3.13/site-packages/aiosqlite/cursor.py", line 40, in execute
    await self._execute(self._cursor.execute, sql, parameters)
  File "/usr/local/google/home/konstantint/Projects/prefecture/.venv/lib/python3.13/site-packages/aiosqlite/cursor.py", line 32, in _execute
    return await self._conn._execute(fn, *args, **kwargs)
           ^^^^^^^^^^^^^^^^^^^^^^^^^^^^^^^^^^^^^^^^^^^^^^
  File "/usr/local/google/home/konstantint/Projects/prefecture/.venv/lib/python3.13/site-packages/aiosqlite/core.py", line 160, in _execute
    return await future
           ^^^^^^^^^^^^
  File "/usr/local/google/home/konstantint/Projects/prefecture/.venv/lib/python3.13/site-packages/aiosqlite/core.py", line 63, in _connection_worker_thread
    result = function()
sqlalchemy.exc.OperationalError: (sqlite3.OperationalError) unable to open database file
(Background on this error at: https://sqlalche.me/e/20/e3q8)

14:15:33.174 | ERROR   | uvicorn.error - Application startup failed. Exiting.
------------------------------ Captured log call -------------------------------
INFO     prefect:server.py:1127 Starting temporary server on http://127.0.0.1:8508
See https://docs.prefect.io/v3/concepts/server#how-to-guides for more information on running a dedicated Prefect server.
____________________ test_run_dir_file_loader_fail_on_error ____________________

test_template_dir = PosixPath('/tmp/pytest-of-konstantint/pytest-2/test_run_dir_file_loader_fail_0')

    def test_run_dir_file_loader_fail_on_error(test_template_dir):
        """Test RunDirFileLoader fail_on_error behavior."""
        run_dir = test_template_dir / "2023-10-25"
        run_dir.mkdir()
    
        prompt_config = {
            "template_file": "test_prompt.j2",
            "params": {"name": "LoaderTest"},
            "context_loaders": [
                {
                    "type": "run_dir_file",
                    "assign_to": "last_weeks_digest",
                    "params": {"file_name": "nonexistent.md"},
                }
            ],
        }
    
        generator = templating.Jinja2Templater(
            config_dir=test_template_dir, run_dir=run_dir, **prompt_config
        )
>       generated_prompt = generator()
                           ^^^^^^^^^^^

prefecture/operations/templating_test.py:153: 
_ _ _ _ _ _ _ _ _ _ _ _ _ _ _ _ _ _ _ _ _ _ _ _ _ _ _ _ _ _ _ _ _ _ _ _ _ _ _ _ 
.venv/lib/python3.13/site-packages/prefect/tasks.py:1213: in __call__
    return run_task(
.venv/lib/python3.13/site-packages/prefect/task_engine.py:1902: in run_task
    return run_task_sync(**kwargs)
           ^^^^^^^^^^^^^^^^^^^^^^^
.venv/lib/python3.13/site-packages/prefect/task_engine.py:1667: in run_task_sync
    with engine.start(task_run_id=task_run_id, dependencies=dependencies):
         ^^^^^^^^^^^^^^^^^^^^^^^^^^^^^^^^^^^^^^^^^^^^^^^^^^^^^^^^^^^^^^^^
/usr/lib/python3.13/contextlib.py:141: in __enter__
    return next(self.gen)
           ^^^^^^^^^^^^^^
.venv/lib/python3.13/site-packages/prefect/task_engine.py:920: in start
    with self.initialize_run(task_run_id=task_run_id, dependencies=dependencies):
         ^^^^^^^^^^^^^^^^^^^^^^^^^^^^^^^^^^^^^^^^^^^^^^^^^^^^^^^^^^^^^^^^^^^^^^^
/usr/lib/python3.13/contextlib.py:141: in __enter__
    return next(self.gen)
           ^^^^^^^^^^^^^^
.venv/lib/python3.13/site-packages/prefect/task_engine.py:822: in initialize_run
    with SyncClientContext.get_or_create() as client_ctx:
         ^^^^^^^^^^^^^^^^^^^^^^^^^^^^^^^^^
/usr/lib/python3.13/contextlib.py:141: in __enter__
    return next(self.gen)
           ^^^^^^^^^^^^^^
.venv/lib/python3.13/site-packages/prefect/context.py:337: in get_or_create
    with cls() as ctx:
         ^^^^^
.venv/lib/python3.13/site-packages/prefect/context.py:305: in __init__
    client=get_client(sync_client=True, httpx_settings=httpx_settings),
           ^^^^^^^^^^^^^^^^^^^^^^^^^^^^^^^^^^^^^^^^^^^^^^^^^^^^^^^^^^^
.venv/lib/python3.13/site-packages/prefect/client/orchestration/__init__.py:252: in get_client
    server.start()
.venv/lib/python3.13/site-packages/prefect/server/api/server.py:1154: in start
    response.raise_for_status()
_ _ _ _ _ _ _ _ _ _ _ _ _ _ _ _ _ _ _ _ _ _ _ _ _ _ _ _ _ _ _ _ _ _ _ _ _ _ _ _ 

self = <Response [400 Bad Request]>

    def raise_for_status(self) -> Response:
        """
        Raise the `HTTPStatusError` if one occurred.
        """
        request = self._request
        if request is None:
            raise RuntimeError(
                "Cannot call `raise_for_status` as the request "
                "instance has not been set on this response."
            )
    
        if self.is_success:
            return self
    
        if self.has_redirect_location:
            message = (
                "{error_type} '{0.status_code} {0.reason_phrase}' for url '{0.url}'\n"
                "Redirect location: '{0.headers[location]}'\n"
                "For more information check: https://developer.mozilla.org/en-US/docs/Web/HTTP/Status/{0.status_code}"
            )
        else:
            message = (
                "{error_type} '{0.status_code} {0.reason_phrase}' for url '{0.url}'\n"
                "For more information check: https://developer.mozilla.org/en-US/docs/Web/HTTP/Status/{0.status_code}"
            )
    
        status_class = self.status_code // 100
        error_types = {
            1: "Informational response",
            3: "Redirect response",
            4: "Client error",
            5: "Server error",
        }
        error_type = error_types.get(status_class, "Invalid status code")
        message = message.format(self, error_type=error_type)
>       raise HTTPStatusError(message, request=request, response=self)
E       httpx.HTTPStatusError: Client error '400 Bad Request' for url 'http://127.0.0.1:8706/api/health'
E       For more information check: https://developer.mozilla.org/en-US/docs/Web/HTTP/Status/400

.venv/lib/python3.13/site-packages/httpx/_models.py:829: HTTPStatusError
----------------------------- Captured stderr call -----------------------------
14:15:34.991 | INFO    | prefect - Starting temporary server on http://127.0.0.1:8184
See https://docs.prefect.io/v3/concepts/server#how-to-guides for more information on running a dedicated Prefect server.
14:15:41.280 | ERROR   | uvicorn.error - Traceback (most recent call last):
  File "/usr/local/google/home/konstantint/Projects/prefecture/.venv/lib/python3.13/site-packages/sqlalchemy/engine/base.py", line 143, in __init__
    self._dbapi_connection = engine.raw_connection()
                             ~~~~~~~~~~~~~~~~~~~~~^^
  File "/usr/local/google/home/konstantint/Projects/prefecture/.venv/lib/python3.13/site-packages/sqlalchemy/engine/base.py", line 3317, in raw_connection
    return self.pool.connect()
           ~~~~~~~~~~~~~~~~~^^
  File "/usr/local/google/home/konstantint/Projects/prefecture/.venv/lib/python3.13/site-packages/sqlalchemy/pool/base.py", line 448, in connect
    return _ConnectionFairy._checkout(self)
           ~~~~~~~~~~~~~~~~~~~~~~~~~~^^^^^^
  File "/usr/local/google/home/konstantint/Projects/prefecture/.venv/lib/python3.13/site-packages/sqlalchemy/pool/base.py", line 1272, in _checkout
    fairy = _ConnectionRecord.checkout(pool)
  File "/usr/local/google/home/konstantint/Projects/prefecture/.venv/lib/python3.13/site-packages/sqlalchemy/pool/base.py", line 712, in checkout
    rec = pool._do_get()
  File "/usr/local/google/home/konstantint/Projects/prefecture/.venv/lib/python3.13/site-packages/sqlalchemy/pool/impl.py", line 177, in _do_get
    with util.safe_reraise():
         ~~~~~~~~~~~~~~~~~^^
  File "/usr/local/google/home/konstantint/Projects/prefecture/.venv/lib/python3.13/site-packages/sqlalchemy/util/langhelpers.py", line 121, in __exit__
    raise exc_value.with_traceback(exc_tb)
  File "/usr/local/google/home/konstantint/Projects/prefecture/.venv/lib/python3.13/site-packages/sqlalchemy/pool/impl.py", line 175, in _do_get
    return self._create_connection()
           ~~~~~~~~~~~~~~~~~~~~~~~^^
  File "/usr/local/google/home/konstantint/Projects/prefecture/.venv/lib/python3.13/site-packages/sqlalchemy/pool/base.py", line 389, in _create_connection
    return _ConnectionRecord(self)
  File "/usr/local/google/home/konstantint/Projects/prefecture/.venv/lib/python3.13/site-packages/sqlalchemy/pool/base.py", line 674, in __init__
    self.__connect()
    ~~~~~~~~~~~~~~^^
  File "/usr/local/google/home/konstantint/Projects/prefecture/.venv/lib/python3.13/site-packages/sqlalchemy/pool/base.py", line 914, in __connect
    )._exec_w_sync_on_first_run(self.dbapi_connection, self)
      ~~~~~~~~~~~~~~~~~~~~~~~~~^^^^^^^^^^^^^^^^^^^^^^^^^^^^^
  File "/usr/local/google/home/konstantint/Projects/prefecture/.venv/lib/python3.13/site-packages/sqlalchemy/event/attr.py", line 501, in _exec_w_sync_on_first_run
    self(*args, **kw)
    ~~~~^^^^^^^^^^^^^
  File "/usr/local/google/home/konstantint/Projects/prefecture/.venv/lib/python3.13/site-packages/sqlalchemy/event/attr.py", line 515, in __call__
    fn(*args, **kw)
    ~~^^^^^^^^^^^^^
  File "/usr/local/google/home/konstantint/Projects/prefecture/.venv/lib/python3.13/site-packages/prefect/server/database/configurations.py", line 530, in setup_sqlite
    cursor.execute("PRAGMA journal_mode = WAL;")
    ~~~~~~~~~~~~~~^^^^^^^^^^^^^^^^^^^^^^^^^^^^^^
  File "/usr/local/google/home/konstantint/Projects/prefecture/.venv/lib/python3.13/site-packages/sqlalchemy/dialects/sqlite/aiosqlite.py", line 182, in execute
    self._adapt_connection._handle_exception(error)
    ~~~~~~~~~~~~~~~~~~~~~~~~~~~~~~~~~~~~~~~~^^^^^^^
  File "/usr/local/google/home/konstantint/Projects/prefecture/.venv/lib/python3.13/site-packages/sqlalchemy/dialects/sqlite/aiosqlite.py", line 342, in _handle_exception
    raise error
  File "/usr/local/google/home/konstantint/Projects/prefecture/.venv/lib/python3.13/site-packages/sqlalchemy/dialects/sqlite/aiosqlite.py", line 162, in execute
    self.await_(_cursor.execute(operation))
    ~~~~~~~~~~~^^^^^^^^^^^^^^^^^^^^^^^^^^^^
  File "/usr/local/google/home/konstantint/Projects/prefecture/.venv/lib/python3.13/site-packages/sqlalchemy/util/_concurrency_py3k.py", line 132, in await_only
    return current.parent.switch(awaitable)  # type: ignore[no-any-return,attr-defined] # noqa: E501
           ~~~~~~~~~~~~~~~~~~~~~^^^^^^^^^^^
  File "/usr/local/google/home/konstantint/Projects/prefecture/.venv/lib/python3.13/site-packages/sqlalchemy/util/_concurrency_py3k.py", line 196, in greenlet_spawn
    value = await result
            ^^^^^^^^^^^^
  File "/usr/local/google/home/konstantint/Projects/prefecture/.venv/lib/python3.13/site-packages/aiosqlite/cursor.py", line 40, in execute
    await self._execute(self._cursor.execute, sql, parameters)
  File "/usr/local/google/home/konstantint/Projects/prefecture/.venv/lib/python3.13/site-packages/aiosqlite/cursor.py", line 32, in _execute
    return await self._conn._execute(fn, *args, **kwargs)
           ^^^^^^^^^^^^^^^^^^^^^^^^^^^^^^^^^^^^^^^^^^^^^^
  File "/usr/local/google/home/konstantint/Projects/prefecture/.venv/lib/python3.13/site-packages/aiosqlite/core.py", line 160, in _execute
    return await future
           ^^^^^^^^^^^^
  File "/usr/local/google/home/konstantint/Projects/prefecture/.venv/lib/python3.13/site-packages/aiosqlite/core.py", line 63, in _connection_worker_thread
    result = function()
sqlite3.OperationalError: unable to open database file

The above exception was the direct cause of the following exception:

Traceback (most recent call last):
  File "/usr/local/google/home/konstantint/Projects/prefecture/.venv/lib/python3.13/site-packages/starlette/routing.py", line 638, in lifespan
    async with self.lifespan_context(app) as maybe_state:
               ~~~~~~~~~~~~~~~~~~~~~^^^^^
  File "/usr/lib/python3.13/contextlib.py", line 214, in __aenter__
    return await anext(self.gen)
           ^^^^^^^^^^^^^^^^^^^^^
  File "/usr/local/google/home/konstantint/Projects/prefecture/.venv/lib/python3.13/site-packages/prefect/server/api/server.py", line 921, in lifespan
    await run_migrations()
  File "/usr/local/google/home/konstantint/Projects/prefecture/.venv/lib/python3.13/site-packages/prefect/server/api/server.py", line 898, in run_migrations
    await db.create_db()
  File "/usr/local/google/home/konstantint/Projects/prefecture/.venv/lib/python3.13/site-packages/prefect/server/database/interface.py", line 77, in create_db
    await self.run_migrations_upgrade()
  File "/usr/local/google/home/konstantint/Projects/prefecture/.venv/lib/python3.13/site-packages/prefect/server/database/interface.py", line 115, in run_migrations_upgrade
    await run_sync_in_worker_thread(alembic_upgrade)
  File "/usr/local/google/home/konstantint/Projects/prefecture/.venv/lib/python3.13/site-packages/prefect/utilities/asyncutils/__init__.py", line 233, in run_sync_in_worker_thread
    result = await anyio.to_thread.run_sync(
             ^^^^^^^^^^^^^^^^^^^^^^^^^^^^^^^
        call_with_mark, call, abandon_on_cancel=True, limiter=get_thread_limiter()
        ^^^^^^^^^^^^^^^^^^^^^^^^^^^^^^^^^^^^^^^^^^^^^^^^^^^^^^^^^^^^^^^^^^^^^^^^^^
    )
    ^
  File "/usr/local/google/home/konstantint/Projects/prefecture/.venv/lib/python3.13/site-packages/anyio/to_thread.py", line 63, in run_sync
    return await get_async_backend().run_sync_in_worker_thread(
           ^^^^^^^^^^^^^^^^^^^^^^^^^^^^^^^^^^^^^^^^^^^^^^^^^^^^
        func, args, abandon_on_cancel=abandon_on_cancel, limiter=limiter
        ^^^^^^^^^^^^^^^^^^^^^^^^^^^^^^^^^^^^^^^^^^^^^^^^^^^^^^^^^^^^^^^^
    )
    ^
  File "/usr/local/google/home/konstantint/Projects/prefecture/.venv/lib/python3.13/site-packages/anyio/_backends/_asyncio.py", line 2518, in run_sync_in_worker_thread
    return await future
           ^^^^^^^^^^^^
  File "/usr/local/google/home/konstantint/Projects/prefecture/.venv/lib/python3.13/site-packages/anyio/_backends/_asyncio.py", line 1002, in run
    result = context.run(func, *args)
  File "/usr/local/google/home/konstantint/Projects/prefecture/.venv/lib/python3.13/site-packages/prefect/utilities/asyncutils/__init__.py", line 243, in call_with_mark
    return call()
  File "/usr/local/google/home/konstantint/Projects/prefecture/.venv/lib/python3.13/site-packages/prefect/server/database/alembic_commands.py", line 36, in wrapper
    return fn(*args, **kwargs)
  File "/usr/local/google/home/konstantint/Projects/prefecture/.venv/lib/python3.13/site-packages/prefect/server/database/alembic_commands.py", line 72, in alembic_upgrade
    alembic.command.upgrade(alembic_config(), revision, sql=dry_run)
    ~~~~~~~~~~~~~~~~~~~~~~~^^^^^^^^^^^^^^^^^^^^^^^^^^^^^^^^^^^^^^^^^
  File "/usr/local/google/home/konstantint/Projects/prefecture/.venv/lib/python3.13/site-packages/alembic/command.py", line 483, in upgrade
    script.run_env()
    ~~~~~~~~~~~~~~^^
  File "/usr/local/google/home/konstantint/Projects/prefecture/.venv/lib/python3.13/site-packages/alembic/script/base.py", line 545, in run_env
    util.load_python_file(self.dir, "env.py")
    ~~~~~~~~~~~~~~~~~~~~~^^^^^^^^^^^^^^^^^^^^
  File "/usr/local/google/home/konstantint/Projects/prefecture/.venv/lib/python3.13/site-packages/alembic/util/pyfiles.py", line 116, in load_python_file
    module = load_module_py(module_id, path)
  File "/usr/local/google/home/konstantint/Projects/prefecture/.venv/lib/python3.13/site-packages/alembic/util/pyfiles.py", line 136, in load_module_py
    spec.loader.exec_module(module)  # type: ignore
    ~~~~~~~~~~~~~~~~~~~~~~~^^^^^^^^
  File "<frozen importlib._bootstrap_external>", line 1023, in exec_module
  File "<frozen importlib._bootstrap>", line 488, in _call_with_frames_removed
  File "/usr/local/google/home/konstantint/Projects/prefecture/.venv/lib/python3.13/site-packages/prefect/server/database/_migrations/env.py", line 201, in <module>
    run_async_from_worker_thread(apply_migrations)
    ~~~~~~~~~~~~~~~~~~~~~~~~~~~~^^^^^^^^^^^^^^^^^^
  File "/usr/local/google/home/konstantint/Projects/prefecture/.venv/lib/python3.13/site-packages/prefect/utilities/asyncutils/__init__.py", line 254, in run_async_from_worker_thread
    return anyio.from_thread.run(call)
           ~~~~~~~~~~~~~~~~~~~~~^^^^^^
  File "/usr/local/google/home/konstantint/Projects/prefecture/.venv/lib/python3.13/site-packages/anyio/from_thread.py", line 90, in run
    return token.backend_class.run_async_from_thread(
           ~~~~~~~~~~~~~~~~~~~~~~~~~~~~~~~~~~~~~~~~~^
        func, args, token=token.native_token if explicit_token else None
        ^^^^^^^^^^^^^^^^^^^^^^^^^^^^^^^^^^^^^^^^^^^^^^^^^^^^^^^^^^^^^^^^
    )
    ^
  File "/usr/local/google/home/konstantint/Projects/prefecture/.venv/lib/python3.13/site-packages/anyio/_backends/_asyncio.py", line 2565, in run_async_from_thread
    return f.result()
           ~~~~~~~~^^
  File "/usr/lib/python3.13/concurrent/futures/_base.py", line 460, in result
    return self.__get_result()
           ~~~~~~~~~~~~~~~~~^^
  File "/usr/lib/python3.13/concurrent/futures/_base.py", line 402, in __get_result
    raise self._exception
  File "/usr/local/google/home/konstantint/Projects/prefecture/.venv/lib/python3.13/site-packages/anyio/_backends/_asyncio.py", line 2546, in task_wrapper
    return await func(*args)
           ^^^^^^^^^^^^^^^^^
  File "/usr/local/google/home/konstantint/Projects/prefecture/.venv/lib/python3.13/site-packages/prefect/server/database/_migrations/env.py", line 189, in apply_migrations
    async with engine.connect() as connection:
               ~~~~~~~~~~~~~~^^
  File "/usr/local/google/home/konstantint/Projects/prefecture/.venv/lib/python3.13/site-packages/sqlalchemy/ext/asyncio/base.py", line 121, in __aenter__
    return await self.start(is_ctxmanager=True)
           ^^^^^^^^^^^^^^^^^^^^^^^^^^^^^^^^^^^^
  File "/usr/local/google/home/konstantint/Projects/prefecture/.venv/lib/python3.13/site-packages/sqlalchemy/ext/asyncio/engine.py", line 275, in start
    await greenlet_spawn(self.sync_engine.connect)
  File "/usr/local/google/home/konstantint/Projects/prefecture/.venv/lib/python3.13/site-packages/sqlalchemy/util/_concurrency_py3k.py", line 201, in greenlet_spawn
    result = context.throw(*sys.exc_info())
  File "/usr/local/google/home/konstantint/Projects/prefecture/.venv/lib/python3.13/site-packages/sqlalchemy/engine/base.py", line 3293, in connect
    return self._connection_cls(self)
           ~~~~~~~~~~~~~~~~~~~~^^^^^^
  File "/usr/local/google/home/konstantint/Projects/prefecture/.venv/lib/python3.13/site-packages/sqlalchemy/engine/base.py", line 145, in __init__
    Connection._handle_dbapi_exception_noconnection(
    ~~~~~~~~~~~~~~~~~~~~~~~~~~~~~~~~~~~~~~~~~~~~~~~^
        err, dialect, engine
        ^^^^^^^^^^^^^^^^^^^^
    )
    ^
  File "/usr/local/google/home/konstantint/Projects/prefecture/.venv/lib/python3.13/site-packages/sqlalchemy/engine/base.py", line 2448, in _handle_dbapi_exception_noconnection
    raise sqlalchemy_exception.with_traceback(exc_info[2]) from e
  File "/usr/local/google/home/konstantint/Projects/prefecture/.venv/lib/python3.13/site-packages/sqlalchemy/engine/base.py", line 143, in __init__
    self._dbapi_connection = engine.raw_connection()
                             ~~~~~~~~~~~~~~~~~~~~~^^
  File "/usr/local/google/home/konstantint/Projects/prefecture/.venv/lib/python3.13/site-packages/sqlalchemy/engine/base.py", line 3317, in raw_connection
    return self.pool.connect()
           ~~~~~~~~~~~~~~~~~^^
  File "/usr/local/google/home/konstantint/Projects/prefecture/.venv/lib/python3.13/site-packages/sqlalchemy/pool/base.py", line 448, in connect
    return _ConnectionFairy._checkout(self)
           ~~~~~~~~~~~~~~~~~~~~~~~~~~^^^^^^
  File "/usr/local/google/home/konstantint/Projects/prefecture/.venv/lib/python3.13/site-packages/sqlalchemy/pool/base.py", line 1272, in _checkout
    fairy = _ConnectionRecord.checkout(pool)
  File "/usr/local/google/home/konstantint/Projects/prefecture/.venv/lib/python3.13/site-packages/sqlalchemy/pool/base.py", line 712, in checkout
    rec = pool._do_get()
  File "/usr/local/google/home/konstantint/Projects/prefecture/.venv/lib/python3.13/site-packages/sqlalchemy/pool/impl.py", line 177, in _do_get
    with util.safe_reraise():
         ~~~~~~~~~~~~~~~~~^^
  File "/usr/local/google/home/konstantint/Projects/prefecture/.venv/lib/python3.13/site-packages/sqlalchemy/util/langhelpers.py", line 121, in __exit__
    raise exc_value.with_traceback(exc_tb)
  File "/usr/local/google/home/konstantint/Projects/prefecture/.venv/lib/python3.13/site-packages/sqlalchemy/pool/impl.py", line 175, in _do_get
    return self._create_connection()
           ~~~~~~~~~~~~~~~~~~~~~~~^^
  File "/usr/local/google/home/konstantint/Projects/prefecture/.venv/lib/python3.13/site-packages/sqlalchemy/pool/base.py", line 389, in _create_connection
    return _ConnectionRecord(self)
  File "/usr/local/google/home/konstantint/Projects/prefecture/.venv/lib/python3.13/site-packages/sqlalchemy/pool/base.py", line 674, in __init__
    self.__connect()
    ~~~~~~~~~~~~~~^^
  File "/usr/local/google/home/konstantint/Projects/prefecture/.venv/lib/python3.13/site-packages/sqlalchemy/pool/base.py", line 914, in __connect
    )._exec_w_sync_on_first_run(self.dbapi_connection, self)
      ~~~~~~~~~~~~~~~~~~~~~~~~~^^^^^^^^^^^^^^^^^^^^^^^^^^^^^
  File "/usr/local/google/home/konstantint/Projects/prefecture/.venv/lib/python3.13/site-packages/sqlalchemy/event/attr.py", line 501, in _exec_w_sync_on_first_run
    self(*args, **kw)
    ~~~~^^^^^^^^^^^^^
  File "/usr/local/google/home/konstantint/Projects/prefecture/.venv/lib/python3.13/site-packages/sqlalchemy/event/attr.py", line 515, in __call__
    fn(*args, **kw)
    ~~^^^^^^^^^^^^^
  File "/usr/local/google/home/konstantint/Projects/prefecture/.venv/lib/python3.13/site-packages/prefect/server/database/configurations.py", line 530, in setup_sqlite
    cursor.execute("PRAGMA journal_mode = WAL;")
    ~~~~~~~~~~~~~~^^^^^^^^^^^^^^^^^^^^^^^^^^^^^^
  File "/usr/local/google/home/konstantint/Projects/prefecture/.venv/lib/python3.13/site-packages/sqlalchemy/dialects/sqlite/aiosqlite.py", line 182, in execute
    self._adapt_connection._handle_exception(error)
    ~~~~~~~~~~~~~~~~~~~~~~~~~~~~~~~~~~~~~~~~^^^^^^^
  File "/usr/local/google/home/konstantint/Projects/prefecture/.venv/lib/python3.13/site-packages/sqlalchemy/dialects/sqlite/aiosqlite.py", line 342, in _handle_exception
    raise error
  File "/usr/local/google/home/konstantint/Projects/prefecture/.venv/lib/python3.13/site-packages/sqlalchemy/dialects/sqlite/aiosqlite.py", line 162, in execute
    self.await_(_cursor.execute(operation))
    ~~~~~~~~~~~^^^^^^^^^^^^^^^^^^^^^^^^^^^^
  File "/usr/local/google/home/konstantint/Projects/prefecture/.venv/lib/python3.13/site-packages/sqlalchemy/util/_concurrency_py3k.py", line 132, in await_only
    return current.parent.switch(awaitable)  # type: ignore[no-any-return,attr-defined] # noqa: E501
           ~~~~~~~~~~~~~~~~~~~~~^^^^^^^^^^^
  File "/usr/local/google/home/konstantint/Projects/prefecture/.venv/lib/python3.13/site-packages/sqlalchemy/util/_concurrency_py3k.py", line 196, in greenlet_spawn
    value = await result
            ^^^^^^^^^^^^
  File "/usr/local/google/home/konstantint/Projects/prefecture/.venv/lib/python3.13/site-packages/aiosqlite/cursor.py", line 40, in execute
    await self._execute(self._cursor.execute, sql, parameters)
  File "/usr/local/google/home/konstantint/Projects/prefecture/.venv/lib/python3.13/site-packages/aiosqlite/cursor.py", line 32, in _execute
    return await self._conn._execute(fn, *args, **kwargs)
           ^^^^^^^^^^^^^^^^^^^^^^^^^^^^^^^^^^^^^^^^^^^^^^
  File "/usr/local/google/home/konstantint/Projects/prefecture/.venv/lib/python3.13/site-packages/aiosqlite/core.py", line 160, in _execute
    return await future
           ^^^^^^^^^^^^
  File "/usr/local/google/home/konstantint/Projects/prefecture/.venv/lib/python3.13/site-packages/aiosqlite/core.py", line 63, in _connection_worker_thread
    result = function()
sqlalchemy.exc.OperationalError: (sqlite3.OperationalError) unable to open database file
(Background on this error at: https://sqlalche.me/e/20/e3q8)

14:15:41.310 | ERROR   | uvicorn.error - Application startup failed. Exiting.
14:15:41.666 | ERROR   | uvicorn.error - Traceback (most recent call last):
  File "/usr/local/google/home/konstantint/Projects/prefecture/.venv/lib/python3.13/site-packages/sqlalchemy/engine/base.py", line 143, in __init__
    self._dbapi_connection = engine.raw_connection()
                             ~~~~~~~~~~~~~~~~~~~~~^^
  File "/usr/local/google/home/konstantint/Projects/prefecture/.venv/lib/python3.13/site-packages/sqlalchemy/engine/base.py", line 3317, in raw_connection
    return self.pool.connect()
           ~~~~~~~~~~~~~~~~~^^
  File "/usr/local/google/home/konstantint/Projects/prefecture/.venv/lib/python3.13/site-packages/sqlalchemy/pool/base.py", line 448, in connect
    return _ConnectionFairy._checkout(self)
           ~~~~~~~~~~~~~~~~~~~~~~~~~~^^^^^^
  File "/usr/local/google/home/konstantint/Projects/prefecture/.venv/lib/python3.13/site-packages/sqlalchemy/pool/base.py", line 1272, in _checkout
    fairy = _ConnectionRecord.checkout(pool)
  File "/usr/local/google/home/konstantint/Projects/prefecture/.venv/lib/python3.13/site-packages/sqlalchemy/pool/base.py", line 712, in checkout
    rec = pool._do_get()
  File "/usr/local/google/home/konstantint/Projects/prefecture/.venv/lib/python3.13/site-packages/sqlalchemy/pool/impl.py", line 177, in _do_get
    with util.safe_reraise():
         ~~~~~~~~~~~~~~~~~^^
  File "/usr/local/google/home/konstantint/Projects/prefecture/.venv/lib/python3.13/site-packages/sqlalchemy/util/langhelpers.py", line 121, in __exit__
    raise exc_value.with_traceback(exc_tb)
  File "/usr/local/google/home/konstantint/Projects/prefecture/.venv/lib/python3.13/site-packages/sqlalchemy/pool/impl.py", line 175, in _do_get
    return self._create_connection()
           ~~~~~~~~~~~~~~~~~~~~~~~^^
  File "/usr/local/google/home/konstantint/Projects/prefecture/.venv/lib/python3.13/site-packages/sqlalchemy/pool/base.py", line 389, in _create_connection
    return _ConnectionRecord(self)
  File "/usr/local/google/home/konstantint/Projects/prefecture/.venv/lib/python3.13/site-packages/sqlalchemy/pool/base.py", line 674, in __init__
    self.__connect()
    ~~~~~~~~~~~~~~^^
  File "/usr/local/google/home/konstantint/Projects/prefecture/.venv/lib/python3.13/site-packages/sqlalchemy/pool/base.py", line 914, in __connect
    )._exec_w_sync_on_first_run(self.dbapi_connection, self)
      ~~~~~~~~~~~~~~~~~~~~~~~~~^^^^^^^^^^^^^^^^^^^^^^^^^^^^^
  File "/usr/local/google/home/konstantint/Projects/prefecture/.venv/lib/python3.13/site-packages/sqlalchemy/event/attr.py", line 501, in _exec_w_sync_on_first_run
    self(*args, **kw)
    ~~~~^^^^^^^^^^^^^
  File "/usr/local/google/home/konstantint/Projects/prefecture/.venv/lib/python3.13/site-packages/sqlalchemy/event/attr.py", line 515, in __call__
    fn(*args, **kw)
    ~~^^^^^^^^^^^^^
  File "/usr/local/google/home/konstantint/Projects/prefecture/.venv/lib/python3.13/site-packages/prefect/server/database/configurations.py", line 530, in setup_sqlite
    cursor.execute("PRAGMA journal_mode = WAL;")
    ~~~~~~~~~~~~~~^^^^^^^^^^^^^^^^^^^^^^^^^^^^^^
  File "/usr/local/google/home/konstantint/Projects/prefecture/.venv/lib/python3.13/site-packages/sqlalchemy/dialects/sqlite/aiosqlite.py", line 182, in execute
    self._adapt_connection._handle_exception(error)
    ~~~~~~~~~~~~~~~~~~~~~~~~~~~~~~~~~~~~~~~~^^^^^^^
  File "/usr/local/google/home/konstantint/Projects/prefecture/.venv/lib/python3.13/site-packages/sqlalchemy/dialects/sqlite/aiosqlite.py", line 342, in _handle_exception
    raise error
  File "/usr/local/google/home/konstantint/Projects/prefecture/.venv/lib/python3.13/site-packages/sqlalchemy/dialects/sqlite/aiosqlite.py", line 162, in execute
    self.await_(_cursor.execute(operation))
    ~~~~~~~~~~~^^^^^^^^^^^^^^^^^^^^^^^^^^^^
  File "/usr/local/google/home/konstantint/Projects/prefecture/.venv/lib/python3.13/site-packages/sqlalchemy/util/_concurrency_py3k.py", line 132, in await_only
    return current.parent.switch(awaitable)  # type: ignore[no-any-return,attr-defined] # noqa: E501
           ~~~~~~~~~~~~~~~~~~~~~^^^^^^^^^^^
  File "/usr/local/google/home/konstantint/Projects/prefecture/.venv/lib/python3.13/site-packages/sqlalchemy/util/_concurrency_py3k.py", line 196, in greenlet_spawn
    value = await result
            ^^^^^^^^^^^^
  File "/usr/local/google/home/konstantint/Projects/prefecture/.venv/lib/python3.13/site-packages/aiosqlite/cursor.py", line 40, in execute
    await self._execute(self._cursor.execute, sql, parameters)
  File "/usr/local/google/home/konstantint/Projects/prefecture/.venv/lib/python3.13/site-packages/aiosqlite/cursor.py", line 32, in _execute
    return await self._conn._execute(fn, *args, **kwargs)
           ^^^^^^^^^^^^^^^^^^^^^^^^^^^^^^^^^^^^^^^^^^^^^^
  File "/usr/local/google/home/konstantint/Projects/prefecture/.venv/lib/python3.13/site-packages/aiosqlite/core.py", line 160, in _execute
    return await future
           ^^^^^^^^^^^^
  File "/usr/local/google/home/konstantint/Projects/prefecture/.venv/lib/python3.13/site-packages/aiosqlite/core.py", line 63, in _connection_worker_thread
    result = function()
sqlite3.OperationalError: unable to open database file

The above exception was the direct cause of the following exception:

Traceback (most recent call last):
  File "/usr/local/google/home/konstantint/Projects/prefecture/.venv/lib/python3.13/site-packages/starlette/routing.py", line 638, in lifespan
    async with self.lifespan_context(app) as maybe_state:
               ~~~~~~~~~~~~~~~~~~~~~^^^^^
  File "/usr/lib/python3.13/contextlib.py", line 214, in __aenter__
    return await anext(self.gen)
           ^^^^^^^^^^^^^^^^^^^^^
  File "/usr/local/google/home/konstantint/Projects/prefecture/.venv/lib/python3.13/site-packages/prefect/server/api/server.py", line 921, in lifespan
    await run_migrations()
  File "/usr/local/google/home/konstantint/Projects/prefecture/.venv/lib/python3.13/site-packages/prefect/server/api/server.py", line 898, in run_migrations
    await db.create_db()
  File "/usr/local/google/home/konstantint/Projects/prefecture/.venv/lib/python3.13/site-packages/prefect/server/database/interface.py", line 77, in create_db
    await self.run_migrations_upgrade()
  File "/usr/local/google/home/konstantint/Projects/prefecture/.venv/lib/python3.13/site-packages/prefect/server/database/interface.py", line 115, in run_migrations_upgrade
    await run_sync_in_worker_thread(alembic_upgrade)
  File "/usr/local/google/home/konstantint/Projects/prefecture/.venv/lib/python3.13/site-packages/prefect/utilities/asyncutils/__init__.py", line 233, in run_sync_in_worker_thread
    result = await anyio.to_thread.run_sync(
             ^^^^^^^^^^^^^^^^^^^^^^^^^^^^^^^
        call_with_mark, call, abandon_on_cancel=True, limiter=get_thread_limiter()
        ^^^^^^^^^^^^^^^^^^^^^^^^^^^^^^^^^^^^^^^^^^^^^^^^^^^^^^^^^^^^^^^^^^^^^^^^^^
    )
    ^
  File "/usr/local/google/home/konstantint/Projects/prefecture/.venv/lib/python3.13/site-packages/anyio/to_thread.py", line 63, in run_sync
    return await get_async_backend().run_sync_in_worker_thread(
           ^^^^^^^^^^^^^^^^^^^^^^^^^^^^^^^^^^^^^^^^^^^^^^^^^^^^
        func, args, abandon_on_cancel=abandon_on_cancel, limiter=limiter
        ^^^^^^^^^^^^^^^^^^^^^^^^^^^^^^^^^^^^^^^^^^^^^^^^^^^^^^^^^^^^^^^^
    )
    ^
  File "/usr/local/google/home/konstantint/Projects/prefecture/.venv/lib/python3.13/site-packages/anyio/_backends/_asyncio.py", line 2518, in run_sync_in_worker_thread
    return await future
           ^^^^^^^^^^^^
  File "/usr/local/google/home/konstantint/Projects/prefecture/.venv/lib/python3.13/site-packages/anyio/_backends/_asyncio.py", line 1002, in run
    result = context.run(func, *args)
  File "/usr/local/google/home/konstantint/Projects/prefecture/.venv/lib/python3.13/site-packages/prefect/utilities/asyncutils/__init__.py", line 243, in call_with_mark
    return call()
  File "/usr/local/google/home/konstantint/Projects/prefecture/.venv/lib/python3.13/site-packages/prefect/server/database/alembic_commands.py", line 36, in wrapper
    return fn(*args, **kwargs)
  File "/usr/local/google/home/konstantint/Projects/prefecture/.venv/lib/python3.13/site-packages/prefect/server/database/alembic_commands.py", line 72, in alembic_upgrade
    alembic.command.upgrade(alembic_config(), revision, sql=dry_run)
    ~~~~~~~~~~~~~~~~~~~~~~~^^^^^^^^^^^^^^^^^^^^^^^^^^^^^^^^^^^^^^^^^
  File "/usr/local/google/home/konstantint/Projects/prefecture/.venv/lib/python3.13/site-packages/alembic/command.py", line 483, in upgrade
    script.run_env()
    ~~~~~~~~~~~~~~^^
  File "/usr/local/google/home/konstantint/Projects/prefecture/.venv/lib/python3.13/site-packages/alembic/script/base.py", line 545, in run_env
    util.load_python_file(self.dir, "env.py")
    ~~~~~~~~~~~~~~~~~~~~~^^^^^^^^^^^^^^^^^^^^
  File "/usr/local/google/home/konstantint/Projects/prefecture/.venv/lib/python3.13/site-packages/alembic/util/pyfiles.py", line 116, in load_python_file
    module = load_module_py(module_id, path)
  File "/usr/local/google/home/konstantint/Projects/prefecture/.venv/lib/python3.13/site-packages/alembic/util/pyfiles.py", line 136, in load_module_py
    spec.loader.exec_module(module)  # type: ignore
    ~~~~~~~~~~~~~~~~~~~~~~~^^^^^^^^
  File "<frozen importlib._bootstrap_external>", line 1023, in exec_module
  File "<frozen importlib._bootstrap>", line 488, in _call_with_frames_removed
  File "/usr/local/google/home/konstantint/Projects/prefecture/.venv/lib/python3.13/site-packages/prefect/server/database/_migrations/env.py", line 201, in <module>
    run_async_from_worker_thread(apply_migrations)
    ~~~~~~~~~~~~~~~~~~~~~~~~~~~~^^^^^^^^^^^^^^^^^^
  File "/usr/local/google/home/konstantint/Projects/prefecture/.venv/lib/python3.13/site-packages/prefect/utilities/asyncutils/__init__.py", line 254, in run_async_from_worker_thread
    return anyio.from_thread.run(call)
           ~~~~~~~~~~~~~~~~~~~~~^^^^^^
  File "/usr/local/google/home/konstantint/Projects/prefecture/.venv/lib/python3.13/site-packages/anyio/from_thread.py", line 90, in run
    return token.backend_class.run_async_from_thread(
           ~~~~~~~~~~~~~~~~~~~~~~~~~~~~~~~~~~~~~~~~~^
        func, args, token=token.native_token if explicit_token else None
        ^^^^^^^^^^^^^^^^^^^^^^^^^^^^^^^^^^^^^^^^^^^^^^^^^^^^^^^^^^^^^^^^
    )
    ^
  File "/usr/local/google/home/konstantint/Projects/prefecture/.venv/lib/python3.13/site-packages/anyio/_backends/_asyncio.py", line 2565, in run_async_from_thread
    return f.result()
           ~~~~~~~~^^
  File "/usr/lib/python3.13/concurrent/futures/_base.py", line 460, in result
    return self.__get_result()
           ~~~~~~~~~~~~~~~~~^^
  File "/usr/lib/python3.13/concurrent/futures/_base.py", line 402, in __get_result
    raise self._exception
  File "/usr/local/google/home/konstantint/Projects/prefecture/.venv/lib/python3.13/site-packages/anyio/_backends/_asyncio.py", line 2546, in task_wrapper
    return await func(*args)
           ^^^^^^^^^^^^^^^^^
  File "/usr/local/google/home/konstantint/Projects/prefecture/.venv/lib/python3.13/site-packages/prefect/server/database/_migrations/env.py", line 189, in apply_migrations
    async with engine.connect() as connection:
               ~~~~~~~~~~~~~~^^
  File "/usr/local/google/home/konstantint/Projects/prefecture/.venv/lib/python3.13/site-packages/sqlalchemy/ext/asyncio/base.py", line 121, in __aenter__
    return await self.start(is_ctxmanager=True)
           ^^^^^^^^^^^^^^^^^^^^^^^^^^^^^^^^^^^^
  File "/usr/local/google/home/konstantint/Projects/prefecture/.venv/lib/python3.13/site-packages/sqlalchemy/ext/asyncio/engine.py", line 275, in start
    await greenlet_spawn(self.sync_engine.connect)
  File "/usr/local/google/home/konstantint/Projects/prefecture/.venv/lib/python3.13/site-packages/sqlalchemy/util/_concurrency_py3k.py", line 201, in greenlet_spawn
    result = context.throw(*sys.exc_info())
  File "/usr/local/google/home/konstantint/Projects/prefecture/.venv/lib/python3.13/site-packages/sqlalchemy/engine/base.py", line 3293, in connect
    return self._connection_cls(self)
           ~~~~~~~~~~~~~~~~~~~~^^^^^^
  File "/usr/local/google/home/konstantint/Projects/prefecture/.venv/lib/python3.13/site-packages/sqlalchemy/engine/base.py", line 145, in __init__
    Connection._handle_dbapi_exception_noconnection(
    ~~~~~~~~~~~~~~~~~~~~~~~~~~~~~~~~~~~~~~~~~~~~~~~^
        err, dialect, engine
        ^^^^^^^^^^^^^^^^^^^^
    )
    ^
  File "/usr/local/google/home/konstantint/Projects/prefecture/.venv/lib/python3.13/site-packages/sqlalchemy/engine/base.py", line 2448, in _handle_dbapi_exception_noconnection
    raise sqlalchemy_exception.with_traceback(exc_info[2]) from e
  File "/usr/local/google/home/konstantint/Projects/prefecture/.venv/lib/python3.13/site-packages/sqlalchemy/engine/base.py", line 143, in __init__
    self._dbapi_connection = engine.raw_connection()
                             ~~~~~~~~~~~~~~~~~~~~~^^
  File "/usr/local/google/home/konstantint/Projects/prefecture/.venv/lib/python3.13/site-packages/sqlalchemy/engine/base.py", line 3317, in raw_connection
    return self.pool.connect()
           ~~~~~~~~~~~~~~~~~^^
  File "/usr/local/google/home/konstantint/Projects/prefecture/.venv/lib/python3.13/site-packages/sqlalchemy/pool/base.py", line 448, in connect
    return _ConnectionFairy._checkout(self)
           ~~~~~~~~~~~~~~~~~~~~~~~~~~^^^^^^
  File "/usr/local/google/home/konstantint/Projects/prefecture/.venv/lib/python3.13/site-packages/sqlalchemy/pool/base.py", line 1272, in _checkout
    fairy = _ConnectionRecord.checkout(pool)
  File "/usr/local/google/home/konstantint/Projects/prefecture/.venv/lib/python3.13/site-packages/sqlalchemy/pool/base.py", line 712, in checkout
    rec = pool._do_get()
  File "/usr/local/google/home/konstantint/Projects/prefecture/.venv/lib/python3.13/site-packages/sqlalchemy/pool/impl.py", line 177, in _do_get
    with util.safe_reraise():
         ~~~~~~~~~~~~~~~~~^^
  File "/usr/local/google/home/konstantint/Projects/prefecture/.venv/lib/python3.13/site-packages/sqlalchemy/util/langhelpers.py", line 121, in __exit__
    raise exc_value.with_traceback(exc_tb)
  File "/usr/local/google/home/konstantint/Projects/prefecture/.venv/lib/python3.13/site-packages/sqlalchemy/pool/impl.py", line 175, in _do_get
    return self._create_connection()
           ~~~~~~~~~~~~~~~~~~~~~~~^^
  File "/usr/local/google/home/konstantint/Projects/prefecture/.venv/lib/python3.13/site-packages/sqlalchemy/pool/base.py", line 389, in _create_connection
    return _ConnectionRecord(self)
  File "/usr/local/google/home/konstantint/Projects/prefecture/.venv/lib/python3.13/site-packages/sqlalchemy/pool/base.py", line 674, in __init__
    self.__connect()
    ~~~~~~~~~~~~~~^^
  File "/usr/local/google/home/konstantint/Projects/prefecture/.venv/lib/python3.13/site-packages/sqlalchemy/pool/base.py", line 914, in __connect
    )._exec_w_sync_on_first_run(self.dbapi_connection, self)
      ~~~~~~~~~~~~~~~~~~~~~~~~~^^^^^^^^^^^^^^^^^^^^^^^^^^^^^
  File "/usr/local/google/home/konstantint/Projects/prefecture/.venv/lib/python3.13/site-packages/sqlalchemy/event/attr.py", line 501, in _exec_w_sync_on_first_run
    self(*args, **kw)
    ~~~~^^^^^^^^^^^^^
  File "/usr/local/google/home/konstantint/Projects/prefecture/.venv/lib/python3.13/site-packages/sqlalchemy/event/attr.py", line 515, in __call__
    fn(*args, **kw)
    ~~^^^^^^^^^^^^^
  File "/usr/local/google/home/konstantint/Projects/prefecture/.venv/lib/python3.13/site-packages/prefect/server/database/configurations.py", line 530, in setup_sqlite
    cursor.execute("PRAGMA journal_mode = WAL;")
    ~~~~~~~~~~~~~~^^^^^^^^^^^^^^^^^^^^^^^^^^^^^^
  File "/usr/local/google/home/konstantint/Projects/prefecture/.venv/lib/python3.13/site-packages/sqlalchemy/dialects/sqlite/aiosqlite.py", line 182, in execute
    self._adapt_connection._handle_exception(error)
    ~~~~~~~~~~~~~~~~~~~~~~~~~~~~~~~~~~~~~~~~^^^^^^^
  File "/usr/local/google/home/konstantint/Projects/prefecture/.venv/lib/python3.13/site-packages/sqlalchemy/dialects/sqlite/aiosqlite.py", line 342, in _handle_exception
    raise error
  File "/usr/local/google/home/konstantint/Projects/prefecture/.venv/lib/python3.13/site-packages/sqlalchemy/dialects/sqlite/aiosqlite.py", line 162, in execute
    self.await_(_cursor.execute(operation))
    ~~~~~~~~~~~^^^^^^^^^^^^^^^^^^^^^^^^^^^^
  File "/usr/local/google/home/konstantint/Projects/prefecture/.venv/lib/python3.13/site-packages/sqlalchemy/util/_concurrency_py3k.py", line 132, in await_only
    return current.parent.switch(awaitable)  # type: ignore[no-any-return,attr-defined] # noqa: E501
           ~~~~~~~~~~~~~~~~~~~~~^^^^^^^^^^^
  File "/usr/local/google/home/konstantint/Projects/prefecture/.venv/lib/python3.13/site-packages/sqlalchemy/util/_concurrency_py3k.py", line 196, in greenlet_spawn
    value = await result
            ^^^^^^^^^^^^
  File "/usr/local/google/home/konstantint/Projects/prefecture/.venv/lib/python3.13/site-packages/aiosqlite/cursor.py", line 40, in execute
    await self._execute(self._cursor.execute, sql, parameters)
  File "/usr/local/google/home/konstantint/Projects/prefecture/.venv/lib/python3.13/site-packages/aiosqlite/cursor.py", line 32, in _execute
    return await self._conn._execute(fn, *args, **kwargs)
           ^^^^^^^^^^^^^^^^^^^^^^^^^^^^^^^^^^^^^^^^^^^^^^
  File "/usr/local/google/home/konstantint/Projects/prefecture/.venv/lib/python3.13/site-packages/aiosqlite/core.py", line 160, in _execute
    return await future
           ^^^^^^^^^^^^
  File "/usr/local/google/home/konstantint/Projects/prefecture/.venv/lib/python3.13/site-packages/aiosqlite/core.py", line 63, in _connection_worker_thread
    result = function()
sqlalchemy.exc.OperationalError: (sqlite3.OperationalError) unable to open database file
(Background on this error at: https://sqlalche.me/e/20/e3q8)

14:15:41.689 | ERROR   | uvicorn.error - Application startup failed. Exiting.
14:15:47.901 | ERROR   | uvicorn.error - Traceback (most recent call last):
  File "/usr/local/google/home/konstantint/Projects/prefecture/.venv/lib/python3.13/site-packages/sqlalchemy/engine/base.py", line 143, in __init__
    self._dbapi_connection = engine.raw_connection()
                             ~~~~~~~~~~~~~~~~~~~~~^^
  File "/usr/local/google/home/konstantint/Projects/prefecture/.venv/lib/python3.13/site-packages/sqlalchemy/engine/base.py", line 3317, in raw_connection
    return self.pool.connect()
           ~~~~~~~~~~~~~~~~~^^
  File "/usr/local/google/home/konstantint/Projects/prefecture/.venv/lib/python3.13/site-packages/sqlalchemy/pool/base.py", line 448, in connect
    return _ConnectionFairy._checkout(self)
           ~~~~~~~~~~~~~~~~~~~~~~~~~~^^^^^^
  File "/usr/local/google/home/konstantint/Projects/prefecture/.venv/lib/python3.13/site-packages/sqlalchemy/pool/base.py", line 1272, in _checkout
    fairy = _ConnectionRecord.checkout(pool)
  File "/usr/local/google/home/konstantint/Projects/prefecture/.venv/lib/python3.13/site-packages/sqlalchemy/pool/base.py", line 712, in checkout
    rec = pool._do_get()
  File "/usr/local/google/home/konstantint/Projects/prefecture/.venv/lib/python3.13/site-packages/sqlalchemy/pool/impl.py", line 177, in _do_get
    with util.safe_reraise():
         ~~~~~~~~~~~~~~~~~^^
  File "/usr/local/google/home/konstantint/Projects/prefecture/.venv/lib/python3.13/site-packages/sqlalchemy/util/langhelpers.py", line 121, in __exit__
    raise exc_value.with_traceback(exc_tb)
  File "/usr/local/google/home/konstantint/Projects/prefecture/.venv/lib/python3.13/site-packages/sqlalchemy/pool/impl.py", line 175, in _do_get
    return self._create_connection()
           ~~~~~~~~~~~~~~~~~~~~~~~^^
  File "/usr/local/google/home/konstantint/Projects/prefecture/.venv/lib/python3.13/site-packages/sqlalchemy/pool/base.py", line 389, in _create_connection
    return _ConnectionRecord(self)
  File "/usr/local/google/home/konstantint/Projects/prefecture/.venv/lib/python3.13/site-packages/sqlalchemy/pool/base.py", line 674, in __init__
    self.__connect()
    ~~~~~~~~~~~~~~^^
  File "/usr/local/google/home/konstantint/Projects/prefecture/.venv/lib/python3.13/site-packages/sqlalchemy/pool/base.py", line 914, in __connect
    )._exec_w_sync_on_first_run(self.dbapi_connection, self)
      ~~~~~~~~~~~~~~~~~~~~~~~~~^^^^^^^^^^^^^^^^^^^^^^^^^^^^^
  File "/usr/local/google/home/konstantint/Projects/prefecture/.venv/lib/python3.13/site-packages/sqlalchemy/event/attr.py", line 501, in _exec_w_sync_on_first_run
    self(*args, **kw)
    ~~~~^^^^^^^^^^^^^
  File "/usr/local/google/home/konstantint/Projects/prefecture/.venv/lib/python3.13/site-packages/sqlalchemy/event/attr.py", line 515, in __call__
    fn(*args, **kw)
    ~~^^^^^^^^^^^^^
  File "/usr/local/google/home/konstantint/Projects/prefecture/.venv/lib/python3.13/site-packages/prefect/server/database/configurations.py", line 530, in setup_sqlite
    cursor.execute("PRAGMA journal_mode = WAL;")
    ~~~~~~~~~~~~~~^^^^^^^^^^^^^^^^^^^^^^^^^^^^^^
  File "/usr/local/google/home/konstantint/Projects/prefecture/.venv/lib/python3.13/site-packages/sqlalchemy/dialects/sqlite/aiosqlite.py", line 182, in execute
    self._adapt_connection._handle_exception(error)
    ~~~~~~~~~~~~~~~~~~~~~~~~~~~~~~~~~~~~~~~~^^^^^^^
  File "/usr/local/google/home/konstantint/Projects/prefecture/.venv/lib/python3.13/site-packages/sqlalchemy/dialects/sqlite/aiosqlite.py", line 342, in _handle_exception
    raise error
  File "/usr/local/google/home/konstantint/Projects/prefecture/.venv/lib/python3.13/site-packages/sqlalchemy/dialects/sqlite/aiosqlite.py", line 162, in execute
    self.await_(_cursor.execute(operation))
    ~~~~~~~~~~~^^^^^^^^^^^^^^^^^^^^^^^^^^^^
  File "/usr/local/google/home/konstantint/Projects/prefecture/.venv/lib/python3.13/site-packages/sqlalchemy/util/_concurrency_py3k.py", line 132, in await_only
    return current.parent.switch(awaitable)  # type: ignore[no-any-return,attr-defined] # noqa: E501
           ~~~~~~~~~~~~~~~~~~~~~^^^^^^^^^^^
  File "/usr/local/google/home/konstantint/Projects/prefecture/.venv/lib/python3.13/site-packages/sqlalchemy/util/_concurrency_py3k.py", line 196, in greenlet_spawn
    value = await result
            ^^^^^^^^^^^^
  File "/usr/local/google/home/konstantint/Projects/prefecture/.venv/lib/python3.13/site-packages/aiosqlite/cursor.py", line 40, in execute
    await self._execute(self._cursor.execute, sql, parameters)
  File "/usr/local/google/home/konstantint/Projects/prefecture/.venv/lib/python3.13/site-packages/aiosqlite/cursor.py", line 32, in _execute
    return await self._conn._execute(fn, *args, **kwargs)
           ^^^^^^^^^^^^^^^^^^^^^^^^^^^^^^^^^^^^^^^^^^^^^^
  File "/usr/local/google/home/konstantint/Projects/prefecture/.venv/lib/python3.13/site-packages/aiosqlite/core.py", line 160, in _execute
    return await future
           ^^^^^^^^^^^^
  File "/usr/local/google/home/konstantint/Projects/prefecture/.venv/lib/python3.13/site-packages/aiosqlite/core.py", line 63, in _connection_worker_thread
    result = function()
sqlite3.OperationalError: unable to open database file

The above exception was the direct cause of the following exception:

Traceback (most recent call last):
  File "/usr/local/google/home/konstantint/Projects/prefecture/.venv/lib/python3.13/site-packages/starlette/routing.py", line 638, in lifespan
    async with self.lifespan_context(app) as maybe_state:
               ~~~~~~~~~~~~~~~~~~~~~^^^^^
  File "/usr/lib/python3.13/contextlib.py", line 214, in __aenter__
    return await anext(self.gen)
           ^^^^^^^^^^^^^^^^^^^^^
  File "/usr/local/google/home/konstantint/Projects/prefecture/.venv/lib/python3.13/site-packages/prefect/server/api/server.py", line 921, in lifespan
    await run_migrations()
  File "/usr/local/google/home/konstantint/Projects/prefecture/.venv/lib/python3.13/site-packages/prefect/server/api/server.py", line 898, in run_migrations
    await db.create_db()
  File "/usr/local/google/home/konstantint/Projects/prefecture/.venv/lib/python3.13/site-packages/prefect/server/database/interface.py", line 77, in create_db
    await self.run_migrations_upgrade()
  File "/usr/local/google/home/konstantint/Projects/prefecture/.venv/lib/python3.13/site-packages/prefect/server/database/interface.py", line 115, in run_migrations_upgrade
    await run_sync_in_worker_thread(alembic_upgrade)
  File "/usr/local/google/home/konstantint/Projects/prefecture/.venv/lib/python3.13/site-packages/prefect/utilities/asyncutils/__init__.py", line 233, in run_sync_in_worker_thread
    result = await anyio.to_thread.run_sync(
             ^^^^^^^^^^^^^^^^^^^^^^^^^^^^^^^
        call_with_mark, call, abandon_on_cancel=True, limiter=get_thread_limiter()
        ^^^^^^^^^^^^^^^^^^^^^^^^^^^^^^^^^^^^^^^^^^^^^^^^^^^^^^^^^^^^^^^^^^^^^^^^^^
    )
    ^
  File "/usr/local/google/home/konstantint/Projects/prefecture/.venv/lib/python3.13/site-packages/anyio/to_thread.py", line 63, in run_sync
    return await get_async_backend().run_sync_in_worker_thread(
           ^^^^^^^^^^^^^^^^^^^^^^^^^^^^^^^^^^^^^^^^^^^^^^^^^^^^
        func, args, abandon_on_cancel=abandon_on_cancel, limiter=limiter
        ^^^^^^^^^^^^^^^^^^^^^^^^^^^^^^^^^^^^^^^^^^^^^^^^^^^^^^^^^^^^^^^^
    )
    ^
  File "/usr/local/google/home/konstantint/Projects/prefecture/.venv/lib/python3.13/site-packages/anyio/_backends/_asyncio.py", line 2518, in run_sync_in_worker_thread
    return await future
           ^^^^^^^^^^^^
  File "/usr/local/google/home/konstantint/Projects/prefecture/.venv/lib/python3.13/site-packages/anyio/_backends/_asyncio.py", line 1002, in run
    result = context.run(func, *args)
  File "/usr/local/google/home/konstantint/Projects/prefecture/.venv/lib/python3.13/site-packages/prefect/utilities/asyncutils/__init__.py", line 243, in call_with_mark
    return call()
  File "/usr/local/google/home/konstantint/Projects/prefecture/.venv/lib/python3.13/site-packages/prefect/server/database/alembic_commands.py", line 36, in wrapper
    return fn(*args, **kwargs)
  File "/usr/local/google/home/konstantint/Projects/prefecture/.venv/lib/python3.13/site-packages/prefect/server/database/alembic_commands.py", line 72, in alembic_upgrade
    alembic.command.upgrade(alembic_config(), revision, sql=dry_run)
    ~~~~~~~~~~~~~~~~~~~~~~~^^^^^^^^^^^^^^^^^^^^^^^^^^^^^^^^^^^^^^^^^
  File "/usr/local/google/home/konstantint/Projects/prefecture/.venv/lib/python3.13/site-packages/alembic/command.py", line 483, in upgrade
    script.run_env()
    ~~~~~~~~~~~~~~^^
  File "/usr/local/google/home/konstantint/Projects/prefecture/.venv/lib/python3.13/site-packages/alembic/script/base.py", line 545, in run_env
    util.load_python_file(self.dir, "env.py")
    ~~~~~~~~~~~~~~~~~~~~~^^^^^^^^^^^^^^^^^^^^
  File "/usr/local/google/home/konstantint/Projects/prefecture/.venv/lib/python3.13/site-packages/alembic/util/pyfiles.py", line 116, in load_python_file
    module = load_module_py(module_id, path)
  File "/usr/local/google/home/konstantint/Projects/prefecture/.venv/lib/python3.13/site-packages/alembic/util/pyfiles.py", line 136, in load_module_py
    spec.loader.exec_module(module)  # type: ignore
    ~~~~~~~~~~~~~~~~~~~~~~~^^^^^^^^
  File "<frozen importlib._bootstrap_external>", line 1023, in exec_module
  File "<frozen importlib._bootstrap>", line 488, in _call_with_frames_removed
  File "/usr/local/google/home/konstantint/Projects/prefecture/.venv/lib/python3.13/site-packages/prefect/server/database/_migrations/env.py", line 201, in <module>
    run_async_from_worker_thread(apply_migrations)
    ~~~~~~~~~~~~~~~~~~~~~~~~~~~~^^^^^^^^^^^^^^^^^^
  File "/usr/local/google/home/konstantint/Projects/prefecture/.venv/lib/python3.13/site-packages/prefect/utilities/asyncutils/__init__.py", line 254, in run_async_from_worker_thread
    return anyio.from_thread.run(call)
           ~~~~~~~~~~~~~~~~~~~~~^^^^^^
  File "/usr/local/google/home/konstantint/Projects/prefecture/.venv/lib/python3.13/site-packages/anyio/from_thread.py", line 90, in run
    return token.backend_class.run_async_from_thread(
           ~~~~~~~~~~~~~~~~~~~~~~~~~~~~~~~~~~~~~~~~~^
        func, args, token=token.native_token if explicit_token else None
        ^^^^^^^^^^^^^^^^^^^^^^^^^^^^^^^^^^^^^^^^^^^^^^^^^^^^^^^^^^^^^^^^
    )
    ^
  File "/usr/local/google/home/konstantint/Projects/prefecture/.venv/lib/python3.13/site-packages/anyio/_backends/_asyncio.py", line 2565, in run_async_from_thread
    return f.result()
           ~~~~~~~~^^
  File "/usr/lib/python3.13/concurrent/futures/_base.py", line 460, in result
    return self.__get_result()
           ~~~~~~~~~~~~~~~~~^^
  File "/usr/lib/python3.13/concurrent/futures/_base.py", line 402, in __get_result
    raise self._exception
  File "/usr/local/google/home/konstantint/Projects/prefecture/.venv/lib/python3.13/site-packages/anyio/_backends/_asyncio.py", line 2546, in task_wrapper
    return await func(*args)
           ^^^^^^^^^^^^^^^^^
  File "/usr/local/google/home/konstantint/Projects/prefecture/.venv/lib/python3.13/site-packages/prefect/server/database/_migrations/env.py", line 189, in apply_migrations
    async with engine.connect() as connection:
               ~~~~~~~~~~~~~~^^
  File "/usr/local/google/home/konstantint/Projects/prefecture/.venv/lib/python3.13/site-packages/sqlalchemy/ext/asyncio/base.py", line 121, in __aenter__
    return await self.start(is_ctxmanager=True)
           ^^^^^^^^^^^^^^^^^^^^^^^^^^^^^^^^^^^^
  File "/usr/local/google/home/konstantint/Projects/prefecture/.venv/lib/python3.13/site-packages/sqlalchemy/ext/asyncio/engine.py", line 275, in start
    await greenlet_spawn(self.sync_engine.connect)
  File "/usr/local/google/home/konstantint/Projects/prefecture/.venv/lib/python3.13/site-packages/sqlalchemy/util/_concurrency_py3k.py", line 201, in greenlet_spawn
    result = context.throw(*sys.exc_info())
  File "/usr/local/google/home/konstantint/Projects/prefecture/.venv/lib/python3.13/site-packages/sqlalchemy/engine/base.py", line 3293, in connect
    return self._connection_cls(self)
           ~~~~~~~~~~~~~~~~~~~~^^^^^^
  File "/usr/local/google/home/konstantint/Projects/prefecture/.venv/lib/python3.13/site-packages/sqlalchemy/engine/base.py", line 145, in __init__
    Connection._handle_dbapi_exception_noconnection(
    ~~~~~~~~~~~~~~~~~~~~~~~~~~~~~~~~~~~~~~~~~~~~~~~^
        err, dialect, engine
        ^^^^^^^^^^^^^^^^^^^^
    )
    ^
  File "/usr/local/google/home/konstantint/Projects/prefecture/.venv/lib/python3.13/site-packages/sqlalchemy/engine/base.py", line 2448, in _handle_dbapi_exception_noconnection
    raise sqlalchemy_exception.with_traceback(exc_info[2]) from e
  File "/usr/local/google/home/konstantint/Projects/prefecture/.venv/lib/python3.13/site-packages/sqlalchemy/engine/base.py", line 143, in __init__
    self._dbapi_connection = engine.raw_connection()
                             ~~~~~~~~~~~~~~~~~~~~~^^
  File "/usr/local/google/home/konstantint/Projects/prefecture/.venv/lib/python3.13/site-packages/sqlalchemy/engine/base.py", line 3317, in raw_connection
    return self.pool.connect()
           ~~~~~~~~~~~~~~~~~^^
  File "/usr/local/google/home/konstantint/Projects/prefecture/.venv/lib/python3.13/site-packages/sqlalchemy/pool/base.py", line 448, in connect
    return _ConnectionFairy._checkout(self)
           ~~~~~~~~~~~~~~~~~~~~~~~~~~^^^^^^
  File "/usr/local/google/home/konstantint/Projects/prefecture/.venv/lib/python3.13/site-packages/sqlalchemy/pool/base.py", line 1272, in _checkout
    fairy = _ConnectionRecord.checkout(pool)
  File "/usr/local/google/home/konstantint/Projects/prefecture/.venv/lib/python3.13/site-packages/sqlalchemy/pool/base.py", line 712, in checkout
    rec = pool._do_get()
  File "/usr/local/google/home/konstantint/Projects/prefecture/.venv/lib/python3.13/site-packages/sqlalchemy/pool/impl.py", line 177, in _do_get
    with util.safe_reraise():
         ~~~~~~~~~~~~~~~~~^^
  File "/usr/local/google/home/konstantint/Projects/prefecture/.venv/lib/python3.13/site-packages/sqlalchemy/util/langhelpers.py", line 121, in __exit__
    raise exc_value.with_traceback(exc_tb)
  File "/usr/local/google/home/konstantint/Projects/prefecture/.venv/lib/python3.13/site-packages/sqlalchemy/pool/impl.py", line 175, in _do_get
    return self._create_connection()
           ~~~~~~~~~~~~~~~~~~~~~~~^^
  File "/usr/local/google/home/konstantint/Projects/prefecture/.venv/lib/python3.13/site-packages/sqlalchemy/pool/base.py", line 389, in _create_connection
    return _ConnectionRecord(self)
  File "/usr/local/google/home/konstantint/Projects/prefecture/.venv/lib/python3.13/site-packages/sqlalchemy/pool/base.py", line 674, in __init__
    self.__connect()
    ~~~~~~~~~~~~~~^^
  File "/usr/local/google/home/konstantint/Projects/prefecture/.venv/lib/python3.13/site-packages/sqlalchemy/pool/base.py", line 914, in __connect
    )._exec_w_sync_on_first_run(self.dbapi_connection, self)
      ~~~~~~~~~~~~~~~~~~~~~~~~~^^^^^^^^^^^^^^^^^^^^^^^^^^^^^
  File "/usr/local/google/home/konstantint/Projects/prefecture/.venv/lib/python3.13/site-packages/sqlalchemy/event/attr.py", line 501, in _exec_w_sync_on_first_run
    self(*args, **kw)
    ~~~~^^^^^^^^^^^^^
  File "/usr/local/google/home/konstantint/Projects/prefecture/.venv/lib/python3.13/site-packages/sqlalchemy/event/attr.py", line 515, in __call__
    fn(*args, **kw)
    ~~^^^^^^^^^^^^^
  File "/usr/local/google/home/konstantint/Projects/prefecture/.venv/lib/python3.13/site-packages/prefect/server/database/configurations.py", line 530, in setup_sqlite
    cursor.execute("PRAGMA journal_mode = WAL;")
    ~~~~~~~~~~~~~~^^^^^^^^^^^^^^^^^^^^^^^^^^^^^^
  File "/usr/local/google/home/konstantint/Projects/prefecture/.venv/lib/python3.13/site-packages/sqlalchemy/dialects/sqlite/aiosqlite.py", line 182, in execute
    self._adapt_connection._handle_exception(error)
    ~~~~~~~~~~~~~~~~~~~~~~~~~~~~~~~~~~~~~~~~^^^^^^^
  File "/usr/local/google/home/konstantint/Projects/prefecture/.venv/lib/python3.13/site-packages/sqlalchemy/dialects/sqlite/aiosqlite.py", line 342, in _handle_exception
    raise error
  File "/usr/local/google/home/konstantint/Projects/prefecture/.venv/lib/python3.13/site-packages/sqlalchemy/dialects/sqlite/aiosqlite.py", line 162, in execute
    self.await_(_cursor.execute(operation))
    ~~~~~~~~~~~^^^^^^^^^^^^^^^^^^^^^^^^^^^^
  File "/usr/local/google/home/konstantint/Projects/prefecture/.venv/lib/python3.13/site-packages/sqlalchemy/util/_concurrency_py3k.py", line 132, in await_only
    return current.parent.switch(awaitable)  # type: ignore[no-any-return,attr-defined] # noqa: E501
           ~~~~~~~~~~~~~~~~~~~~~^^^^^^^^^^^
  File "/usr/local/google/home/konstantint/Projects/prefecture/.venv/lib/python3.13/site-packages/sqlalchemy/util/_concurrency_py3k.py", line 196, in greenlet_spawn
    value = await result
            ^^^^^^^^^^^^
  File "/usr/local/google/home/konstantint/Projects/prefecture/.venv/lib/python3.13/site-packages/aiosqlite/cursor.py", line 40, in execute
    await self._execute(self._cursor.execute, sql, parameters)
  File "/usr/local/google/home/konstantint/Projects/prefecture/.venv/lib/python3.13/site-packages/aiosqlite/cursor.py", line 32, in _execute
    return await self._conn._execute(fn, *args, **kwargs)
           ^^^^^^^^^^^^^^^^^^^^^^^^^^^^^^^^^^^^^^^^^^^^^^
  File "/usr/local/google/home/konstantint/Projects/prefecture/.venv/lib/python3.13/site-packages/aiosqlite/core.py", line 160, in _execute
    return await future
           ^^^^^^^^^^^^
  File "/usr/local/google/home/konstantint/Projects/prefecture/.venv/lib/python3.13/site-packages/aiosqlite/core.py", line 63, in _connection_worker_thread
    result = function()
sqlalchemy.exc.OperationalError: (sqlite3.OperationalError) unable to open database file
(Background on this error at: https://sqlalche.me/e/20/e3q8)

14:15:47.917 | ERROR   | uvicorn.error - Application startup failed. Exiting.
14:15:54.499 | ERROR   | uvicorn.error - Traceback (most recent call last):
  File "/usr/local/google/home/konstantint/Projects/prefecture/.venv/lib/python3.13/site-packages/sqlalchemy/engine/base.py", line 143, in __init__
    self._dbapi_connection = engine.raw_connection()
                             ~~~~~~~~~~~~~~~~~~~~~^^
  File "/usr/local/google/home/konstantint/Projects/prefecture/.venv/lib/python3.13/site-packages/sqlalchemy/engine/base.py", line 3317, in raw_connection
    return self.pool.connect()
           ~~~~~~~~~~~~~~~~~^^
  File "/usr/local/google/home/konstantint/Projects/prefecture/.venv/lib/python3.13/site-packages/sqlalchemy/pool/base.py", line 448, in connect
    return _ConnectionFairy._checkout(self)
           ~~~~~~~~~~~~~~~~~~~~~~~~~~^^^^^^
  File "/usr/local/google/home/konstantint/Projects/prefecture/.venv/lib/python3.13/site-packages/sqlalchemy/pool/base.py", line 1272, in _checkout
    fairy = _ConnectionRecord.checkout(pool)
  File "/usr/local/google/home/konstantint/Projects/prefecture/.venv/lib/python3.13/site-packages/sqlalchemy/pool/base.py", line 712, in checkout
    rec = pool._do_get()
  File "/usr/local/google/home/konstantint/Projects/prefecture/.venv/lib/python3.13/site-packages/sqlalchemy/pool/impl.py", line 177, in _do_get
    with util.safe_reraise():
         ~~~~~~~~~~~~~~~~~^^
  File "/usr/local/google/home/konstantint/Projects/prefecture/.venv/lib/python3.13/site-packages/sqlalchemy/util/langhelpers.py", line 121, in __exit__
    raise exc_value.with_traceback(exc_tb)
  File "/usr/local/google/home/konstantint/Projects/prefecture/.venv/lib/python3.13/site-packages/sqlalchemy/pool/impl.py", line 175, in _do_get
    return self._create_connection()
           ~~~~~~~~~~~~~~~~~~~~~~~^^
  File "/usr/local/google/home/konstantint/Projects/prefecture/.venv/lib/python3.13/site-packages/sqlalchemy/pool/base.py", line 389, in _create_connection
    return _ConnectionRecord(self)
  File "/usr/local/google/home/konstantint/Projects/prefecture/.venv/lib/python3.13/site-packages/sqlalchemy/pool/base.py", line 674, in __init__
    self.__connect()
    ~~~~~~~~~~~~~~^^
  File "/usr/local/google/home/konstantint/Projects/prefecture/.venv/lib/python3.13/site-packages/sqlalchemy/pool/base.py", line 914, in __connect
    )._exec_w_sync_on_first_run(self.dbapi_connection, self)
      ~~~~~~~~~~~~~~~~~~~~~~~~~^^^^^^^^^^^^^^^^^^^^^^^^^^^^^
  File "/usr/local/google/home/konstantint/Projects/prefecture/.venv/lib/python3.13/site-packages/sqlalchemy/event/attr.py", line 501, in _exec_w_sync_on_first_run
    self(*args, **kw)
    ~~~~^^^^^^^^^^^^^
  File "/usr/local/google/home/konstantint/Projects/prefecture/.venv/lib/python3.13/site-packages/sqlalchemy/event/attr.py", line 515, in __call__
    fn(*args, **kw)
    ~~^^^^^^^^^^^^^
  File "/usr/local/google/home/konstantint/Projects/prefecture/.venv/lib/python3.13/site-packages/prefect/server/database/configurations.py", line 530, in setup_sqlite
    cursor.execute("PRAGMA journal_mode = WAL;")
    ~~~~~~~~~~~~~~^^^^^^^^^^^^^^^^^^^^^^^^^^^^^^
  File "/usr/local/google/home/konstantint/Projects/prefecture/.venv/lib/python3.13/site-packages/sqlalchemy/dialects/sqlite/aiosqlite.py", line 182, in execute
    self._adapt_connection._handle_exception(error)
    ~~~~~~~~~~~~~~~~~~~~~~~~~~~~~~~~~~~~~~~~^^^^^^^
  File "/usr/local/google/home/konstantint/Projects/prefecture/.venv/lib/python3.13/site-packages/sqlalchemy/dialects/sqlite/aiosqlite.py", line 342, in _handle_exception
    raise error
  File "/usr/local/google/home/konstantint/Projects/prefecture/.venv/lib/python3.13/site-packages/sqlalchemy/dialects/sqlite/aiosqlite.py", line 162, in execute
    self.await_(_cursor.execute(operation))
    ~~~~~~~~~~~^^^^^^^^^^^^^^^^^^^^^^^^^^^^
  File "/usr/local/google/home/konstantint/Projects/prefecture/.venv/lib/python3.13/site-packages/sqlalchemy/util/_concurrency_py3k.py", line 132, in await_only
    return current.parent.switch(awaitable)  # type: ignore[no-any-return,attr-defined] # noqa: E501
           ~~~~~~~~~~~~~~~~~~~~~^^^^^^^^^^^
  File "/usr/local/google/home/konstantint/Projects/prefecture/.venv/lib/python3.13/site-packages/sqlalchemy/util/_concurrency_py3k.py", line 196, in greenlet_spawn
    value = await result
            ^^^^^^^^^^^^
  File "/usr/local/google/home/konstantint/Projects/prefecture/.venv/lib/python3.13/site-packages/aiosqlite/cursor.py", line 40, in execute
    await self._execute(self._cursor.execute, sql, parameters)
  File "/usr/local/google/home/konstantint/Projects/prefecture/.venv/lib/python3.13/site-packages/aiosqlite/cursor.py", line 32, in _execute
    return await self._conn._execute(fn, *args, **kwargs)
           ^^^^^^^^^^^^^^^^^^^^^^^^^^^^^^^^^^^^^^^^^^^^^^
  File "/usr/local/google/home/konstantint/Projects/prefecture/.venv/lib/python3.13/site-packages/aiosqlite/core.py", line 160, in _execute
    return await future
           ^^^^^^^^^^^^
  File "/usr/local/google/home/konstantint/Projects/prefecture/.venv/lib/python3.13/site-packages/aiosqlite/core.py", line 63, in _connection_worker_thread
    result = function()
sqlite3.OperationalError: unable to open database file

The above exception was the direct cause of the following exception:

Traceback (most recent call last):
  File "/usr/local/google/home/konstantint/Projects/prefecture/.venv/lib/python3.13/site-packages/starlette/routing.py", line 638, in lifespan
    async with self.lifespan_context(app) as maybe_state:
               ~~~~~~~~~~~~~~~~~~~~~^^^^^
  File "/usr/lib/python3.13/contextlib.py", line 214, in __aenter__
    return await anext(self.gen)
           ^^^^^^^^^^^^^^^^^^^^^
  File "/usr/local/google/home/konstantint/Projects/prefecture/.venv/lib/python3.13/site-packages/prefect/server/api/server.py", line 921, in lifespan
    await run_migrations()
  File "/usr/local/google/home/konstantint/Projects/prefecture/.venv/lib/python3.13/site-packages/prefect/server/api/server.py", line 898, in run_migrations
    await db.create_db()
  File "/usr/local/google/home/konstantint/Projects/prefecture/.venv/lib/python3.13/site-packages/prefect/server/database/interface.py", line 77, in create_db
    await self.run_migrations_upgrade()
  File "/usr/local/google/home/konstantint/Projects/prefecture/.venv/lib/python3.13/site-packages/prefect/server/database/interface.py", line 115, in run_migrations_upgrade
    await run_sync_in_worker_thread(alembic_upgrade)
  File "/usr/local/google/home/konstantint/Projects/prefecture/.venv/lib/python3.13/site-packages/prefect/utilities/asyncutils/__init__.py", line 233, in run_sync_in_worker_thread
    result = await anyio.to_thread.run_sync(
             ^^^^^^^^^^^^^^^^^^^^^^^^^^^^^^^
        call_with_mark, call, abandon_on_cancel=True, limiter=get_thread_limiter()
        ^^^^^^^^^^^^^^^^^^^^^^^^^^^^^^^^^^^^^^^^^^^^^^^^^^^^^^^^^^^^^^^^^^^^^^^^^^
    )
    ^
  File "/usr/local/google/home/konstantint/Projects/prefecture/.venv/lib/python3.13/site-packages/anyio/to_thread.py", line 63, in run_sync
    return await get_async_backend().run_sync_in_worker_thread(
           ^^^^^^^^^^^^^^^^^^^^^^^^^^^^^^^^^^^^^^^^^^^^^^^^^^^^
        func, args, abandon_on_cancel=abandon_on_cancel, limiter=limiter
        ^^^^^^^^^^^^^^^^^^^^^^^^^^^^^^^^^^^^^^^^^^^^^^^^^^^^^^^^^^^^^^^^
    )
    ^
  File "/usr/local/google/home/konstantint/Projects/prefecture/.venv/lib/python3.13/site-packages/anyio/_backends/_asyncio.py", line 2518, in run_sync_in_worker_thread
    return await future
           ^^^^^^^^^^^^
  File "/usr/local/google/home/konstantint/Projects/prefecture/.venv/lib/python3.13/site-packages/anyio/_backends/_asyncio.py", line 1002, in run
    result = context.run(func, *args)
  File "/usr/local/google/home/konstantint/Projects/prefecture/.venv/lib/python3.13/site-packages/prefect/utilities/asyncutils/__init__.py", line 243, in call_with_mark
    return call()
  File "/usr/local/google/home/konstantint/Projects/prefecture/.venv/lib/python3.13/site-packages/prefect/server/database/alembic_commands.py", line 36, in wrapper
    return fn(*args, **kwargs)
  File "/usr/local/google/home/konstantint/Projects/prefecture/.venv/lib/python3.13/site-packages/prefect/server/database/alembic_commands.py", line 72, in alembic_upgrade
    alembic.command.upgrade(alembic_config(), revision, sql=dry_run)
    ~~~~~~~~~~~~~~~~~~~~~~~^^^^^^^^^^^^^^^^^^^^^^^^^^^^^^^^^^^^^^^^^
  File "/usr/local/google/home/konstantint/Projects/prefecture/.venv/lib/python3.13/site-packages/alembic/command.py", line 483, in upgrade
    script.run_env()
    ~~~~~~~~~~~~~~^^
  File "/usr/local/google/home/konstantint/Projects/prefecture/.venv/lib/python3.13/site-packages/alembic/script/base.py", line 545, in run_env
    util.load_python_file(self.dir, "env.py")
    ~~~~~~~~~~~~~~~~~~~~~^^^^^^^^^^^^^^^^^^^^
  File "/usr/local/google/home/konstantint/Projects/prefecture/.venv/lib/python3.13/site-packages/alembic/util/pyfiles.py", line 116, in load_python_file
    module = load_module_py(module_id, path)
  File "/usr/local/google/home/konstantint/Projects/prefecture/.venv/lib/python3.13/site-packages/alembic/util/pyfiles.py", line 136, in load_module_py
    spec.loader.exec_module(module)  # type: ignore
    ~~~~~~~~~~~~~~~~~~~~~~~^^^^^^^^
  File "<frozen importlib._bootstrap_external>", line 1023, in exec_module
  File "<frozen importlib._bootstrap>", line 488, in _call_with_frames_removed
  File "/usr/local/google/home/konstantint/Projects/prefecture/.venv/lib/python3.13/site-packages/prefect/server/database/_migrations/env.py", line 201, in <module>
    run_async_from_worker_thread(apply_migrations)
    ~~~~~~~~~~~~~~~~~~~~~~~~~~~~^^^^^^^^^^^^^^^^^^
  File "/usr/local/google/home/konstantint/Projects/prefecture/.venv/lib/python3.13/site-packages/prefect/utilities/asyncutils/__init__.py", line 254, in run_async_from_worker_thread
    return anyio.from_thread.run(call)
           ~~~~~~~~~~~~~~~~~~~~~^^^^^^
  File "/usr/local/google/home/konstantint/Projects/prefecture/.venv/lib/python3.13/site-packages/anyio/from_thread.py", line 90, in run
    return token.backend_class.run_async_from_thread(
           ~~~~~~~~~~~~~~~~~~~~~~~~~~~~~~~~~~~~~~~~~^
        func, args, token=token.native_token if explicit_token else None
        ^^^^^^^^^^^^^^^^^^^^^^^^^^^^^^^^^^^^^^^^^^^^^^^^^^^^^^^^^^^^^^^^
    )
    ^
  File "/usr/local/google/home/konstantint/Projects/prefecture/.venv/lib/python3.13/site-packages/anyio/_backends/_asyncio.py", line 2565, in run_async_from_thread
    return f.result()
           ~~~~~~~~^^
  File "/usr/lib/python3.13/concurrent/futures/_base.py", line 460, in result
    return self.__get_result()
           ~~~~~~~~~~~~~~~~~^^
  File "/usr/lib/python3.13/concurrent/futures/_base.py", line 402, in __get_result
    raise self._exception
  File "/usr/local/google/home/konstantint/Projects/prefecture/.venv/lib/python3.13/site-packages/anyio/_backends/_asyncio.py", line 2546, in task_wrapper
    return await func(*args)
           ^^^^^^^^^^^^^^^^^
  File "/usr/local/google/home/konstantint/Projects/prefecture/.venv/lib/python3.13/site-packages/prefect/server/database/_migrations/env.py", line 189, in apply_migrations
    async with engine.connect() as connection:
               ~~~~~~~~~~~~~~^^
  File "/usr/local/google/home/konstantint/Projects/prefecture/.venv/lib/python3.13/site-packages/sqlalchemy/ext/asyncio/base.py", line 121, in __aenter__
    return await self.start(is_ctxmanager=True)
           ^^^^^^^^^^^^^^^^^^^^^^^^^^^^^^^^^^^^
  File "/usr/local/google/home/konstantint/Projects/prefecture/.venv/lib/python3.13/site-packages/sqlalchemy/ext/asyncio/engine.py", line 275, in start
    await greenlet_spawn(self.sync_engine.connect)
  File "/usr/local/google/home/konstantint/Projects/prefecture/.venv/lib/python3.13/site-packages/sqlalchemy/util/_concurrency_py3k.py", line 201, in greenlet_spawn
    result = context.throw(*sys.exc_info())
  File "/usr/local/google/home/konstantint/Projects/prefecture/.venv/lib/python3.13/site-packages/sqlalchemy/engine/base.py", line 3293, in connect
    return self._connection_cls(self)
           ~~~~~~~~~~~~~~~~~~~~^^^^^^
  File "/usr/local/google/home/konstantint/Projects/prefecture/.venv/lib/python3.13/site-packages/sqlalchemy/engine/base.py", line 145, in __init__
    Connection._handle_dbapi_exception_noconnection(
    ~~~~~~~~~~~~~~~~~~~~~~~~~~~~~~~~~~~~~~~~~~~~~~~^
        err, dialect, engine
        ^^^^^^^^^^^^^^^^^^^^
    )
    ^
  File "/usr/local/google/home/konstantint/Projects/prefecture/.venv/lib/python3.13/site-packages/sqlalchemy/engine/base.py", line 2448, in _handle_dbapi_exception_noconnection
    raise sqlalchemy_exception.with_traceback(exc_info[2]) from e
  File "/usr/local/google/home/konstantint/Projects/prefecture/.venv/lib/python3.13/site-packages/sqlalchemy/engine/base.py", line 143, in __init__
    self._dbapi_connection = engine.raw_connection()
                             ~~~~~~~~~~~~~~~~~~~~~^^
  File "/usr/local/google/home/konstantint/Projects/prefecture/.venv/lib/python3.13/site-packages/sqlalchemy/engine/base.py", line 3317, in raw_connection
    return self.pool.connect()
           ~~~~~~~~~~~~~~~~~^^
  File "/usr/local/google/home/konstantint/Projects/prefecture/.venv/lib/python3.13/site-packages/sqlalchemy/pool/base.py", line 448, in connect
    return _ConnectionFairy._checkout(self)
           ~~~~~~~~~~~~~~~~~~~~~~~~~~^^^^^^
  File "/usr/local/google/home/konstantint/Projects/prefecture/.venv/lib/python3.13/site-packages/sqlalchemy/pool/base.py", line 1272, in _checkout
    fairy = _ConnectionRecord.checkout(pool)
  File "/usr/local/google/home/konstantint/Projects/prefecture/.venv/lib/python3.13/site-packages/sqlalchemy/pool/base.py", line 712, in checkout
    rec = pool._do_get()
  File "/usr/local/google/home/konstantint/Projects/prefecture/.venv/lib/python3.13/site-packages/sqlalchemy/pool/impl.py", line 177, in _do_get
    with util.safe_reraise():
         ~~~~~~~~~~~~~~~~~^^
  File "/usr/local/google/home/konstantint/Projects/prefecture/.venv/lib/python3.13/site-packages/sqlalchemy/util/langhelpers.py", line 121, in __exit__
    raise exc_value.with_traceback(exc_tb)
  File "/usr/local/google/home/konstantint/Projects/prefecture/.venv/lib/python3.13/site-packages/sqlalchemy/pool/impl.py", line 175, in _do_get
    return self._create_connection()
           ~~~~~~~~~~~~~~~~~~~~~~~^^
  File "/usr/local/google/home/konstantint/Projects/prefecture/.venv/lib/python3.13/site-packages/sqlalchemy/pool/base.py", line 389, in _create_connection
    return _ConnectionRecord(self)
  File "/usr/local/google/home/konstantint/Projects/prefecture/.venv/lib/python3.13/site-packages/sqlalchemy/pool/base.py", line 674, in __init__
    self.__connect()
    ~~~~~~~~~~~~~~^^
  File "/usr/local/google/home/konstantint/Projects/prefecture/.venv/lib/python3.13/site-packages/sqlalchemy/pool/base.py", line 914, in __connect
    )._exec_w_sync_on_first_run(self.dbapi_connection, self)
      ~~~~~~~~~~~~~~~~~~~~~~~~~^^^^^^^^^^^^^^^^^^^^^^^^^^^^^
  File "/usr/local/google/home/konstantint/Projects/prefecture/.venv/lib/python3.13/site-packages/sqlalchemy/event/attr.py", line 501, in _exec_w_sync_on_first_run
    self(*args, **kw)
    ~~~~^^^^^^^^^^^^^
  File "/usr/local/google/home/konstantint/Projects/prefecture/.venv/lib/python3.13/site-packages/sqlalchemy/event/attr.py", line 515, in __call__
    fn(*args, **kw)
    ~~^^^^^^^^^^^^^
  File "/usr/local/google/home/konstantint/Projects/prefecture/.venv/lib/python3.13/site-packages/prefect/server/database/configurations.py", line 530, in setup_sqlite
    cursor.execute("PRAGMA journal_mode = WAL;")
    ~~~~~~~~~~~~~~^^^^^^^^^^^^^^^^^^^^^^^^^^^^^^
  File "/usr/local/google/home/konstantint/Projects/prefecture/.venv/lib/python3.13/site-packages/sqlalchemy/dialects/sqlite/aiosqlite.py", line 182, in execute
    self._adapt_connection._handle_exception(error)
    ~~~~~~~~~~~~~~~~~~~~~~~~~~~~~~~~~~~~~~~~^^^^^^^
  File "/usr/local/google/home/konstantint/Projects/prefecture/.venv/lib/python3.13/site-packages/sqlalchemy/dialects/sqlite/aiosqlite.py", line 342, in _handle_exception
    raise error
  File "/usr/local/google/home/konstantint/Projects/prefecture/.venv/lib/python3.13/site-packages/sqlalchemy/dialects/sqlite/aiosqlite.py", line 162, in execute
    self.await_(_cursor.execute(operation))
    ~~~~~~~~~~~^^^^^^^^^^^^^^^^^^^^^^^^^^^^
  File "/usr/local/google/home/konstantint/Projects/prefecture/.venv/lib/python3.13/site-packages/sqlalchemy/util/_concurrency_py3k.py", line 132, in await_only
    return current.parent.switch(awaitable)  # type: ignore[no-any-return,attr-defined] # noqa: E501
           ~~~~~~~~~~~~~~~~~~~~~^^^^^^^^^^^
  File "/usr/local/google/home/konstantint/Projects/prefecture/.venv/lib/python3.13/site-packages/sqlalchemy/util/_concurrency_py3k.py", line 196, in greenlet_spawn
    value = await result
            ^^^^^^^^^^^^
  File "/usr/local/google/home/konstantint/Projects/prefecture/.venv/lib/python3.13/site-packages/aiosqlite/cursor.py", line 40, in execute
    await self._execute(self._cursor.execute, sql, parameters)
  File "/usr/local/google/home/konstantint/Projects/prefecture/.venv/lib/python3.13/site-packages/aiosqlite/cursor.py", line 32, in _execute
    return await self._conn._execute(fn, *args, **kwargs)
           ^^^^^^^^^^^^^^^^^^^^^^^^^^^^^^^^^^^^^^^^^^^^^^
  File "/usr/local/google/home/konstantint/Projects/prefecture/.venv/lib/python3.13/site-packages/aiosqlite/core.py", line 160, in _execute
    return await future
           ^^^^^^^^^^^^
  File "/usr/local/google/home/konstantint/Projects/prefecture/.venv/lib/python3.13/site-packages/aiosqlite/core.py", line 63, in _connection_worker_thread
    result = function()
sqlalchemy.exc.OperationalError: (sqlite3.OperationalError) unable to open database file
(Background on this error at: https://sqlalche.me/e/20/e3q8)

14:15:54.518 | ERROR   | uvicorn.error - Application startup failed. Exiting.
------------------------------ Captured log call -------------------------------
INFO     prefect:server.py:1127 Starting temporary server on http://127.0.0.1:8184
See https://docs.prefect.io/v3/concepts/server#how-to-guides for more information on running a dedicated Prefect server.
_________________________ test_artifact_key_generation _________________________

test_template_dir = PosixPath('/tmp/pytest-of-konstantint/pytest-2/test_artifact_key_generation0')

    def test_artifact_key_generation(test_template_dir):
        """Test that the Prefect artifact key is generated from output_file_name."""
        prompt_config = {
            "template_file": "test_prompt.j2",
            "output_file_name": "My-Special_Prompt.md.tmp",
            "params": {"name": "World", "last_weeks_digest": "None"},
        }
        generator = templating.Jinja2Templater(
            config_dir=test_template_dir, run_dir=test_template_dir, **prompt_config
        )
    
        with mock.patch(
            "prefect.artifacts.create_markdown_artifact"
        ) as mock_create_artifact:
>           generator()

prefecture/operations/templating_test.py:180: 
_ _ _ _ _ _ _ _ _ _ _ _ _ _ _ _ _ _ _ _ _ _ _ _ _ _ _ _ _ _ _ _ _ _ _ _ _ _ _ _ 
.venv/lib/python3.13/site-packages/prefect/tasks.py:1213: in __call__
    return run_task(
.venv/lib/python3.13/site-packages/prefect/task_engine.py:1902: in run_task
    return run_task_sync(**kwargs)
           ^^^^^^^^^^^^^^^^^^^^^^^
.venv/lib/python3.13/site-packages/prefect/task_engine.py:1667: in run_task_sync
    with engine.start(task_run_id=task_run_id, dependencies=dependencies):
         ^^^^^^^^^^^^^^^^^^^^^^^^^^^^^^^^^^^^^^^^^^^^^^^^^^^^^^^^^^^^^^^^
/usr/lib/python3.13/contextlib.py:141: in __enter__
    return next(self.gen)
           ^^^^^^^^^^^^^^
.venv/lib/python3.13/site-packages/prefect/task_engine.py:920: in start
    with self.initialize_run(task_run_id=task_run_id, dependencies=dependencies):
         ^^^^^^^^^^^^^^^^^^^^^^^^^^^^^^^^^^^^^^^^^^^^^^^^^^^^^^^^^^^^^^^^^^^^^^^
/usr/lib/python3.13/contextlib.py:141: in __enter__
    return next(self.gen)
           ^^^^^^^^^^^^^^
.venv/lib/python3.13/site-packages/prefect/task_engine.py:822: in initialize_run
    with SyncClientContext.get_or_create() as client_ctx:
         ^^^^^^^^^^^^^^^^^^^^^^^^^^^^^^^^^
/usr/lib/python3.13/contextlib.py:141: in __enter__
    return next(self.gen)
           ^^^^^^^^^^^^^^
.venv/lib/python3.13/site-packages/prefect/context.py:337: in get_or_create
    with cls() as ctx:
         ^^^^^
.venv/lib/python3.13/site-packages/prefect/context.py:305: in __init__
    client=get_client(sync_client=True, httpx_settings=httpx_settings),
           ^^^^^^^^^^^^^^^^^^^^^^^^^^^^^^^^^^^^^^^^^^^^^^^^^^^^^^^^^^^
.venv/lib/python3.13/site-packages/prefect/client/orchestration/__init__.py:252: in get_client
    server.start()
.venv/lib/python3.13/site-packages/prefect/server/api/server.py:1154: in start
    response.raise_for_status()
_ _ _ _ _ _ _ _ _ _ _ _ _ _ _ _ _ _ _ _ _ _ _ _ _ _ _ _ _ _ _ _ _ _ _ _ _ _ _ _ 

self = <Response [400 Bad Request]>

    def raise_for_status(self) -> Response:
        """
        Raise the `HTTPStatusError` if one occurred.
        """
        request = self._request
        if request is None:
            raise RuntimeError(
                "Cannot call `raise_for_status` as the request "
                "instance has not been set on this response."
            )
    
        if self.is_success:
            return self
    
        if self.has_redirect_location:
            message = (
                "{error_type} '{0.status_code} {0.reason_phrase}' for url '{0.url}'\n"
                "Redirect location: '{0.headers[location]}'\n"
                "For more information check: https://developer.mozilla.org/en-US/docs/Web/HTTP/Status/{0.status_code}"
            )
        else:
            message = (
                "{error_type} '{0.status_code} {0.reason_phrase}' for url '{0.url}'\n"
                "For more information check: https://developer.mozilla.org/en-US/docs/Web/HTTP/Status/{0.status_code}"
            )
    
        status_class = self.status_code // 100
        error_types = {
            1: "Informational response",
            3: "Redirect response",
            4: "Client error",
            5: "Server error",
        }
        error_type = error_types.get(status_class, "Invalid status code")
        message = message.format(self, error_type=error_type)
>       raise HTTPStatusError(message, request=request, response=self)
E       httpx.HTTPStatusError: Client error '400 Bad Request' for url 'http://127.0.0.1:8246/api/health'
E       For more information check: https://developer.mozilla.org/en-US/docs/Web/HTTP/Status/400

.venv/lib/python3.13/site-packages/httpx/_models.py:829: HTTPStatusError
----------------------------- Captured stderr call -----------------------------
14:15:55.895 | INFO    | prefect - Starting temporary server on http://127.0.0.1:8706
See https://docs.prefect.io/v3/concepts/server#how-to-guides for more information on running a dedicated Prefect server.
14:16:01.385 | ERROR   | uvicorn.error - Traceback (most recent call last):
  File "/usr/local/google/home/konstantint/Projects/prefecture/.venv/lib/python3.13/site-packages/sqlalchemy/engine/base.py", line 143, in __init__
    self._dbapi_connection = engine.raw_connection()
                             ~~~~~~~~~~~~~~~~~~~~~^^
  File "/usr/local/google/home/konstantint/Projects/prefecture/.venv/lib/python3.13/site-packages/sqlalchemy/engine/base.py", line 3317, in raw_connection
    return self.pool.connect()
           ~~~~~~~~~~~~~~~~~^^
  File "/usr/local/google/home/konstantint/Projects/prefecture/.venv/lib/python3.13/site-packages/sqlalchemy/pool/base.py", line 448, in connect
    return _ConnectionFairy._checkout(self)
           ~~~~~~~~~~~~~~~~~~~~~~~~~~^^^^^^
  File "/usr/local/google/home/konstantint/Projects/prefecture/.venv/lib/python3.13/site-packages/sqlalchemy/pool/base.py", line 1272, in _checkout
    fairy = _ConnectionRecord.checkout(pool)
  File "/usr/local/google/home/konstantint/Projects/prefecture/.venv/lib/python3.13/site-packages/sqlalchemy/pool/base.py", line 712, in checkout
    rec = pool._do_get()
  File "/usr/local/google/home/konstantint/Projects/prefecture/.venv/lib/python3.13/site-packages/sqlalchemy/pool/impl.py", line 177, in _do_get
    with util.safe_reraise():
         ~~~~~~~~~~~~~~~~~^^
  File "/usr/local/google/home/konstantint/Projects/prefecture/.venv/lib/python3.13/site-packages/sqlalchemy/util/langhelpers.py", line 121, in __exit__
    raise exc_value.with_traceback(exc_tb)
  File "/usr/local/google/home/konstantint/Projects/prefecture/.venv/lib/python3.13/site-packages/sqlalchemy/pool/impl.py", line 175, in _do_get
    return self._create_connection()
           ~~~~~~~~~~~~~~~~~~~~~~~^^
  File "/usr/local/google/home/konstantint/Projects/prefecture/.venv/lib/python3.13/site-packages/sqlalchemy/pool/base.py", line 389, in _create_connection
    return _ConnectionRecord(self)
  File "/usr/local/google/home/konstantint/Projects/prefecture/.venv/lib/python3.13/site-packages/sqlalchemy/pool/base.py", line 674, in __init__
    self.__connect()
    ~~~~~~~~~~~~~~^^
  File "/usr/local/google/home/konstantint/Projects/prefecture/.venv/lib/python3.13/site-packages/sqlalchemy/pool/base.py", line 914, in __connect
    )._exec_w_sync_on_first_run(self.dbapi_connection, self)
      ~~~~~~~~~~~~~~~~~~~~~~~~~^^^^^^^^^^^^^^^^^^^^^^^^^^^^^
  File "/usr/local/google/home/konstantint/Projects/prefecture/.venv/lib/python3.13/site-packages/sqlalchemy/event/attr.py", line 501, in _exec_w_sync_on_first_run
    self(*args, **kw)
    ~~~~^^^^^^^^^^^^^
  File "/usr/local/google/home/konstantint/Projects/prefecture/.venv/lib/python3.13/site-packages/sqlalchemy/event/attr.py", line 515, in __call__
    fn(*args, **kw)
    ~~^^^^^^^^^^^^^
  File "/usr/local/google/home/konstantint/Projects/prefecture/.venv/lib/python3.13/site-packages/prefect/server/database/configurations.py", line 530, in setup_sqlite
    cursor.execute("PRAGMA journal_mode = WAL;")
    ~~~~~~~~~~~~~~^^^^^^^^^^^^^^^^^^^^^^^^^^^^^^
  File "/usr/local/google/home/konstantint/Projects/prefecture/.venv/lib/python3.13/site-packages/sqlalchemy/dialects/sqlite/aiosqlite.py", line 182, in execute
    self._adapt_connection._handle_exception(error)
    ~~~~~~~~~~~~~~~~~~~~~~~~~~~~~~~~~~~~~~~~^^^^^^^
  File "/usr/local/google/home/konstantint/Projects/prefecture/.venv/lib/python3.13/site-packages/sqlalchemy/dialects/sqlite/aiosqlite.py", line 342, in _handle_exception
    raise error
  File "/usr/local/google/home/konstantint/Projects/prefecture/.venv/lib/python3.13/site-packages/sqlalchemy/dialects/sqlite/aiosqlite.py", line 162, in execute
    self.await_(_cursor.execute(operation))
    ~~~~~~~~~~~^^^^^^^^^^^^^^^^^^^^^^^^^^^^
  File "/usr/local/google/home/konstantint/Projects/prefecture/.venv/lib/python3.13/site-packages/sqlalchemy/util/_concurrency_py3k.py", line 132, in await_only
    return current.parent.switch(awaitable)  # type: ignore[no-any-return,attr-defined] # noqa: E501
           ~~~~~~~~~~~~~~~~~~~~~^^^^^^^^^^^
  File "/usr/local/google/home/konstantint/Projects/prefecture/.venv/lib/python3.13/site-packages/sqlalchemy/util/_concurrency_py3k.py", line 196, in greenlet_spawn
    value = await result
            ^^^^^^^^^^^^
  File "/usr/local/google/home/konstantint/Projects/prefecture/.venv/lib/python3.13/site-packages/aiosqlite/cursor.py", line 40, in execute
    await self._execute(self._cursor.execute, sql, parameters)
  File "/usr/local/google/home/konstantint/Projects/prefecture/.venv/lib/python3.13/site-packages/aiosqlite/cursor.py", line 32, in _execute
    return await self._conn._execute(fn, *args, **kwargs)
           ^^^^^^^^^^^^^^^^^^^^^^^^^^^^^^^^^^^^^^^^^^^^^^
  File "/usr/local/google/home/konstantint/Projects/prefecture/.venv/lib/python3.13/site-packages/aiosqlite/core.py", line 160, in _execute
    return await future
           ^^^^^^^^^^^^
  File "/usr/local/google/home/konstantint/Projects/prefecture/.venv/lib/python3.13/site-packages/aiosqlite/core.py", line 63, in _connection_worker_thread
    result = function()
sqlite3.OperationalError: unable to open database file

The above exception was the direct cause of the following exception:

Traceback (most recent call last):
  File "/usr/local/google/home/konstantint/Projects/prefecture/.venv/lib/python3.13/site-packages/starlette/routing.py", line 638, in lifespan
    async with self.lifespan_context(app) as maybe_state:
               ~~~~~~~~~~~~~~~~~~~~~^^^^^
  File "/usr/lib/python3.13/contextlib.py", line 214, in __aenter__
    return await anext(self.gen)
           ^^^^^^^^^^^^^^^^^^^^^
  File "/usr/local/google/home/konstantint/Projects/prefecture/.venv/lib/python3.13/site-packages/prefect/server/api/server.py", line 921, in lifespan
    await run_migrations()
  File "/usr/local/google/home/konstantint/Projects/prefecture/.venv/lib/python3.13/site-packages/prefect/server/api/server.py", line 898, in run_migrations
    await db.create_db()
  File "/usr/local/google/home/konstantint/Projects/prefecture/.venv/lib/python3.13/site-packages/prefect/server/database/interface.py", line 77, in create_db
    await self.run_migrations_upgrade()
  File "/usr/local/google/home/konstantint/Projects/prefecture/.venv/lib/python3.13/site-packages/prefect/server/database/interface.py", line 115, in run_migrations_upgrade
    await run_sync_in_worker_thread(alembic_upgrade)
  File "/usr/local/google/home/konstantint/Projects/prefecture/.venv/lib/python3.13/site-packages/prefect/utilities/asyncutils/__init__.py", line 233, in run_sync_in_worker_thread
    result = await anyio.to_thread.run_sync(
             ^^^^^^^^^^^^^^^^^^^^^^^^^^^^^^^
        call_with_mark, call, abandon_on_cancel=True, limiter=get_thread_limiter()
        ^^^^^^^^^^^^^^^^^^^^^^^^^^^^^^^^^^^^^^^^^^^^^^^^^^^^^^^^^^^^^^^^^^^^^^^^^^
    )
    ^
  File "/usr/local/google/home/konstantint/Projects/prefecture/.venv/lib/python3.13/site-packages/anyio/to_thread.py", line 63, in run_sync
    return await get_async_backend().run_sync_in_worker_thread(
           ^^^^^^^^^^^^^^^^^^^^^^^^^^^^^^^^^^^^^^^^^^^^^^^^^^^^
        func, args, abandon_on_cancel=abandon_on_cancel, limiter=limiter
        ^^^^^^^^^^^^^^^^^^^^^^^^^^^^^^^^^^^^^^^^^^^^^^^^^^^^^^^^^^^^^^^^
    )
    ^
  File "/usr/local/google/home/konstantint/Projects/prefecture/.venv/lib/python3.13/site-packages/anyio/_backends/_asyncio.py", line 2518, in run_sync_in_worker_thread
    return await future
           ^^^^^^^^^^^^
  File "/usr/local/google/home/konstantint/Projects/prefecture/.venv/lib/python3.13/site-packages/anyio/_backends/_asyncio.py", line 1002, in run
    result = context.run(func, *args)
  File "/usr/local/google/home/konstantint/Projects/prefecture/.venv/lib/python3.13/site-packages/prefect/utilities/asyncutils/__init__.py", line 243, in call_with_mark
    return call()
  File "/usr/local/google/home/konstantint/Projects/prefecture/.venv/lib/python3.13/site-packages/prefect/server/database/alembic_commands.py", line 36, in wrapper
    return fn(*args, **kwargs)
  File "/usr/local/google/home/konstantint/Projects/prefecture/.venv/lib/python3.13/site-packages/prefect/server/database/alembic_commands.py", line 72, in alembic_upgrade
    alembic.command.upgrade(alembic_config(), revision, sql=dry_run)
    ~~~~~~~~~~~~~~~~~~~~~~~^^^^^^^^^^^^^^^^^^^^^^^^^^^^^^^^^^^^^^^^^
  File "/usr/local/google/home/konstantint/Projects/prefecture/.venv/lib/python3.13/site-packages/alembic/command.py", line 483, in upgrade
    script.run_env()
    ~~~~~~~~~~~~~~^^
  File "/usr/local/google/home/konstantint/Projects/prefecture/.venv/lib/python3.13/site-packages/alembic/script/base.py", line 545, in run_env
    util.load_python_file(self.dir, "env.py")
    ~~~~~~~~~~~~~~~~~~~~~^^^^^^^^^^^^^^^^^^^^
  File "/usr/local/google/home/konstantint/Projects/prefecture/.venv/lib/python3.13/site-packages/alembic/util/pyfiles.py", line 116, in load_python_file
    module = load_module_py(module_id, path)
  File "/usr/local/google/home/konstantint/Projects/prefecture/.venv/lib/python3.13/site-packages/alembic/util/pyfiles.py", line 136, in load_module_py
    spec.loader.exec_module(module)  # type: ignore
    ~~~~~~~~~~~~~~~~~~~~~~~^^^^^^^^
  File "<frozen importlib._bootstrap_external>", line 1023, in exec_module
  File "<frozen importlib._bootstrap>", line 488, in _call_with_frames_removed
  File "/usr/local/google/home/konstantint/Projects/prefecture/.venv/lib/python3.13/site-packages/prefect/server/database/_migrations/env.py", line 201, in <module>
    run_async_from_worker_thread(apply_migrations)
    ~~~~~~~~~~~~~~~~~~~~~~~~~~~~^^^^^^^^^^^^^^^^^^
  File "/usr/local/google/home/konstantint/Projects/prefecture/.venv/lib/python3.13/site-packages/prefect/utilities/asyncutils/__init__.py", line 254, in run_async_from_worker_thread
    return anyio.from_thread.run(call)
           ~~~~~~~~~~~~~~~~~~~~~^^^^^^
  File "/usr/local/google/home/konstantint/Projects/prefecture/.venv/lib/python3.13/site-packages/anyio/from_thread.py", line 90, in run
    return token.backend_class.run_async_from_thread(
           ~~~~~~~~~~~~~~~~~~~~~~~~~~~~~~~~~~~~~~~~~^
        func, args, token=token.native_token if explicit_token else None
        ^^^^^^^^^^^^^^^^^^^^^^^^^^^^^^^^^^^^^^^^^^^^^^^^^^^^^^^^^^^^^^^^
    )
    ^
  File "/usr/local/google/home/konstantint/Projects/prefecture/.venv/lib/python3.13/site-packages/anyio/_backends/_asyncio.py", line 2565, in run_async_from_thread
    return f.result()
           ~~~~~~~~^^
  File "/usr/lib/python3.13/concurrent/futures/_base.py", line 460, in result
    return self.__get_result()
           ~~~~~~~~~~~~~~~~~^^
  File "/usr/lib/python3.13/concurrent/futures/_base.py", line 402, in __get_result
    raise self._exception
  File "/usr/local/google/home/konstantint/Projects/prefecture/.venv/lib/python3.13/site-packages/anyio/_backends/_asyncio.py", line 2546, in task_wrapper
    return await func(*args)
           ^^^^^^^^^^^^^^^^^
  File "/usr/local/google/home/konstantint/Projects/prefecture/.venv/lib/python3.13/site-packages/prefect/server/database/_migrations/env.py", line 189, in apply_migrations
    async with engine.connect() as connection:
               ~~~~~~~~~~~~~~^^
  File "/usr/local/google/home/konstantint/Projects/prefecture/.venv/lib/python3.13/site-packages/sqlalchemy/ext/asyncio/base.py", line 121, in __aenter__
    return await self.start(is_ctxmanager=True)
           ^^^^^^^^^^^^^^^^^^^^^^^^^^^^^^^^^^^^
  File "/usr/local/google/home/konstantint/Projects/prefecture/.venv/lib/python3.13/site-packages/sqlalchemy/ext/asyncio/engine.py", line 275, in start
    await greenlet_spawn(self.sync_engine.connect)
  File "/usr/local/google/home/konstantint/Projects/prefecture/.venv/lib/python3.13/site-packages/sqlalchemy/util/_concurrency_py3k.py", line 201, in greenlet_spawn
    result = context.throw(*sys.exc_info())
  File "/usr/local/google/home/konstantint/Projects/prefecture/.venv/lib/python3.13/site-packages/sqlalchemy/engine/base.py", line 3293, in connect
    return self._connection_cls(self)
           ~~~~~~~~~~~~~~~~~~~~^^^^^^
  File "/usr/local/google/home/konstantint/Projects/prefecture/.venv/lib/python3.13/site-packages/sqlalchemy/engine/base.py", line 145, in __init__
    Connection._handle_dbapi_exception_noconnection(
    ~~~~~~~~~~~~~~~~~~~~~~~~~~~~~~~~~~~~~~~~~~~~~~~^
        err, dialect, engine
        ^^^^^^^^^^^^^^^^^^^^
    )
    ^
  File "/usr/local/google/home/konstantint/Projects/prefecture/.venv/lib/python3.13/site-packages/sqlalchemy/engine/base.py", line 2448, in _handle_dbapi_exception_noconnection
    raise sqlalchemy_exception.with_traceback(exc_info[2]) from e
  File "/usr/local/google/home/konstantint/Projects/prefecture/.venv/lib/python3.13/site-packages/sqlalchemy/engine/base.py", line 143, in __init__
    self._dbapi_connection = engine.raw_connection()
                             ~~~~~~~~~~~~~~~~~~~~~^^
  File "/usr/local/google/home/konstantint/Projects/prefecture/.venv/lib/python3.13/site-packages/sqlalchemy/engine/base.py", line 3317, in raw_connection
    return self.pool.connect()
           ~~~~~~~~~~~~~~~~~^^
  File "/usr/local/google/home/konstantint/Projects/prefecture/.venv/lib/python3.13/site-packages/sqlalchemy/pool/base.py", line 448, in connect
    return _ConnectionFairy._checkout(self)
           ~~~~~~~~~~~~~~~~~~~~~~~~~~^^^^^^
  File "/usr/local/google/home/konstantint/Projects/prefecture/.venv/lib/python3.13/site-packages/sqlalchemy/pool/base.py", line 1272, in _checkout
    fairy = _ConnectionRecord.checkout(pool)
  File "/usr/local/google/home/konstantint/Projects/prefecture/.venv/lib/python3.13/site-packages/sqlalchemy/pool/base.py", line 712, in checkout
    rec = pool._do_get()
  File "/usr/local/google/home/konstantint/Projects/prefecture/.venv/lib/python3.13/site-packages/sqlalchemy/pool/impl.py", line 177, in _do_get
    with util.safe_reraise():
         ~~~~~~~~~~~~~~~~~^^
  File "/usr/local/google/home/konstantint/Projects/prefecture/.venv/lib/python3.13/site-packages/sqlalchemy/util/langhelpers.py", line 121, in __exit__
    raise exc_value.with_traceback(exc_tb)
  File "/usr/local/google/home/konstantint/Projects/prefecture/.venv/lib/python3.13/site-packages/sqlalchemy/pool/impl.py", line 175, in _do_get
    return self._create_connection()
           ~~~~~~~~~~~~~~~~~~~~~~~^^
  File "/usr/local/google/home/konstantint/Projects/prefecture/.venv/lib/python3.13/site-packages/sqlalchemy/pool/base.py", line 389, in _create_connection
    return _ConnectionRecord(self)
  File "/usr/local/google/home/konstantint/Projects/prefecture/.venv/lib/python3.13/site-packages/sqlalchemy/pool/base.py", line 674, in __init__
    self.__connect()
    ~~~~~~~~~~~~~~^^
  File "/usr/local/google/home/konstantint/Projects/prefecture/.venv/lib/python3.13/site-packages/sqlalchemy/pool/base.py", line 914, in __connect
    )._exec_w_sync_on_first_run(self.dbapi_connection, self)
      ~~~~~~~~~~~~~~~~~~~~~~~~~^^^^^^^^^^^^^^^^^^^^^^^^^^^^^
  File "/usr/local/google/home/konstantint/Projects/prefecture/.venv/lib/python3.13/site-packages/sqlalchemy/event/attr.py", line 501, in _exec_w_sync_on_first_run
    self(*args, **kw)
    ~~~~^^^^^^^^^^^^^
  File "/usr/local/google/home/konstantint/Projects/prefecture/.venv/lib/python3.13/site-packages/sqlalchemy/event/attr.py", line 515, in __call__
    fn(*args, **kw)
    ~~^^^^^^^^^^^^^
  File "/usr/local/google/home/konstantint/Projects/prefecture/.venv/lib/python3.13/site-packages/prefect/server/database/configurations.py", line 530, in setup_sqlite
    cursor.execute("PRAGMA journal_mode = WAL;")
    ~~~~~~~~~~~~~~^^^^^^^^^^^^^^^^^^^^^^^^^^^^^^
  File "/usr/local/google/home/konstantint/Projects/prefecture/.venv/lib/python3.13/site-packages/sqlalchemy/dialects/sqlite/aiosqlite.py", line 182, in execute
    self._adapt_connection._handle_exception(error)
    ~~~~~~~~~~~~~~~~~~~~~~~~~~~~~~~~~~~~~~~~^^^^^^^
  File "/usr/local/google/home/konstantint/Projects/prefecture/.venv/lib/python3.13/site-packages/sqlalchemy/dialects/sqlite/aiosqlite.py", line 342, in _handle_exception
    raise error
  File "/usr/local/google/home/konstantint/Projects/prefecture/.venv/lib/python3.13/site-packages/sqlalchemy/dialects/sqlite/aiosqlite.py", line 162, in execute
    self.await_(_cursor.execute(operation))
    ~~~~~~~~~~~^^^^^^^^^^^^^^^^^^^^^^^^^^^^
  File "/usr/local/google/home/konstantint/Projects/prefecture/.venv/lib/python3.13/site-packages/sqlalchemy/util/_concurrency_py3k.py", line 132, in await_only
    return current.parent.switch(awaitable)  # type: ignore[no-any-return,attr-defined] # noqa: E501
           ~~~~~~~~~~~~~~~~~~~~~^^^^^^^^^^^
  File "/usr/local/google/home/konstantint/Projects/prefecture/.venv/lib/python3.13/site-packages/sqlalchemy/util/_concurrency_py3k.py", line 196, in greenlet_spawn
    value = await result
            ^^^^^^^^^^^^
  File "/usr/local/google/home/konstantint/Projects/prefecture/.venv/lib/python3.13/site-packages/aiosqlite/cursor.py", line 40, in execute
    await self._execute(self._cursor.execute, sql, parameters)
  File "/usr/local/google/home/konstantint/Projects/prefecture/.venv/lib/python3.13/site-packages/aiosqlite/cursor.py", line 32, in _execute
    return await self._conn._execute(fn, *args, **kwargs)
           ^^^^^^^^^^^^^^^^^^^^^^^^^^^^^^^^^^^^^^^^^^^^^^
  File "/usr/local/google/home/konstantint/Projects/prefecture/.venv/lib/python3.13/site-packages/aiosqlite/core.py", line 160, in _execute
    return await future
           ^^^^^^^^^^^^
  File "/usr/local/google/home/konstantint/Projects/prefecture/.venv/lib/python3.13/site-packages/aiosqlite/core.py", line 63, in _connection_worker_thread
    result = function()
sqlalchemy.exc.OperationalError: (sqlite3.OperationalError) unable to open database file
(Background on this error at: https://sqlalche.me/e/20/e3q8)

14:16:01.403 | ERROR   | uvicorn.error - Application startup failed. Exiting.
14:16:02.251 | ERROR   | uvicorn.error - Traceback (most recent call last):
  File "/usr/local/google/home/konstantint/Projects/prefecture/.venv/lib/python3.13/site-packages/sqlalchemy/engine/base.py", line 143, in __init__
    self._dbapi_connection = engine.raw_connection()
                             ~~~~~~~~~~~~~~~~~~~~~^^
  File "/usr/local/google/home/konstantint/Projects/prefecture/.venv/lib/python3.13/site-packages/sqlalchemy/engine/base.py", line 3317, in raw_connection
    return self.pool.connect()
           ~~~~~~~~~~~~~~~~~^^
  File "/usr/local/google/home/konstantint/Projects/prefecture/.venv/lib/python3.13/site-packages/sqlalchemy/pool/base.py", line 448, in connect
    return _ConnectionFairy._checkout(self)
           ~~~~~~~~~~~~~~~~~~~~~~~~~~^^^^^^
  File "/usr/local/google/home/konstantint/Projects/prefecture/.venv/lib/python3.13/site-packages/sqlalchemy/pool/base.py", line 1272, in _checkout
    fairy = _ConnectionRecord.checkout(pool)
  File "/usr/local/google/home/konstantint/Projects/prefecture/.venv/lib/python3.13/site-packages/sqlalchemy/pool/base.py", line 712, in checkout
    rec = pool._do_get()
  File "/usr/local/google/home/konstantint/Projects/prefecture/.venv/lib/python3.13/site-packages/sqlalchemy/pool/impl.py", line 177, in _do_get
    with util.safe_reraise():
         ~~~~~~~~~~~~~~~~~^^
  File "/usr/local/google/home/konstantint/Projects/prefecture/.venv/lib/python3.13/site-packages/sqlalchemy/util/langhelpers.py", line 121, in __exit__
    raise exc_value.with_traceback(exc_tb)
  File "/usr/local/google/home/konstantint/Projects/prefecture/.venv/lib/python3.13/site-packages/sqlalchemy/pool/impl.py", line 175, in _do_get
    return self._create_connection()
           ~~~~~~~~~~~~~~~~~~~~~~~^^
  File "/usr/local/google/home/konstantint/Projects/prefecture/.venv/lib/python3.13/site-packages/sqlalchemy/pool/base.py", line 389, in _create_connection
    return _ConnectionRecord(self)
  File "/usr/local/google/home/konstantint/Projects/prefecture/.venv/lib/python3.13/site-packages/sqlalchemy/pool/base.py", line 674, in __init__
    self.__connect()
    ~~~~~~~~~~~~~~^^
  File "/usr/local/google/home/konstantint/Projects/prefecture/.venv/lib/python3.13/site-packages/sqlalchemy/pool/base.py", line 914, in __connect
    )._exec_w_sync_on_first_run(self.dbapi_connection, self)
      ~~~~~~~~~~~~~~~~~~~~~~~~~^^^^^^^^^^^^^^^^^^^^^^^^^^^^^
  File "/usr/local/google/home/konstantint/Projects/prefecture/.venv/lib/python3.13/site-packages/sqlalchemy/event/attr.py", line 501, in _exec_w_sync_on_first_run
    self(*args, **kw)
    ~~~~^^^^^^^^^^^^^
  File "/usr/local/google/home/konstantint/Projects/prefecture/.venv/lib/python3.13/site-packages/sqlalchemy/event/attr.py", line 515, in __call__
    fn(*args, **kw)
    ~~^^^^^^^^^^^^^
  File "/usr/local/google/home/konstantint/Projects/prefecture/.venv/lib/python3.13/site-packages/prefect/server/database/configurations.py", line 530, in setup_sqlite
    cursor.execute("PRAGMA journal_mode = WAL;")
    ~~~~~~~~~~~~~~^^^^^^^^^^^^^^^^^^^^^^^^^^^^^^
  File "/usr/local/google/home/konstantint/Projects/prefecture/.venv/lib/python3.13/site-packages/sqlalchemy/dialects/sqlite/aiosqlite.py", line 182, in execute
    self._adapt_connection._handle_exception(error)
    ~~~~~~~~~~~~~~~~~~~~~~~~~~~~~~~~~~~~~~~~^^^^^^^
  File "/usr/local/google/home/konstantint/Projects/prefecture/.venv/lib/python3.13/site-packages/sqlalchemy/dialects/sqlite/aiosqlite.py", line 342, in _handle_exception
    raise error
  File "/usr/local/google/home/konstantint/Projects/prefecture/.venv/lib/python3.13/site-packages/sqlalchemy/dialects/sqlite/aiosqlite.py", line 162, in execute
    self.await_(_cursor.execute(operation))
    ~~~~~~~~~~~^^^^^^^^^^^^^^^^^^^^^^^^^^^^
  File "/usr/local/google/home/konstantint/Projects/prefecture/.venv/lib/python3.13/site-packages/sqlalchemy/util/_concurrency_py3k.py", line 132, in await_only
    return current.parent.switch(awaitable)  # type: ignore[no-any-return,attr-defined] # noqa: E501
           ~~~~~~~~~~~~~~~~~~~~~^^^^^^^^^^^
  File "/usr/local/google/home/konstantint/Projects/prefecture/.venv/lib/python3.13/site-packages/sqlalchemy/util/_concurrency_py3k.py", line 196, in greenlet_spawn
    value = await result
            ^^^^^^^^^^^^
  File "/usr/local/google/home/konstantint/Projects/prefecture/.venv/lib/python3.13/site-packages/aiosqlite/cursor.py", line 40, in execute
    await self._execute(self._cursor.execute, sql, parameters)
  File "/usr/local/google/home/konstantint/Projects/prefecture/.venv/lib/python3.13/site-packages/aiosqlite/cursor.py", line 32, in _execute
    return await self._conn._execute(fn, *args, **kwargs)
           ^^^^^^^^^^^^^^^^^^^^^^^^^^^^^^^^^^^^^^^^^^^^^^
  File "/usr/local/google/home/konstantint/Projects/prefecture/.venv/lib/python3.13/site-packages/aiosqlite/core.py", line 160, in _execute
    return await future
           ^^^^^^^^^^^^
  File "/usr/local/google/home/konstantint/Projects/prefecture/.venv/lib/python3.13/site-packages/aiosqlite/core.py", line 63, in _connection_worker_thread
    result = function()
sqlite3.OperationalError: unable to open database file

The above exception was the direct cause of the following exception:

Traceback (most recent call last):
  File "/usr/local/google/home/konstantint/Projects/prefecture/.venv/lib/python3.13/site-packages/starlette/routing.py", line 638, in lifespan
    async with self.lifespan_context(app) as maybe_state:
               ~~~~~~~~~~~~~~~~~~~~~^^^^^
  File "/usr/lib/python3.13/contextlib.py", line 214, in __aenter__
    return await anext(self.gen)
           ^^^^^^^^^^^^^^^^^^^^^
  File "/usr/local/google/home/konstantint/Projects/prefecture/.venv/lib/python3.13/site-packages/prefect/server/api/server.py", line 921, in lifespan
    await run_migrations()
  File "/usr/local/google/home/konstantint/Projects/prefecture/.venv/lib/python3.13/site-packages/prefect/server/api/server.py", line 898, in run_migrations
    await db.create_db()
  File "/usr/local/google/home/konstantint/Projects/prefecture/.venv/lib/python3.13/site-packages/prefect/server/database/interface.py", line 77, in create_db
    await self.run_migrations_upgrade()
  File "/usr/local/google/home/konstantint/Projects/prefecture/.venv/lib/python3.13/site-packages/prefect/server/database/interface.py", line 115, in run_migrations_upgrade
    await run_sync_in_worker_thread(alembic_upgrade)
  File "/usr/local/google/home/konstantint/Projects/prefecture/.venv/lib/python3.13/site-packages/prefect/utilities/asyncutils/__init__.py", line 233, in run_sync_in_worker_thread
    result = await anyio.to_thread.run_sync(
             ^^^^^^^^^^^^^^^^^^^^^^^^^^^^^^^
        call_with_mark, call, abandon_on_cancel=True, limiter=get_thread_limiter()
        ^^^^^^^^^^^^^^^^^^^^^^^^^^^^^^^^^^^^^^^^^^^^^^^^^^^^^^^^^^^^^^^^^^^^^^^^^^
    )
    ^
  File "/usr/local/google/home/konstantint/Projects/prefecture/.venv/lib/python3.13/site-packages/anyio/to_thread.py", line 63, in run_sync
    return await get_async_backend().run_sync_in_worker_thread(
           ^^^^^^^^^^^^^^^^^^^^^^^^^^^^^^^^^^^^^^^^^^^^^^^^^^^^
        func, args, abandon_on_cancel=abandon_on_cancel, limiter=limiter
        ^^^^^^^^^^^^^^^^^^^^^^^^^^^^^^^^^^^^^^^^^^^^^^^^^^^^^^^^^^^^^^^^
    )
    ^
  File "/usr/local/google/home/konstantint/Projects/prefecture/.venv/lib/python3.13/site-packages/anyio/_backends/_asyncio.py", line 2518, in run_sync_in_worker_thread
    return await future
           ^^^^^^^^^^^^
  File "/usr/local/google/home/konstantint/Projects/prefecture/.venv/lib/python3.13/site-packages/anyio/_backends/_asyncio.py", line 1002, in run
    result = context.run(func, *args)
  File "/usr/local/google/home/konstantint/Projects/prefecture/.venv/lib/python3.13/site-packages/prefect/utilities/asyncutils/__init__.py", line 243, in call_with_mark
    return call()
  File "/usr/local/google/home/konstantint/Projects/prefecture/.venv/lib/python3.13/site-packages/prefect/server/database/alembic_commands.py", line 36, in wrapper
    return fn(*args, **kwargs)
  File "/usr/local/google/home/konstantint/Projects/prefecture/.venv/lib/python3.13/site-packages/prefect/server/database/alembic_commands.py", line 72, in alembic_upgrade
    alembic.command.upgrade(alembic_config(), revision, sql=dry_run)
    ~~~~~~~~~~~~~~~~~~~~~~~^^^^^^^^^^^^^^^^^^^^^^^^^^^^^^^^^^^^^^^^^
  File "/usr/local/google/home/konstantint/Projects/prefecture/.venv/lib/python3.13/site-packages/alembic/command.py", line 483, in upgrade
    script.run_env()
    ~~~~~~~~~~~~~~^^
  File "/usr/local/google/home/konstantint/Projects/prefecture/.venv/lib/python3.13/site-packages/alembic/script/base.py", line 545, in run_env
    util.load_python_file(self.dir, "env.py")
    ~~~~~~~~~~~~~~~~~~~~~^^^^^^^^^^^^^^^^^^^^
  File "/usr/local/google/home/konstantint/Projects/prefecture/.venv/lib/python3.13/site-packages/alembic/util/pyfiles.py", line 116, in load_python_file
    module = load_module_py(module_id, path)
  File "/usr/local/google/home/konstantint/Projects/prefecture/.venv/lib/python3.13/site-packages/alembic/util/pyfiles.py", line 136, in load_module_py
    spec.loader.exec_module(module)  # type: ignore
    ~~~~~~~~~~~~~~~~~~~~~~~^^^^^^^^
  File "<frozen importlib._bootstrap_external>", line 1023, in exec_module
  File "<frozen importlib._bootstrap>", line 488, in _call_with_frames_removed
  File "/usr/local/google/home/konstantint/Projects/prefecture/.venv/lib/python3.13/site-packages/prefect/server/database/_migrations/env.py", line 201, in <module>
    run_async_from_worker_thread(apply_migrations)
    ~~~~~~~~~~~~~~~~~~~~~~~~~~~~^^^^^^^^^^^^^^^^^^
  File "/usr/local/google/home/konstantint/Projects/prefecture/.venv/lib/python3.13/site-packages/prefect/utilities/asyncutils/__init__.py", line 254, in run_async_from_worker_thread
    return anyio.from_thread.run(call)
           ~~~~~~~~~~~~~~~~~~~~~^^^^^^
  File "/usr/local/google/home/konstantint/Projects/prefecture/.venv/lib/python3.13/site-packages/anyio/from_thread.py", line 90, in run
    return token.backend_class.run_async_from_thread(
           ~~~~~~~~~~~~~~~~~~~~~~~~~~~~~~~~~~~~~~~~~^
        func, args, token=token.native_token if explicit_token else None
        ^^^^^^^^^^^^^^^^^^^^^^^^^^^^^^^^^^^^^^^^^^^^^^^^^^^^^^^^^^^^^^^^
    )
    ^
  File "/usr/local/google/home/konstantint/Projects/prefecture/.venv/lib/python3.13/site-packages/anyio/_backends/_asyncio.py", line 2565, in run_async_from_thread
    return f.result()
           ~~~~~~~~^^
  File "/usr/lib/python3.13/concurrent/futures/_base.py", line 460, in result
    return self.__get_result()
           ~~~~~~~~~~~~~~~~~^^
  File "/usr/lib/python3.13/concurrent/futures/_base.py", line 402, in __get_result
    raise self._exception
  File "/usr/local/google/home/konstantint/Projects/prefecture/.venv/lib/python3.13/site-packages/anyio/_backends/_asyncio.py", line 2546, in task_wrapper
    return await func(*args)
           ^^^^^^^^^^^^^^^^^
  File "/usr/local/google/home/konstantint/Projects/prefecture/.venv/lib/python3.13/site-packages/prefect/server/database/_migrations/env.py", line 189, in apply_migrations
    async with engine.connect() as connection:
               ~~~~~~~~~~~~~~^^
  File "/usr/local/google/home/konstantint/Projects/prefecture/.venv/lib/python3.13/site-packages/sqlalchemy/ext/asyncio/base.py", line 121, in __aenter__
    return await self.start(is_ctxmanager=True)
           ^^^^^^^^^^^^^^^^^^^^^^^^^^^^^^^^^^^^
  File "/usr/local/google/home/konstantint/Projects/prefecture/.venv/lib/python3.13/site-packages/sqlalchemy/ext/asyncio/engine.py", line 275, in start
    await greenlet_spawn(self.sync_engine.connect)
  File "/usr/local/google/home/konstantint/Projects/prefecture/.venv/lib/python3.13/site-packages/sqlalchemy/util/_concurrency_py3k.py", line 201, in greenlet_spawn
    result = context.throw(*sys.exc_info())
  File "/usr/local/google/home/konstantint/Projects/prefecture/.venv/lib/python3.13/site-packages/sqlalchemy/engine/base.py", line 3293, in connect
    return self._connection_cls(self)
           ~~~~~~~~~~~~~~~~~~~~^^^^^^
  File "/usr/local/google/home/konstantint/Projects/prefecture/.venv/lib/python3.13/site-packages/sqlalchemy/engine/base.py", line 145, in __init__
    Connection._handle_dbapi_exception_noconnection(
    ~~~~~~~~~~~~~~~~~~~~~~~~~~~~~~~~~~~~~~~~~~~~~~~^
        err, dialect, engine
        ^^^^^^^^^^^^^^^^^^^^
    )
    ^
  File "/usr/local/google/home/konstantint/Projects/prefecture/.venv/lib/python3.13/site-packages/sqlalchemy/engine/base.py", line 2448, in _handle_dbapi_exception_noconnection
    raise sqlalchemy_exception.with_traceback(exc_info[2]) from e
  File "/usr/local/google/home/konstantint/Projects/prefecture/.venv/lib/python3.13/site-packages/sqlalchemy/engine/base.py", line 143, in __init__
    self._dbapi_connection = engine.raw_connection()
                             ~~~~~~~~~~~~~~~~~~~~~^^
  File "/usr/local/google/home/konstantint/Projects/prefecture/.venv/lib/python3.13/site-packages/sqlalchemy/engine/base.py", line 3317, in raw_connection
    return self.pool.connect()
           ~~~~~~~~~~~~~~~~~^^
  File "/usr/local/google/home/konstantint/Projects/prefecture/.venv/lib/python3.13/site-packages/sqlalchemy/pool/base.py", line 448, in connect
    return _ConnectionFairy._checkout(self)
           ~~~~~~~~~~~~~~~~~~~~~~~~~~^^^^^^
  File "/usr/local/google/home/konstantint/Projects/prefecture/.venv/lib/python3.13/site-packages/sqlalchemy/pool/base.py", line 1272, in _checkout
    fairy = _ConnectionRecord.checkout(pool)
  File "/usr/local/google/home/konstantint/Projects/prefecture/.venv/lib/python3.13/site-packages/sqlalchemy/pool/base.py", line 712, in checkout
    rec = pool._do_get()
  File "/usr/local/google/home/konstantint/Projects/prefecture/.venv/lib/python3.13/site-packages/sqlalchemy/pool/impl.py", line 177, in _do_get
    with util.safe_reraise():
         ~~~~~~~~~~~~~~~~~^^
  File "/usr/local/google/home/konstantint/Projects/prefecture/.venv/lib/python3.13/site-packages/sqlalchemy/util/langhelpers.py", line 121, in __exit__
    raise exc_value.with_traceback(exc_tb)
  File "/usr/local/google/home/konstantint/Projects/prefecture/.venv/lib/python3.13/site-packages/sqlalchemy/pool/impl.py", line 175, in _do_get
    return self._create_connection()
           ~~~~~~~~~~~~~~~~~~~~~~~^^
  File "/usr/local/google/home/konstantint/Projects/prefecture/.venv/lib/python3.13/site-packages/sqlalchemy/pool/base.py", line 389, in _create_connection
    return _ConnectionRecord(self)
  File "/usr/local/google/home/konstantint/Projects/prefecture/.venv/lib/python3.13/site-packages/sqlalchemy/pool/base.py", line 674, in __init__
    self.__connect()
    ~~~~~~~~~~~~~~^^
  File "/usr/local/google/home/konstantint/Projects/prefecture/.venv/lib/python3.13/site-packages/sqlalchemy/pool/base.py", line 914, in __connect
    )._exec_w_sync_on_first_run(self.dbapi_connection, self)
      ~~~~~~~~~~~~~~~~~~~~~~~~~^^^^^^^^^^^^^^^^^^^^^^^^^^^^^
  File "/usr/local/google/home/konstantint/Projects/prefecture/.venv/lib/python3.13/site-packages/sqlalchemy/event/attr.py", line 501, in _exec_w_sync_on_first_run
    self(*args, **kw)
    ~~~~^^^^^^^^^^^^^
  File "/usr/local/google/home/konstantint/Projects/prefecture/.venv/lib/python3.13/site-packages/sqlalchemy/event/attr.py", line 515, in __call__
    fn(*args, **kw)
    ~~^^^^^^^^^^^^^
  File "/usr/local/google/home/konstantint/Projects/prefecture/.venv/lib/python3.13/site-packages/prefect/server/database/configurations.py", line 530, in setup_sqlite
    cursor.execute("PRAGMA journal_mode = WAL;")
    ~~~~~~~~~~~~~~^^^^^^^^^^^^^^^^^^^^^^^^^^^^^^
  File "/usr/local/google/home/konstantint/Projects/prefecture/.venv/lib/python3.13/site-packages/sqlalchemy/dialects/sqlite/aiosqlite.py", line 182, in execute
    self._adapt_connection._handle_exception(error)
    ~~~~~~~~~~~~~~~~~~~~~~~~~~~~~~~~~~~~~~~~^^^^^^^
  File "/usr/local/google/home/konstantint/Projects/prefecture/.venv/lib/python3.13/site-packages/sqlalchemy/dialects/sqlite/aiosqlite.py", line 342, in _handle_exception
    raise error
  File "/usr/local/google/home/konstantint/Projects/prefecture/.venv/lib/python3.13/site-packages/sqlalchemy/dialects/sqlite/aiosqlite.py", line 162, in execute
    self.await_(_cursor.execute(operation))
    ~~~~~~~~~~~^^^^^^^^^^^^^^^^^^^^^^^^^^^^
  File "/usr/local/google/home/konstantint/Projects/prefecture/.venv/lib/python3.13/site-packages/sqlalchemy/util/_concurrency_py3k.py", line 132, in await_only
    return current.parent.switch(awaitable)  # type: ignore[no-any-return,attr-defined] # noqa: E501
           ~~~~~~~~~~~~~~~~~~~~~^^^^^^^^^^^
  File "/usr/local/google/home/konstantint/Projects/prefecture/.venv/lib/python3.13/site-packages/sqlalchemy/util/_concurrency_py3k.py", line 196, in greenlet_spawn
    value = await result
            ^^^^^^^^^^^^
  File "/usr/local/google/home/konstantint/Projects/prefecture/.venv/lib/python3.13/site-packages/aiosqlite/cursor.py", line 40, in execute
    await self._execute(self._cursor.execute, sql, parameters)
  File "/usr/local/google/home/konstantint/Projects/prefecture/.venv/lib/python3.13/site-packages/aiosqlite/cursor.py", line 32, in _execute
    return await self._conn._execute(fn, *args, **kwargs)
           ^^^^^^^^^^^^^^^^^^^^^^^^^^^^^^^^^^^^^^^^^^^^^^
  File "/usr/local/google/home/konstantint/Projects/prefecture/.venv/lib/python3.13/site-packages/aiosqlite/core.py", line 160, in _execute
    return await future
           ^^^^^^^^^^^^
  File "/usr/local/google/home/konstantint/Projects/prefecture/.venv/lib/python3.13/site-packages/aiosqlite/core.py", line 63, in _connection_worker_thread
    result = function()
sqlalchemy.exc.OperationalError: (sqlite3.OperationalError) unable to open database file
(Background on this error at: https://sqlalche.me/e/20/e3q8)

14:16:02.297 | ERROR   | uvicorn.error - Application startup failed. Exiting.
14:16:09.773 | ERROR   | uvicorn.error - Traceback (most recent call last):
  File "/usr/local/google/home/konstantint/Projects/prefecture/.venv/lib/python3.13/site-packages/sqlalchemy/engine/base.py", line 143, in __init__
    self._dbapi_connection = engine.raw_connection()
                             ~~~~~~~~~~~~~~~~~~~~~^^
  File "/usr/local/google/home/konstantint/Projects/prefecture/.venv/lib/python3.13/site-packages/sqlalchemy/engine/base.py", line 3317, in raw_connection
    return self.pool.connect()
           ~~~~~~~~~~~~~~~~~^^
  File "/usr/local/google/home/konstantint/Projects/prefecture/.venv/lib/python3.13/site-packages/sqlalchemy/pool/base.py", line 448, in connect
    return _ConnectionFairy._checkout(self)
           ~~~~~~~~~~~~~~~~~~~~~~~~~~^^^^^^
  File "/usr/local/google/home/konstantint/Projects/prefecture/.venv/lib/python3.13/site-packages/sqlalchemy/pool/base.py", line 1272, in _checkout
    fairy = _ConnectionRecord.checkout(pool)
  File "/usr/local/google/home/konstantint/Projects/prefecture/.venv/lib/python3.13/site-packages/sqlalchemy/pool/base.py", line 712, in checkout
    rec = pool._do_get()
  File "/usr/local/google/home/konstantint/Projects/prefecture/.venv/lib/python3.13/site-packages/sqlalchemy/pool/impl.py", line 177, in _do_get
    with util.safe_reraise():
         ~~~~~~~~~~~~~~~~~^^
  File "/usr/local/google/home/konstantint/Projects/prefecture/.venv/lib/python3.13/site-packages/sqlalchemy/util/langhelpers.py", line 121, in __exit__
    raise exc_value.with_traceback(exc_tb)
  File "/usr/local/google/home/konstantint/Projects/prefecture/.venv/lib/python3.13/site-packages/sqlalchemy/pool/impl.py", line 175, in _do_get
    return self._create_connection()
           ~~~~~~~~~~~~~~~~~~~~~~~^^
  File "/usr/local/google/home/konstantint/Projects/prefecture/.venv/lib/python3.13/site-packages/sqlalchemy/pool/base.py", line 389, in _create_connection
    return _ConnectionRecord(self)
  File "/usr/local/google/home/konstantint/Projects/prefecture/.venv/lib/python3.13/site-packages/sqlalchemy/pool/base.py", line 674, in __init__
    self.__connect()
    ~~~~~~~~~~~~~~^^
  File "/usr/local/google/home/konstantint/Projects/prefecture/.venv/lib/python3.13/site-packages/sqlalchemy/pool/base.py", line 914, in __connect
    )._exec_w_sync_on_first_run(self.dbapi_connection, self)
      ~~~~~~~~~~~~~~~~~~~~~~~~~^^^^^^^^^^^^^^^^^^^^^^^^^^^^^
  File "/usr/local/google/home/konstantint/Projects/prefecture/.venv/lib/python3.13/site-packages/sqlalchemy/event/attr.py", line 501, in _exec_w_sync_on_first_run
    self(*args, **kw)
    ~~~~^^^^^^^^^^^^^
  File "/usr/local/google/home/konstantint/Projects/prefecture/.venv/lib/python3.13/site-packages/sqlalchemy/event/attr.py", line 515, in __call__
    fn(*args, **kw)
    ~~^^^^^^^^^^^^^
  File "/usr/local/google/home/konstantint/Projects/prefecture/.venv/lib/python3.13/site-packages/prefect/server/database/configurations.py", line 530, in setup_sqlite
    cursor.execute("PRAGMA journal_mode = WAL;")
    ~~~~~~~~~~~~~~^^^^^^^^^^^^^^^^^^^^^^^^^^^^^^
  File "/usr/local/google/home/konstantint/Projects/prefecture/.venv/lib/python3.13/site-packages/sqlalchemy/dialects/sqlite/aiosqlite.py", line 182, in execute
    self._adapt_connection._handle_exception(error)
    ~~~~~~~~~~~~~~~~~~~~~~~~~~~~~~~~~~~~~~~~^^^^^^^
  File "/usr/local/google/home/konstantint/Projects/prefecture/.venv/lib/python3.13/site-packages/sqlalchemy/dialects/sqlite/aiosqlite.py", line 342, in _handle_exception
    raise error
  File "/usr/local/google/home/konstantint/Projects/prefecture/.venv/lib/python3.13/site-packages/sqlalchemy/dialects/sqlite/aiosqlite.py", line 162, in execute
    self.await_(_cursor.execute(operation))
    ~~~~~~~~~~~^^^^^^^^^^^^^^^^^^^^^^^^^^^^
  File "/usr/local/google/home/konstantint/Projects/prefecture/.venv/lib/python3.13/site-packages/sqlalchemy/util/_concurrency_py3k.py", line 132, in await_only
    return current.parent.switch(awaitable)  # type: ignore[no-any-return,attr-defined] # noqa: E501
           ~~~~~~~~~~~~~~~~~~~~~^^^^^^^^^^^
  File "/usr/local/google/home/konstantint/Projects/prefecture/.venv/lib/python3.13/site-packages/sqlalchemy/util/_concurrency_py3k.py", line 196, in greenlet_spawn
    value = await result
            ^^^^^^^^^^^^
  File "/usr/local/google/home/konstantint/Projects/prefecture/.venv/lib/python3.13/site-packages/aiosqlite/cursor.py", line 40, in execute
    await self._execute(self._cursor.execute, sql, parameters)
  File "/usr/local/google/home/konstantint/Projects/prefecture/.venv/lib/python3.13/site-packages/aiosqlite/cursor.py", line 32, in _execute
    return await self._conn._execute(fn, *args, **kwargs)
           ^^^^^^^^^^^^^^^^^^^^^^^^^^^^^^^^^^^^^^^^^^^^^^
  File "/usr/local/google/home/konstantint/Projects/prefecture/.venv/lib/python3.13/site-packages/aiosqlite/core.py", line 160, in _execute
    return await future
           ^^^^^^^^^^^^
  File "/usr/local/google/home/konstantint/Projects/prefecture/.venv/lib/python3.13/site-packages/aiosqlite/core.py", line 63, in _connection_worker_thread
    result = function()
sqlite3.OperationalError: unable to open database file

The above exception was the direct cause of the following exception:

Traceback (most recent call last):
  File "/usr/local/google/home/konstantint/Projects/prefecture/.venv/lib/python3.13/site-packages/starlette/routing.py", line 638, in lifespan
    async with self.lifespan_context(app) as maybe_state:
               ~~~~~~~~~~~~~~~~~~~~~^^^^^
  File "/usr/lib/python3.13/contextlib.py", line 214, in __aenter__
    return await anext(self.gen)
           ^^^^^^^^^^^^^^^^^^^^^
  File "/usr/local/google/home/konstantint/Projects/prefecture/.venv/lib/python3.13/site-packages/prefect/server/api/server.py", line 921, in lifespan
    await run_migrations()
  File "/usr/local/google/home/konstantint/Projects/prefecture/.venv/lib/python3.13/site-packages/prefect/server/api/server.py", line 898, in run_migrations
    await db.create_db()
  File "/usr/local/google/home/konstantint/Projects/prefecture/.venv/lib/python3.13/site-packages/prefect/server/database/interface.py", line 77, in create_db
    await self.run_migrations_upgrade()
  File "/usr/local/google/home/konstantint/Projects/prefecture/.venv/lib/python3.13/site-packages/prefect/server/database/interface.py", line 115, in run_migrations_upgrade
    await run_sync_in_worker_thread(alembic_upgrade)
  File "/usr/local/google/home/konstantint/Projects/prefecture/.venv/lib/python3.13/site-packages/prefect/utilities/asyncutils/__init__.py", line 233, in run_sync_in_worker_thread
    result = await anyio.to_thread.run_sync(
             ^^^^^^^^^^^^^^^^^^^^^^^^^^^^^^^
        call_with_mark, call, abandon_on_cancel=True, limiter=get_thread_limiter()
        ^^^^^^^^^^^^^^^^^^^^^^^^^^^^^^^^^^^^^^^^^^^^^^^^^^^^^^^^^^^^^^^^^^^^^^^^^^
    )
    ^
  File "/usr/local/google/home/konstantint/Projects/prefecture/.venv/lib/python3.13/site-packages/anyio/to_thread.py", line 63, in run_sync
    return await get_async_backend().run_sync_in_worker_thread(
           ^^^^^^^^^^^^^^^^^^^^^^^^^^^^^^^^^^^^^^^^^^^^^^^^^^^^
        func, args, abandon_on_cancel=abandon_on_cancel, limiter=limiter
        ^^^^^^^^^^^^^^^^^^^^^^^^^^^^^^^^^^^^^^^^^^^^^^^^^^^^^^^^^^^^^^^^
    )
    ^
  File "/usr/local/google/home/konstantint/Projects/prefecture/.venv/lib/python3.13/site-packages/anyio/_backends/_asyncio.py", line 2518, in run_sync_in_worker_thread
    return await future
           ^^^^^^^^^^^^
  File "/usr/local/google/home/konstantint/Projects/prefecture/.venv/lib/python3.13/site-packages/anyio/_backends/_asyncio.py", line 1002, in run
    result = context.run(func, *args)
  File "/usr/local/google/home/konstantint/Projects/prefecture/.venv/lib/python3.13/site-packages/prefect/utilities/asyncutils/__init__.py", line 243, in call_with_mark
    return call()
  File "/usr/local/google/home/konstantint/Projects/prefecture/.venv/lib/python3.13/site-packages/prefect/server/database/alembic_commands.py", line 36, in wrapper
    return fn(*args, **kwargs)
  File "/usr/local/google/home/konstantint/Projects/prefecture/.venv/lib/python3.13/site-packages/prefect/server/database/alembic_commands.py", line 72, in alembic_upgrade
    alembic.command.upgrade(alembic_config(), revision, sql=dry_run)
    ~~~~~~~~~~~~~~~~~~~~~~~^^^^^^^^^^^^^^^^^^^^^^^^^^^^^^^^^^^^^^^^^
  File "/usr/local/google/home/konstantint/Projects/prefecture/.venv/lib/python3.13/site-packages/alembic/command.py", line 483, in upgrade
    script.run_env()
    ~~~~~~~~~~~~~~^^
  File "/usr/local/google/home/konstantint/Projects/prefecture/.venv/lib/python3.13/site-packages/alembic/script/base.py", line 545, in run_env
    util.load_python_file(self.dir, "env.py")
    ~~~~~~~~~~~~~~~~~~~~~^^^^^^^^^^^^^^^^^^^^
  File "/usr/local/google/home/konstantint/Projects/prefecture/.venv/lib/python3.13/site-packages/alembic/util/pyfiles.py", line 116, in load_python_file
    module = load_module_py(module_id, path)
  File "/usr/local/google/home/konstantint/Projects/prefecture/.venv/lib/python3.13/site-packages/alembic/util/pyfiles.py", line 136, in load_module_py
    spec.loader.exec_module(module)  # type: ignore
    ~~~~~~~~~~~~~~~~~~~~~~~^^^^^^^^
  File "<frozen importlib._bootstrap_external>", line 1023, in exec_module
  File "<frozen importlib._bootstrap>", line 488, in _call_with_frames_removed
  File "/usr/local/google/home/konstantint/Projects/prefecture/.venv/lib/python3.13/site-packages/prefect/server/database/_migrations/env.py", line 201, in <module>
    run_async_from_worker_thread(apply_migrations)
    ~~~~~~~~~~~~~~~~~~~~~~~~~~~~^^^^^^^^^^^^^^^^^^
  File "/usr/local/google/home/konstantint/Projects/prefecture/.venv/lib/python3.13/site-packages/prefect/utilities/asyncutils/__init__.py", line 254, in run_async_from_worker_thread
    return anyio.from_thread.run(call)
           ~~~~~~~~~~~~~~~~~~~~~^^^^^^
  File "/usr/local/google/home/konstantint/Projects/prefecture/.venv/lib/python3.13/site-packages/anyio/from_thread.py", line 90, in run
    return token.backend_class.run_async_from_thread(
           ~~~~~~~~~~~~~~~~~~~~~~~~~~~~~~~~~~~~~~~~~^
        func, args, token=token.native_token if explicit_token else None
        ^^^^^^^^^^^^^^^^^^^^^^^^^^^^^^^^^^^^^^^^^^^^^^^^^^^^^^^^^^^^^^^^
    )
    ^
  File "/usr/local/google/home/konstantint/Projects/prefecture/.venv/lib/python3.13/site-packages/anyio/_backends/_asyncio.py", line 2565, in run_async_from_thread
    return f.result()
           ~~~~~~~~^^
  File "/usr/lib/python3.13/concurrent/futures/_base.py", line 460, in result
    return self.__get_result()
           ~~~~~~~~~~~~~~~~~^^
  File "/usr/lib/python3.13/concurrent/futures/_base.py", line 402, in __get_result
    raise self._exception
  File "/usr/local/google/home/konstantint/Projects/prefecture/.venv/lib/python3.13/site-packages/anyio/_backends/_asyncio.py", line 2546, in task_wrapper
    return await func(*args)
           ^^^^^^^^^^^^^^^^^
  File "/usr/local/google/home/konstantint/Projects/prefecture/.venv/lib/python3.13/site-packages/prefect/server/database/_migrations/env.py", line 189, in apply_migrations
    async with engine.connect() as connection:
               ~~~~~~~~~~~~~~^^
  File "/usr/local/google/home/konstantint/Projects/prefecture/.venv/lib/python3.13/site-packages/sqlalchemy/ext/asyncio/base.py", line 121, in __aenter__
    return await self.start(is_ctxmanager=True)
           ^^^^^^^^^^^^^^^^^^^^^^^^^^^^^^^^^^^^
  File "/usr/local/google/home/konstantint/Projects/prefecture/.venv/lib/python3.13/site-packages/sqlalchemy/ext/asyncio/engine.py", line 275, in start
    await greenlet_spawn(self.sync_engine.connect)
  File "/usr/local/google/home/konstantint/Projects/prefecture/.venv/lib/python3.13/site-packages/sqlalchemy/util/_concurrency_py3k.py", line 201, in greenlet_spawn
    result = context.throw(*sys.exc_info())
  File "/usr/local/google/home/konstantint/Projects/prefecture/.venv/lib/python3.13/site-packages/sqlalchemy/engine/base.py", line 3293, in connect
    return self._connection_cls(self)
           ~~~~~~~~~~~~~~~~~~~~^^^^^^
  File "/usr/local/google/home/konstantint/Projects/prefecture/.venv/lib/python3.13/site-packages/sqlalchemy/engine/base.py", line 145, in __init__
    Connection._handle_dbapi_exception_noconnection(
    ~~~~~~~~~~~~~~~~~~~~~~~~~~~~~~~~~~~~~~~~~~~~~~~^
        err, dialect, engine
        ^^^^^^^^^^^^^^^^^^^^
    )
    ^
  File "/usr/local/google/home/konstantint/Projects/prefecture/.venv/lib/python3.13/site-packages/sqlalchemy/engine/base.py", line 2448, in _handle_dbapi_exception_noconnection
    raise sqlalchemy_exception.with_traceback(exc_info[2]) from e
  File "/usr/local/google/home/konstantint/Projects/prefecture/.venv/lib/python3.13/site-packages/sqlalchemy/engine/base.py", line 143, in __init__
    self._dbapi_connection = engine.raw_connection()
                             ~~~~~~~~~~~~~~~~~~~~~^^
  File "/usr/local/google/home/konstantint/Projects/prefecture/.venv/lib/python3.13/site-packages/sqlalchemy/engine/base.py", line 3317, in raw_connection
    return self.pool.connect()
           ~~~~~~~~~~~~~~~~~^^
  File "/usr/local/google/home/konstantint/Projects/prefecture/.venv/lib/python3.13/site-packages/sqlalchemy/pool/base.py", line 448, in connect
    return _ConnectionFairy._checkout(self)
           ~~~~~~~~~~~~~~~~~~~~~~~~~~^^^^^^
  File "/usr/local/google/home/konstantint/Projects/prefecture/.venv/lib/python3.13/site-packages/sqlalchemy/pool/base.py", line 1272, in _checkout
    fairy = _ConnectionRecord.checkout(pool)
  File "/usr/local/google/home/konstantint/Projects/prefecture/.venv/lib/python3.13/site-packages/sqlalchemy/pool/base.py", line 712, in checkout
    rec = pool._do_get()
  File "/usr/local/google/home/konstantint/Projects/prefecture/.venv/lib/python3.13/site-packages/sqlalchemy/pool/impl.py", line 177, in _do_get
    with util.safe_reraise():
         ~~~~~~~~~~~~~~~~~^^
  File "/usr/local/google/home/konstantint/Projects/prefecture/.venv/lib/python3.13/site-packages/sqlalchemy/util/langhelpers.py", line 121, in __exit__
    raise exc_value.with_traceback(exc_tb)
  File "/usr/local/google/home/konstantint/Projects/prefecture/.venv/lib/python3.13/site-packages/sqlalchemy/pool/impl.py", line 175, in _do_get
    return self._create_connection()
           ~~~~~~~~~~~~~~~~~~~~~~~^^
  File "/usr/local/google/home/konstantint/Projects/prefecture/.venv/lib/python3.13/site-packages/sqlalchemy/pool/base.py", line 389, in _create_connection
    return _ConnectionRecord(self)
  File "/usr/local/google/home/konstantint/Projects/prefecture/.venv/lib/python3.13/site-packages/sqlalchemy/pool/base.py", line 674, in __init__
    self.__connect()
    ~~~~~~~~~~~~~~^^
  File "/usr/local/google/home/konstantint/Projects/prefecture/.venv/lib/python3.13/site-packages/sqlalchemy/pool/base.py", line 914, in __connect
    )._exec_w_sync_on_first_run(self.dbapi_connection, self)
      ~~~~~~~~~~~~~~~~~~~~~~~~~^^^^^^^^^^^^^^^^^^^^^^^^^^^^^
  File "/usr/local/google/home/konstantint/Projects/prefecture/.venv/lib/python3.13/site-packages/sqlalchemy/event/attr.py", line 501, in _exec_w_sync_on_first_run
    self(*args, **kw)
    ~~~~^^^^^^^^^^^^^
  File "/usr/local/google/home/konstantint/Projects/prefecture/.venv/lib/python3.13/site-packages/sqlalchemy/event/attr.py", line 515, in __call__
    fn(*args, **kw)
    ~~^^^^^^^^^^^^^
  File "/usr/local/google/home/konstantint/Projects/prefecture/.venv/lib/python3.13/site-packages/prefect/server/database/configurations.py", line 530, in setup_sqlite
    cursor.execute("PRAGMA journal_mode = WAL;")
    ~~~~~~~~~~~~~~^^^^^^^^^^^^^^^^^^^^^^^^^^^^^^
  File "/usr/local/google/home/konstantint/Projects/prefecture/.venv/lib/python3.13/site-packages/sqlalchemy/dialects/sqlite/aiosqlite.py", line 182, in execute
    self._adapt_connection._handle_exception(error)
    ~~~~~~~~~~~~~~~~~~~~~~~~~~~~~~~~~~~~~~~~^^^^^^^
  File "/usr/local/google/home/konstantint/Projects/prefecture/.venv/lib/python3.13/site-packages/sqlalchemy/dialects/sqlite/aiosqlite.py", line 342, in _handle_exception
    raise error
  File "/usr/local/google/home/konstantint/Projects/prefecture/.venv/lib/python3.13/site-packages/sqlalchemy/dialects/sqlite/aiosqlite.py", line 162, in execute
    self.await_(_cursor.execute(operation))
    ~~~~~~~~~~~^^^^^^^^^^^^^^^^^^^^^^^^^^^^
  File "/usr/local/google/home/konstantint/Projects/prefecture/.venv/lib/python3.13/site-packages/sqlalchemy/util/_concurrency_py3k.py", line 132, in await_only
    return current.parent.switch(awaitable)  # type: ignore[no-any-return,attr-defined] # noqa: E501
           ~~~~~~~~~~~~~~~~~~~~~^^^^^^^^^^^
  File "/usr/local/google/home/konstantint/Projects/prefecture/.venv/lib/python3.13/site-packages/sqlalchemy/util/_concurrency_py3k.py", line 196, in greenlet_spawn
    value = await result
            ^^^^^^^^^^^^
  File "/usr/local/google/home/konstantint/Projects/prefecture/.venv/lib/python3.13/site-packages/aiosqlite/cursor.py", line 40, in execute
    await self._execute(self._cursor.execute, sql, parameters)
  File "/usr/local/google/home/konstantint/Projects/prefecture/.venv/lib/python3.13/site-packages/aiosqlite/cursor.py", line 32, in _execute
    return await self._conn._execute(fn, *args, **kwargs)
           ^^^^^^^^^^^^^^^^^^^^^^^^^^^^^^^^^^^^^^^^^^^^^^
  File "/usr/local/google/home/konstantint/Projects/prefecture/.venv/lib/python3.13/site-packages/aiosqlite/core.py", line 160, in _execute
    return await future
           ^^^^^^^^^^^^
  File "/usr/local/google/home/konstantint/Projects/prefecture/.venv/lib/python3.13/site-packages/aiosqlite/core.py", line 63, in _connection_worker_thread
    result = function()
sqlalchemy.exc.OperationalError: (sqlite3.OperationalError) unable to open database file
(Background on this error at: https://sqlalche.me/e/20/e3q8)

14:16:09.792 | ERROR   | uvicorn.error - Application startup failed. Exiting.
14:16:16.223 | ERROR   | uvicorn.error - Traceback (most recent call last):
  File "/usr/local/google/home/konstantint/Projects/prefecture/.venv/lib/python3.13/site-packages/sqlalchemy/engine/base.py", line 143, in __init__
    self._dbapi_connection = engine.raw_connection()
                             ~~~~~~~~~~~~~~~~~~~~~^^
  File "/usr/local/google/home/konstantint/Projects/prefecture/.venv/lib/python3.13/site-packages/sqlalchemy/engine/base.py", line 3317, in raw_connection
    return self.pool.connect()
           ~~~~~~~~~~~~~~~~~^^
  File "/usr/local/google/home/konstantint/Projects/prefecture/.venv/lib/python3.13/site-packages/sqlalchemy/pool/base.py", line 448, in connect
    return _ConnectionFairy._checkout(self)
           ~~~~~~~~~~~~~~~~~~~~~~~~~~^^^^^^
  File "/usr/local/google/home/konstantint/Projects/prefecture/.venv/lib/python3.13/site-packages/sqlalchemy/pool/base.py", line 1272, in _checkout
    fairy = _ConnectionRecord.checkout(pool)
  File "/usr/local/google/home/konstantint/Projects/prefecture/.venv/lib/python3.13/site-packages/sqlalchemy/pool/base.py", line 712, in checkout
    rec = pool._do_get()
  File "/usr/local/google/home/konstantint/Projects/prefecture/.venv/lib/python3.13/site-packages/sqlalchemy/pool/impl.py", line 177, in _do_get
    with util.safe_reraise():
         ~~~~~~~~~~~~~~~~~^^
  File "/usr/local/google/home/konstantint/Projects/prefecture/.venv/lib/python3.13/site-packages/sqlalchemy/util/langhelpers.py", line 121, in __exit__
    raise exc_value.with_traceback(exc_tb)
  File "/usr/local/google/home/konstantint/Projects/prefecture/.venv/lib/python3.13/site-packages/sqlalchemy/pool/impl.py", line 175, in _do_get
    return self._create_connection()
           ~~~~~~~~~~~~~~~~~~~~~~~^^
  File "/usr/local/google/home/konstantint/Projects/prefecture/.venv/lib/python3.13/site-packages/sqlalchemy/pool/base.py", line 389, in _create_connection
    return _ConnectionRecord(self)
  File "/usr/local/google/home/konstantint/Projects/prefecture/.venv/lib/python3.13/site-packages/sqlalchemy/pool/base.py", line 674, in __init__
    self.__connect()
    ~~~~~~~~~~~~~~^^
  File "/usr/local/google/home/konstantint/Projects/prefecture/.venv/lib/python3.13/site-packages/sqlalchemy/pool/base.py", line 914, in __connect
    )._exec_w_sync_on_first_run(self.dbapi_connection, self)
      ~~~~~~~~~~~~~~~~~~~~~~~~~^^^^^^^^^^^^^^^^^^^^^^^^^^^^^
  File "/usr/local/google/home/konstantint/Projects/prefecture/.venv/lib/python3.13/site-packages/sqlalchemy/event/attr.py", line 501, in _exec_w_sync_on_first_run
    self(*args, **kw)
    ~~~~^^^^^^^^^^^^^
  File "/usr/local/google/home/konstantint/Projects/prefecture/.venv/lib/python3.13/site-packages/sqlalchemy/event/attr.py", line 515, in __call__
    fn(*args, **kw)
    ~~^^^^^^^^^^^^^
  File "/usr/local/google/home/konstantint/Projects/prefecture/.venv/lib/python3.13/site-packages/prefect/server/database/configurations.py", line 530, in setup_sqlite
    cursor.execute("PRAGMA journal_mode = WAL;")
    ~~~~~~~~~~~~~~^^^^^^^^^^^^^^^^^^^^^^^^^^^^^^
  File "/usr/local/google/home/konstantint/Projects/prefecture/.venv/lib/python3.13/site-packages/sqlalchemy/dialects/sqlite/aiosqlite.py", line 182, in execute
    self._adapt_connection._handle_exception(error)
    ~~~~~~~~~~~~~~~~~~~~~~~~~~~~~~~~~~~~~~~~^^^^^^^
  File "/usr/local/google/home/konstantint/Projects/prefecture/.venv/lib/python3.13/site-packages/sqlalchemy/dialects/sqlite/aiosqlite.py", line 342, in _handle_exception
    raise error
  File "/usr/local/google/home/konstantint/Projects/prefecture/.venv/lib/python3.13/site-packages/sqlalchemy/dialects/sqlite/aiosqlite.py", line 162, in execute
    self.await_(_cursor.execute(operation))
    ~~~~~~~~~~~^^^^^^^^^^^^^^^^^^^^^^^^^^^^
  File "/usr/local/google/home/konstantint/Projects/prefecture/.venv/lib/python3.13/site-packages/sqlalchemy/util/_concurrency_py3k.py", line 132, in await_only
    return current.parent.switch(awaitable)  # type: ignore[no-any-return,attr-defined] # noqa: E501
           ~~~~~~~~~~~~~~~~~~~~~^^^^^^^^^^^
  File "/usr/local/google/home/konstantint/Projects/prefecture/.venv/lib/python3.13/site-packages/sqlalchemy/util/_concurrency_py3k.py", line 196, in greenlet_spawn
    value = await result
            ^^^^^^^^^^^^
  File "/usr/local/google/home/konstantint/Projects/prefecture/.venv/lib/python3.13/site-packages/aiosqlite/cursor.py", line 40, in execute
    await self._execute(self._cursor.execute, sql, parameters)
  File "/usr/local/google/home/konstantint/Projects/prefecture/.venv/lib/python3.13/site-packages/aiosqlite/cursor.py", line 32, in _execute
    return await self._conn._execute(fn, *args, **kwargs)
           ^^^^^^^^^^^^^^^^^^^^^^^^^^^^^^^^^^^^^^^^^^^^^^
  File "/usr/local/google/home/konstantint/Projects/prefecture/.venv/lib/python3.13/site-packages/aiosqlite/core.py", line 160, in _execute
    return await future
           ^^^^^^^^^^^^
  File "/usr/local/google/home/konstantint/Projects/prefecture/.venv/lib/python3.13/site-packages/aiosqlite/core.py", line 63, in _connection_worker_thread
    result = function()
sqlite3.OperationalError: unable to open database file

The above exception was the direct cause of the following exception:

Traceback (most recent call last):
  File "/usr/local/google/home/konstantint/Projects/prefecture/.venv/lib/python3.13/site-packages/starlette/routing.py", line 638, in lifespan
    async with self.lifespan_context(app) as maybe_state:
               ~~~~~~~~~~~~~~~~~~~~~^^^^^
  File "/usr/lib/python3.13/contextlib.py", line 214, in __aenter__
    return await anext(self.gen)
           ^^^^^^^^^^^^^^^^^^^^^
  File "/usr/local/google/home/konstantint/Projects/prefecture/.venv/lib/python3.13/site-packages/prefect/server/api/server.py", line 921, in lifespan
    await run_migrations()
  File "/usr/local/google/home/konstantint/Projects/prefecture/.venv/lib/python3.13/site-packages/prefect/server/api/server.py", line 898, in run_migrations
    await db.create_db()
  File "/usr/local/google/home/konstantint/Projects/prefecture/.venv/lib/python3.13/site-packages/prefect/server/database/interface.py", line 77, in create_db
    await self.run_migrations_upgrade()
  File "/usr/local/google/home/konstantint/Projects/prefecture/.venv/lib/python3.13/site-packages/prefect/server/database/interface.py", line 115, in run_migrations_upgrade
    await run_sync_in_worker_thread(alembic_upgrade)
  File "/usr/local/google/home/konstantint/Projects/prefecture/.venv/lib/python3.13/site-packages/prefect/utilities/asyncutils/__init__.py", line 233, in run_sync_in_worker_thread
    result = await anyio.to_thread.run_sync(
             ^^^^^^^^^^^^^^^^^^^^^^^^^^^^^^^
        call_with_mark, call, abandon_on_cancel=True, limiter=get_thread_limiter()
        ^^^^^^^^^^^^^^^^^^^^^^^^^^^^^^^^^^^^^^^^^^^^^^^^^^^^^^^^^^^^^^^^^^^^^^^^^^
    )
    ^
  File "/usr/local/google/home/konstantint/Projects/prefecture/.venv/lib/python3.13/site-packages/anyio/to_thread.py", line 63, in run_sync
    return await get_async_backend().run_sync_in_worker_thread(
           ^^^^^^^^^^^^^^^^^^^^^^^^^^^^^^^^^^^^^^^^^^^^^^^^^^^^
        func, args, abandon_on_cancel=abandon_on_cancel, limiter=limiter
        ^^^^^^^^^^^^^^^^^^^^^^^^^^^^^^^^^^^^^^^^^^^^^^^^^^^^^^^^^^^^^^^^
    )
    ^
  File "/usr/local/google/home/konstantint/Projects/prefecture/.venv/lib/python3.13/site-packages/anyio/_backends/_asyncio.py", line 2518, in run_sync_in_worker_thread
    return await future
           ^^^^^^^^^^^^
  File "/usr/local/google/home/konstantint/Projects/prefecture/.venv/lib/python3.13/site-packages/anyio/_backends/_asyncio.py", line 1002, in run
    result = context.run(func, *args)
  File "/usr/local/google/home/konstantint/Projects/prefecture/.venv/lib/python3.13/site-packages/prefect/utilities/asyncutils/__init__.py", line 243, in call_with_mark
    return call()
  File "/usr/local/google/home/konstantint/Projects/prefecture/.venv/lib/python3.13/site-packages/prefect/server/database/alembic_commands.py", line 36, in wrapper
    return fn(*args, **kwargs)
  File "/usr/local/google/home/konstantint/Projects/prefecture/.venv/lib/python3.13/site-packages/prefect/server/database/alembic_commands.py", line 72, in alembic_upgrade
    alembic.command.upgrade(alembic_config(), revision, sql=dry_run)
    ~~~~~~~~~~~~~~~~~~~~~~~^^^^^^^^^^^^^^^^^^^^^^^^^^^^^^^^^^^^^^^^^
  File "/usr/local/google/home/konstantint/Projects/prefecture/.venv/lib/python3.13/site-packages/alembic/command.py", line 483, in upgrade
    script.run_env()
    ~~~~~~~~~~~~~~^^
  File "/usr/local/google/home/konstantint/Projects/prefecture/.venv/lib/python3.13/site-packages/alembic/script/base.py", line 545, in run_env
    util.load_python_file(self.dir, "env.py")
    ~~~~~~~~~~~~~~~~~~~~~^^^^^^^^^^^^^^^^^^^^
  File "/usr/local/google/home/konstantint/Projects/prefecture/.venv/lib/python3.13/site-packages/alembic/util/pyfiles.py", line 116, in load_python_file
    module = load_module_py(module_id, path)
  File "/usr/local/google/home/konstantint/Projects/prefecture/.venv/lib/python3.13/site-packages/alembic/util/pyfiles.py", line 136, in load_module_py
    spec.loader.exec_module(module)  # type: ignore
    ~~~~~~~~~~~~~~~~~~~~~~~^^^^^^^^
  File "<frozen importlib._bootstrap_external>", line 1023, in exec_module
  File "<frozen importlib._bootstrap>", line 488, in _call_with_frames_removed
  File "/usr/local/google/home/konstantint/Projects/prefecture/.venv/lib/python3.13/site-packages/prefect/server/database/_migrations/env.py", line 201, in <module>
    run_async_from_worker_thread(apply_migrations)
    ~~~~~~~~~~~~~~~~~~~~~~~~~~~~^^^^^^^^^^^^^^^^^^
  File "/usr/local/google/home/konstantint/Projects/prefecture/.venv/lib/python3.13/site-packages/prefect/utilities/asyncutils/__init__.py", line 254, in run_async_from_worker_thread
    return anyio.from_thread.run(call)
           ~~~~~~~~~~~~~~~~~~~~~^^^^^^
  File "/usr/local/google/home/konstantint/Projects/prefecture/.venv/lib/python3.13/site-packages/anyio/from_thread.py", line 90, in run
    return token.backend_class.run_async_from_thread(
           ~~~~~~~~~~~~~~~~~~~~~~~~~~~~~~~~~~~~~~~~~^
        func, args, token=token.native_token if explicit_token else None
        ^^^^^^^^^^^^^^^^^^^^^^^^^^^^^^^^^^^^^^^^^^^^^^^^^^^^^^^^^^^^^^^^
    )
    ^
  File "/usr/local/google/home/konstantint/Projects/prefecture/.venv/lib/python3.13/site-packages/anyio/_backends/_asyncio.py", line 2565, in run_async_from_thread
    return f.result()
           ~~~~~~~~^^
  File "/usr/lib/python3.13/concurrent/futures/_base.py", line 460, in result
    return self.__get_result()
           ~~~~~~~~~~~~~~~~~^^
  File "/usr/lib/python3.13/concurrent/futures/_base.py", line 402, in __get_result
    raise self._exception
  File "/usr/local/google/home/konstantint/Projects/prefecture/.venv/lib/python3.13/site-packages/anyio/_backends/_asyncio.py", line 2546, in task_wrapper
    return await func(*args)
           ^^^^^^^^^^^^^^^^^
  File "/usr/local/google/home/konstantint/Projects/prefecture/.venv/lib/python3.13/site-packages/prefect/server/database/_migrations/env.py", line 189, in apply_migrations
    async with engine.connect() as connection:
               ~~~~~~~~~~~~~~^^
  File "/usr/local/google/home/konstantint/Projects/prefecture/.venv/lib/python3.13/site-packages/sqlalchemy/ext/asyncio/base.py", line 121, in __aenter__
    return await self.start(is_ctxmanager=True)
           ^^^^^^^^^^^^^^^^^^^^^^^^^^^^^^^^^^^^
  File "/usr/local/google/home/konstantint/Projects/prefecture/.venv/lib/python3.13/site-packages/sqlalchemy/ext/asyncio/engine.py", line 275, in start
    await greenlet_spawn(self.sync_engine.connect)
  File "/usr/local/google/home/konstantint/Projects/prefecture/.venv/lib/python3.13/site-packages/sqlalchemy/util/_concurrency_py3k.py", line 201, in greenlet_spawn
    result = context.throw(*sys.exc_info())
  File "/usr/local/google/home/konstantint/Projects/prefecture/.venv/lib/python3.13/site-packages/sqlalchemy/engine/base.py", line 3293, in connect
    return self._connection_cls(self)
           ~~~~~~~~~~~~~~~~~~~~^^^^^^
  File "/usr/local/google/home/konstantint/Projects/prefecture/.venv/lib/python3.13/site-packages/sqlalchemy/engine/base.py", line 145, in __init__
    Connection._handle_dbapi_exception_noconnection(
    ~~~~~~~~~~~~~~~~~~~~~~~~~~~~~~~~~~~~~~~~~~~~~~~^
        err, dialect, engine
        ^^^^^^^^^^^^^^^^^^^^
    )
    ^
  File "/usr/local/google/home/konstantint/Projects/prefecture/.venv/lib/python3.13/site-packages/sqlalchemy/engine/base.py", line 2448, in _handle_dbapi_exception_noconnection
    raise sqlalchemy_exception.with_traceback(exc_info[2]) from e
  File "/usr/local/google/home/konstantint/Projects/prefecture/.venv/lib/python3.13/site-packages/sqlalchemy/engine/base.py", line 143, in __init__
    self._dbapi_connection = engine.raw_connection()
                             ~~~~~~~~~~~~~~~~~~~~~^^
  File "/usr/local/google/home/konstantint/Projects/prefecture/.venv/lib/python3.13/site-packages/sqlalchemy/engine/base.py", line 3317, in raw_connection
    return self.pool.connect()
           ~~~~~~~~~~~~~~~~~^^
  File "/usr/local/google/home/konstantint/Projects/prefecture/.venv/lib/python3.13/site-packages/sqlalchemy/pool/base.py", line 448, in connect
    return _ConnectionFairy._checkout(self)
           ~~~~~~~~~~~~~~~~~~~~~~~~~~^^^^^^
  File "/usr/local/google/home/konstantint/Projects/prefecture/.venv/lib/python3.13/site-packages/sqlalchemy/pool/base.py", line 1272, in _checkout
    fairy = _ConnectionRecord.checkout(pool)
  File "/usr/local/google/home/konstantint/Projects/prefecture/.venv/lib/python3.13/site-packages/sqlalchemy/pool/base.py", line 712, in checkout
    rec = pool._do_get()
  File "/usr/local/google/home/konstantint/Projects/prefecture/.venv/lib/python3.13/site-packages/sqlalchemy/pool/impl.py", line 177, in _do_get
    with util.safe_reraise():
         ~~~~~~~~~~~~~~~~~^^
  File "/usr/local/google/home/konstantint/Projects/prefecture/.venv/lib/python3.13/site-packages/sqlalchemy/util/langhelpers.py", line 121, in __exit__
    raise exc_value.with_traceback(exc_tb)
  File "/usr/local/google/home/konstantint/Projects/prefecture/.venv/lib/python3.13/site-packages/sqlalchemy/pool/impl.py", line 175, in _do_get
    return self._create_connection()
           ~~~~~~~~~~~~~~~~~~~~~~~^^
  File "/usr/local/google/home/konstantint/Projects/prefecture/.venv/lib/python3.13/site-packages/sqlalchemy/pool/base.py", line 389, in _create_connection
    return _ConnectionRecord(self)
  File "/usr/local/google/home/konstantint/Projects/prefecture/.venv/lib/python3.13/site-packages/sqlalchemy/pool/base.py", line 674, in __init__
    self.__connect()
    ~~~~~~~~~~~~~~^^
  File "/usr/local/google/home/konstantint/Projects/prefecture/.venv/lib/python3.13/site-packages/sqlalchemy/pool/base.py", line 914, in __connect
    )._exec_w_sync_on_first_run(self.dbapi_connection, self)
      ~~~~~~~~~~~~~~~~~~~~~~~~~^^^^^^^^^^^^^^^^^^^^^^^^^^^^^
  File "/usr/local/google/home/konstantint/Projects/prefecture/.venv/lib/python3.13/site-packages/sqlalchemy/event/attr.py", line 501, in _exec_w_sync_on_first_run
    self(*args, **kw)
    ~~~~^^^^^^^^^^^^^
  File "/usr/local/google/home/konstantint/Projects/prefecture/.venv/lib/python3.13/site-packages/sqlalchemy/event/attr.py", line 515, in __call__
    fn(*args, **kw)
    ~~^^^^^^^^^^^^^
  File "/usr/local/google/home/konstantint/Projects/prefecture/.venv/lib/python3.13/site-packages/prefect/server/database/configurations.py", line 530, in setup_sqlite
    cursor.execute("PRAGMA journal_mode = WAL;")
    ~~~~~~~~~~~~~~^^^^^^^^^^^^^^^^^^^^^^^^^^^^^^
  File "/usr/local/google/home/konstantint/Projects/prefecture/.venv/lib/python3.13/site-packages/sqlalchemy/dialects/sqlite/aiosqlite.py", line 182, in execute
    self._adapt_connection._handle_exception(error)
    ~~~~~~~~~~~~~~~~~~~~~~~~~~~~~~~~~~~~~~~~^^^^^^^
  File "/usr/local/google/home/konstantint/Projects/prefecture/.venv/lib/python3.13/site-packages/sqlalchemy/dialects/sqlite/aiosqlite.py", line 342, in _handle_exception
    raise error
  File "/usr/local/google/home/konstantint/Projects/prefecture/.venv/lib/python3.13/site-packages/sqlalchemy/dialects/sqlite/aiosqlite.py", line 162, in execute
    self.await_(_cursor.execute(operation))
    ~~~~~~~~~~~^^^^^^^^^^^^^^^^^^^^^^^^^^^^
  File "/usr/local/google/home/konstantint/Projects/prefecture/.venv/lib/python3.13/site-packages/sqlalchemy/util/_concurrency_py3k.py", line 132, in await_only
    return current.parent.switch(awaitable)  # type: ignore[no-any-return,attr-defined] # noqa: E501
           ~~~~~~~~~~~~~~~~~~~~~^^^^^^^^^^^
  File "/usr/local/google/home/konstantint/Projects/prefecture/.venv/lib/python3.13/site-packages/sqlalchemy/util/_concurrency_py3k.py", line 196, in greenlet_spawn
    value = await result
            ^^^^^^^^^^^^
  File "/usr/local/google/home/konstantint/Projects/prefecture/.venv/lib/python3.13/site-packages/aiosqlite/cursor.py", line 40, in execute
    await self._execute(self._cursor.execute, sql, parameters)
  File "/usr/local/google/home/konstantint/Projects/prefecture/.venv/lib/python3.13/site-packages/aiosqlite/cursor.py", line 32, in _execute
    return await self._conn._execute(fn, *args, **kwargs)
           ^^^^^^^^^^^^^^^^^^^^^^^^^^^^^^^^^^^^^^^^^^^^^^
  File "/usr/local/google/home/konstantint/Projects/prefecture/.venv/lib/python3.13/site-packages/aiosqlite/core.py", line 160, in _execute
    return await future
           ^^^^^^^^^^^^
  File "/usr/local/google/home/konstantint/Projects/prefecture/.venv/lib/python3.13/site-packages/aiosqlite/core.py", line 63, in _connection_worker_thread
    result = function()
sqlalchemy.exc.OperationalError: (sqlite3.OperationalError) unable to open database file
(Background on this error at: https://sqlalche.me/e/20/e3q8)

14:16:16.239 | ERROR   | uvicorn.error - Application startup failed. Exiting.
------------------------------ Captured log call -------------------------------
INFO     prefect:server.py:1127 Starting temporary server on http://127.0.0.1:8706
See https://docs.prefect.io/v3/concepts/server#how-to-guides for more information on running a dedicated Prefect server.
____________________ test_artifact_key_generation_fallback _____________________

test_template_dir = PosixPath('/tmp/pytest-of-konstantint/pytest-2/test_artifact_key_generation_f0')

    def test_artifact_key_generation_fallback(test_template_dir):
        """Test that Prefect artifact key falls back to 'jinja2' if no output_file_name."""
        prompt_config = {
            "template_file": "test_prompt.j2",
            "params": {"name": "World", "last_weeks_digest": "None"},
        }
        generator = templating.Jinja2Templater(
            config_dir=test_template_dir, run_dir=test_template_dir, **prompt_config
        )
    
        with mock.patch(
            "prefect.artifacts.create_markdown_artifact"
        ) as mock_create_artifact:
>           generator()

prefecture/operations/templating_test.py:202: 
_ _ _ _ _ _ _ _ _ _ _ _ _ _ _ _ _ _ _ _ _ _ _ _ _ _ _ _ _ _ _ _ _ _ _ _ _ _ _ _ 
.venv/lib/python3.13/site-packages/prefect/tasks.py:1213: in __call__
    return run_task(
.venv/lib/python3.13/site-packages/prefect/task_engine.py:1902: in run_task
    return run_task_sync(**kwargs)
           ^^^^^^^^^^^^^^^^^^^^^^^
.venv/lib/python3.13/site-packages/prefect/task_engine.py:1667: in run_task_sync
    with engine.start(task_run_id=task_run_id, dependencies=dependencies):
         ^^^^^^^^^^^^^^^^^^^^^^^^^^^^^^^^^^^^^^^^^^^^^^^^^^^^^^^^^^^^^^^^
/usr/lib/python3.13/contextlib.py:141: in __enter__
    return next(self.gen)
           ^^^^^^^^^^^^^^
.venv/lib/python3.13/site-packages/prefect/task_engine.py:920: in start
    with self.initialize_run(task_run_id=task_run_id, dependencies=dependencies):
         ^^^^^^^^^^^^^^^^^^^^^^^^^^^^^^^^^^^^^^^^^^^^^^^^^^^^^^^^^^^^^^^^^^^^^^^
/usr/lib/python3.13/contextlib.py:141: in __enter__
    return next(self.gen)
           ^^^^^^^^^^^^^^
.venv/lib/python3.13/site-packages/prefect/task_engine.py:822: in initialize_run
    with SyncClientContext.get_or_create() as client_ctx:
         ^^^^^^^^^^^^^^^^^^^^^^^^^^^^^^^^^
/usr/lib/python3.13/contextlib.py:141: in __enter__
    return next(self.gen)
           ^^^^^^^^^^^^^^
.venv/lib/python3.13/site-packages/prefect/context.py:337: in get_or_create
    with cls() as ctx:
         ^^^^^
.venv/lib/python3.13/site-packages/prefect/context.py:305: in __init__
    client=get_client(sync_client=True, httpx_settings=httpx_settings),
           ^^^^^^^^^^^^^^^^^^^^^^^^^^^^^^^^^^^^^^^^^^^^^^^^^^^^^^^^^^^
.venv/lib/python3.13/site-packages/prefect/client/orchestration/__init__.py:252: in get_client
    server.start()
.venv/lib/python3.13/site-packages/prefect/server/api/server.py:1154: in start
    response.raise_for_status()
_ _ _ _ _ _ _ _ _ _ _ _ _ _ _ _ _ _ _ _ _ _ _ _ _ _ _ _ _ _ _ _ _ _ _ _ _ _ _ _ 

self = <Response [400 Bad Request]>

    def raise_for_status(self) -> Response:
        """
        Raise the `HTTPStatusError` if one occurred.
        """
        request = self._request
        if request is None:
            raise RuntimeError(
                "Cannot call `raise_for_status` as the request "
                "instance has not been set on this response."
            )
    
        if self.is_success:
            return self
    
        if self.has_redirect_location:
            message = (
                "{error_type} '{0.status_code} {0.reason_phrase}' for url '{0.url}'\n"
                "Redirect location: '{0.headers[location]}'\n"
                "For more information check: https://developer.mozilla.org/en-US/docs/Web/HTTP/Status/{0.status_code}"
            )
        else:
            message = (
                "{error_type} '{0.status_code} {0.reason_phrase}' for url '{0.url}'\n"
                "For more information check: https://developer.mozilla.org/en-US/docs/Web/HTTP/Status/{0.status_code}"
            )
    
        status_class = self.status_code // 100
        error_types = {
            1: "Informational response",
            3: "Redirect response",
            4: "Client error",
            5: "Server error",
        }
        error_type = error_types.get(status_class, "Invalid status code")
        message = message.format(self, error_type=error_type)
>       raise HTTPStatusError(message, request=request, response=self)
E       httpx.HTTPStatusError: Client error '400 Bad Request' for url 'http://127.0.0.1:8776/api/health'
E       For more information check: https://developer.mozilla.org/en-US/docs/Web/HTTP/Status/400

.venv/lib/python3.13/site-packages/httpx/_models.py:829: HTTPStatusError
----------------------------- Captured stderr call -----------------------------
14:16:16.886 | INFO    | prefect - Starting temporary server on http://127.0.0.1:8246
See https://docs.prefect.io/v3/concepts/server#how-to-guides for more information on running a dedicated Prefect server.
14:16:22.102 | ERROR   | uvicorn.error - Traceback (most recent call last):
  File "/usr/local/google/home/konstantint/Projects/prefecture/.venv/lib/python3.13/site-packages/sqlalchemy/engine/base.py", line 143, in __init__
    self._dbapi_connection = engine.raw_connection()
                             ~~~~~~~~~~~~~~~~~~~~~^^
  File "/usr/local/google/home/konstantint/Projects/prefecture/.venv/lib/python3.13/site-packages/sqlalchemy/engine/base.py", line 3317, in raw_connection
    return self.pool.connect()
           ~~~~~~~~~~~~~~~~~^^
  File "/usr/local/google/home/konstantint/Projects/prefecture/.venv/lib/python3.13/site-packages/sqlalchemy/pool/base.py", line 448, in connect
    return _ConnectionFairy._checkout(self)
           ~~~~~~~~~~~~~~~~~~~~~~~~~~^^^^^^
  File "/usr/local/google/home/konstantint/Projects/prefecture/.venv/lib/python3.13/site-packages/sqlalchemy/pool/base.py", line 1272, in _checkout
    fairy = _ConnectionRecord.checkout(pool)
  File "/usr/local/google/home/konstantint/Projects/prefecture/.venv/lib/python3.13/site-packages/sqlalchemy/pool/base.py", line 712, in checkout
    rec = pool._do_get()
  File "/usr/local/google/home/konstantint/Projects/prefecture/.venv/lib/python3.13/site-packages/sqlalchemy/pool/impl.py", line 177, in _do_get
    with util.safe_reraise():
         ~~~~~~~~~~~~~~~~~^^
  File "/usr/local/google/home/konstantint/Projects/prefecture/.venv/lib/python3.13/site-packages/sqlalchemy/util/langhelpers.py", line 121, in __exit__
    raise exc_value.with_traceback(exc_tb)
  File "/usr/local/google/home/konstantint/Projects/prefecture/.venv/lib/python3.13/site-packages/sqlalchemy/pool/impl.py", line 175, in _do_get
    return self._create_connection()
           ~~~~~~~~~~~~~~~~~~~~~~~^^
  File "/usr/local/google/home/konstantint/Projects/prefecture/.venv/lib/python3.13/site-packages/sqlalchemy/pool/base.py", line 389, in _create_connection
    return _ConnectionRecord(self)
  File "/usr/local/google/home/konstantint/Projects/prefecture/.venv/lib/python3.13/site-packages/sqlalchemy/pool/base.py", line 674, in __init__
    self.__connect()
    ~~~~~~~~~~~~~~^^
  File "/usr/local/google/home/konstantint/Projects/prefecture/.venv/lib/python3.13/site-packages/sqlalchemy/pool/base.py", line 914, in __connect
    )._exec_w_sync_on_first_run(self.dbapi_connection, self)
      ~~~~~~~~~~~~~~~~~~~~~~~~~^^^^^^^^^^^^^^^^^^^^^^^^^^^^^
  File "/usr/local/google/home/konstantint/Projects/prefecture/.venv/lib/python3.13/site-packages/sqlalchemy/event/attr.py", line 501, in _exec_w_sync_on_first_run
    self(*args, **kw)
    ~~~~^^^^^^^^^^^^^
  File "/usr/local/google/home/konstantint/Projects/prefecture/.venv/lib/python3.13/site-packages/sqlalchemy/event/attr.py", line 515, in __call__
    fn(*args, **kw)
    ~~^^^^^^^^^^^^^
  File "/usr/local/google/home/konstantint/Projects/prefecture/.venv/lib/python3.13/site-packages/prefect/server/database/configurations.py", line 530, in setup_sqlite
    cursor.execute("PRAGMA journal_mode = WAL;")
    ~~~~~~~~~~~~~~^^^^^^^^^^^^^^^^^^^^^^^^^^^^^^
  File "/usr/local/google/home/konstantint/Projects/prefecture/.venv/lib/python3.13/site-packages/sqlalchemy/dialects/sqlite/aiosqlite.py", line 182, in execute
    self._adapt_connection._handle_exception(error)
    ~~~~~~~~~~~~~~~~~~~~~~~~~~~~~~~~~~~~~~~~^^^^^^^
  File "/usr/local/google/home/konstantint/Projects/prefecture/.venv/lib/python3.13/site-packages/sqlalchemy/dialects/sqlite/aiosqlite.py", line 342, in _handle_exception
    raise error
  File "/usr/local/google/home/konstantint/Projects/prefecture/.venv/lib/python3.13/site-packages/sqlalchemy/dialects/sqlite/aiosqlite.py", line 162, in execute
    self.await_(_cursor.execute(operation))
    ~~~~~~~~~~~^^^^^^^^^^^^^^^^^^^^^^^^^^^^
  File "/usr/local/google/home/konstantint/Projects/prefecture/.venv/lib/python3.13/site-packages/sqlalchemy/util/_concurrency_py3k.py", line 132, in await_only
    return current.parent.switch(awaitable)  # type: ignore[no-any-return,attr-defined] # noqa: E501
           ~~~~~~~~~~~~~~~~~~~~~^^^^^^^^^^^
  File "/usr/local/google/home/konstantint/Projects/prefecture/.venv/lib/python3.13/site-packages/sqlalchemy/util/_concurrency_py3k.py", line 196, in greenlet_spawn
    value = await result
            ^^^^^^^^^^^^
  File "/usr/local/google/home/konstantint/Projects/prefecture/.venv/lib/python3.13/site-packages/aiosqlite/cursor.py", line 40, in execute
    await self._execute(self._cursor.execute, sql, parameters)
  File "/usr/local/google/home/konstantint/Projects/prefecture/.venv/lib/python3.13/site-packages/aiosqlite/cursor.py", line 32, in _execute
    return await self._conn._execute(fn, *args, **kwargs)
           ^^^^^^^^^^^^^^^^^^^^^^^^^^^^^^^^^^^^^^^^^^^^^^
  File "/usr/local/google/home/konstantint/Projects/prefecture/.venv/lib/python3.13/site-packages/aiosqlite/core.py", line 160, in _execute
    return await future
           ^^^^^^^^^^^^
  File "/usr/local/google/home/konstantint/Projects/prefecture/.venv/lib/python3.13/site-packages/aiosqlite/core.py", line 63, in _connection_worker_thread
    result = function()
sqlite3.OperationalError: unable to open database file

The above exception was the direct cause of the following exception:

Traceback (most recent call last):
  File "/usr/local/google/home/konstantint/Projects/prefecture/.venv/lib/python3.13/site-packages/starlette/routing.py", line 638, in lifespan
    async with self.lifespan_context(app) as maybe_state:
               ~~~~~~~~~~~~~~~~~~~~~^^^^^
  File "/usr/lib/python3.13/contextlib.py", line 214, in __aenter__
    return await anext(self.gen)
           ^^^^^^^^^^^^^^^^^^^^^
  File "/usr/local/google/home/konstantint/Projects/prefecture/.venv/lib/python3.13/site-packages/prefect/server/api/server.py", line 921, in lifespan
    await run_migrations()
  File "/usr/local/google/home/konstantint/Projects/prefecture/.venv/lib/python3.13/site-packages/prefect/server/api/server.py", line 898, in run_migrations
    await db.create_db()
  File "/usr/local/google/home/konstantint/Projects/prefecture/.venv/lib/python3.13/site-packages/prefect/server/database/interface.py", line 77, in create_db
    await self.run_migrations_upgrade()
  File "/usr/local/google/home/konstantint/Projects/prefecture/.venv/lib/python3.13/site-packages/prefect/server/database/interface.py", line 115, in run_migrations_upgrade
    await run_sync_in_worker_thread(alembic_upgrade)
  File "/usr/local/google/home/konstantint/Projects/prefecture/.venv/lib/python3.13/site-packages/prefect/utilities/asyncutils/__init__.py", line 233, in run_sync_in_worker_thread
    result = await anyio.to_thread.run_sync(
             ^^^^^^^^^^^^^^^^^^^^^^^^^^^^^^^
        call_with_mark, call, abandon_on_cancel=True, limiter=get_thread_limiter()
        ^^^^^^^^^^^^^^^^^^^^^^^^^^^^^^^^^^^^^^^^^^^^^^^^^^^^^^^^^^^^^^^^^^^^^^^^^^
    )
    ^
  File "/usr/local/google/home/konstantint/Projects/prefecture/.venv/lib/python3.13/site-packages/anyio/to_thread.py", line 63, in run_sync
    return await get_async_backend().run_sync_in_worker_thread(
           ^^^^^^^^^^^^^^^^^^^^^^^^^^^^^^^^^^^^^^^^^^^^^^^^^^^^
        func, args, abandon_on_cancel=abandon_on_cancel, limiter=limiter
        ^^^^^^^^^^^^^^^^^^^^^^^^^^^^^^^^^^^^^^^^^^^^^^^^^^^^^^^^^^^^^^^^
    )
    ^
  File "/usr/local/google/home/konstantint/Projects/prefecture/.venv/lib/python3.13/site-packages/anyio/_backends/_asyncio.py", line 2518, in run_sync_in_worker_thread
    return await future
           ^^^^^^^^^^^^
  File "/usr/local/google/home/konstantint/Projects/prefecture/.venv/lib/python3.13/site-packages/anyio/_backends/_asyncio.py", line 1002, in run
    result = context.run(func, *args)
  File "/usr/local/google/home/konstantint/Projects/prefecture/.venv/lib/python3.13/site-packages/prefect/utilities/asyncutils/__init__.py", line 243, in call_with_mark
    return call()
  File "/usr/local/google/home/konstantint/Projects/prefecture/.venv/lib/python3.13/site-packages/prefect/server/database/alembic_commands.py", line 36, in wrapper
    return fn(*args, **kwargs)
  File "/usr/local/google/home/konstantint/Projects/prefecture/.venv/lib/python3.13/site-packages/prefect/server/database/alembic_commands.py", line 72, in alembic_upgrade
    alembic.command.upgrade(alembic_config(), revision, sql=dry_run)
    ~~~~~~~~~~~~~~~~~~~~~~~^^^^^^^^^^^^^^^^^^^^^^^^^^^^^^^^^^^^^^^^^
  File "/usr/local/google/home/konstantint/Projects/prefecture/.venv/lib/python3.13/site-packages/alembic/command.py", line 483, in upgrade
    script.run_env()
    ~~~~~~~~~~~~~~^^
  File "/usr/local/google/home/konstantint/Projects/prefecture/.venv/lib/python3.13/site-packages/alembic/script/base.py", line 545, in run_env
    util.load_python_file(self.dir, "env.py")
    ~~~~~~~~~~~~~~~~~~~~~^^^^^^^^^^^^^^^^^^^^
  File "/usr/local/google/home/konstantint/Projects/prefecture/.venv/lib/python3.13/site-packages/alembic/util/pyfiles.py", line 116, in load_python_file
    module = load_module_py(module_id, path)
  File "/usr/local/google/home/konstantint/Projects/prefecture/.venv/lib/python3.13/site-packages/alembic/util/pyfiles.py", line 136, in load_module_py
    spec.loader.exec_module(module)  # type: ignore
    ~~~~~~~~~~~~~~~~~~~~~~~^^^^^^^^
  File "<frozen importlib._bootstrap_external>", line 1023, in exec_module
  File "<frozen importlib._bootstrap>", line 488, in _call_with_frames_removed
  File "/usr/local/google/home/konstantint/Projects/prefecture/.venv/lib/python3.13/site-packages/prefect/server/database/_migrations/env.py", line 201, in <module>
    run_async_from_worker_thread(apply_migrations)
    ~~~~~~~~~~~~~~~~~~~~~~~~~~~~^^^^^^^^^^^^^^^^^^
  File "/usr/local/google/home/konstantint/Projects/prefecture/.venv/lib/python3.13/site-packages/prefect/utilities/asyncutils/__init__.py", line 254, in run_async_from_worker_thread
    return anyio.from_thread.run(call)
           ~~~~~~~~~~~~~~~~~~~~~^^^^^^
  File "/usr/local/google/home/konstantint/Projects/prefecture/.venv/lib/python3.13/site-packages/anyio/from_thread.py", line 90, in run
    return token.backend_class.run_async_from_thread(
           ~~~~~~~~~~~~~~~~~~~~~~~~~~~~~~~~~~~~~~~~~^
        func, args, token=token.native_token if explicit_token else None
        ^^^^^^^^^^^^^^^^^^^^^^^^^^^^^^^^^^^^^^^^^^^^^^^^^^^^^^^^^^^^^^^^
    )
    ^
  File "/usr/local/google/home/konstantint/Projects/prefecture/.venv/lib/python3.13/site-packages/anyio/_backends/_asyncio.py", line 2565, in run_async_from_thread
    return f.result()
           ~~~~~~~~^^
  File "/usr/lib/python3.13/concurrent/futures/_base.py", line 460, in result
    return self.__get_result()
           ~~~~~~~~~~~~~~~~~^^
  File "/usr/lib/python3.13/concurrent/futures/_base.py", line 402, in __get_result
    raise self._exception
  File "/usr/local/google/home/konstantint/Projects/prefecture/.venv/lib/python3.13/site-packages/anyio/_backends/_asyncio.py", line 2546, in task_wrapper
    return await func(*args)
           ^^^^^^^^^^^^^^^^^
  File "/usr/local/google/home/konstantint/Projects/prefecture/.venv/lib/python3.13/site-packages/prefect/server/database/_migrations/env.py", line 189, in apply_migrations
    async with engine.connect() as connection:
               ~~~~~~~~~~~~~~^^
  File "/usr/local/google/home/konstantint/Projects/prefecture/.venv/lib/python3.13/site-packages/sqlalchemy/ext/asyncio/base.py", line 121, in __aenter__
    return await self.start(is_ctxmanager=True)
           ^^^^^^^^^^^^^^^^^^^^^^^^^^^^^^^^^^^^
  File "/usr/local/google/home/konstantint/Projects/prefecture/.venv/lib/python3.13/site-packages/sqlalchemy/ext/asyncio/engine.py", line 275, in start
    await greenlet_spawn(self.sync_engine.connect)
  File "/usr/local/google/home/konstantint/Projects/prefecture/.venv/lib/python3.13/site-packages/sqlalchemy/util/_concurrency_py3k.py", line 201, in greenlet_spawn
    result = context.throw(*sys.exc_info())
  File "/usr/local/google/home/konstantint/Projects/prefecture/.venv/lib/python3.13/site-packages/sqlalchemy/engine/base.py", line 3293, in connect
    return self._connection_cls(self)
           ~~~~~~~~~~~~~~~~~~~~^^^^^^
  File "/usr/local/google/home/konstantint/Projects/prefecture/.venv/lib/python3.13/site-packages/sqlalchemy/engine/base.py", line 145, in __init__
    Connection._handle_dbapi_exception_noconnection(
    ~~~~~~~~~~~~~~~~~~~~~~~~~~~~~~~~~~~~~~~~~~~~~~~^
        err, dialect, engine
        ^^^^^^^^^^^^^^^^^^^^
    )
    ^
  File "/usr/local/google/home/konstantint/Projects/prefecture/.venv/lib/python3.13/site-packages/sqlalchemy/engine/base.py", line 2448, in _handle_dbapi_exception_noconnection
    raise sqlalchemy_exception.with_traceback(exc_info[2]) from e
  File "/usr/local/google/home/konstantint/Projects/prefecture/.venv/lib/python3.13/site-packages/sqlalchemy/engine/base.py", line 143, in __init__
    self._dbapi_connection = engine.raw_connection()
                             ~~~~~~~~~~~~~~~~~~~~~^^
  File "/usr/local/google/home/konstantint/Projects/prefecture/.venv/lib/python3.13/site-packages/sqlalchemy/engine/base.py", line 3317, in raw_connection
    return self.pool.connect()
           ~~~~~~~~~~~~~~~~~^^
  File "/usr/local/google/home/konstantint/Projects/prefecture/.venv/lib/python3.13/site-packages/sqlalchemy/pool/base.py", line 448, in connect
    return _ConnectionFairy._checkout(self)
           ~~~~~~~~~~~~~~~~~~~~~~~~~~^^^^^^
  File "/usr/local/google/home/konstantint/Projects/prefecture/.venv/lib/python3.13/site-packages/sqlalchemy/pool/base.py", line 1272, in _checkout
    fairy = _ConnectionRecord.checkout(pool)
  File "/usr/local/google/home/konstantint/Projects/prefecture/.venv/lib/python3.13/site-packages/sqlalchemy/pool/base.py", line 712, in checkout
    rec = pool._do_get()
  File "/usr/local/google/home/konstantint/Projects/prefecture/.venv/lib/python3.13/site-packages/sqlalchemy/pool/impl.py", line 177, in _do_get
    with util.safe_reraise():
         ~~~~~~~~~~~~~~~~~^^
  File "/usr/local/google/home/konstantint/Projects/prefecture/.venv/lib/python3.13/site-packages/sqlalchemy/util/langhelpers.py", line 121, in __exit__
    raise exc_value.with_traceback(exc_tb)
  File "/usr/local/google/home/konstantint/Projects/prefecture/.venv/lib/python3.13/site-packages/sqlalchemy/pool/impl.py", line 175, in _do_get
    return self._create_connection()
           ~~~~~~~~~~~~~~~~~~~~~~~^^
  File "/usr/local/google/home/konstantint/Projects/prefecture/.venv/lib/python3.13/site-packages/sqlalchemy/pool/base.py", line 389, in _create_connection
    return _ConnectionRecord(self)
  File "/usr/local/google/home/konstantint/Projects/prefecture/.venv/lib/python3.13/site-packages/sqlalchemy/pool/base.py", line 674, in __init__
    self.__connect()
    ~~~~~~~~~~~~~~^^
  File "/usr/local/google/home/konstantint/Projects/prefecture/.venv/lib/python3.13/site-packages/sqlalchemy/pool/base.py", line 914, in __connect
    )._exec_w_sync_on_first_run(self.dbapi_connection, self)
      ~~~~~~~~~~~~~~~~~~~~~~~~~^^^^^^^^^^^^^^^^^^^^^^^^^^^^^
  File "/usr/local/google/home/konstantint/Projects/prefecture/.venv/lib/python3.13/site-packages/sqlalchemy/event/attr.py", line 501, in _exec_w_sync_on_first_run
    self(*args, **kw)
    ~~~~^^^^^^^^^^^^^
  File "/usr/local/google/home/konstantint/Projects/prefecture/.venv/lib/python3.13/site-packages/sqlalchemy/event/attr.py", line 515, in __call__
    fn(*args, **kw)
    ~~^^^^^^^^^^^^^
  File "/usr/local/google/home/konstantint/Projects/prefecture/.venv/lib/python3.13/site-packages/prefect/server/database/configurations.py", line 530, in setup_sqlite
    cursor.execute("PRAGMA journal_mode = WAL;")
    ~~~~~~~~~~~~~~^^^^^^^^^^^^^^^^^^^^^^^^^^^^^^
  File "/usr/local/google/home/konstantint/Projects/prefecture/.venv/lib/python3.13/site-packages/sqlalchemy/dialects/sqlite/aiosqlite.py", line 182, in execute
    self._adapt_connection._handle_exception(error)
    ~~~~~~~~~~~~~~~~~~~~~~~~~~~~~~~~~~~~~~~~^^^^^^^
  File "/usr/local/google/home/konstantint/Projects/prefecture/.venv/lib/python3.13/site-packages/sqlalchemy/dialects/sqlite/aiosqlite.py", line 342, in _handle_exception
    raise error
  File "/usr/local/google/home/konstantint/Projects/prefecture/.venv/lib/python3.13/site-packages/sqlalchemy/dialects/sqlite/aiosqlite.py", line 162, in execute
    self.await_(_cursor.execute(operation))
    ~~~~~~~~~~~^^^^^^^^^^^^^^^^^^^^^^^^^^^^
  File "/usr/local/google/home/konstantint/Projects/prefecture/.venv/lib/python3.13/site-packages/sqlalchemy/util/_concurrency_py3k.py", line 132, in await_only
    return current.parent.switch(awaitable)  # type: ignore[no-any-return,attr-defined] # noqa: E501
           ~~~~~~~~~~~~~~~~~~~~~^^^^^^^^^^^
  File "/usr/local/google/home/konstantint/Projects/prefecture/.venv/lib/python3.13/site-packages/sqlalchemy/util/_concurrency_py3k.py", line 196, in greenlet_spawn
    value = await result
            ^^^^^^^^^^^^
  File "/usr/local/google/home/konstantint/Projects/prefecture/.venv/lib/python3.13/site-packages/aiosqlite/cursor.py", line 40, in execute
    await self._execute(self._cursor.execute, sql, parameters)
  File "/usr/local/google/home/konstantint/Projects/prefecture/.venv/lib/python3.13/site-packages/aiosqlite/cursor.py", line 32, in _execute
    return await self._conn._execute(fn, *args, **kwargs)
           ^^^^^^^^^^^^^^^^^^^^^^^^^^^^^^^^^^^^^^^^^^^^^^
  File "/usr/local/google/home/konstantint/Projects/prefecture/.venv/lib/python3.13/site-packages/aiosqlite/core.py", line 160, in _execute
    return await future
           ^^^^^^^^^^^^
  File "/usr/local/google/home/konstantint/Projects/prefecture/.venv/lib/python3.13/site-packages/aiosqlite/core.py", line 63, in _connection_worker_thread
    result = function()
sqlalchemy.exc.OperationalError: (sqlite3.OperationalError) unable to open database file
(Background on this error at: https://sqlalche.me/e/20/e3q8)

14:16:22.119 | ERROR   | uvicorn.error - Application startup failed. Exiting.
14:16:28.066 | ERROR   | uvicorn.error - Traceback (most recent call last):
  File "/usr/local/google/home/konstantint/Projects/prefecture/.venv/lib/python3.13/site-packages/sqlalchemy/engine/base.py", line 143, in __init__
    self._dbapi_connection = engine.raw_connection()
                             ~~~~~~~~~~~~~~~~~~~~~^^
  File "/usr/local/google/home/konstantint/Projects/prefecture/.venv/lib/python3.13/site-packages/sqlalchemy/engine/base.py", line 3317, in raw_connection
    return self.pool.connect()
           ~~~~~~~~~~~~~~~~~^^
  File "/usr/local/google/home/konstantint/Projects/prefecture/.venv/lib/python3.13/site-packages/sqlalchemy/pool/base.py", line 448, in connect
    return _ConnectionFairy._checkout(self)
           ~~~~~~~~~~~~~~~~~~~~~~~~~~^^^^^^
  File "/usr/local/google/home/konstantint/Projects/prefecture/.venv/lib/python3.13/site-packages/sqlalchemy/pool/base.py", line 1272, in _checkout
    fairy = _ConnectionRecord.checkout(pool)
  File "/usr/local/google/home/konstantint/Projects/prefecture/.venv/lib/python3.13/site-packages/sqlalchemy/pool/base.py", line 712, in checkout
    rec = pool._do_get()
  File "/usr/local/google/home/konstantint/Projects/prefecture/.venv/lib/python3.13/site-packages/sqlalchemy/pool/impl.py", line 177, in _do_get
    with util.safe_reraise():
         ~~~~~~~~~~~~~~~~~^^
  File "/usr/local/google/home/konstantint/Projects/prefecture/.venv/lib/python3.13/site-packages/sqlalchemy/util/langhelpers.py", line 121, in __exit__
    raise exc_value.with_traceback(exc_tb)
  File "/usr/local/google/home/konstantint/Projects/prefecture/.venv/lib/python3.13/site-packages/sqlalchemy/pool/impl.py", line 175, in _do_get
    return self._create_connection()
           ~~~~~~~~~~~~~~~~~~~~~~~^^
  File "/usr/local/google/home/konstantint/Projects/prefecture/.venv/lib/python3.13/site-packages/sqlalchemy/pool/base.py", line 389, in _create_connection
    return _ConnectionRecord(self)
  File "/usr/local/google/home/konstantint/Projects/prefecture/.venv/lib/python3.13/site-packages/sqlalchemy/pool/base.py", line 674, in __init__
    self.__connect()
    ~~~~~~~~~~~~~~^^
  File "/usr/local/google/home/konstantint/Projects/prefecture/.venv/lib/python3.13/site-packages/sqlalchemy/pool/base.py", line 914, in __connect
    )._exec_w_sync_on_first_run(self.dbapi_connection, self)
      ~~~~~~~~~~~~~~~~~~~~~~~~~^^^^^^^^^^^^^^^^^^^^^^^^^^^^^
  File "/usr/local/google/home/konstantint/Projects/prefecture/.venv/lib/python3.13/site-packages/sqlalchemy/event/attr.py", line 501, in _exec_w_sync_on_first_run
    self(*args, **kw)
    ~~~~^^^^^^^^^^^^^
  File "/usr/local/google/home/konstantint/Projects/prefecture/.venv/lib/python3.13/site-packages/sqlalchemy/event/attr.py", line 515, in __call__
    fn(*args, **kw)
    ~~^^^^^^^^^^^^^
  File "/usr/local/google/home/konstantint/Projects/prefecture/.venv/lib/python3.13/site-packages/prefect/server/database/configurations.py", line 530, in setup_sqlite
    cursor.execute("PRAGMA journal_mode = WAL;")
    ~~~~~~~~~~~~~~^^^^^^^^^^^^^^^^^^^^^^^^^^^^^^
  File "/usr/local/google/home/konstantint/Projects/prefecture/.venv/lib/python3.13/site-packages/sqlalchemy/dialects/sqlite/aiosqlite.py", line 182, in execute
    self._adapt_connection._handle_exception(error)
    ~~~~~~~~~~~~~~~~~~~~~~~~~~~~~~~~~~~~~~~~^^^^^^^
  File "/usr/local/google/home/konstantint/Projects/prefecture/.venv/lib/python3.13/site-packages/sqlalchemy/dialects/sqlite/aiosqlite.py", line 342, in _handle_exception
    raise error
  File "/usr/local/google/home/konstantint/Projects/prefecture/.venv/lib/python3.13/site-packages/sqlalchemy/dialects/sqlite/aiosqlite.py", line 162, in execute
    self.await_(_cursor.execute(operation))
    ~~~~~~~~~~~^^^^^^^^^^^^^^^^^^^^^^^^^^^^
  File "/usr/local/google/home/konstantint/Projects/prefecture/.venv/lib/python3.13/site-packages/sqlalchemy/util/_concurrency_py3k.py", line 132, in await_only
    return current.parent.switch(awaitable)  # type: ignore[no-any-return,attr-defined] # noqa: E501
           ~~~~~~~~~~~~~~~~~~~~~^^^^^^^^^^^
  File "/usr/local/google/home/konstantint/Projects/prefecture/.venv/lib/python3.13/site-packages/sqlalchemy/util/_concurrency_py3k.py", line 196, in greenlet_spawn
    value = await result
            ^^^^^^^^^^^^
  File "/usr/local/google/home/konstantint/Projects/prefecture/.venv/lib/python3.13/site-packages/aiosqlite/cursor.py", line 40, in execute
    await self._execute(self._cursor.execute, sql, parameters)
  File "/usr/local/google/home/konstantint/Projects/prefecture/.venv/lib/python3.13/site-packages/aiosqlite/cursor.py", line 32, in _execute
    return await self._conn._execute(fn, *args, **kwargs)
           ^^^^^^^^^^^^^^^^^^^^^^^^^^^^^^^^^^^^^^^^^^^^^^
  File "/usr/local/google/home/konstantint/Projects/prefecture/.venv/lib/python3.13/site-packages/aiosqlite/core.py", line 160, in _execute
    return await future
           ^^^^^^^^^^^^
  File "/usr/local/google/home/konstantint/Projects/prefecture/.venv/lib/python3.13/site-packages/aiosqlite/core.py", line 63, in _connection_worker_thread
    result = function()
sqlite3.OperationalError: unable to open database file

The above exception was the direct cause of the following exception:

Traceback (most recent call last):
  File "/usr/local/google/home/konstantint/Projects/prefecture/.venv/lib/python3.13/site-packages/starlette/routing.py", line 638, in lifespan
    async with self.lifespan_context(app) as maybe_state:
               ~~~~~~~~~~~~~~~~~~~~~^^^^^
  File "/usr/lib/python3.13/contextlib.py", line 214, in __aenter__
    return await anext(self.gen)
           ^^^^^^^^^^^^^^^^^^^^^
  File "/usr/local/google/home/konstantint/Projects/prefecture/.venv/lib/python3.13/site-packages/prefect/server/api/server.py", line 921, in lifespan
    await run_migrations()
  File "/usr/local/google/home/konstantint/Projects/prefecture/.venv/lib/python3.13/site-packages/prefect/server/api/server.py", line 898, in run_migrations
    await db.create_db()
  File "/usr/local/google/home/konstantint/Projects/prefecture/.venv/lib/python3.13/site-packages/prefect/server/database/interface.py", line 77, in create_db
    await self.run_migrations_upgrade()
  File "/usr/local/google/home/konstantint/Projects/prefecture/.venv/lib/python3.13/site-packages/prefect/server/database/interface.py", line 115, in run_migrations_upgrade
    await run_sync_in_worker_thread(alembic_upgrade)
  File "/usr/local/google/home/konstantint/Projects/prefecture/.venv/lib/python3.13/site-packages/prefect/utilities/asyncutils/__init__.py", line 233, in run_sync_in_worker_thread
    result = await anyio.to_thread.run_sync(
             ^^^^^^^^^^^^^^^^^^^^^^^^^^^^^^^
        call_with_mark, call, abandon_on_cancel=True, limiter=get_thread_limiter()
        ^^^^^^^^^^^^^^^^^^^^^^^^^^^^^^^^^^^^^^^^^^^^^^^^^^^^^^^^^^^^^^^^^^^^^^^^^^
    )
    ^
  File "/usr/local/google/home/konstantint/Projects/prefecture/.venv/lib/python3.13/site-packages/anyio/to_thread.py", line 63, in run_sync
    return await get_async_backend().run_sync_in_worker_thread(
           ^^^^^^^^^^^^^^^^^^^^^^^^^^^^^^^^^^^^^^^^^^^^^^^^^^^^
        func, args, abandon_on_cancel=abandon_on_cancel, limiter=limiter
        ^^^^^^^^^^^^^^^^^^^^^^^^^^^^^^^^^^^^^^^^^^^^^^^^^^^^^^^^^^^^^^^^
    )
    ^
  File "/usr/local/google/home/konstantint/Projects/prefecture/.venv/lib/python3.13/site-packages/anyio/_backends/_asyncio.py", line 2518, in run_sync_in_worker_thread
    return await future
           ^^^^^^^^^^^^
  File "/usr/local/google/home/konstantint/Projects/prefecture/.venv/lib/python3.13/site-packages/anyio/_backends/_asyncio.py", line 1002, in run
    result = context.run(func, *args)
  File "/usr/local/google/home/konstantint/Projects/prefecture/.venv/lib/python3.13/site-packages/prefect/utilities/asyncutils/__init__.py", line 243, in call_with_mark
    return call()
  File "/usr/local/google/home/konstantint/Projects/prefecture/.venv/lib/python3.13/site-packages/prefect/server/database/alembic_commands.py", line 36, in wrapper
    return fn(*args, **kwargs)
  File "/usr/local/google/home/konstantint/Projects/prefecture/.venv/lib/python3.13/site-packages/prefect/server/database/alembic_commands.py", line 72, in alembic_upgrade
    alembic.command.upgrade(alembic_config(), revision, sql=dry_run)
    ~~~~~~~~~~~~~~~~~~~~~~~^^^^^^^^^^^^^^^^^^^^^^^^^^^^^^^^^^^^^^^^^
  File "/usr/local/google/home/konstantint/Projects/prefecture/.venv/lib/python3.13/site-packages/alembic/command.py", line 483, in upgrade
    script.run_env()
    ~~~~~~~~~~~~~~^^
  File "/usr/local/google/home/konstantint/Projects/prefecture/.venv/lib/python3.13/site-packages/alembic/script/base.py", line 545, in run_env
    util.load_python_file(self.dir, "env.py")
    ~~~~~~~~~~~~~~~~~~~~~^^^^^^^^^^^^^^^^^^^^
  File "/usr/local/google/home/konstantint/Projects/prefecture/.venv/lib/python3.13/site-packages/alembic/util/pyfiles.py", line 116, in load_python_file
    module = load_module_py(module_id, path)
  File "/usr/local/google/home/konstantint/Projects/prefecture/.venv/lib/python3.13/site-packages/alembic/util/pyfiles.py", line 136, in load_module_py
    spec.loader.exec_module(module)  # type: ignore
    ~~~~~~~~~~~~~~~~~~~~~~~^^^^^^^^
  File "<frozen importlib._bootstrap_external>", line 1023, in exec_module
  File "<frozen importlib._bootstrap>", line 488, in _call_with_frames_removed
  File "/usr/local/google/home/konstantint/Projects/prefecture/.venv/lib/python3.13/site-packages/prefect/server/database/_migrations/env.py", line 201, in <module>
    run_async_from_worker_thread(apply_migrations)
    ~~~~~~~~~~~~~~~~~~~~~~~~~~~~^^^^^^^^^^^^^^^^^^
  File "/usr/local/google/home/konstantint/Projects/prefecture/.venv/lib/python3.13/site-packages/prefect/utilities/asyncutils/__init__.py", line 254, in run_async_from_worker_thread
    return anyio.from_thread.run(call)
           ~~~~~~~~~~~~~~~~~~~~~^^^^^^
  File "/usr/local/google/home/konstantint/Projects/prefecture/.venv/lib/python3.13/site-packages/anyio/from_thread.py", line 90, in run
    return token.backend_class.run_async_from_thread(
           ~~~~~~~~~~~~~~~~~~~~~~~~~~~~~~~~~~~~~~~~~^
        func, args, token=token.native_token if explicit_token else None
        ^^^^^^^^^^^^^^^^^^^^^^^^^^^^^^^^^^^^^^^^^^^^^^^^^^^^^^^^^^^^^^^^
    )
    ^
  File "/usr/local/google/home/konstantint/Projects/prefecture/.venv/lib/python3.13/site-packages/anyio/_backends/_asyncio.py", line 2565, in run_async_from_thread
    return f.result()
           ~~~~~~~~^^
  File "/usr/lib/python3.13/concurrent/futures/_base.py", line 460, in result
    return self.__get_result()
           ~~~~~~~~~~~~~~~~~^^
  File "/usr/lib/python3.13/concurrent/futures/_base.py", line 402, in __get_result
    raise self._exception
  File "/usr/local/google/home/konstantint/Projects/prefecture/.venv/lib/python3.13/site-packages/anyio/_backends/_asyncio.py", line 2546, in task_wrapper
    return await func(*args)
           ^^^^^^^^^^^^^^^^^
  File "/usr/local/google/home/konstantint/Projects/prefecture/.venv/lib/python3.13/site-packages/prefect/server/database/_migrations/env.py", line 189, in apply_migrations
    async with engine.connect() as connection:
               ~~~~~~~~~~~~~~^^
  File "/usr/local/google/home/konstantint/Projects/prefecture/.venv/lib/python3.13/site-packages/sqlalchemy/ext/asyncio/base.py", line 121, in __aenter__
    return await self.start(is_ctxmanager=True)
           ^^^^^^^^^^^^^^^^^^^^^^^^^^^^^^^^^^^^
  File "/usr/local/google/home/konstantint/Projects/prefecture/.venv/lib/python3.13/site-packages/sqlalchemy/ext/asyncio/engine.py", line 275, in start
    await greenlet_spawn(self.sync_engine.connect)
  File "/usr/local/google/home/konstantint/Projects/prefecture/.venv/lib/python3.13/site-packages/sqlalchemy/util/_concurrency_py3k.py", line 201, in greenlet_spawn
    result = context.throw(*sys.exc_info())
  File "/usr/local/google/home/konstantint/Projects/prefecture/.venv/lib/python3.13/site-packages/sqlalchemy/engine/base.py", line 3293, in connect
    return self._connection_cls(self)
           ~~~~~~~~~~~~~~~~~~~~^^^^^^
  File "/usr/local/google/home/konstantint/Projects/prefecture/.venv/lib/python3.13/site-packages/sqlalchemy/engine/base.py", line 145, in __init__
    Connection._handle_dbapi_exception_noconnection(
    ~~~~~~~~~~~~~~~~~~~~~~~~~~~~~~~~~~~~~~~~~~~~~~~^
        err, dialect, engine
        ^^^^^^^^^^^^^^^^^^^^
    )
    ^
  File "/usr/local/google/home/konstantint/Projects/prefecture/.venv/lib/python3.13/site-packages/sqlalchemy/engine/base.py", line 2448, in _handle_dbapi_exception_noconnection
    raise sqlalchemy_exception.with_traceback(exc_info[2]) from e
  File "/usr/local/google/home/konstantint/Projects/prefecture/.venv/lib/python3.13/site-packages/sqlalchemy/engine/base.py", line 143, in __init__
    self._dbapi_connection = engine.raw_connection()
                             ~~~~~~~~~~~~~~~~~~~~~^^
  File "/usr/local/google/home/konstantint/Projects/prefecture/.venv/lib/python3.13/site-packages/sqlalchemy/engine/base.py", line 3317, in raw_connection
    return self.pool.connect()
           ~~~~~~~~~~~~~~~~~^^
  File "/usr/local/google/home/konstantint/Projects/prefecture/.venv/lib/python3.13/site-packages/sqlalchemy/pool/base.py", line 448, in connect
    return _ConnectionFairy._checkout(self)
           ~~~~~~~~~~~~~~~~~~~~~~~~~~^^^^^^
  File "/usr/local/google/home/konstantint/Projects/prefecture/.venv/lib/python3.13/site-packages/sqlalchemy/pool/base.py", line 1272, in _checkout
    fairy = _ConnectionRecord.checkout(pool)
  File "/usr/local/google/home/konstantint/Projects/prefecture/.venv/lib/python3.13/site-packages/sqlalchemy/pool/base.py", line 712, in checkout
    rec = pool._do_get()
  File "/usr/local/google/home/konstantint/Projects/prefecture/.venv/lib/python3.13/site-packages/sqlalchemy/pool/impl.py", line 177, in _do_get
    with util.safe_reraise():
         ~~~~~~~~~~~~~~~~~^^
  File "/usr/local/google/home/konstantint/Projects/prefecture/.venv/lib/python3.13/site-packages/sqlalchemy/util/langhelpers.py", line 121, in __exit__
    raise exc_value.with_traceback(exc_tb)
  File "/usr/local/google/home/konstantint/Projects/prefecture/.venv/lib/python3.13/site-packages/sqlalchemy/pool/impl.py", line 175, in _do_get
    return self._create_connection()
           ~~~~~~~~~~~~~~~~~~~~~~~^^
  File "/usr/local/google/home/konstantint/Projects/prefecture/.venv/lib/python3.13/site-packages/sqlalchemy/pool/base.py", line 389, in _create_connection
    return _ConnectionRecord(self)
  File "/usr/local/google/home/konstantint/Projects/prefecture/.venv/lib/python3.13/site-packages/sqlalchemy/pool/base.py", line 674, in __init__
    self.__connect()
    ~~~~~~~~~~~~~~^^
  File "/usr/local/google/home/konstantint/Projects/prefecture/.venv/lib/python3.13/site-packages/sqlalchemy/pool/base.py", line 914, in __connect
    )._exec_w_sync_on_first_run(self.dbapi_connection, self)
      ~~~~~~~~~~~~~~~~~~~~~~~~~^^^^^^^^^^^^^^^^^^^^^^^^^^^^^
  File "/usr/local/google/home/konstantint/Projects/prefecture/.venv/lib/python3.13/site-packages/sqlalchemy/event/attr.py", line 501, in _exec_w_sync_on_first_run
    self(*args, **kw)
    ~~~~^^^^^^^^^^^^^
  File "/usr/local/google/home/konstantint/Projects/prefecture/.venv/lib/python3.13/site-packages/sqlalchemy/event/attr.py", line 515, in __call__
    fn(*args, **kw)
    ~~^^^^^^^^^^^^^
  File "/usr/local/google/home/konstantint/Projects/prefecture/.venv/lib/python3.13/site-packages/prefect/server/database/configurations.py", line 530, in setup_sqlite
    cursor.execute("PRAGMA journal_mode = WAL;")
    ~~~~~~~~~~~~~~^^^^^^^^^^^^^^^^^^^^^^^^^^^^^^
  File "/usr/local/google/home/konstantint/Projects/prefecture/.venv/lib/python3.13/site-packages/sqlalchemy/dialects/sqlite/aiosqlite.py", line 182, in execute
    self._adapt_connection._handle_exception(error)
    ~~~~~~~~~~~~~~~~~~~~~~~~~~~~~~~~~~~~~~~~^^^^^^^
  File "/usr/local/google/home/konstantint/Projects/prefecture/.venv/lib/python3.13/site-packages/sqlalchemy/dialects/sqlite/aiosqlite.py", line 342, in _handle_exception
    raise error
  File "/usr/local/google/home/konstantint/Projects/prefecture/.venv/lib/python3.13/site-packages/sqlalchemy/dialects/sqlite/aiosqlite.py", line 162, in execute
    self.await_(_cursor.execute(operation))
    ~~~~~~~~~~~^^^^^^^^^^^^^^^^^^^^^^^^^^^^
  File "/usr/local/google/home/konstantint/Projects/prefecture/.venv/lib/python3.13/site-packages/sqlalchemy/util/_concurrency_py3k.py", line 132, in await_only
    return current.parent.switch(awaitable)  # type: ignore[no-any-return,attr-defined] # noqa: E501
           ~~~~~~~~~~~~~~~~~~~~~^^^^^^^^^^^
  File "/usr/local/google/home/konstantint/Projects/prefecture/.venv/lib/python3.13/site-packages/sqlalchemy/util/_concurrency_py3k.py", line 196, in greenlet_spawn
    value = await result
            ^^^^^^^^^^^^
  File "/usr/local/google/home/konstantint/Projects/prefecture/.venv/lib/python3.13/site-packages/aiosqlite/cursor.py", line 40, in execute
    await self._execute(self._cursor.execute, sql, parameters)
  File "/usr/local/google/home/konstantint/Projects/prefecture/.venv/lib/python3.13/site-packages/aiosqlite/cursor.py", line 32, in _execute
    return await self._conn._execute(fn, *args, **kwargs)
           ^^^^^^^^^^^^^^^^^^^^^^^^^^^^^^^^^^^^^^^^^^^^^^
  File "/usr/local/google/home/konstantint/Projects/prefecture/.venv/lib/python3.13/site-packages/aiosqlite/core.py", line 160, in _execute
    return await future
           ^^^^^^^^^^^^
  File "/usr/local/google/home/konstantint/Projects/prefecture/.venv/lib/python3.13/site-packages/aiosqlite/core.py", line 63, in _connection_worker_thread
    result = function()
sqlalchemy.exc.OperationalError: (sqlite3.OperationalError) unable to open database file
(Background on this error at: https://sqlalche.me/e/20/e3q8)

14:16:28.081 | ERROR   | uvicorn.error - Application startup failed. Exiting.
14:16:34.458 | ERROR   | uvicorn.error - Traceback (most recent call last):
  File "/usr/local/google/home/konstantint/Projects/prefecture/.venv/lib/python3.13/site-packages/sqlalchemy/engine/base.py", line 143, in __init__
    self._dbapi_connection = engine.raw_connection()
                             ~~~~~~~~~~~~~~~~~~~~~^^
  File "/usr/local/google/home/konstantint/Projects/prefecture/.venv/lib/python3.13/site-packages/sqlalchemy/engine/base.py", line 3317, in raw_connection
    return self.pool.connect()
           ~~~~~~~~~~~~~~~~~^^
  File "/usr/local/google/home/konstantint/Projects/prefecture/.venv/lib/python3.13/site-packages/sqlalchemy/pool/base.py", line 448, in connect
    return _ConnectionFairy._checkout(self)
           ~~~~~~~~~~~~~~~~~~~~~~~~~~^^^^^^
  File "/usr/local/google/home/konstantint/Projects/prefecture/.venv/lib/python3.13/site-packages/sqlalchemy/pool/base.py", line 1272, in _checkout
    fairy = _ConnectionRecord.checkout(pool)
  File "/usr/local/google/home/konstantint/Projects/prefecture/.venv/lib/python3.13/site-packages/sqlalchemy/pool/base.py", line 712, in checkout
    rec = pool._do_get()
  File "/usr/local/google/home/konstantint/Projects/prefecture/.venv/lib/python3.13/site-packages/sqlalchemy/pool/impl.py", line 177, in _do_get
    with util.safe_reraise():
         ~~~~~~~~~~~~~~~~~^^
  File "/usr/local/google/home/konstantint/Projects/prefecture/.venv/lib/python3.13/site-packages/sqlalchemy/util/langhelpers.py", line 121, in __exit__
    raise exc_value.with_traceback(exc_tb)
  File "/usr/local/google/home/konstantint/Projects/prefecture/.venv/lib/python3.13/site-packages/sqlalchemy/pool/impl.py", line 175, in _do_get
    return self._create_connection()
           ~~~~~~~~~~~~~~~~~~~~~~~^^
  File "/usr/local/google/home/konstantint/Projects/prefecture/.venv/lib/python3.13/site-packages/sqlalchemy/pool/base.py", line 389, in _create_connection
    return _ConnectionRecord(self)
  File "/usr/local/google/home/konstantint/Projects/prefecture/.venv/lib/python3.13/site-packages/sqlalchemy/pool/base.py", line 674, in __init__
    self.__connect()
    ~~~~~~~~~~~~~~^^
  File "/usr/local/google/home/konstantint/Projects/prefecture/.venv/lib/python3.13/site-packages/sqlalchemy/pool/base.py", line 914, in __connect
    )._exec_w_sync_on_first_run(self.dbapi_connection, self)
      ~~~~~~~~~~~~~~~~~~~~~~~~~^^^^^^^^^^^^^^^^^^^^^^^^^^^^^
  File "/usr/local/google/home/konstantint/Projects/prefecture/.venv/lib/python3.13/site-packages/sqlalchemy/event/attr.py", line 501, in _exec_w_sync_on_first_run
    self(*args, **kw)
    ~~~~^^^^^^^^^^^^^
  File "/usr/local/google/home/konstantint/Projects/prefecture/.venv/lib/python3.13/site-packages/sqlalchemy/event/attr.py", line 515, in __call__
    fn(*args, **kw)
    ~~^^^^^^^^^^^^^
  File "/usr/local/google/home/konstantint/Projects/prefecture/.venv/lib/python3.13/site-packages/prefect/server/database/configurations.py", line 530, in setup_sqlite
    cursor.execute("PRAGMA journal_mode = WAL;")
    ~~~~~~~~~~~~~~^^^^^^^^^^^^^^^^^^^^^^^^^^^^^^
  File "/usr/local/google/home/konstantint/Projects/prefecture/.venv/lib/python3.13/site-packages/sqlalchemy/dialects/sqlite/aiosqlite.py", line 182, in execute
    self._adapt_connection._handle_exception(error)
    ~~~~~~~~~~~~~~~~~~~~~~~~~~~~~~~~~~~~~~~~^^^^^^^
  File "/usr/local/google/home/konstantint/Projects/prefecture/.venv/lib/python3.13/site-packages/sqlalchemy/dialects/sqlite/aiosqlite.py", line 342, in _handle_exception
    raise error
  File "/usr/local/google/home/konstantint/Projects/prefecture/.venv/lib/python3.13/site-packages/sqlalchemy/dialects/sqlite/aiosqlite.py", line 162, in execute
    self.await_(_cursor.execute(operation))
    ~~~~~~~~~~~^^^^^^^^^^^^^^^^^^^^^^^^^^^^
  File "/usr/local/google/home/konstantint/Projects/prefecture/.venv/lib/python3.13/site-packages/sqlalchemy/util/_concurrency_py3k.py", line 132, in await_only
    return current.parent.switch(awaitable)  # type: ignore[no-any-return,attr-defined] # noqa: E501
           ~~~~~~~~~~~~~~~~~~~~~^^^^^^^^^^^
  File "/usr/local/google/home/konstantint/Projects/prefecture/.venv/lib/python3.13/site-packages/sqlalchemy/util/_concurrency_py3k.py", line 196, in greenlet_spawn
    value = await result
            ^^^^^^^^^^^^
  File "/usr/local/google/home/konstantint/Projects/prefecture/.venv/lib/python3.13/site-packages/aiosqlite/cursor.py", line 40, in execute
    await self._execute(self._cursor.execute, sql, parameters)
  File "/usr/local/google/home/konstantint/Projects/prefecture/.venv/lib/python3.13/site-packages/aiosqlite/cursor.py", line 32, in _execute
    return await self._conn._execute(fn, *args, **kwargs)
           ^^^^^^^^^^^^^^^^^^^^^^^^^^^^^^^^^^^^^^^^^^^^^^
  File "/usr/local/google/home/konstantint/Projects/prefecture/.venv/lib/python3.13/site-packages/aiosqlite/core.py", line 160, in _execute
    return await future
           ^^^^^^^^^^^^
  File "/usr/local/google/home/konstantint/Projects/prefecture/.venv/lib/python3.13/site-packages/aiosqlite/core.py", line 63, in _connection_worker_thread
    result = function()
sqlite3.OperationalError: unable to open database file

The above exception was the direct cause of the following exception:

Traceback (most recent call last):
  File "/usr/local/google/home/konstantint/Projects/prefecture/.venv/lib/python3.13/site-packages/starlette/routing.py", line 638, in lifespan
    async with self.lifespan_context(app) as maybe_state:
               ~~~~~~~~~~~~~~~~~~~~~^^^^^
  File "/usr/lib/python3.13/contextlib.py", line 214, in __aenter__
    return await anext(self.gen)
           ^^^^^^^^^^^^^^^^^^^^^
  File "/usr/local/google/home/konstantint/Projects/prefecture/.venv/lib/python3.13/site-packages/prefect/server/api/server.py", line 921, in lifespan
    await run_migrations()
  File "/usr/local/google/home/konstantint/Projects/prefecture/.venv/lib/python3.13/site-packages/prefect/server/api/server.py", line 898, in run_migrations
    await db.create_db()
  File "/usr/local/google/home/konstantint/Projects/prefecture/.venv/lib/python3.13/site-packages/prefect/server/database/interface.py", line 77, in create_db
    await self.run_migrations_upgrade()
  File "/usr/local/google/home/konstantint/Projects/prefecture/.venv/lib/python3.13/site-packages/prefect/server/database/interface.py", line 115, in run_migrations_upgrade
    await run_sync_in_worker_thread(alembic_upgrade)
  File "/usr/local/google/home/konstantint/Projects/prefecture/.venv/lib/python3.13/site-packages/prefect/utilities/asyncutils/__init__.py", line 233, in run_sync_in_worker_thread
    result = await anyio.to_thread.run_sync(
             ^^^^^^^^^^^^^^^^^^^^^^^^^^^^^^^
        call_with_mark, call, abandon_on_cancel=True, limiter=get_thread_limiter()
        ^^^^^^^^^^^^^^^^^^^^^^^^^^^^^^^^^^^^^^^^^^^^^^^^^^^^^^^^^^^^^^^^^^^^^^^^^^
    )
    ^
  File "/usr/local/google/home/konstantint/Projects/prefecture/.venv/lib/python3.13/site-packages/anyio/to_thread.py", line 63, in run_sync
    return await get_async_backend().run_sync_in_worker_thread(
           ^^^^^^^^^^^^^^^^^^^^^^^^^^^^^^^^^^^^^^^^^^^^^^^^^^^^
        func, args, abandon_on_cancel=abandon_on_cancel, limiter=limiter
        ^^^^^^^^^^^^^^^^^^^^^^^^^^^^^^^^^^^^^^^^^^^^^^^^^^^^^^^^^^^^^^^^
    )
    ^
  File "/usr/local/google/home/konstantint/Projects/prefecture/.venv/lib/python3.13/site-packages/anyio/_backends/_asyncio.py", line 2518, in run_sync_in_worker_thread
    return await future
           ^^^^^^^^^^^^
  File "/usr/local/google/home/konstantint/Projects/prefecture/.venv/lib/python3.13/site-packages/anyio/_backends/_asyncio.py", line 1002, in run
    result = context.run(func, *args)
  File "/usr/local/google/home/konstantint/Projects/prefecture/.venv/lib/python3.13/site-packages/prefect/utilities/asyncutils/__init__.py", line 243, in call_with_mark
    return call()
  File "/usr/local/google/home/konstantint/Projects/prefecture/.venv/lib/python3.13/site-packages/prefect/server/database/alembic_commands.py", line 36, in wrapper
    return fn(*args, **kwargs)
  File "/usr/local/google/home/konstantint/Projects/prefecture/.venv/lib/python3.13/site-packages/prefect/server/database/alembic_commands.py", line 72, in alembic_upgrade
    alembic.command.upgrade(alembic_config(), revision, sql=dry_run)
    ~~~~~~~~~~~~~~~~~~~~~~~^^^^^^^^^^^^^^^^^^^^^^^^^^^^^^^^^^^^^^^^^
  File "/usr/local/google/home/konstantint/Projects/prefecture/.venv/lib/python3.13/site-packages/alembic/command.py", line 483, in upgrade
    script.run_env()
    ~~~~~~~~~~~~~~^^
  File "/usr/local/google/home/konstantint/Projects/prefecture/.venv/lib/python3.13/site-packages/alembic/script/base.py", line 545, in run_env
    util.load_python_file(self.dir, "env.py")
    ~~~~~~~~~~~~~~~~~~~~~^^^^^^^^^^^^^^^^^^^^
  File "/usr/local/google/home/konstantint/Projects/prefecture/.venv/lib/python3.13/site-packages/alembic/util/pyfiles.py", line 116, in load_python_file
    module = load_module_py(module_id, path)
  File "/usr/local/google/home/konstantint/Projects/prefecture/.venv/lib/python3.13/site-packages/alembic/util/pyfiles.py", line 136, in load_module_py
    spec.loader.exec_module(module)  # type: ignore
    ~~~~~~~~~~~~~~~~~~~~~~~^^^^^^^^
  File "<frozen importlib._bootstrap_external>", line 1023, in exec_module
  File "<frozen importlib._bootstrap>", line 488, in _call_with_frames_removed
  File "/usr/local/google/home/konstantint/Projects/prefecture/.venv/lib/python3.13/site-packages/prefect/server/database/_migrations/env.py", line 201, in <module>
    run_async_from_worker_thread(apply_migrations)
    ~~~~~~~~~~~~~~~~~~~~~~~~~~~~^^^^^^^^^^^^^^^^^^
  File "/usr/local/google/home/konstantint/Projects/prefecture/.venv/lib/python3.13/site-packages/prefect/utilities/asyncutils/__init__.py", line 254, in run_async_from_worker_thread
    return anyio.from_thread.run(call)
           ~~~~~~~~~~~~~~~~~~~~~^^^^^^
  File "/usr/local/google/home/konstantint/Projects/prefecture/.venv/lib/python3.13/site-packages/anyio/from_thread.py", line 90, in run
    return token.backend_class.run_async_from_thread(
           ~~~~~~~~~~~~~~~~~~~~~~~~~~~~~~~~~~~~~~~~~^
        func, args, token=token.native_token if explicit_token else None
        ^^^^^^^^^^^^^^^^^^^^^^^^^^^^^^^^^^^^^^^^^^^^^^^^^^^^^^^^^^^^^^^^
    )
    ^
  File "/usr/local/google/home/konstantint/Projects/prefecture/.venv/lib/python3.13/site-packages/anyio/_backends/_asyncio.py", line 2565, in run_async_from_thread
    return f.result()
           ~~~~~~~~^^
  File "/usr/lib/python3.13/concurrent/futures/_base.py", line 460, in result
    return self.__get_result()
           ~~~~~~~~~~~~~~~~~^^
  File "/usr/lib/python3.13/concurrent/futures/_base.py", line 402, in __get_result
    raise self._exception
  File "/usr/local/google/home/konstantint/Projects/prefecture/.venv/lib/python3.13/site-packages/anyio/_backends/_asyncio.py", line 2546, in task_wrapper
    return await func(*args)
           ^^^^^^^^^^^^^^^^^
  File "/usr/local/google/home/konstantint/Projects/prefecture/.venv/lib/python3.13/site-packages/prefect/server/database/_migrations/env.py", line 189, in apply_migrations
    async with engine.connect() as connection:
               ~~~~~~~~~~~~~~^^
  File "/usr/local/google/home/konstantint/Projects/prefecture/.venv/lib/python3.13/site-packages/sqlalchemy/ext/asyncio/base.py", line 121, in __aenter__
    return await self.start(is_ctxmanager=True)
           ^^^^^^^^^^^^^^^^^^^^^^^^^^^^^^^^^^^^
  File "/usr/local/google/home/konstantint/Projects/prefecture/.venv/lib/python3.13/site-packages/sqlalchemy/ext/asyncio/engine.py", line 275, in start
    await greenlet_spawn(self.sync_engine.connect)
  File "/usr/local/google/home/konstantint/Projects/prefecture/.venv/lib/python3.13/site-packages/sqlalchemy/util/_concurrency_py3k.py", line 201, in greenlet_spawn
    result = context.throw(*sys.exc_info())
  File "/usr/local/google/home/konstantint/Projects/prefecture/.venv/lib/python3.13/site-packages/sqlalchemy/engine/base.py", line 3293, in connect
    return self._connection_cls(self)
           ~~~~~~~~~~~~~~~~~~~~^^^^^^
  File "/usr/local/google/home/konstantint/Projects/prefecture/.venv/lib/python3.13/site-packages/sqlalchemy/engine/base.py", line 145, in __init__
    Connection._handle_dbapi_exception_noconnection(
    ~~~~~~~~~~~~~~~~~~~~~~~~~~~~~~~~~~~~~~~~~~~~~~~^
        err, dialect, engine
        ^^^^^^^^^^^^^^^^^^^^
    )
    ^
  File "/usr/local/google/home/konstantint/Projects/prefecture/.venv/lib/python3.13/site-packages/sqlalchemy/engine/base.py", line 2448, in _handle_dbapi_exception_noconnection
    raise sqlalchemy_exception.with_traceback(exc_info[2]) from e
  File "/usr/local/google/home/konstantint/Projects/prefecture/.venv/lib/python3.13/site-packages/sqlalchemy/engine/base.py", line 143, in __init__
    self._dbapi_connection = engine.raw_connection()
                             ~~~~~~~~~~~~~~~~~~~~~^^
  File "/usr/local/google/home/konstantint/Projects/prefecture/.venv/lib/python3.13/site-packages/sqlalchemy/engine/base.py", line 3317, in raw_connection
    return self.pool.connect()
           ~~~~~~~~~~~~~~~~~^^
  File "/usr/local/google/home/konstantint/Projects/prefecture/.venv/lib/python3.13/site-packages/sqlalchemy/pool/base.py", line 448, in connect
    return _ConnectionFairy._checkout(self)
           ~~~~~~~~~~~~~~~~~~~~~~~~~~^^^^^^
  File "/usr/local/google/home/konstantint/Projects/prefecture/.venv/lib/python3.13/site-packages/sqlalchemy/pool/base.py", line 1272, in _checkout
    fairy = _ConnectionRecord.checkout(pool)
  File "/usr/local/google/home/konstantint/Projects/prefecture/.venv/lib/python3.13/site-packages/sqlalchemy/pool/base.py", line 712, in checkout
    rec = pool._do_get()
  File "/usr/local/google/home/konstantint/Projects/prefecture/.venv/lib/python3.13/site-packages/sqlalchemy/pool/impl.py", line 177, in _do_get
    with util.safe_reraise():
         ~~~~~~~~~~~~~~~~~^^
  File "/usr/local/google/home/konstantint/Projects/prefecture/.venv/lib/python3.13/site-packages/sqlalchemy/util/langhelpers.py", line 121, in __exit__
    raise exc_value.with_traceback(exc_tb)
  File "/usr/local/google/home/konstantint/Projects/prefecture/.venv/lib/python3.13/site-packages/sqlalchemy/pool/impl.py", line 175, in _do_get
    return self._create_connection()
           ~~~~~~~~~~~~~~~~~~~~~~~^^
  File "/usr/local/google/home/konstantint/Projects/prefecture/.venv/lib/python3.13/site-packages/sqlalchemy/pool/base.py", line 389, in _create_connection
    return _ConnectionRecord(self)
  File "/usr/local/google/home/konstantint/Projects/prefecture/.venv/lib/python3.13/site-packages/sqlalchemy/pool/base.py", line 674, in __init__
    self.__connect()
    ~~~~~~~~~~~~~~^^
  File "/usr/local/google/home/konstantint/Projects/prefecture/.venv/lib/python3.13/site-packages/sqlalchemy/pool/base.py", line 914, in __connect
    )._exec_w_sync_on_first_run(self.dbapi_connection, self)
      ~~~~~~~~~~~~~~~~~~~~~~~~~^^^^^^^^^^^^^^^^^^^^^^^^^^^^^
  File "/usr/local/google/home/konstantint/Projects/prefecture/.venv/lib/python3.13/site-packages/sqlalchemy/event/attr.py", line 501, in _exec_w_sync_on_first_run
    self(*args, **kw)
    ~~~~^^^^^^^^^^^^^
  File "/usr/local/google/home/konstantint/Projects/prefecture/.venv/lib/python3.13/site-packages/sqlalchemy/event/attr.py", line 515, in __call__
    fn(*args, **kw)
    ~~^^^^^^^^^^^^^
  File "/usr/local/google/home/konstantint/Projects/prefecture/.venv/lib/python3.13/site-packages/prefect/server/database/configurations.py", line 530, in setup_sqlite
    cursor.execute("PRAGMA journal_mode = WAL;")
    ~~~~~~~~~~~~~~^^^^^^^^^^^^^^^^^^^^^^^^^^^^^^
  File "/usr/local/google/home/konstantint/Projects/prefecture/.venv/lib/python3.13/site-packages/sqlalchemy/dialects/sqlite/aiosqlite.py", line 182, in execute
    self._adapt_connection._handle_exception(error)
    ~~~~~~~~~~~~~~~~~~~~~~~~~~~~~~~~~~~~~~~~^^^^^^^
  File "/usr/local/google/home/konstantint/Projects/prefecture/.venv/lib/python3.13/site-packages/sqlalchemy/dialects/sqlite/aiosqlite.py", line 342, in _handle_exception
    raise error
  File "/usr/local/google/home/konstantint/Projects/prefecture/.venv/lib/python3.13/site-packages/sqlalchemy/dialects/sqlite/aiosqlite.py", line 162, in execute
    self.await_(_cursor.execute(operation))
    ~~~~~~~~~~~^^^^^^^^^^^^^^^^^^^^^^^^^^^^
  File "/usr/local/google/home/konstantint/Projects/prefecture/.venv/lib/python3.13/site-packages/sqlalchemy/util/_concurrency_py3k.py", line 132, in await_only
    return current.parent.switch(awaitable)  # type: ignore[no-any-return,attr-defined] # noqa: E501
           ~~~~~~~~~~~~~~~~~~~~~^^^^^^^^^^^
  File "/usr/local/google/home/konstantint/Projects/prefecture/.venv/lib/python3.13/site-packages/sqlalchemy/util/_concurrency_py3k.py", line 196, in greenlet_spawn
    value = await result
            ^^^^^^^^^^^^
  File "/usr/local/google/home/konstantint/Projects/prefecture/.venv/lib/python3.13/site-packages/aiosqlite/cursor.py", line 40, in execute
    await self._execute(self._cursor.execute, sql, parameters)
  File "/usr/local/google/home/konstantint/Projects/prefecture/.venv/lib/python3.13/site-packages/aiosqlite/cursor.py", line 32, in _execute
    return await self._conn._execute(fn, *args, **kwargs)
           ^^^^^^^^^^^^^^^^^^^^^^^^^^^^^^^^^^^^^^^^^^^^^^
  File "/usr/local/google/home/konstantint/Projects/prefecture/.venv/lib/python3.13/site-packages/aiosqlite/core.py", line 160, in _execute
    return await future
           ^^^^^^^^^^^^
  File "/usr/local/google/home/konstantint/Projects/prefecture/.venv/lib/python3.13/site-packages/aiosqlite/core.py", line 63, in _connection_worker_thread
    result = function()
sqlalchemy.exc.OperationalError: (sqlite3.OperationalError) unable to open database file
(Background on this error at: https://sqlalche.me/e/20/e3q8)

14:16:34.475 | ERROR   | uvicorn.error - Application startup failed. Exiting.
------------------------------ Captured log call -------------------------------
INFO     prefect:server.py:1127 Starting temporary server on http://127.0.0.1:8246
See https://docs.prefect.io/v3/concepts/server#how-to-guides for more information on running a dedicated Prefect server.
__________________ test_run_dir_file_loader_load_json_success __________________

test_template_dir = PosixPath('/tmp/pytest-of-konstantint/pytest-2/test_run_dir_file_loader_load_0')

    def test_run_dir_file_loader_load_json_success(test_template_dir):
        """Test successful structured JSON loading & template loop rendering."""
        run_dir = test_template_dir / "2023-10-25"
        run_dir.mkdir()
    
        # Create JSON file
        mock_data = [{"val": "A"}, {"val": "B"}]
        with open(run_dir / "data.json", "w", encoding="utf-8") as f:
            json.dump(mock_data, f)
    
        # Create a template that iterates over this JSON
        template_file = test_template_dir / "test_json_loop.j2"
        with open(template_file, "w", encoding="utf-8") as f:
            f.write("Items: {% for item in my_list %}{{ item.val }} {% endfor %}")
    
        prompt_config = {
            "template_file": "test_json_loop.j2",
            "context_loaders": [
                {
                    "type": "run_dir_file",
                    "assign_to": "my_list",
                    "params": {"file_name": "data.json", "load_json": True},
                }
            ],
        }
    
        try:
            generator = templating.Jinja2Templater(
                config_dir=test_template_dir, run_dir=run_dir, **prompt_config
            )
>           generated_prompt = generator()
                               ^^^^^^^^^^^

prefecture/operations/templating_test.py:241: 
_ _ _ _ _ _ _ _ _ _ _ _ _ _ _ _ _ _ _ _ _ _ _ _ _ _ _ _ _ _ _ _ _ _ _ _ _ _ _ _ 
.venv/lib/python3.13/site-packages/prefect/tasks.py:1213: in __call__
    return run_task(
.venv/lib/python3.13/site-packages/prefect/task_engine.py:1902: in run_task
    return run_task_sync(**kwargs)
           ^^^^^^^^^^^^^^^^^^^^^^^
.venv/lib/python3.13/site-packages/prefect/task_engine.py:1667: in run_task_sync
    with engine.start(task_run_id=task_run_id, dependencies=dependencies):
         ^^^^^^^^^^^^^^^^^^^^^^^^^^^^^^^^^^^^^^^^^^^^^^^^^^^^^^^^^^^^^^^^
/usr/lib/python3.13/contextlib.py:141: in __enter__
    return next(self.gen)
           ^^^^^^^^^^^^^^
.venv/lib/python3.13/site-packages/prefect/task_engine.py:920: in start
    with self.initialize_run(task_run_id=task_run_id, dependencies=dependencies):
         ^^^^^^^^^^^^^^^^^^^^^^^^^^^^^^^^^^^^^^^^^^^^^^^^^^^^^^^^^^^^^^^^^^^^^^^
/usr/lib/python3.13/contextlib.py:141: in __enter__
    return next(self.gen)
           ^^^^^^^^^^^^^^
.venv/lib/python3.13/site-packages/prefect/task_engine.py:822: in initialize_run
    with SyncClientContext.get_or_create() as client_ctx:
         ^^^^^^^^^^^^^^^^^^^^^^^^^^^^^^^^^
/usr/lib/python3.13/contextlib.py:141: in __enter__
    return next(self.gen)
           ^^^^^^^^^^^^^^
.venv/lib/python3.13/site-packages/prefect/context.py:337: in get_or_create
    with cls() as ctx:
         ^^^^^
.venv/lib/python3.13/site-packages/prefect/context.py:305: in __init__
    client=get_client(sync_client=True, httpx_settings=httpx_settings),
           ^^^^^^^^^^^^^^^^^^^^^^^^^^^^^^^^^^^^^^^^^^^^^^^^^^^^^^^^^^^
.venv/lib/python3.13/site-packages/prefect/client/orchestration/__init__.py:252: in get_client
    server.start()
.venv/lib/python3.13/site-packages/prefect/server/api/server.py:1154: in start
    response.raise_for_status()
_ _ _ _ _ _ _ _ _ _ _ _ _ _ _ _ _ _ _ _ _ _ _ _ _ _ _ _ _ _ _ _ _ _ _ _ _ _ _ _ 

self = <Response [400 Bad Request]>

    def raise_for_status(self) -> Response:
        """
        Raise the `HTTPStatusError` if one occurred.
        """
        request = self._request
        if request is None:
            raise RuntimeError(
                "Cannot call `raise_for_status` as the request "
                "instance has not been set on this response."
            )
    
        if self.is_success:
            return self
    
        if self.has_redirect_location:
            message = (
                "{error_type} '{0.status_code} {0.reason_phrase}' for url '{0.url}'\n"
                "Redirect location: '{0.headers[location]}'\n"
                "For more information check: https://developer.mozilla.org/en-US/docs/Web/HTTP/Status/{0.status_code}"
            )
        else:
            message = (
                "{error_type} '{0.status_code} {0.reason_phrase}' for url '{0.url}'\n"
                "For more information check: https://developer.mozilla.org/en-US/docs/Web/HTTP/Status/{0.status_code}"
            )
    
        status_class = self.status_code // 100
        error_types = {
            1: "Informational response",
            3: "Redirect response",
            4: "Client error",
            5: "Server error",
        }
        error_type = error_types.get(status_class, "Invalid status code")
        message = message.format(self, error_type=error_type)
>       raise HTTPStatusError(message, request=request, response=self)
E       httpx.HTTPStatusError: Client error '400 Bad Request' for url 'http://127.0.0.1:8248/api/health'
E       For more information check: https://developer.mozilla.org/en-US/docs/Web/HTTP/Status/400

.venv/lib/python3.13/site-packages/httpx/_models.py:829: HTTPStatusError
----------------------------- Captured stderr call -----------------------------
14:16:37.668 | INFO    | prefect - Starting temporary server on http://127.0.0.1:8776
See https://docs.prefect.io/v3/concepts/server#how-to-guides for more information on running a dedicated Prefect server.
14:16:40.551 | ERROR   | uvicorn.error - Traceback (most recent call last):
  File "/usr/local/google/home/konstantint/Projects/prefecture/.venv/lib/python3.13/site-packages/sqlalchemy/engine/base.py", line 143, in __init__
    self._dbapi_connection = engine.raw_connection()
                             ~~~~~~~~~~~~~~~~~~~~~^^
  File "/usr/local/google/home/konstantint/Projects/prefecture/.venv/lib/python3.13/site-packages/sqlalchemy/engine/base.py", line 3317, in raw_connection
    return self.pool.connect()
           ~~~~~~~~~~~~~~~~~^^
  File "/usr/local/google/home/konstantint/Projects/prefecture/.venv/lib/python3.13/site-packages/sqlalchemy/pool/base.py", line 448, in connect
    return _ConnectionFairy._checkout(self)
           ~~~~~~~~~~~~~~~~~~~~~~~~~~^^^^^^
  File "/usr/local/google/home/konstantint/Projects/prefecture/.venv/lib/python3.13/site-packages/sqlalchemy/pool/base.py", line 1272, in _checkout
    fairy = _ConnectionRecord.checkout(pool)
  File "/usr/local/google/home/konstantint/Projects/prefecture/.venv/lib/python3.13/site-packages/sqlalchemy/pool/base.py", line 712, in checkout
    rec = pool._do_get()
  File "/usr/local/google/home/konstantint/Projects/prefecture/.venv/lib/python3.13/site-packages/sqlalchemy/pool/impl.py", line 177, in _do_get
    with util.safe_reraise():
         ~~~~~~~~~~~~~~~~~^^
  File "/usr/local/google/home/konstantint/Projects/prefecture/.venv/lib/python3.13/site-packages/sqlalchemy/util/langhelpers.py", line 121, in __exit__
    raise exc_value.with_traceback(exc_tb)
  File "/usr/local/google/home/konstantint/Projects/prefecture/.venv/lib/python3.13/site-packages/sqlalchemy/pool/impl.py", line 175, in _do_get
    return self._create_connection()
           ~~~~~~~~~~~~~~~~~~~~~~~^^
  File "/usr/local/google/home/konstantint/Projects/prefecture/.venv/lib/python3.13/site-packages/sqlalchemy/pool/base.py", line 389, in _create_connection
    return _ConnectionRecord(self)
  File "/usr/local/google/home/konstantint/Projects/prefecture/.venv/lib/python3.13/site-packages/sqlalchemy/pool/base.py", line 674, in __init__
    self.__connect()
    ~~~~~~~~~~~~~~^^
  File "/usr/local/google/home/konstantint/Projects/prefecture/.venv/lib/python3.13/site-packages/sqlalchemy/pool/base.py", line 914, in __connect
    )._exec_w_sync_on_first_run(self.dbapi_connection, self)
      ~~~~~~~~~~~~~~~~~~~~~~~~~^^^^^^^^^^^^^^^^^^^^^^^^^^^^^
  File "/usr/local/google/home/konstantint/Projects/prefecture/.venv/lib/python3.13/site-packages/sqlalchemy/event/attr.py", line 501, in _exec_w_sync_on_first_run
    self(*args, **kw)
    ~~~~^^^^^^^^^^^^^
  File "/usr/local/google/home/konstantint/Projects/prefecture/.venv/lib/python3.13/site-packages/sqlalchemy/event/attr.py", line 515, in __call__
    fn(*args, **kw)
    ~~^^^^^^^^^^^^^
  File "/usr/local/google/home/konstantint/Projects/prefecture/.venv/lib/python3.13/site-packages/prefect/server/database/configurations.py", line 530, in setup_sqlite
    cursor.execute("PRAGMA journal_mode = WAL;")
    ~~~~~~~~~~~~~~^^^^^^^^^^^^^^^^^^^^^^^^^^^^^^
  File "/usr/local/google/home/konstantint/Projects/prefecture/.venv/lib/python3.13/site-packages/sqlalchemy/dialects/sqlite/aiosqlite.py", line 182, in execute
    self._adapt_connection._handle_exception(error)
    ~~~~~~~~~~~~~~~~~~~~~~~~~~~~~~~~~~~~~~~~^^^^^^^
  File "/usr/local/google/home/konstantint/Projects/prefecture/.venv/lib/python3.13/site-packages/sqlalchemy/dialects/sqlite/aiosqlite.py", line 342, in _handle_exception
    raise error
  File "/usr/local/google/home/konstantint/Projects/prefecture/.venv/lib/python3.13/site-packages/sqlalchemy/dialects/sqlite/aiosqlite.py", line 162, in execute
    self.await_(_cursor.execute(operation))
    ~~~~~~~~~~~^^^^^^^^^^^^^^^^^^^^^^^^^^^^
  File "/usr/local/google/home/konstantint/Projects/prefecture/.venv/lib/python3.13/site-packages/sqlalchemy/util/_concurrency_py3k.py", line 132, in await_only
    return current.parent.switch(awaitable)  # type: ignore[no-any-return,attr-defined] # noqa: E501
           ~~~~~~~~~~~~~~~~~~~~~^^^^^^^^^^^
  File "/usr/local/google/home/konstantint/Projects/prefecture/.venv/lib/python3.13/site-packages/sqlalchemy/util/_concurrency_py3k.py", line 196, in greenlet_spawn
    value = await result
            ^^^^^^^^^^^^
  File "/usr/local/google/home/konstantint/Projects/prefecture/.venv/lib/python3.13/site-packages/aiosqlite/cursor.py", line 40, in execute
    await self._execute(self._cursor.execute, sql, parameters)
  File "/usr/local/google/home/konstantint/Projects/prefecture/.venv/lib/python3.13/site-packages/aiosqlite/cursor.py", line 32, in _execute
    return await self._conn._execute(fn, *args, **kwargs)
           ^^^^^^^^^^^^^^^^^^^^^^^^^^^^^^^^^^^^^^^^^^^^^^
  File "/usr/local/google/home/konstantint/Projects/prefecture/.venv/lib/python3.13/site-packages/aiosqlite/core.py", line 160, in _execute
    return await future
           ^^^^^^^^^^^^
  File "/usr/local/google/home/konstantint/Projects/prefecture/.venv/lib/python3.13/site-packages/aiosqlite/core.py", line 63, in _connection_worker_thread
    result = function()
sqlite3.OperationalError: unable to open database file

The above exception was the direct cause of the following exception:

Traceback (most recent call last):
  File "/usr/local/google/home/konstantint/Projects/prefecture/.venv/lib/python3.13/site-packages/starlette/routing.py", line 638, in lifespan
    async with self.lifespan_context(app) as maybe_state:
               ~~~~~~~~~~~~~~~~~~~~~^^^^^
  File "/usr/lib/python3.13/contextlib.py", line 214, in __aenter__
    return await anext(self.gen)
           ^^^^^^^^^^^^^^^^^^^^^
  File "/usr/local/google/home/konstantint/Projects/prefecture/.venv/lib/python3.13/site-packages/prefect/server/api/server.py", line 921, in lifespan
    await run_migrations()
  File "/usr/local/google/home/konstantint/Projects/prefecture/.venv/lib/python3.13/site-packages/prefect/server/api/server.py", line 898, in run_migrations
    await db.create_db()
  File "/usr/local/google/home/konstantint/Projects/prefecture/.venv/lib/python3.13/site-packages/prefect/server/database/interface.py", line 77, in create_db
    await self.run_migrations_upgrade()
  File "/usr/local/google/home/konstantint/Projects/prefecture/.venv/lib/python3.13/site-packages/prefect/server/database/interface.py", line 115, in run_migrations_upgrade
    await run_sync_in_worker_thread(alembic_upgrade)
  File "/usr/local/google/home/konstantint/Projects/prefecture/.venv/lib/python3.13/site-packages/prefect/utilities/asyncutils/__init__.py", line 233, in run_sync_in_worker_thread
    result = await anyio.to_thread.run_sync(
             ^^^^^^^^^^^^^^^^^^^^^^^^^^^^^^^
        call_with_mark, call, abandon_on_cancel=True, limiter=get_thread_limiter()
        ^^^^^^^^^^^^^^^^^^^^^^^^^^^^^^^^^^^^^^^^^^^^^^^^^^^^^^^^^^^^^^^^^^^^^^^^^^
    )
    ^
  File "/usr/local/google/home/konstantint/Projects/prefecture/.venv/lib/python3.13/site-packages/anyio/to_thread.py", line 63, in run_sync
    return await get_async_backend().run_sync_in_worker_thread(
           ^^^^^^^^^^^^^^^^^^^^^^^^^^^^^^^^^^^^^^^^^^^^^^^^^^^^
        func, args, abandon_on_cancel=abandon_on_cancel, limiter=limiter
        ^^^^^^^^^^^^^^^^^^^^^^^^^^^^^^^^^^^^^^^^^^^^^^^^^^^^^^^^^^^^^^^^
    )
    ^
  File "/usr/local/google/home/konstantint/Projects/prefecture/.venv/lib/python3.13/site-packages/anyio/_backends/_asyncio.py", line 2518, in run_sync_in_worker_thread
    return await future
           ^^^^^^^^^^^^
  File "/usr/local/google/home/konstantint/Projects/prefecture/.venv/lib/python3.13/site-packages/anyio/_backends/_asyncio.py", line 1002, in run
    result = context.run(func, *args)
  File "/usr/local/google/home/konstantint/Projects/prefecture/.venv/lib/python3.13/site-packages/prefect/utilities/asyncutils/__init__.py", line 243, in call_with_mark
    return call()
  File "/usr/local/google/home/konstantint/Projects/prefecture/.venv/lib/python3.13/site-packages/prefect/server/database/alembic_commands.py", line 36, in wrapper
    return fn(*args, **kwargs)
  File "/usr/local/google/home/konstantint/Projects/prefecture/.venv/lib/python3.13/site-packages/prefect/server/database/alembic_commands.py", line 72, in alembic_upgrade
    alembic.command.upgrade(alembic_config(), revision, sql=dry_run)
    ~~~~~~~~~~~~~~~~~~~~~~~^^^^^^^^^^^^^^^^^^^^^^^^^^^^^^^^^^^^^^^^^
  File "/usr/local/google/home/konstantint/Projects/prefecture/.venv/lib/python3.13/site-packages/alembic/command.py", line 483, in upgrade
    script.run_env()
    ~~~~~~~~~~~~~~^^
  File "/usr/local/google/home/konstantint/Projects/prefecture/.venv/lib/python3.13/site-packages/alembic/script/base.py", line 545, in run_env
    util.load_python_file(self.dir, "env.py")
    ~~~~~~~~~~~~~~~~~~~~~^^^^^^^^^^^^^^^^^^^^
  File "/usr/local/google/home/konstantint/Projects/prefecture/.venv/lib/python3.13/site-packages/alembic/util/pyfiles.py", line 116, in load_python_file
    module = load_module_py(module_id, path)
  File "/usr/local/google/home/konstantint/Projects/prefecture/.venv/lib/python3.13/site-packages/alembic/util/pyfiles.py", line 136, in load_module_py
    spec.loader.exec_module(module)  # type: ignore
    ~~~~~~~~~~~~~~~~~~~~~~~^^^^^^^^
  File "<frozen importlib._bootstrap_external>", line 1023, in exec_module
  File "<frozen importlib._bootstrap>", line 488, in _call_with_frames_removed
  File "/usr/local/google/home/konstantint/Projects/prefecture/.venv/lib/python3.13/site-packages/prefect/server/database/_migrations/env.py", line 201, in <module>
    run_async_from_worker_thread(apply_migrations)
    ~~~~~~~~~~~~~~~~~~~~~~~~~~~~^^^^^^^^^^^^^^^^^^
  File "/usr/local/google/home/konstantint/Projects/prefecture/.venv/lib/python3.13/site-packages/prefect/utilities/asyncutils/__init__.py", line 254, in run_async_from_worker_thread
    return anyio.from_thread.run(call)
           ~~~~~~~~~~~~~~~~~~~~~^^^^^^
  File "/usr/local/google/home/konstantint/Projects/prefecture/.venv/lib/python3.13/site-packages/anyio/from_thread.py", line 90, in run
    return token.backend_class.run_async_from_thread(
           ~~~~~~~~~~~~~~~~~~~~~~~~~~~~~~~~~~~~~~~~~^
        func, args, token=token.native_token if explicit_token else None
        ^^^^^^^^^^^^^^^^^^^^^^^^^^^^^^^^^^^^^^^^^^^^^^^^^^^^^^^^^^^^^^^^
    )
    ^
  File "/usr/local/google/home/konstantint/Projects/prefecture/.venv/lib/python3.13/site-packages/anyio/_backends/_asyncio.py", line 2565, in run_async_from_thread
    return f.result()
           ~~~~~~~~^^
  File "/usr/lib/python3.13/concurrent/futures/_base.py", line 460, in result
    return self.__get_result()
           ~~~~~~~~~~~~~~~~~^^
  File "/usr/lib/python3.13/concurrent/futures/_base.py", line 402, in __get_result
    raise self._exception
  File "/usr/local/google/home/konstantint/Projects/prefecture/.venv/lib/python3.13/site-packages/anyio/_backends/_asyncio.py", line 2546, in task_wrapper
    return await func(*args)
           ^^^^^^^^^^^^^^^^^
  File "/usr/local/google/home/konstantint/Projects/prefecture/.venv/lib/python3.13/site-packages/prefect/server/database/_migrations/env.py", line 189, in apply_migrations
    async with engine.connect() as connection:
               ~~~~~~~~~~~~~~^^
  File "/usr/local/google/home/konstantint/Projects/prefecture/.venv/lib/python3.13/site-packages/sqlalchemy/ext/asyncio/base.py", line 121, in __aenter__
    return await self.start(is_ctxmanager=True)
           ^^^^^^^^^^^^^^^^^^^^^^^^^^^^^^^^^^^^
  File "/usr/local/google/home/konstantint/Projects/prefecture/.venv/lib/python3.13/site-packages/sqlalchemy/ext/asyncio/engine.py", line 275, in start
    await greenlet_spawn(self.sync_engine.connect)
  File "/usr/local/google/home/konstantint/Projects/prefecture/.venv/lib/python3.13/site-packages/sqlalchemy/util/_concurrency_py3k.py", line 201, in greenlet_spawn
    result = context.throw(*sys.exc_info())
  File "/usr/local/google/home/konstantint/Projects/prefecture/.venv/lib/python3.13/site-packages/sqlalchemy/engine/base.py", line 3293, in connect
    return self._connection_cls(self)
           ~~~~~~~~~~~~~~~~~~~~^^^^^^
  File "/usr/local/google/home/konstantint/Projects/prefecture/.venv/lib/python3.13/site-packages/sqlalchemy/engine/base.py", line 145, in __init__
    Connection._handle_dbapi_exception_noconnection(
    ~~~~~~~~~~~~~~~~~~~~~~~~~~~~~~~~~~~~~~~~~~~~~~~^
        err, dialect, engine
        ^^^^^^^^^^^^^^^^^^^^
    )
    ^
  File "/usr/local/google/home/konstantint/Projects/prefecture/.venv/lib/python3.13/site-packages/sqlalchemy/engine/base.py", line 2448, in _handle_dbapi_exception_noconnection
    raise sqlalchemy_exception.with_traceback(exc_info[2]) from e
  File "/usr/local/google/home/konstantint/Projects/prefecture/.venv/lib/python3.13/site-packages/sqlalchemy/engine/base.py", line 143, in __init__
    self._dbapi_connection = engine.raw_connection()
                             ~~~~~~~~~~~~~~~~~~~~~^^
  File "/usr/local/google/home/konstantint/Projects/prefecture/.venv/lib/python3.13/site-packages/sqlalchemy/engine/base.py", line 3317, in raw_connection
    return self.pool.connect()
           ~~~~~~~~~~~~~~~~~^^
  File "/usr/local/google/home/konstantint/Projects/prefecture/.venv/lib/python3.13/site-packages/sqlalchemy/pool/base.py", line 448, in connect
    return _ConnectionFairy._checkout(self)
           ~~~~~~~~~~~~~~~~~~~~~~~~~~^^^^^^
  File "/usr/local/google/home/konstantint/Projects/prefecture/.venv/lib/python3.13/site-packages/sqlalchemy/pool/base.py", line 1272, in _checkout
    fairy = _ConnectionRecord.checkout(pool)
  File "/usr/local/google/home/konstantint/Projects/prefecture/.venv/lib/python3.13/site-packages/sqlalchemy/pool/base.py", line 712, in checkout
    rec = pool._do_get()
  File "/usr/local/google/home/konstantint/Projects/prefecture/.venv/lib/python3.13/site-packages/sqlalchemy/pool/impl.py", line 177, in _do_get
    with util.safe_reraise():
         ~~~~~~~~~~~~~~~~~^^
  File "/usr/local/google/home/konstantint/Projects/prefecture/.venv/lib/python3.13/site-packages/sqlalchemy/util/langhelpers.py", line 121, in __exit__
    raise exc_value.with_traceback(exc_tb)
  File "/usr/local/google/home/konstantint/Projects/prefecture/.venv/lib/python3.13/site-packages/sqlalchemy/pool/impl.py", line 175, in _do_get
    return self._create_connection()
           ~~~~~~~~~~~~~~~~~~~~~~~^^
  File "/usr/local/google/home/konstantint/Projects/prefecture/.venv/lib/python3.13/site-packages/sqlalchemy/pool/base.py", line 389, in _create_connection
    return _ConnectionRecord(self)
  File "/usr/local/google/home/konstantint/Projects/prefecture/.venv/lib/python3.13/site-packages/sqlalchemy/pool/base.py", line 674, in __init__
    self.__connect()
    ~~~~~~~~~~~~~~^^
  File "/usr/local/google/home/konstantint/Projects/prefecture/.venv/lib/python3.13/site-packages/sqlalchemy/pool/base.py", line 914, in __connect
    )._exec_w_sync_on_first_run(self.dbapi_connection, self)
      ~~~~~~~~~~~~~~~~~~~~~~~~~^^^^^^^^^^^^^^^^^^^^^^^^^^^^^
  File "/usr/local/google/home/konstantint/Projects/prefecture/.venv/lib/python3.13/site-packages/sqlalchemy/event/attr.py", line 501, in _exec_w_sync_on_first_run
    self(*args, **kw)
    ~~~~^^^^^^^^^^^^^
  File "/usr/local/google/home/konstantint/Projects/prefecture/.venv/lib/python3.13/site-packages/sqlalchemy/event/attr.py", line 515, in __call__
    fn(*args, **kw)
    ~~^^^^^^^^^^^^^
  File "/usr/local/google/home/konstantint/Projects/prefecture/.venv/lib/python3.13/site-packages/prefect/server/database/configurations.py", line 530, in setup_sqlite
    cursor.execute("PRAGMA journal_mode = WAL;")
    ~~~~~~~~~~~~~~^^^^^^^^^^^^^^^^^^^^^^^^^^^^^^
  File "/usr/local/google/home/konstantint/Projects/prefecture/.venv/lib/python3.13/site-packages/sqlalchemy/dialects/sqlite/aiosqlite.py", line 182, in execute
    self._adapt_connection._handle_exception(error)
    ~~~~~~~~~~~~~~~~~~~~~~~~~~~~~~~~~~~~~~~~^^^^^^^
  File "/usr/local/google/home/konstantint/Projects/prefecture/.venv/lib/python3.13/site-packages/sqlalchemy/dialects/sqlite/aiosqlite.py", line 342, in _handle_exception
    raise error
  File "/usr/local/google/home/konstantint/Projects/prefecture/.venv/lib/python3.13/site-packages/sqlalchemy/dialects/sqlite/aiosqlite.py", line 162, in execute
    self.await_(_cursor.execute(operation))
    ~~~~~~~~~~~^^^^^^^^^^^^^^^^^^^^^^^^^^^^
  File "/usr/local/google/home/konstantint/Projects/prefecture/.venv/lib/python3.13/site-packages/sqlalchemy/util/_concurrency_py3k.py", line 132, in await_only
    return current.parent.switch(awaitable)  # type: ignore[no-any-return,attr-defined] # noqa: E501
           ~~~~~~~~~~~~~~~~~~~~~^^^^^^^^^^^
  File "/usr/local/google/home/konstantint/Projects/prefecture/.venv/lib/python3.13/site-packages/sqlalchemy/util/_concurrency_py3k.py", line 196, in greenlet_spawn
    value = await result
            ^^^^^^^^^^^^
  File "/usr/local/google/home/konstantint/Projects/prefecture/.venv/lib/python3.13/site-packages/aiosqlite/cursor.py", line 40, in execute
    await self._execute(self._cursor.execute, sql, parameters)
  File "/usr/local/google/home/konstantint/Projects/prefecture/.venv/lib/python3.13/site-packages/aiosqlite/cursor.py", line 32, in _execute
    return await self._conn._execute(fn, *args, **kwargs)
           ^^^^^^^^^^^^^^^^^^^^^^^^^^^^^^^^^^^^^^^^^^^^^^
  File "/usr/local/google/home/konstantint/Projects/prefecture/.venv/lib/python3.13/site-packages/aiosqlite/core.py", line 160, in _execute
    return await future
           ^^^^^^^^^^^^
  File "/usr/local/google/home/konstantint/Projects/prefecture/.venv/lib/python3.13/site-packages/aiosqlite/core.py", line 63, in _connection_worker_thread
    result = function()
sqlalchemy.exc.OperationalError: (sqlite3.OperationalError) unable to open database file
(Background on this error at: https://sqlalche.me/e/20/e3q8)

14:16:40.570 | ERROR   | uvicorn.error - Application startup failed. Exiting.
14:16:43.093 | ERROR   | uvicorn.error - Traceback (most recent call last):
  File "/usr/local/google/home/konstantint/Projects/prefecture/.venv/lib/python3.13/site-packages/sqlalchemy/engine/base.py", line 143, in __init__
    self._dbapi_connection = engine.raw_connection()
                             ~~~~~~~~~~~~~~~~~~~~~^^
  File "/usr/local/google/home/konstantint/Projects/prefecture/.venv/lib/python3.13/site-packages/sqlalchemy/engine/base.py", line 3317, in raw_connection
    return self.pool.connect()
           ~~~~~~~~~~~~~~~~~^^
  File "/usr/local/google/home/konstantint/Projects/prefecture/.venv/lib/python3.13/site-packages/sqlalchemy/pool/base.py", line 448, in connect
    return _ConnectionFairy._checkout(self)
           ~~~~~~~~~~~~~~~~~~~~~~~~~~^^^^^^
  File "/usr/local/google/home/konstantint/Projects/prefecture/.venv/lib/python3.13/site-packages/sqlalchemy/pool/base.py", line 1272, in _checkout
    fairy = _ConnectionRecord.checkout(pool)
  File "/usr/local/google/home/konstantint/Projects/prefecture/.venv/lib/python3.13/site-packages/sqlalchemy/pool/base.py", line 712, in checkout
    rec = pool._do_get()
  File "/usr/local/google/home/konstantint/Projects/prefecture/.venv/lib/python3.13/site-packages/sqlalchemy/pool/impl.py", line 177, in _do_get
    with util.safe_reraise():
         ~~~~~~~~~~~~~~~~~^^
  File "/usr/local/google/home/konstantint/Projects/prefecture/.venv/lib/python3.13/site-packages/sqlalchemy/util/langhelpers.py", line 121, in __exit__
    raise exc_value.with_traceback(exc_tb)
  File "/usr/local/google/home/konstantint/Projects/prefecture/.venv/lib/python3.13/site-packages/sqlalchemy/pool/impl.py", line 175, in _do_get
    return self._create_connection()
           ~~~~~~~~~~~~~~~~~~~~~~~^^
  File "/usr/local/google/home/konstantint/Projects/prefecture/.venv/lib/python3.13/site-packages/sqlalchemy/pool/base.py", line 389, in _create_connection
    return _ConnectionRecord(self)
  File "/usr/local/google/home/konstantint/Projects/prefecture/.venv/lib/python3.13/site-packages/sqlalchemy/pool/base.py", line 674, in __init__
    self.__connect()
    ~~~~~~~~~~~~~~^^
  File "/usr/local/google/home/konstantint/Projects/prefecture/.venv/lib/python3.13/site-packages/sqlalchemy/pool/base.py", line 914, in __connect
    )._exec_w_sync_on_first_run(self.dbapi_connection, self)
      ~~~~~~~~~~~~~~~~~~~~~~~~~^^^^^^^^^^^^^^^^^^^^^^^^^^^^^
  File "/usr/local/google/home/konstantint/Projects/prefecture/.venv/lib/python3.13/site-packages/sqlalchemy/event/attr.py", line 501, in _exec_w_sync_on_first_run
    self(*args, **kw)
    ~~~~^^^^^^^^^^^^^
  File "/usr/local/google/home/konstantint/Projects/prefecture/.venv/lib/python3.13/site-packages/sqlalchemy/event/attr.py", line 515, in __call__
    fn(*args, **kw)
    ~~^^^^^^^^^^^^^
  File "/usr/local/google/home/konstantint/Projects/prefecture/.venv/lib/python3.13/site-packages/prefect/server/database/configurations.py", line 530, in setup_sqlite
    cursor.execute("PRAGMA journal_mode = WAL;")
    ~~~~~~~~~~~~~~^^^^^^^^^^^^^^^^^^^^^^^^^^^^^^
  File "/usr/local/google/home/konstantint/Projects/prefecture/.venv/lib/python3.13/site-packages/sqlalchemy/dialects/sqlite/aiosqlite.py", line 182, in execute
    self._adapt_connection._handle_exception(error)
    ~~~~~~~~~~~~~~~~~~~~~~~~~~~~~~~~~~~~~~~~^^^^^^^
  File "/usr/local/google/home/konstantint/Projects/prefecture/.venv/lib/python3.13/site-packages/sqlalchemy/dialects/sqlite/aiosqlite.py", line 342, in _handle_exception
    raise error
  File "/usr/local/google/home/konstantint/Projects/prefecture/.venv/lib/python3.13/site-packages/sqlalchemy/dialects/sqlite/aiosqlite.py", line 162, in execute
    self.await_(_cursor.execute(operation))
    ~~~~~~~~~~~^^^^^^^^^^^^^^^^^^^^^^^^^^^^
  File "/usr/local/google/home/konstantint/Projects/prefecture/.venv/lib/python3.13/site-packages/sqlalchemy/util/_concurrency_py3k.py", line 132, in await_only
    return current.parent.switch(awaitable)  # type: ignore[no-any-return,attr-defined] # noqa: E501
           ~~~~~~~~~~~~~~~~~~~~~^^^^^^^^^^^
  File "/usr/local/google/home/konstantint/Projects/prefecture/.venv/lib/python3.13/site-packages/sqlalchemy/util/_concurrency_py3k.py", line 196, in greenlet_spawn
    value = await result
            ^^^^^^^^^^^^
  File "/usr/local/google/home/konstantint/Projects/prefecture/.venv/lib/python3.13/site-packages/aiosqlite/cursor.py", line 40, in execute
    await self._execute(self._cursor.execute, sql, parameters)
  File "/usr/local/google/home/konstantint/Projects/prefecture/.venv/lib/python3.13/site-packages/aiosqlite/cursor.py", line 32, in _execute
    return await self._conn._execute(fn, *args, **kwargs)
           ^^^^^^^^^^^^^^^^^^^^^^^^^^^^^^^^^^^^^^^^^^^^^^
  File "/usr/local/google/home/konstantint/Projects/prefecture/.venv/lib/python3.13/site-packages/aiosqlite/core.py", line 160, in _execute
    return await future
           ^^^^^^^^^^^^
  File "/usr/local/google/home/konstantint/Projects/prefecture/.venv/lib/python3.13/site-packages/aiosqlite/core.py", line 63, in _connection_worker_thread
    result = function()
sqlite3.OperationalError: unable to open database file

The above exception was the direct cause of the following exception:

Traceback (most recent call last):
  File "/usr/local/google/home/konstantint/Projects/prefecture/.venv/lib/python3.13/site-packages/starlette/routing.py", line 638, in lifespan
    async with self.lifespan_context(app) as maybe_state:
               ~~~~~~~~~~~~~~~~~~~~~^^^^^
  File "/usr/lib/python3.13/contextlib.py", line 214, in __aenter__
    return await anext(self.gen)
           ^^^^^^^^^^^^^^^^^^^^^
  File "/usr/local/google/home/konstantint/Projects/prefecture/.venv/lib/python3.13/site-packages/prefect/server/api/server.py", line 921, in lifespan
    await run_migrations()
  File "/usr/local/google/home/konstantint/Projects/prefecture/.venv/lib/python3.13/site-packages/prefect/server/api/server.py", line 898, in run_migrations
    await db.create_db()
  File "/usr/local/google/home/konstantint/Projects/prefecture/.venv/lib/python3.13/site-packages/prefect/server/database/interface.py", line 77, in create_db
    await self.run_migrations_upgrade()
  File "/usr/local/google/home/konstantint/Projects/prefecture/.venv/lib/python3.13/site-packages/prefect/server/database/interface.py", line 115, in run_migrations_upgrade
    await run_sync_in_worker_thread(alembic_upgrade)
  File "/usr/local/google/home/konstantint/Projects/prefecture/.venv/lib/python3.13/site-packages/prefect/utilities/asyncutils/__init__.py", line 233, in run_sync_in_worker_thread
    result = await anyio.to_thread.run_sync(
             ^^^^^^^^^^^^^^^^^^^^^^^^^^^^^^^
        call_with_mark, call, abandon_on_cancel=True, limiter=get_thread_limiter()
        ^^^^^^^^^^^^^^^^^^^^^^^^^^^^^^^^^^^^^^^^^^^^^^^^^^^^^^^^^^^^^^^^^^^^^^^^^^
    )
    ^
  File "/usr/local/google/home/konstantint/Projects/prefecture/.venv/lib/python3.13/site-packages/anyio/to_thread.py", line 63, in run_sync
    return await get_async_backend().run_sync_in_worker_thread(
           ^^^^^^^^^^^^^^^^^^^^^^^^^^^^^^^^^^^^^^^^^^^^^^^^^^^^
        func, args, abandon_on_cancel=abandon_on_cancel, limiter=limiter
        ^^^^^^^^^^^^^^^^^^^^^^^^^^^^^^^^^^^^^^^^^^^^^^^^^^^^^^^^^^^^^^^^
    )
    ^
  File "/usr/local/google/home/konstantint/Projects/prefecture/.venv/lib/python3.13/site-packages/anyio/_backends/_asyncio.py", line 2518, in run_sync_in_worker_thread
    return await future
           ^^^^^^^^^^^^
  File "/usr/local/google/home/konstantint/Projects/prefecture/.venv/lib/python3.13/site-packages/anyio/_backends/_asyncio.py", line 1002, in run
    result = context.run(func, *args)
  File "/usr/local/google/home/konstantint/Projects/prefecture/.venv/lib/python3.13/site-packages/prefect/utilities/asyncutils/__init__.py", line 243, in call_with_mark
    return call()
  File "/usr/local/google/home/konstantint/Projects/prefecture/.venv/lib/python3.13/site-packages/prefect/server/database/alembic_commands.py", line 36, in wrapper
    return fn(*args, **kwargs)
  File "/usr/local/google/home/konstantint/Projects/prefecture/.venv/lib/python3.13/site-packages/prefect/server/database/alembic_commands.py", line 72, in alembic_upgrade
    alembic.command.upgrade(alembic_config(), revision, sql=dry_run)
    ~~~~~~~~~~~~~~~~~~~~~~~^^^^^^^^^^^^^^^^^^^^^^^^^^^^^^^^^^^^^^^^^
  File "/usr/local/google/home/konstantint/Projects/prefecture/.venv/lib/python3.13/site-packages/alembic/command.py", line 483, in upgrade
    script.run_env()
    ~~~~~~~~~~~~~~^^
  File "/usr/local/google/home/konstantint/Projects/prefecture/.venv/lib/python3.13/site-packages/alembic/script/base.py", line 545, in run_env
    util.load_python_file(self.dir, "env.py")
    ~~~~~~~~~~~~~~~~~~~~~^^^^^^^^^^^^^^^^^^^^
  File "/usr/local/google/home/konstantint/Projects/prefecture/.venv/lib/python3.13/site-packages/alembic/util/pyfiles.py", line 116, in load_python_file
    module = load_module_py(module_id, path)
  File "/usr/local/google/home/konstantint/Projects/prefecture/.venv/lib/python3.13/site-packages/alembic/util/pyfiles.py", line 136, in load_module_py
    spec.loader.exec_module(module)  # type: ignore
    ~~~~~~~~~~~~~~~~~~~~~~~^^^^^^^^
  File "<frozen importlib._bootstrap_external>", line 1023, in exec_module
  File "<frozen importlib._bootstrap>", line 488, in _call_with_frames_removed
  File "/usr/local/google/home/konstantint/Projects/prefecture/.venv/lib/python3.13/site-packages/prefect/server/database/_migrations/env.py", line 201, in <module>
    run_async_from_worker_thread(apply_migrations)
    ~~~~~~~~~~~~~~~~~~~~~~~~~~~~^^^^^^^^^^^^^^^^^^
  File "/usr/local/google/home/konstantint/Projects/prefecture/.venv/lib/python3.13/site-packages/prefect/utilities/asyncutils/__init__.py", line 254, in run_async_from_worker_thread
    return anyio.from_thread.run(call)
           ~~~~~~~~~~~~~~~~~~~~~^^^^^^
  File "/usr/local/google/home/konstantint/Projects/prefecture/.venv/lib/python3.13/site-packages/anyio/from_thread.py", line 90, in run
    return token.backend_class.run_async_from_thread(
           ~~~~~~~~~~~~~~~~~~~~~~~~~~~~~~~~~~~~~~~~~^
        func, args, token=token.native_token if explicit_token else None
        ^^^^^^^^^^^^^^^^^^^^^^^^^^^^^^^^^^^^^^^^^^^^^^^^^^^^^^^^^^^^^^^^
    )
    ^
  File "/usr/local/google/home/konstantint/Projects/prefecture/.venv/lib/python3.13/site-packages/anyio/_backends/_asyncio.py", line 2565, in run_async_from_thread
    return f.result()
           ~~~~~~~~^^
  File "/usr/lib/python3.13/concurrent/futures/_base.py", line 460, in result
    return self.__get_result()
           ~~~~~~~~~~~~~~~~~^^
  File "/usr/lib/python3.13/concurrent/futures/_base.py", line 402, in __get_result
    raise self._exception
  File "/usr/local/google/home/konstantint/Projects/prefecture/.venv/lib/python3.13/site-packages/anyio/_backends/_asyncio.py", line 2546, in task_wrapper
    return await func(*args)
           ^^^^^^^^^^^^^^^^^
  File "/usr/local/google/home/konstantint/Projects/prefecture/.venv/lib/python3.13/site-packages/prefect/server/database/_migrations/env.py", line 189, in apply_migrations
    async with engine.connect() as connection:
               ~~~~~~~~~~~~~~^^
  File "/usr/local/google/home/konstantint/Projects/prefecture/.venv/lib/python3.13/site-packages/sqlalchemy/ext/asyncio/base.py", line 121, in __aenter__
    return await self.start(is_ctxmanager=True)
           ^^^^^^^^^^^^^^^^^^^^^^^^^^^^^^^^^^^^
  File "/usr/local/google/home/konstantint/Projects/prefecture/.venv/lib/python3.13/site-packages/sqlalchemy/ext/asyncio/engine.py", line 275, in start
    await greenlet_spawn(self.sync_engine.connect)
  File "/usr/local/google/home/konstantint/Projects/prefecture/.venv/lib/python3.13/site-packages/sqlalchemy/util/_concurrency_py3k.py", line 201, in greenlet_spawn
    result = context.throw(*sys.exc_info())
  File "/usr/local/google/home/konstantint/Projects/prefecture/.venv/lib/python3.13/site-packages/sqlalchemy/engine/base.py", line 3293, in connect
    return self._connection_cls(self)
           ~~~~~~~~~~~~~~~~~~~~^^^^^^
  File "/usr/local/google/home/konstantint/Projects/prefecture/.venv/lib/python3.13/site-packages/sqlalchemy/engine/base.py", line 145, in __init__
    Connection._handle_dbapi_exception_noconnection(
    ~~~~~~~~~~~~~~~~~~~~~~~~~~~~~~~~~~~~~~~~~~~~~~~^
        err, dialect, engine
        ^^^^^^^^^^^^^^^^^^^^
    )
    ^
  File "/usr/local/google/home/konstantint/Projects/prefecture/.venv/lib/python3.13/site-packages/sqlalchemy/engine/base.py", line 2448, in _handle_dbapi_exception_noconnection
    raise sqlalchemy_exception.with_traceback(exc_info[2]) from e
  File "/usr/local/google/home/konstantint/Projects/prefecture/.venv/lib/python3.13/site-packages/sqlalchemy/engine/base.py", line 143, in __init__
    self._dbapi_connection = engine.raw_connection()
                             ~~~~~~~~~~~~~~~~~~~~~^^
  File "/usr/local/google/home/konstantint/Projects/prefecture/.venv/lib/python3.13/site-packages/sqlalchemy/engine/base.py", line 3317, in raw_connection
    return self.pool.connect()
           ~~~~~~~~~~~~~~~~~^^
  File "/usr/local/google/home/konstantint/Projects/prefecture/.venv/lib/python3.13/site-packages/sqlalchemy/pool/base.py", line 448, in connect
    return _ConnectionFairy._checkout(self)
           ~~~~~~~~~~~~~~~~~~~~~~~~~~^^^^^^
  File "/usr/local/google/home/konstantint/Projects/prefecture/.venv/lib/python3.13/site-packages/sqlalchemy/pool/base.py", line 1272, in _checkout
    fairy = _ConnectionRecord.checkout(pool)
  File "/usr/local/google/home/konstantint/Projects/prefecture/.venv/lib/python3.13/site-packages/sqlalchemy/pool/base.py", line 712, in checkout
    rec = pool._do_get()
  File "/usr/local/google/home/konstantint/Projects/prefecture/.venv/lib/python3.13/site-packages/sqlalchemy/pool/impl.py", line 177, in _do_get
    with util.safe_reraise():
         ~~~~~~~~~~~~~~~~~^^
  File "/usr/local/google/home/konstantint/Projects/prefecture/.venv/lib/python3.13/site-packages/sqlalchemy/util/langhelpers.py", line 121, in __exit__
    raise exc_value.with_traceback(exc_tb)
  File "/usr/local/google/home/konstantint/Projects/prefecture/.venv/lib/python3.13/site-packages/sqlalchemy/pool/impl.py", line 175, in _do_get
    return self._create_connection()
           ~~~~~~~~~~~~~~~~~~~~~~~^^
  File "/usr/local/google/home/konstantint/Projects/prefecture/.venv/lib/python3.13/site-packages/sqlalchemy/pool/base.py", line 389, in _create_connection
    return _ConnectionRecord(self)
  File "/usr/local/google/home/konstantint/Projects/prefecture/.venv/lib/python3.13/site-packages/sqlalchemy/pool/base.py", line 674, in __init__
    self.__connect()
    ~~~~~~~~~~~~~~^^
  File "/usr/local/google/home/konstantint/Projects/prefecture/.venv/lib/python3.13/site-packages/sqlalchemy/pool/base.py", line 914, in __connect
    )._exec_w_sync_on_first_run(self.dbapi_connection, self)
      ~~~~~~~~~~~~~~~~~~~~~~~~~^^^^^^^^^^^^^^^^^^^^^^^^^^^^^
  File "/usr/local/google/home/konstantint/Projects/prefecture/.venv/lib/python3.13/site-packages/sqlalchemy/event/attr.py", line 501, in _exec_w_sync_on_first_run
    self(*args, **kw)
    ~~~~^^^^^^^^^^^^^
  File "/usr/local/google/home/konstantint/Projects/prefecture/.venv/lib/python3.13/site-packages/sqlalchemy/event/attr.py", line 515, in __call__
    fn(*args, **kw)
    ~~^^^^^^^^^^^^^
  File "/usr/local/google/home/konstantint/Projects/prefecture/.venv/lib/python3.13/site-packages/prefect/server/database/configurations.py", line 530, in setup_sqlite
    cursor.execute("PRAGMA journal_mode = WAL;")
    ~~~~~~~~~~~~~~^^^^^^^^^^^^^^^^^^^^^^^^^^^^^^
  File "/usr/local/google/home/konstantint/Projects/prefecture/.venv/lib/python3.13/site-packages/sqlalchemy/dialects/sqlite/aiosqlite.py", line 182, in execute
    self._adapt_connection._handle_exception(error)
    ~~~~~~~~~~~~~~~~~~~~~~~~~~~~~~~~~~~~~~~~^^^^^^^
  File "/usr/local/google/home/konstantint/Projects/prefecture/.venv/lib/python3.13/site-packages/sqlalchemy/dialects/sqlite/aiosqlite.py", line 342, in _handle_exception
    raise error
  File "/usr/local/google/home/konstantint/Projects/prefecture/.venv/lib/python3.13/site-packages/sqlalchemy/dialects/sqlite/aiosqlite.py", line 162, in execute
    self.await_(_cursor.execute(operation))
    ~~~~~~~~~~~^^^^^^^^^^^^^^^^^^^^^^^^^^^^
  File "/usr/local/google/home/konstantint/Projects/prefecture/.venv/lib/python3.13/site-packages/sqlalchemy/util/_concurrency_py3k.py", line 132, in await_only
    return current.parent.switch(awaitable)  # type: ignore[no-any-return,attr-defined] # noqa: E501
           ~~~~~~~~~~~~~~~~~~~~~^^^^^^^^^^^
  File "/usr/local/google/home/konstantint/Projects/prefecture/.venv/lib/python3.13/site-packages/sqlalchemy/util/_concurrency_py3k.py", line 196, in greenlet_spawn
    value = await result
            ^^^^^^^^^^^^
  File "/usr/local/google/home/konstantint/Projects/prefecture/.venv/lib/python3.13/site-packages/aiosqlite/cursor.py", line 40, in execute
    await self._execute(self._cursor.execute, sql, parameters)
  File "/usr/local/google/home/konstantint/Projects/prefecture/.venv/lib/python3.13/site-packages/aiosqlite/cursor.py", line 32, in _execute
    return await self._conn._execute(fn, *args, **kwargs)
           ^^^^^^^^^^^^^^^^^^^^^^^^^^^^^^^^^^^^^^^^^^^^^^
  File "/usr/local/google/home/konstantint/Projects/prefecture/.venv/lib/python3.13/site-packages/aiosqlite/core.py", line 160, in _execute
    return await future
           ^^^^^^^^^^^^
  File "/usr/local/google/home/konstantint/Projects/prefecture/.venv/lib/python3.13/site-packages/aiosqlite/core.py", line 63, in _connection_worker_thread
    result = function()
sqlalchemy.exc.OperationalError: (sqlite3.OperationalError) unable to open database file
(Background on this error at: https://sqlalche.me/e/20/e3q8)

14:16:43.120 | ERROR   | uvicorn.error - Application startup failed. Exiting.
14:16:49.413 | ERROR   | uvicorn.error - Traceback (most recent call last):
  File "/usr/local/google/home/konstantint/Projects/prefecture/.venv/lib/python3.13/site-packages/sqlalchemy/engine/base.py", line 143, in __init__
    self._dbapi_connection = engine.raw_connection()
                             ~~~~~~~~~~~~~~~~~~~~~^^
  File "/usr/local/google/home/konstantint/Projects/prefecture/.venv/lib/python3.13/site-packages/sqlalchemy/engine/base.py", line 3317, in raw_connection
    return self.pool.connect()
           ~~~~~~~~~~~~~~~~~^^
  File "/usr/local/google/home/konstantint/Projects/prefecture/.venv/lib/python3.13/site-packages/sqlalchemy/pool/base.py", line 448, in connect
    return _ConnectionFairy._checkout(self)
           ~~~~~~~~~~~~~~~~~~~~~~~~~~^^^^^^
  File "/usr/local/google/home/konstantint/Projects/prefecture/.venv/lib/python3.13/site-packages/sqlalchemy/pool/base.py", line 1272, in _checkout
    fairy = _ConnectionRecord.checkout(pool)
  File "/usr/local/google/home/konstantint/Projects/prefecture/.venv/lib/python3.13/site-packages/sqlalchemy/pool/base.py", line 712, in checkout
    rec = pool._do_get()
  File "/usr/local/google/home/konstantint/Projects/prefecture/.venv/lib/python3.13/site-packages/sqlalchemy/pool/impl.py", line 177, in _do_get
    with util.safe_reraise():
         ~~~~~~~~~~~~~~~~~^^
  File "/usr/local/google/home/konstantint/Projects/prefecture/.venv/lib/python3.13/site-packages/sqlalchemy/util/langhelpers.py", line 121, in __exit__
    raise exc_value.with_traceback(exc_tb)
  File "/usr/local/google/home/konstantint/Projects/prefecture/.venv/lib/python3.13/site-packages/sqlalchemy/pool/impl.py", line 175, in _do_get
    return self._create_connection()
           ~~~~~~~~~~~~~~~~~~~~~~~^^
  File "/usr/local/google/home/konstantint/Projects/prefecture/.venv/lib/python3.13/site-packages/sqlalchemy/pool/base.py", line 389, in _create_connection
    return _ConnectionRecord(self)
  File "/usr/local/google/home/konstantint/Projects/prefecture/.venv/lib/python3.13/site-packages/sqlalchemy/pool/base.py", line 674, in __init__
    self.__connect()
    ~~~~~~~~~~~~~~^^
  File "/usr/local/google/home/konstantint/Projects/prefecture/.venv/lib/python3.13/site-packages/sqlalchemy/pool/base.py", line 914, in __connect
    )._exec_w_sync_on_first_run(self.dbapi_connection, self)
      ~~~~~~~~~~~~~~~~~~~~~~~~~^^^^^^^^^^^^^^^^^^^^^^^^^^^^^
  File "/usr/local/google/home/konstantint/Projects/prefecture/.venv/lib/python3.13/site-packages/sqlalchemy/event/attr.py", line 501, in _exec_w_sync_on_first_run
    self(*args, **kw)
    ~~~~^^^^^^^^^^^^^
  File "/usr/local/google/home/konstantint/Projects/prefecture/.venv/lib/python3.13/site-packages/sqlalchemy/event/attr.py", line 515, in __call__
    fn(*args, **kw)
    ~~^^^^^^^^^^^^^
  File "/usr/local/google/home/konstantint/Projects/prefecture/.venv/lib/python3.13/site-packages/prefect/server/database/configurations.py", line 530, in setup_sqlite
    cursor.execute("PRAGMA journal_mode = WAL;")
    ~~~~~~~~~~~~~~^^^^^^^^^^^^^^^^^^^^^^^^^^^^^^
  File "/usr/local/google/home/konstantint/Projects/prefecture/.venv/lib/python3.13/site-packages/sqlalchemy/dialects/sqlite/aiosqlite.py", line 182, in execute
    self._adapt_connection._handle_exception(error)
    ~~~~~~~~~~~~~~~~~~~~~~~~~~~~~~~~~~~~~~~~^^^^^^^
  File "/usr/local/google/home/konstantint/Projects/prefecture/.venv/lib/python3.13/site-packages/sqlalchemy/dialects/sqlite/aiosqlite.py", line 342, in _handle_exception
    raise error
  File "/usr/local/google/home/konstantint/Projects/prefecture/.venv/lib/python3.13/site-packages/sqlalchemy/dialects/sqlite/aiosqlite.py", line 162, in execute
    self.await_(_cursor.execute(operation))
    ~~~~~~~~~~~^^^^^^^^^^^^^^^^^^^^^^^^^^^^
  File "/usr/local/google/home/konstantint/Projects/prefecture/.venv/lib/python3.13/site-packages/sqlalchemy/util/_concurrency_py3k.py", line 132, in await_only
    return current.parent.switch(awaitable)  # type: ignore[no-any-return,attr-defined] # noqa: E501
           ~~~~~~~~~~~~~~~~~~~~~^^^^^^^^^^^
  File "/usr/local/google/home/konstantint/Projects/prefecture/.venv/lib/python3.13/site-packages/sqlalchemy/util/_concurrency_py3k.py", line 196, in greenlet_spawn
    value = await result
            ^^^^^^^^^^^^
  File "/usr/local/google/home/konstantint/Projects/prefecture/.venv/lib/python3.13/site-packages/aiosqlite/cursor.py", line 40, in execute
    await self._execute(self._cursor.execute, sql, parameters)
  File "/usr/local/google/home/konstantint/Projects/prefecture/.venv/lib/python3.13/site-packages/aiosqlite/cursor.py", line 32, in _execute
    return await self._conn._execute(fn, *args, **kwargs)
           ^^^^^^^^^^^^^^^^^^^^^^^^^^^^^^^^^^^^^^^^^^^^^^
  File "/usr/local/google/home/konstantint/Projects/prefecture/.venv/lib/python3.13/site-packages/aiosqlite/core.py", line 160, in _execute
    return await future
           ^^^^^^^^^^^^
  File "/usr/local/google/home/konstantint/Projects/prefecture/.venv/lib/python3.13/site-packages/aiosqlite/core.py", line 63, in _connection_worker_thread
    result = function()
sqlite3.OperationalError: unable to open database file

The above exception was the direct cause of the following exception:

Traceback (most recent call last):
  File "/usr/local/google/home/konstantint/Projects/prefecture/.venv/lib/python3.13/site-packages/starlette/routing.py", line 638, in lifespan
    async with self.lifespan_context(app) as maybe_state:
               ~~~~~~~~~~~~~~~~~~~~~^^^^^
  File "/usr/lib/python3.13/contextlib.py", line 214, in __aenter__
    return await anext(self.gen)
           ^^^^^^^^^^^^^^^^^^^^^
  File "/usr/local/google/home/konstantint/Projects/prefecture/.venv/lib/python3.13/site-packages/prefect/server/api/server.py", line 921, in lifespan
    await run_migrations()
  File "/usr/local/google/home/konstantint/Projects/prefecture/.venv/lib/python3.13/site-packages/prefect/server/api/server.py", line 898, in run_migrations
    await db.create_db()
  File "/usr/local/google/home/konstantint/Projects/prefecture/.venv/lib/python3.13/site-packages/prefect/server/database/interface.py", line 77, in create_db
    await self.run_migrations_upgrade()
  File "/usr/local/google/home/konstantint/Projects/prefecture/.venv/lib/python3.13/site-packages/prefect/server/database/interface.py", line 115, in run_migrations_upgrade
    await run_sync_in_worker_thread(alembic_upgrade)
  File "/usr/local/google/home/konstantint/Projects/prefecture/.venv/lib/python3.13/site-packages/prefect/utilities/asyncutils/__init__.py", line 233, in run_sync_in_worker_thread
    result = await anyio.to_thread.run_sync(
             ^^^^^^^^^^^^^^^^^^^^^^^^^^^^^^^
        call_with_mark, call, abandon_on_cancel=True, limiter=get_thread_limiter()
        ^^^^^^^^^^^^^^^^^^^^^^^^^^^^^^^^^^^^^^^^^^^^^^^^^^^^^^^^^^^^^^^^^^^^^^^^^^
    )
    ^
  File "/usr/local/google/home/konstantint/Projects/prefecture/.venv/lib/python3.13/site-packages/anyio/to_thread.py", line 63, in run_sync
    return await get_async_backend().run_sync_in_worker_thread(
           ^^^^^^^^^^^^^^^^^^^^^^^^^^^^^^^^^^^^^^^^^^^^^^^^^^^^
        func, args, abandon_on_cancel=abandon_on_cancel, limiter=limiter
        ^^^^^^^^^^^^^^^^^^^^^^^^^^^^^^^^^^^^^^^^^^^^^^^^^^^^^^^^^^^^^^^^
    )
    ^
  File "/usr/local/google/home/konstantint/Projects/prefecture/.venv/lib/python3.13/site-packages/anyio/_backends/_asyncio.py", line 2518, in run_sync_in_worker_thread
    return await future
           ^^^^^^^^^^^^
  File "/usr/local/google/home/konstantint/Projects/prefecture/.venv/lib/python3.13/site-packages/anyio/_backends/_asyncio.py", line 1002, in run
    result = context.run(func, *args)
  File "/usr/local/google/home/konstantint/Projects/prefecture/.venv/lib/python3.13/site-packages/prefect/utilities/asyncutils/__init__.py", line 243, in call_with_mark
    return call()
  File "/usr/local/google/home/konstantint/Projects/prefecture/.venv/lib/python3.13/site-packages/prefect/server/database/alembic_commands.py", line 36, in wrapper
    return fn(*args, **kwargs)
  File "/usr/local/google/home/konstantint/Projects/prefecture/.venv/lib/python3.13/site-packages/prefect/server/database/alembic_commands.py", line 72, in alembic_upgrade
    alembic.command.upgrade(alembic_config(), revision, sql=dry_run)
    ~~~~~~~~~~~~~~~~~~~~~~~^^^^^^^^^^^^^^^^^^^^^^^^^^^^^^^^^^^^^^^^^
  File "/usr/local/google/home/konstantint/Projects/prefecture/.venv/lib/python3.13/site-packages/alembic/command.py", line 483, in upgrade
    script.run_env()
    ~~~~~~~~~~~~~~^^
  File "/usr/local/google/home/konstantint/Projects/prefecture/.venv/lib/python3.13/site-packages/alembic/script/base.py", line 545, in run_env
    util.load_python_file(self.dir, "env.py")
    ~~~~~~~~~~~~~~~~~~~~~^^^^^^^^^^^^^^^^^^^^
  File "/usr/local/google/home/konstantint/Projects/prefecture/.venv/lib/python3.13/site-packages/alembic/util/pyfiles.py", line 116, in load_python_file
    module = load_module_py(module_id, path)
  File "/usr/local/google/home/konstantint/Projects/prefecture/.venv/lib/python3.13/site-packages/alembic/util/pyfiles.py", line 136, in load_module_py
    spec.loader.exec_module(module)  # type: ignore
    ~~~~~~~~~~~~~~~~~~~~~~~^^^^^^^^
  File "<frozen importlib._bootstrap_external>", line 1023, in exec_module
  File "<frozen importlib._bootstrap>", line 488, in _call_with_frames_removed
  File "/usr/local/google/home/konstantint/Projects/prefecture/.venv/lib/python3.13/site-packages/prefect/server/database/_migrations/env.py", line 201, in <module>
    run_async_from_worker_thread(apply_migrations)
    ~~~~~~~~~~~~~~~~~~~~~~~~~~~~^^^^^^^^^^^^^^^^^^
  File "/usr/local/google/home/konstantint/Projects/prefecture/.venv/lib/python3.13/site-packages/prefect/utilities/asyncutils/__init__.py", line 254, in run_async_from_worker_thread
    return anyio.from_thread.run(call)
           ~~~~~~~~~~~~~~~~~~~~~^^^^^^
  File "/usr/local/google/home/konstantint/Projects/prefecture/.venv/lib/python3.13/site-packages/anyio/from_thread.py", line 90, in run
    return token.backend_class.run_async_from_thread(
           ~~~~~~~~~~~~~~~~~~~~~~~~~~~~~~~~~~~~~~~~~^
        func, args, token=token.native_token if explicit_token else None
        ^^^^^^^^^^^^^^^^^^^^^^^^^^^^^^^^^^^^^^^^^^^^^^^^^^^^^^^^^^^^^^^^
    )
    ^
  File "/usr/local/google/home/konstantint/Projects/prefecture/.venv/lib/python3.13/site-packages/anyio/_backends/_asyncio.py", line 2565, in run_async_from_thread
    return f.result()
           ~~~~~~~~^^
  File "/usr/lib/python3.13/concurrent/futures/_base.py", line 460, in result
    return self.__get_result()
           ~~~~~~~~~~~~~~~~~^^
  File "/usr/lib/python3.13/concurrent/futures/_base.py", line 402, in __get_result
    raise self._exception
  File "/usr/local/google/home/konstantint/Projects/prefecture/.venv/lib/python3.13/site-packages/anyio/_backends/_asyncio.py", line 2546, in task_wrapper
    return await func(*args)
           ^^^^^^^^^^^^^^^^^
  File "/usr/local/google/home/konstantint/Projects/prefecture/.venv/lib/python3.13/site-packages/prefect/server/database/_migrations/env.py", line 189, in apply_migrations
    async with engine.connect() as connection:
               ~~~~~~~~~~~~~~^^
  File "/usr/local/google/home/konstantint/Projects/prefecture/.venv/lib/python3.13/site-packages/sqlalchemy/ext/asyncio/base.py", line 121, in __aenter__
    return await self.start(is_ctxmanager=True)
           ^^^^^^^^^^^^^^^^^^^^^^^^^^^^^^^^^^^^
  File "/usr/local/google/home/konstantint/Projects/prefecture/.venv/lib/python3.13/site-packages/sqlalchemy/ext/asyncio/engine.py", line 275, in start
    await greenlet_spawn(self.sync_engine.connect)
  File "/usr/local/google/home/konstantint/Projects/prefecture/.venv/lib/python3.13/site-packages/sqlalchemy/util/_concurrency_py3k.py", line 201, in greenlet_spawn
    result = context.throw(*sys.exc_info())
  File "/usr/local/google/home/konstantint/Projects/prefecture/.venv/lib/python3.13/site-packages/sqlalchemy/engine/base.py", line 3293, in connect
    return self._connection_cls(self)
           ~~~~~~~~~~~~~~~~~~~~^^^^^^
  File "/usr/local/google/home/konstantint/Projects/prefecture/.venv/lib/python3.13/site-packages/sqlalchemy/engine/base.py", line 145, in __init__
    Connection._handle_dbapi_exception_noconnection(
    ~~~~~~~~~~~~~~~~~~~~~~~~~~~~~~~~~~~~~~~~~~~~~~~^
        err, dialect, engine
        ^^^^^^^^^^^^^^^^^^^^
    )
    ^
  File "/usr/local/google/home/konstantint/Projects/prefecture/.venv/lib/python3.13/site-packages/sqlalchemy/engine/base.py", line 2448, in _handle_dbapi_exception_noconnection
    raise sqlalchemy_exception.with_traceback(exc_info[2]) from e
  File "/usr/local/google/home/konstantint/Projects/prefecture/.venv/lib/python3.13/site-packages/sqlalchemy/engine/base.py", line 143, in __init__
    self._dbapi_connection = engine.raw_connection()
                             ~~~~~~~~~~~~~~~~~~~~~^^
  File "/usr/local/google/home/konstantint/Projects/prefecture/.venv/lib/python3.13/site-packages/sqlalchemy/engine/base.py", line 3317, in raw_connection
    return self.pool.connect()
           ~~~~~~~~~~~~~~~~~^^
  File "/usr/local/google/home/konstantint/Projects/prefecture/.venv/lib/python3.13/site-packages/sqlalchemy/pool/base.py", line 448, in connect
    return _ConnectionFairy._checkout(self)
           ~~~~~~~~~~~~~~~~~~~~~~~~~~^^^^^^
  File "/usr/local/google/home/konstantint/Projects/prefecture/.venv/lib/python3.13/site-packages/sqlalchemy/pool/base.py", line 1272, in _checkout
    fairy = _ConnectionRecord.checkout(pool)
  File "/usr/local/google/home/konstantint/Projects/prefecture/.venv/lib/python3.13/site-packages/sqlalchemy/pool/base.py", line 712, in checkout
    rec = pool._do_get()
  File "/usr/local/google/home/konstantint/Projects/prefecture/.venv/lib/python3.13/site-packages/sqlalchemy/pool/impl.py", line 177, in _do_get
    with util.safe_reraise():
         ~~~~~~~~~~~~~~~~~^^
  File "/usr/local/google/home/konstantint/Projects/prefecture/.venv/lib/python3.13/site-packages/sqlalchemy/util/langhelpers.py", line 121, in __exit__
    raise exc_value.with_traceback(exc_tb)
  File "/usr/local/google/home/konstantint/Projects/prefecture/.venv/lib/python3.13/site-packages/sqlalchemy/pool/impl.py", line 175, in _do_get
    return self._create_connection()
           ~~~~~~~~~~~~~~~~~~~~~~~^^
  File "/usr/local/google/home/konstantint/Projects/prefecture/.venv/lib/python3.13/site-packages/sqlalchemy/pool/base.py", line 389, in _create_connection
    return _ConnectionRecord(self)
  File "/usr/local/google/home/konstantint/Projects/prefecture/.venv/lib/python3.13/site-packages/sqlalchemy/pool/base.py", line 674, in __init__
    self.__connect()
    ~~~~~~~~~~~~~~^^
  File "/usr/local/google/home/konstantint/Projects/prefecture/.venv/lib/python3.13/site-packages/sqlalchemy/pool/base.py", line 914, in __connect
    )._exec_w_sync_on_first_run(self.dbapi_connection, self)
      ~~~~~~~~~~~~~~~~~~~~~~~~~^^^^^^^^^^^^^^^^^^^^^^^^^^^^^
  File "/usr/local/google/home/konstantint/Projects/prefecture/.venv/lib/python3.13/site-packages/sqlalchemy/event/attr.py", line 501, in _exec_w_sync_on_first_run
    self(*args, **kw)
    ~~~~^^^^^^^^^^^^^
  File "/usr/local/google/home/konstantint/Projects/prefecture/.venv/lib/python3.13/site-packages/sqlalchemy/event/attr.py", line 515, in __call__
    fn(*args, **kw)
    ~~^^^^^^^^^^^^^
  File "/usr/local/google/home/konstantint/Projects/prefecture/.venv/lib/python3.13/site-packages/prefect/server/database/configurations.py", line 530, in setup_sqlite
    cursor.execute("PRAGMA journal_mode = WAL;")
    ~~~~~~~~~~~~~~^^^^^^^^^^^^^^^^^^^^^^^^^^^^^^
  File "/usr/local/google/home/konstantint/Projects/prefecture/.venv/lib/python3.13/site-packages/sqlalchemy/dialects/sqlite/aiosqlite.py", line 182, in execute
    self._adapt_connection._handle_exception(error)
    ~~~~~~~~~~~~~~~~~~~~~~~~~~~~~~~~~~~~~~~~^^^^^^^
  File "/usr/local/google/home/konstantint/Projects/prefecture/.venv/lib/python3.13/site-packages/sqlalchemy/dialects/sqlite/aiosqlite.py", line 342, in _handle_exception
    raise error
  File "/usr/local/google/home/konstantint/Projects/prefecture/.venv/lib/python3.13/site-packages/sqlalchemy/dialects/sqlite/aiosqlite.py", line 162, in execute
    self.await_(_cursor.execute(operation))
    ~~~~~~~~~~~^^^^^^^^^^^^^^^^^^^^^^^^^^^^
  File "/usr/local/google/home/konstantint/Projects/prefecture/.venv/lib/python3.13/site-packages/sqlalchemy/util/_concurrency_py3k.py", line 132, in await_only
    return current.parent.switch(awaitable)  # type: ignore[no-any-return,attr-defined] # noqa: E501
           ~~~~~~~~~~~~~~~~~~~~~^^^^^^^^^^^
  File "/usr/local/google/home/konstantint/Projects/prefecture/.venv/lib/python3.13/site-packages/sqlalchemy/util/_concurrency_py3k.py", line 196, in greenlet_spawn
    value = await result
            ^^^^^^^^^^^^
  File "/usr/local/google/home/konstantint/Projects/prefecture/.venv/lib/python3.13/site-packages/aiosqlite/cursor.py", line 40, in execute
    await self._execute(self._cursor.execute, sql, parameters)
  File "/usr/local/google/home/konstantint/Projects/prefecture/.venv/lib/python3.13/site-packages/aiosqlite/cursor.py", line 32, in _execute
    return await self._conn._execute(fn, *args, **kwargs)
           ^^^^^^^^^^^^^^^^^^^^^^^^^^^^^^^^^^^^^^^^^^^^^^
  File "/usr/local/google/home/konstantint/Projects/prefecture/.venv/lib/python3.13/site-packages/aiosqlite/core.py", line 160, in _execute
    return await future
           ^^^^^^^^^^^^
  File "/usr/local/google/home/konstantint/Projects/prefecture/.venv/lib/python3.13/site-packages/aiosqlite/core.py", line 63, in _connection_worker_thread
    result = function()
sqlalchemy.exc.OperationalError: (sqlite3.OperationalError) unable to open database file
(Background on this error at: https://sqlalche.me/e/20/e3q8)

14:16:49.430 | ERROR   | uvicorn.error - Application startup failed. Exiting.
14:16:55.683 | ERROR   | uvicorn.error - Traceback (most recent call last):
  File "/usr/local/google/home/konstantint/Projects/prefecture/.venv/lib/python3.13/site-packages/sqlalchemy/engine/base.py", line 143, in __init__
    self._dbapi_connection = engine.raw_connection()
                             ~~~~~~~~~~~~~~~~~~~~~^^
  File "/usr/local/google/home/konstantint/Projects/prefecture/.venv/lib/python3.13/site-packages/sqlalchemy/engine/base.py", line 3317, in raw_connection
    return self.pool.connect()
           ~~~~~~~~~~~~~~~~~^^
  File "/usr/local/google/home/konstantint/Projects/prefecture/.venv/lib/python3.13/site-packages/sqlalchemy/pool/base.py", line 448, in connect
    return _ConnectionFairy._checkout(self)
           ~~~~~~~~~~~~~~~~~~~~~~~~~~^^^^^^
  File "/usr/local/google/home/konstantint/Projects/prefecture/.venv/lib/python3.13/site-packages/sqlalchemy/pool/base.py", line 1272, in _checkout
    fairy = _ConnectionRecord.checkout(pool)
  File "/usr/local/google/home/konstantint/Projects/prefecture/.venv/lib/python3.13/site-packages/sqlalchemy/pool/base.py", line 712, in checkout
    rec = pool._do_get()
  File "/usr/local/google/home/konstantint/Projects/prefecture/.venv/lib/python3.13/site-packages/sqlalchemy/pool/impl.py", line 177, in _do_get
    with util.safe_reraise():
         ~~~~~~~~~~~~~~~~~^^
  File "/usr/local/google/home/konstantint/Projects/prefecture/.venv/lib/python3.13/site-packages/sqlalchemy/util/langhelpers.py", line 121, in __exit__
    raise exc_value.with_traceback(exc_tb)
  File "/usr/local/google/home/konstantint/Projects/prefecture/.venv/lib/python3.13/site-packages/sqlalchemy/pool/impl.py", line 175, in _do_get
    return self._create_connection()
           ~~~~~~~~~~~~~~~~~~~~~~~^^
  File "/usr/local/google/home/konstantint/Projects/prefecture/.venv/lib/python3.13/site-packages/sqlalchemy/pool/base.py", line 389, in _create_connection
    return _ConnectionRecord(self)
  File "/usr/local/google/home/konstantint/Projects/prefecture/.venv/lib/python3.13/site-packages/sqlalchemy/pool/base.py", line 674, in __init__
    self.__connect()
    ~~~~~~~~~~~~~~^^
  File "/usr/local/google/home/konstantint/Projects/prefecture/.venv/lib/python3.13/site-packages/sqlalchemy/pool/base.py", line 914, in __connect
    )._exec_w_sync_on_first_run(self.dbapi_connection, self)
      ~~~~~~~~~~~~~~~~~~~~~~~~~^^^^^^^^^^^^^^^^^^^^^^^^^^^^^
  File "/usr/local/google/home/konstantint/Projects/prefecture/.venv/lib/python3.13/site-packages/sqlalchemy/event/attr.py", line 501, in _exec_w_sync_on_first_run
    self(*args, **kw)
    ~~~~^^^^^^^^^^^^^
  File "/usr/local/google/home/konstantint/Projects/prefecture/.venv/lib/python3.13/site-packages/sqlalchemy/event/attr.py", line 515, in __call__
    fn(*args, **kw)
    ~~^^^^^^^^^^^^^
  File "/usr/local/google/home/konstantint/Projects/prefecture/.venv/lib/python3.13/site-packages/prefect/server/database/configurations.py", line 530, in setup_sqlite
    cursor.execute("PRAGMA journal_mode = WAL;")
    ~~~~~~~~~~~~~~^^^^^^^^^^^^^^^^^^^^^^^^^^^^^^
  File "/usr/local/google/home/konstantint/Projects/prefecture/.venv/lib/python3.13/site-packages/sqlalchemy/dialects/sqlite/aiosqlite.py", line 182, in execute
    self._adapt_connection._handle_exception(error)
    ~~~~~~~~~~~~~~~~~~~~~~~~~~~~~~~~~~~~~~~~^^^^^^^
  File "/usr/local/google/home/konstantint/Projects/prefecture/.venv/lib/python3.13/site-packages/sqlalchemy/dialects/sqlite/aiosqlite.py", line 342, in _handle_exception
    raise error
  File "/usr/local/google/home/konstantint/Projects/prefecture/.venv/lib/python3.13/site-packages/sqlalchemy/dialects/sqlite/aiosqlite.py", line 162, in execute
    self.await_(_cursor.execute(operation))
    ~~~~~~~~~~~^^^^^^^^^^^^^^^^^^^^^^^^^^^^
  File "/usr/local/google/home/konstantint/Projects/prefecture/.venv/lib/python3.13/site-packages/sqlalchemy/util/_concurrency_py3k.py", line 132, in await_only
    return current.parent.switch(awaitable)  # type: ignore[no-any-return,attr-defined] # noqa: E501
           ~~~~~~~~~~~~~~~~~~~~~^^^^^^^^^^^
  File "/usr/local/google/home/konstantint/Projects/prefecture/.venv/lib/python3.13/site-packages/sqlalchemy/util/_concurrency_py3k.py", line 196, in greenlet_spawn
    value = await result
            ^^^^^^^^^^^^
  File "/usr/local/google/home/konstantint/Projects/prefecture/.venv/lib/python3.13/site-packages/aiosqlite/cursor.py", line 40, in execute
    await self._execute(self._cursor.execute, sql, parameters)
  File "/usr/local/google/home/konstantint/Projects/prefecture/.venv/lib/python3.13/site-packages/aiosqlite/cursor.py", line 32, in _execute
    return await self._conn._execute(fn, *args, **kwargs)
           ^^^^^^^^^^^^^^^^^^^^^^^^^^^^^^^^^^^^^^^^^^^^^^
  File "/usr/local/google/home/konstantint/Projects/prefecture/.venv/lib/python3.13/site-packages/aiosqlite/core.py", line 160, in _execute
    return await future
           ^^^^^^^^^^^^
  File "/usr/local/google/home/konstantint/Projects/prefecture/.venv/lib/python3.13/site-packages/aiosqlite/core.py", line 63, in _connection_worker_thread
    result = function()
sqlite3.OperationalError: unable to open database file

The above exception was the direct cause of the following exception:

Traceback (most recent call last):
  File "/usr/local/google/home/konstantint/Projects/prefecture/.venv/lib/python3.13/site-packages/starlette/routing.py", line 638, in lifespan
    async with self.lifespan_context(app) as maybe_state:
               ~~~~~~~~~~~~~~~~~~~~~^^^^^
  File "/usr/lib/python3.13/contextlib.py", line 214, in __aenter__
    return await anext(self.gen)
           ^^^^^^^^^^^^^^^^^^^^^
  File "/usr/local/google/home/konstantint/Projects/prefecture/.venv/lib/python3.13/site-packages/prefect/server/api/server.py", line 921, in lifespan
    await run_migrations()
  File "/usr/local/google/home/konstantint/Projects/prefecture/.venv/lib/python3.13/site-packages/prefect/server/api/server.py", line 898, in run_migrations
    await db.create_db()
  File "/usr/local/google/home/konstantint/Projects/prefecture/.venv/lib/python3.13/site-packages/prefect/server/database/interface.py", line 77, in create_db
    await self.run_migrations_upgrade()
  File "/usr/local/google/home/konstantint/Projects/prefecture/.venv/lib/python3.13/site-packages/prefect/server/database/interface.py", line 115, in run_migrations_upgrade
    await run_sync_in_worker_thread(alembic_upgrade)
  File "/usr/local/google/home/konstantint/Projects/prefecture/.venv/lib/python3.13/site-packages/prefect/utilities/asyncutils/__init__.py", line 233, in run_sync_in_worker_thread
    result = await anyio.to_thread.run_sync(
             ^^^^^^^^^^^^^^^^^^^^^^^^^^^^^^^
        call_with_mark, call, abandon_on_cancel=True, limiter=get_thread_limiter()
        ^^^^^^^^^^^^^^^^^^^^^^^^^^^^^^^^^^^^^^^^^^^^^^^^^^^^^^^^^^^^^^^^^^^^^^^^^^
    )
    ^
  File "/usr/local/google/home/konstantint/Projects/prefecture/.venv/lib/python3.13/site-packages/anyio/to_thread.py", line 63, in run_sync
    return await get_async_backend().run_sync_in_worker_thread(
           ^^^^^^^^^^^^^^^^^^^^^^^^^^^^^^^^^^^^^^^^^^^^^^^^^^^^
        func, args, abandon_on_cancel=abandon_on_cancel, limiter=limiter
        ^^^^^^^^^^^^^^^^^^^^^^^^^^^^^^^^^^^^^^^^^^^^^^^^^^^^^^^^^^^^^^^^
    )
    ^
  File "/usr/local/google/home/konstantint/Projects/prefecture/.venv/lib/python3.13/site-packages/anyio/_backends/_asyncio.py", line 2518, in run_sync_in_worker_thread
    return await future
           ^^^^^^^^^^^^
  File "/usr/local/google/home/konstantint/Projects/prefecture/.venv/lib/python3.13/site-packages/anyio/_backends/_asyncio.py", line 1002, in run
    result = context.run(func, *args)
  File "/usr/local/google/home/konstantint/Projects/prefecture/.venv/lib/python3.13/site-packages/prefect/utilities/asyncutils/__init__.py", line 243, in call_with_mark
    return call()
  File "/usr/local/google/home/konstantint/Projects/prefecture/.venv/lib/python3.13/site-packages/prefect/server/database/alembic_commands.py", line 36, in wrapper
    return fn(*args, **kwargs)
  File "/usr/local/google/home/konstantint/Projects/prefecture/.venv/lib/python3.13/site-packages/prefect/server/database/alembic_commands.py", line 72, in alembic_upgrade
    alembic.command.upgrade(alembic_config(), revision, sql=dry_run)
    ~~~~~~~~~~~~~~~~~~~~~~~^^^^^^^^^^^^^^^^^^^^^^^^^^^^^^^^^^^^^^^^^
  File "/usr/local/google/home/konstantint/Projects/prefecture/.venv/lib/python3.13/site-packages/alembic/command.py", line 483, in upgrade
    script.run_env()
    ~~~~~~~~~~~~~~^^
  File "/usr/local/google/home/konstantint/Projects/prefecture/.venv/lib/python3.13/site-packages/alembic/script/base.py", line 545, in run_env
    util.load_python_file(self.dir, "env.py")
    ~~~~~~~~~~~~~~~~~~~~~^^^^^^^^^^^^^^^^^^^^
  File "/usr/local/google/home/konstantint/Projects/prefecture/.venv/lib/python3.13/site-packages/alembic/util/pyfiles.py", line 116, in load_python_file
    module = load_module_py(module_id, path)
  File "/usr/local/google/home/konstantint/Projects/prefecture/.venv/lib/python3.13/site-packages/alembic/util/pyfiles.py", line 136, in load_module_py
    spec.loader.exec_module(module)  # type: ignore
    ~~~~~~~~~~~~~~~~~~~~~~~^^^^^^^^
  File "<frozen importlib._bootstrap_external>", line 1023, in exec_module
  File "<frozen importlib._bootstrap>", line 488, in _call_with_frames_removed
  File "/usr/local/google/home/konstantint/Projects/prefecture/.venv/lib/python3.13/site-packages/prefect/server/database/_migrations/env.py", line 201, in <module>
    run_async_from_worker_thread(apply_migrations)
    ~~~~~~~~~~~~~~~~~~~~~~~~~~~~^^^^^^^^^^^^^^^^^^
  File "/usr/local/google/home/konstantint/Projects/prefecture/.venv/lib/python3.13/site-packages/prefect/utilities/asyncutils/__init__.py", line 254, in run_async_from_worker_thread
    return anyio.from_thread.run(call)
           ~~~~~~~~~~~~~~~~~~~~~^^^^^^
  File "/usr/local/google/home/konstantint/Projects/prefecture/.venv/lib/python3.13/site-packages/anyio/from_thread.py", line 90, in run
    return token.backend_class.run_async_from_thread(
           ~~~~~~~~~~~~~~~~~~~~~~~~~~~~~~~~~~~~~~~~~^
        func, args, token=token.native_token if explicit_token else None
        ^^^^^^^^^^^^^^^^^^^^^^^^^^^^^^^^^^^^^^^^^^^^^^^^^^^^^^^^^^^^^^^^
    )
    ^
  File "/usr/local/google/home/konstantint/Projects/prefecture/.venv/lib/python3.13/site-packages/anyio/_backends/_asyncio.py", line 2565, in run_async_from_thread
    return f.result()
           ~~~~~~~~^^
  File "/usr/lib/python3.13/concurrent/futures/_base.py", line 460, in result
    return self.__get_result()
           ~~~~~~~~~~~~~~~~~^^
  File "/usr/lib/python3.13/concurrent/futures/_base.py", line 402, in __get_result
    raise self._exception
  File "/usr/local/google/home/konstantint/Projects/prefecture/.venv/lib/python3.13/site-packages/anyio/_backends/_asyncio.py", line 2546, in task_wrapper
    return await func(*args)
           ^^^^^^^^^^^^^^^^^
  File "/usr/local/google/home/konstantint/Projects/prefecture/.venv/lib/python3.13/site-packages/prefect/server/database/_migrations/env.py", line 189, in apply_migrations
    async with engine.connect() as connection:
               ~~~~~~~~~~~~~~^^
  File "/usr/local/google/home/konstantint/Projects/prefecture/.venv/lib/python3.13/site-packages/sqlalchemy/ext/asyncio/base.py", line 121, in __aenter__
    return await self.start(is_ctxmanager=True)
           ^^^^^^^^^^^^^^^^^^^^^^^^^^^^^^^^^^^^
  File "/usr/local/google/home/konstantint/Projects/prefecture/.venv/lib/python3.13/site-packages/sqlalchemy/ext/asyncio/engine.py", line 275, in start
    await greenlet_spawn(self.sync_engine.connect)
  File "/usr/local/google/home/konstantint/Projects/prefecture/.venv/lib/python3.13/site-packages/sqlalchemy/util/_concurrency_py3k.py", line 201, in greenlet_spawn
    result = context.throw(*sys.exc_info())
  File "/usr/local/google/home/konstantint/Projects/prefecture/.venv/lib/python3.13/site-packages/sqlalchemy/engine/base.py", line 3293, in connect
    return self._connection_cls(self)
           ~~~~~~~~~~~~~~~~~~~~^^^^^^
  File "/usr/local/google/home/konstantint/Projects/prefecture/.venv/lib/python3.13/site-packages/sqlalchemy/engine/base.py", line 145, in __init__
    Connection._handle_dbapi_exception_noconnection(
    ~~~~~~~~~~~~~~~~~~~~~~~~~~~~~~~~~~~~~~~~~~~~~~~^
        err, dialect, engine
        ^^^^^^^^^^^^^^^^^^^^
    )
    ^
  File "/usr/local/google/home/konstantint/Projects/prefecture/.venv/lib/python3.13/site-packages/sqlalchemy/engine/base.py", line 2448, in _handle_dbapi_exception_noconnection
    raise sqlalchemy_exception.with_traceback(exc_info[2]) from e
  File "/usr/local/google/home/konstantint/Projects/prefecture/.venv/lib/python3.13/site-packages/sqlalchemy/engine/base.py", line 143, in __init__
    self._dbapi_connection = engine.raw_connection()
                             ~~~~~~~~~~~~~~~~~~~~~^^
  File "/usr/local/google/home/konstantint/Projects/prefecture/.venv/lib/python3.13/site-packages/sqlalchemy/engine/base.py", line 3317, in raw_connection
    return self.pool.connect()
           ~~~~~~~~~~~~~~~~~^^
  File "/usr/local/google/home/konstantint/Projects/prefecture/.venv/lib/python3.13/site-packages/sqlalchemy/pool/base.py", line 448, in connect
    return _ConnectionFairy._checkout(self)
           ~~~~~~~~~~~~~~~~~~~~~~~~~~^^^^^^
  File "/usr/local/google/home/konstantint/Projects/prefecture/.venv/lib/python3.13/site-packages/sqlalchemy/pool/base.py", line 1272, in _checkout
    fairy = _ConnectionRecord.checkout(pool)
  File "/usr/local/google/home/konstantint/Projects/prefecture/.venv/lib/python3.13/site-packages/sqlalchemy/pool/base.py", line 712, in checkout
    rec = pool._do_get()
  File "/usr/local/google/home/konstantint/Projects/prefecture/.venv/lib/python3.13/site-packages/sqlalchemy/pool/impl.py", line 177, in _do_get
    with util.safe_reraise():
         ~~~~~~~~~~~~~~~~~^^
  File "/usr/local/google/home/konstantint/Projects/prefecture/.venv/lib/python3.13/site-packages/sqlalchemy/util/langhelpers.py", line 121, in __exit__
    raise exc_value.with_traceback(exc_tb)
  File "/usr/local/google/home/konstantint/Projects/prefecture/.venv/lib/python3.13/site-packages/sqlalchemy/pool/impl.py", line 175, in _do_get
    return self._create_connection()
           ~~~~~~~~~~~~~~~~~~~~~~~^^
  File "/usr/local/google/home/konstantint/Projects/prefecture/.venv/lib/python3.13/site-packages/sqlalchemy/pool/base.py", line 389, in _create_connection
    return _ConnectionRecord(self)
  File "/usr/local/google/home/konstantint/Projects/prefecture/.venv/lib/python3.13/site-packages/sqlalchemy/pool/base.py", line 674, in __init__
    self.__connect()
    ~~~~~~~~~~~~~~^^
  File "/usr/local/google/home/konstantint/Projects/prefecture/.venv/lib/python3.13/site-packages/sqlalchemy/pool/base.py", line 914, in __connect
    )._exec_w_sync_on_first_run(self.dbapi_connection, self)
      ~~~~~~~~~~~~~~~~~~~~~~~~~^^^^^^^^^^^^^^^^^^^^^^^^^^^^^
  File "/usr/local/google/home/konstantint/Projects/prefecture/.venv/lib/python3.13/site-packages/sqlalchemy/event/attr.py", line 501, in _exec_w_sync_on_first_run
    self(*args, **kw)
    ~~~~^^^^^^^^^^^^^
  File "/usr/local/google/home/konstantint/Projects/prefecture/.venv/lib/python3.13/site-packages/sqlalchemy/event/attr.py", line 515, in __call__
    fn(*args, **kw)
    ~~^^^^^^^^^^^^^
  File "/usr/local/google/home/konstantint/Projects/prefecture/.venv/lib/python3.13/site-packages/prefect/server/database/configurations.py", line 530, in setup_sqlite
    cursor.execute("PRAGMA journal_mode = WAL;")
    ~~~~~~~~~~~~~~^^^^^^^^^^^^^^^^^^^^^^^^^^^^^^
  File "/usr/local/google/home/konstantint/Projects/prefecture/.venv/lib/python3.13/site-packages/sqlalchemy/dialects/sqlite/aiosqlite.py", line 182, in execute
    self._adapt_connection._handle_exception(error)
    ~~~~~~~~~~~~~~~~~~~~~~~~~~~~~~~~~~~~~~~~^^^^^^^
  File "/usr/local/google/home/konstantint/Projects/prefecture/.venv/lib/python3.13/site-packages/sqlalchemy/dialects/sqlite/aiosqlite.py", line 342, in _handle_exception
    raise error
  File "/usr/local/google/home/konstantint/Projects/prefecture/.venv/lib/python3.13/site-packages/sqlalchemy/dialects/sqlite/aiosqlite.py", line 162, in execute
    self.await_(_cursor.execute(operation))
    ~~~~~~~~~~~^^^^^^^^^^^^^^^^^^^^^^^^^^^^
  File "/usr/local/google/home/konstantint/Projects/prefecture/.venv/lib/python3.13/site-packages/sqlalchemy/util/_concurrency_py3k.py", line 132, in await_only
    return current.parent.switch(awaitable)  # type: ignore[no-any-return,attr-defined] # noqa: E501
           ~~~~~~~~~~~~~~~~~~~~~^^^^^^^^^^^
  File "/usr/local/google/home/konstantint/Projects/prefecture/.venv/lib/python3.13/site-packages/sqlalchemy/util/_concurrency_py3k.py", line 196, in greenlet_spawn
    value = await result
            ^^^^^^^^^^^^
  File "/usr/local/google/home/konstantint/Projects/prefecture/.venv/lib/python3.13/site-packages/aiosqlite/cursor.py", line 40, in execute
    await self._execute(self._cursor.execute, sql, parameters)
  File "/usr/local/google/home/konstantint/Projects/prefecture/.venv/lib/python3.13/site-packages/aiosqlite/cursor.py", line 32, in _execute
    return await self._conn._execute(fn, *args, **kwargs)
           ^^^^^^^^^^^^^^^^^^^^^^^^^^^^^^^^^^^^^^^^^^^^^^
  File "/usr/local/google/home/konstantint/Projects/prefecture/.venv/lib/python3.13/site-packages/aiosqlite/core.py", line 160, in _execute
    return await future
           ^^^^^^^^^^^^
  File "/usr/local/google/home/konstantint/Projects/prefecture/.venv/lib/python3.13/site-packages/aiosqlite/core.py", line 63, in _connection_worker_thread
    result = function()
sqlalchemy.exc.OperationalError: (sqlite3.OperationalError) unable to open database file
(Background on this error at: https://sqlalche.me/e/20/e3q8)

14:16:55.700 | ERROR   | uvicorn.error - Application startup failed. Exiting.
------------------------------ Captured log call -------------------------------
INFO     prefect:server.py:1127 Starting temporary server on http://127.0.0.1:8776
See https://docs.prefect.io/v3/concepts/server#how-to-guides for more information on running a dedicated Prefect server.
__________________ test_run_dir_file_loader_load_json_failure __________________

test_template_dir = PosixPath('/tmp/pytest-of-konstantint/pytest-2/test_run_dir_file_loader_load_1')

    def test_run_dir_file_loader_load_json_failure(test_template_dir):
        """Test that JSON decode failures always propagate and crash templating."""
        run_dir = test_template_dir / "2023-10-25"
        run_dir.mkdir()
    
        # Write invalid JSON
        with open(run_dir / "malformed.json", "w", encoding="utf-8") as f:
            f.write("{invalid-json}")
    
        prompt_config = {
            "template_file": "test_prompt.j2",
            "context_loaders": [
                {
                    "type": "run_dir_file",
                    "assign_to": "my_list",
                    "params": {"file_name": "malformed.json", "load_json": True},
                }
            ],
        }
    
        generator = templating.Jinja2Templater(
            config_dir=test_template_dir, run_dir=run_dir, **prompt_config
        )
    
        # Expecting json.JSONDecodeError
        with pytest.raises(json.JSONDecodeError):
>           generator()

prefecture/operations/templating_test.py:274: 
_ _ _ _ _ _ _ _ _ _ _ _ _ _ _ _ _ _ _ _ _ _ _ _ _ _ _ _ _ _ _ _ _ _ _ _ _ _ _ _ 
.venv/lib/python3.13/site-packages/prefect/tasks.py:1213: in __call__
    return run_task(
.venv/lib/python3.13/site-packages/prefect/task_engine.py:1902: in run_task
    return run_task_sync(**kwargs)
           ^^^^^^^^^^^^^^^^^^^^^^^
.venv/lib/python3.13/site-packages/prefect/task_engine.py:1667: in run_task_sync
    with engine.start(task_run_id=task_run_id, dependencies=dependencies):
         ^^^^^^^^^^^^^^^^^^^^^^^^^^^^^^^^^^^^^^^^^^^^^^^^^^^^^^^^^^^^^^^^
/usr/lib/python3.13/contextlib.py:141: in __enter__
    return next(self.gen)
           ^^^^^^^^^^^^^^
.venv/lib/python3.13/site-packages/prefect/task_engine.py:920: in start
    with self.initialize_run(task_run_id=task_run_id, dependencies=dependencies):
         ^^^^^^^^^^^^^^^^^^^^^^^^^^^^^^^^^^^^^^^^^^^^^^^^^^^^^^^^^^^^^^^^^^^^^^^
/usr/lib/python3.13/contextlib.py:141: in __enter__
    return next(self.gen)
           ^^^^^^^^^^^^^^
.venv/lib/python3.13/site-packages/prefect/task_engine.py:822: in initialize_run
    with SyncClientContext.get_or_create() as client_ctx:
         ^^^^^^^^^^^^^^^^^^^^^^^^^^^^^^^^^
/usr/lib/python3.13/contextlib.py:141: in __enter__
    return next(self.gen)
           ^^^^^^^^^^^^^^
.venv/lib/python3.13/site-packages/prefect/context.py:337: in get_or_create
    with cls() as ctx:
         ^^^^^
.venv/lib/python3.13/site-packages/prefect/context.py:305: in __init__
    client=get_client(sync_client=True, httpx_settings=httpx_settings),
           ^^^^^^^^^^^^^^^^^^^^^^^^^^^^^^^^^^^^^^^^^^^^^^^^^^^^^^^^^^^
.venv/lib/python3.13/site-packages/prefect/client/orchestration/__init__.py:252: in get_client
    server.start()
.venv/lib/python3.13/site-packages/prefect/server/api/server.py:1154: in start
    response.raise_for_status()
_ _ _ _ _ _ _ _ _ _ _ _ _ _ _ _ _ _ _ _ _ _ _ _ _ _ _ _ _ _ _ _ _ _ _ _ _ _ _ _ 

self = <Response [400 Bad Request]>

    def raise_for_status(self) -> Response:
        """
        Raise the `HTTPStatusError` if one occurred.
        """
        request = self._request
        if request is None:
            raise RuntimeError(
                "Cannot call `raise_for_status` as the request "
                "instance has not been set on this response."
            )
    
        if self.is_success:
            return self
    
        if self.has_redirect_location:
            message = (
                "{error_type} '{0.status_code} {0.reason_phrase}' for url '{0.url}'\n"
                "Redirect location: '{0.headers[location]}'\n"
                "For more information check: https://developer.mozilla.org/en-US/docs/Web/HTTP/Status/{0.status_code}"
            )
        else:
            message = (
                "{error_type} '{0.status_code} {0.reason_phrase}' for url '{0.url}'\n"
                "For more information check: https://developer.mozilla.org/en-US/docs/Web/HTTP/Status/{0.status_code}"
            )
    
        status_class = self.status_code // 100
        error_types = {
            1: "Informational response",
            3: "Redirect response",
            4: "Client error",
            5: "Server error",
        }
        error_type = error_types.get(status_class, "Invalid status code")
        message = message.format(self, error_type=error_type)
>       raise HTTPStatusError(message, request=request, response=self)
E       httpx.HTTPStatusError: Client error '400 Bad Request' for url 'http://127.0.0.1:8757/api/health'
E       For more information check: https://developer.mozilla.org/en-US/docs/Web/HTTP/Status/400

.venv/lib/python3.13/site-packages/httpx/_models.py:829: HTTPStatusError
----------------------------- Captured stderr call -----------------------------
14:16:58.422 | INFO    | prefect - Starting temporary server on http://127.0.0.1:8248
See https://docs.prefect.io/v3/concepts/server#how-to-guides for more information on running a dedicated Prefect server.
14:17:02.265 | ERROR   | uvicorn.error - Traceback (most recent call last):
  File "/usr/local/google/home/konstantint/Projects/prefecture/.venv/lib/python3.13/site-packages/sqlalchemy/engine/base.py", line 143, in __init__
    self._dbapi_connection = engine.raw_connection()
                             ~~~~~~~~~~~~~~~~~~~~~^^
  File "/usr/local/google/home/konstantint/Projects/prefecture/.venv/lib/python3.13/site-packages/sqlalchemy/engine/base.py", line 3317, in raw_connection
    return self.pool.connect()
           ~~~~~~~~~~~~~~~~~^^
  File "/usr/local/google/home/konstantint/Projects/prefecture/.venv/lib/python3.13/site-packages/sqlalchemy/pool/base.py", line 448, in connect
    return _ConnectionFairy._checkout(self)
           ~~~~~~~~~~~~~~~~~~~~~~~~~~^^^^^^
  File "/usr/local/google/home/konstantint/Projects/prefecture/.venv/lib/python3.13/site-packages/sqlalchemy/pool/base.py", line 1272, in _checkout
    fairy = _ConnectionRecord.checkout(pool)
  File "/usr/local/google/home/konstantint/Projects/prefecture/.venv/lib/python3.13/site-packages/sqlalchemy/pool/base.py", line 712, in checkout
    rec = pool._do_get()
  File "/usr/local/google/home/konstantint/Projects/prefecture/.venv/lib/python3.13/site-packages/sqlalchemy/pool/impl.py", line 177, in _do_get
    with util.safe_reraise():
         ~~~~~~~~~~~~~~~~~^^
  File "/usr/local/google/home/konstantint/Projects/prefecture/.venv/lib/python3.13/site-packages/sqlalchemy/util/langhelpers.py", line 121, in __exit__
    raise exc_value.with_traceback(exc_tb)
  File "/usr/local/google/home/konstantint/Projects/prefecture/.venv/lib/python3.13/site-packages/sqlalchemy/pool/impl.py", line 175, in _do_get
    return self._create_connection()
           ~~~~~~~~~~~~~~~~~~~~~~~^^
  File "/usr/local/google/home/konstantint/Projects/prefecture/.venv/lib/python3.13/site-packages/sqlalchemy/pool/base.py", line 389, in _create_connection
    return _ConnectionRecord(self)
  File "/usr/local/google/home/konstantint/Projects/prefecture/.venv/lib/python3.13/site-packages/sqlalchemy/pool/base.py", line 674, in __init__
    self.__connect()
    ~~~~~~~~~~~~~~^^
  File "/usr/local/google/home/konstantint/Projects/prefecture/.venv/lib/python3.13/site-packages/sqlalchemy/pool/base.py", line 914, in __connect
    )._exec_w_sync_on_first_run(self.dbapi_connection, self)
      ~~~~~~~~~~~~~~~~~~~~~~~~~^^^^^^^^^^^^^^^^^^^^^^^^^^^^^
  File "/usr/local/google/home/konstantint/Projects/prefecture/.venv/lib/python3.13/site-packages/sqlalchemy/event/attr.py", line 501, in _exec_w_sync_on_first_run
    self(*args, **kw)
    ~~~~^^^^^^^^^^^^^
  File "/usr/local/google/home/konstantint/Projects/prefecture/.venv/lib/python3.13/site-packages/sqlalchemy/event/attr.py", line 515, in __call__
    fn(*args, **kw)
    ~~^^^^^^^^^^^^^
  File "/usr/local/google/home/konstantint/Projects/prefecture/.venv/lib/python3.13/site-packages/prefect/server/database/configurations.py", line 530, in setup_sqlite
    cursor.execute("PRAGMA journal_mode = WAL;")
    ~~~~~~~~~~~~~~^^^^^^^^^^^^^^^^^^^^^^^^^^^^^^
  File "/usr/local/google/home/konstantint/Projects/prefecture/.venv/lib/python3.13/site-packages/sqlalchemy/dialects/sqlite/aiosqlite.py", line 182, in execute
    self._adapt_connection._handle_exception(error)
    ~~~~~~~~~~~~~~~~~~~~~~~~~~~~~~~~~~~~~~~~^^^^^^^
  File "/usr/local/google/home/konstantint/Projects/prefecture/.venv/lib/python3.13/site-packages/sqlalchemy/dialects/sqlite/aiosqlite.py", line 342, in _handle_exception
    raise error
  File "/usr/local/google/home/konstantint/Projects/prefecture/.venv/lib/python3.13/site-packages/sqlalchemy/dialects/sqlite/aiosqlite.py", line 162, in execute
    self.await_(_cursor.execute(operation))
    ~~~~~~~~~~~^^^^^^^^^^^^^^^^^^^^^^^^^^^^
  File "/usr/local/google/home/konstantint/Projects/prefecture/.venv/lib/python3.13/site-packages/sqlalchemy/util/_concurrency_py3k.py", line 132, in await_only
    return current.parent.switch(awaitable)  # type: ignore[no-any-return,attr-defined] # noqa: E501
           ~~~~~~~~~~~~~~~~~~~~~^^^^^^^^^^^
  File "/usr/local/google/home/konstantint/Projects/prefecture/.venv/lib/python3.13/site-packages/sqlalchemy/util/_concurrency_py3k.py", line 196, in greenlet_spawn
    value = await result
            ^^^^^^^^^^^^
  File "/usr/local/google/home/konstantint/Projects/prefecture/.venv/lib/python3.13/site-packages/aiosqlite/cursor.py", line 40, in execute
    await self._execute(self._cursor.execute, sql, parameters)
  File "/usr/local/google/home/konstantint/Projects/prefecture/.venv/lib/python3.13/site-packages/aiosqlite/cursor.py", line 32, in _execute
    return await self._conn._execute(fn, *args, **kwargs)
           ^^^^^^^^^^^^^^^^^^^^^^^^^^^^^^^^^^^^^^^^^^^^^^
  File "/usr/local/google/home/konstantint/Projects/prefecture/.venv/lib/python3.13/site-packages/aiosqlite/core.py", line 160, in _execute
    return await future
           ^^^^^^^^^^^^
  File "/usr/local/google/home/konstantint/Projects/prefecture/.venv/lib/python3.13/site-packages/aiosqlite/core.py", line 63, in _connection_worker_thread
    result = function()
sqlite3.OperationalError: unable to open database file

The above exception was the direct cause of the following exception:

Traceback (most recent call last):
  File "/usr/local/google/home/konstantint/Projects/prefecture/.venv/lib/python3.13/site-packages/starlette/routing.py", line 638, in lifespan
    async with self.lifespan_context(app) as maybe_state:
               ~~~~~~~~~~~~~~~~~~~~~^^^^^
  File "/usr/lib/python3.13/contextlib.py", line 214, in __aenter__
    return await anext(self.gen)
           ^^^^^^^^^^^^^^^^^^^^^
  File "/usr/local/google/home/konstantint/Projects/prefecture/.venv/lib/python3.13/site-packages/prefect/server/api/server.py", line 921, in lifespan
    await run_migrations()
  File "/usr/local/google/home/konstantint/Projects/prefecture/.venv/lib/python3.13/site-packages/prefect/server/api/server.py", line 898, in run_migrations
    await db.create_db()
  File "/usr/local/google/home/konstantint/Projects/prefecture/.venv/lib/python3.13/site-packages/prefect/server/database/interface.py", line 77, in create_db
    await self.run_migrations_upgrade()
  File "/usr/local/google/home/konstantint/Projects/prefecture/.venv/lib/python3.13/site-packages/prefect/server/database/interface.py", line 115, in run_migrations_upgrade
    await run_sync_in_worker_thread(alembic_upgrade)
  File "/usr/local/google/home/konstantint/Projects/prefecture/.venv/lib/python3.13/site-packages/prefect/utilities/asyncutils/__init__.py", line 233, in run_sync_in_worker_thread
    result = await anyio.to_thread.run_sync(
             ^^^^^^^^^^^^^^^^^^^^^^^^^^^^^^^
        call_with_mark, call, abandon_on_cancel=True, limiter=get_thread_limiter()
        ^^^^^^^^^^^^^^^^^^^^^^^^^^^^^^^^^^^^^^^^^^^^^^^^^^^^^^^^^^^^^^^^^^^^^^^^^^
    )
    ^
  File "/usr/local/google/home/konstantint/Projects/prefecture/.venv/lib/python3.13/site-packages/anyio/to_thread.py", line 63, in run_sync
    return await get_async_backend().run_sync_in_worker_thread(
           ^^^^^^^^^^^^^^^^^^^^^^^^^^^^^^^^^^^^^^^^^^^^^^^^^^^^
        func, args, abandon_on_cancel=abandon_on_cancel, limiter=limiter
        ^^^^^^^^^^^^^^^^^^^^^^^^^^^^^^^^^^^^^^^^^^^^^^^^^^^^^^^^^^^^^^^^
    )
    ^
  File "/usr/local/google/home/konstantint/Projects/prefecture/.venv/lib/python3.13/site-packages/anyio/_backends/_asyncio.py", line 2518, in run_sync_in_worker_thread
    return await future
           ^^^^^^^^^^^^
  File "/usr/local/google/home/konstantint/Projects/prefecture/.venv/lib/python3.13/site-packages/anyio/_backends/_asyncio.py", line 1002, in run
    result = context.run(func, *args)
  File "/usr/local/google/home/konstantint/Projects/prefecture/.venv/lib/python3.13/site-packages/prefect/utilities/asyncutils/__init__.py", line 243, in call_with_mark
    return call()
  File "/usr/local/google/home/konstantint/Projects/prefecture/.venv/lib/python3.13/site-packages/prefect/server/database/alembic_commands.py", line 36, in wrapper
    return fn(*args, **kwargs)
  File "/usr/local/google/home/konstantint/Projects/prefecture/.venv/lib/python3.13/site-packages/prefect/server/database/alembic_commands.py", line 72, in alembic_upgrade
    alembic.command.upgrade(alembic_config(), revision, sql=dry_run)
    ~~~~~~~~~~~~~~~~~~~~~~~^^^^^^^^^^^^^^^^^^^^^^^^^^^^^^^^^^^^^^^^^
  File "/usr/local/google/home/konstantint/Projects/prefecture/.venv/lib/python3.13/site-packages/alembic/command.py", line 483, in upgrade
    script.run_env()
    ~~~~~~~~~~~~~~^^
  File "/usr/local/google/home/konstantint/Projects/prefecture/.venv/lib/python3.13/site-packages/alembic/script/base.py", line 545, in run_env
    util.load_python_file(self.dir, "env.py")
    ~~~~~~~~~~~~~~~~~~~~~^^^^^^^^^^^^^^^^^^^^
  File "/usr/local/google/home/konstantint/Projects/prefecture/.venv/lib/python3.13/site-packages/alembic/util/pyfiles.py", line 116, in load_python_file
    module = load_module_py(module_id, path)
  File "/usr/local/google/home/konstantint/Projects/prefecture/.venv/lib/python3.13/site-packages/alembic/util/pyfiles.py", line 136, in load_module_py
    spec.loader.exec_module(module)  # type: ignore
    ~~~~~~~~~~~~~~~~~~~~~~~^^^^^^^^
  File "<frozen importlib._bootstrap_external>", line 1023, in exec_module
  File "<frozen importlib._bootstrap>", line 488, in _call_with_frames_removed
  File "/usr/local/google/home/konstantint/Projects/prefecture/.venv/lib/python3.13/site-packages/prefect/server/database/_migrations/env.py", line 201, in <module>
    run_async_from_worker_thread(apply_migrations)
    ~~~~~~~~~~~~~~~~~~~~~~~~~~~~^^^^^^^^^^^^^^^^^^
  File "/usr/local/google/home/konstantint/Projects/prefecture/.venv/lib/python3.13/site-packages/prefect/utilities/asyncutils/__init__.py", line 254, in run_async_from_worker_thread
    return anyio.from_thread.run(call)
           ~~~~~~~~~~~~~~~~~~~~~^^^^^^
  File "/usr/local/google/home/konstantint/Projects/prefecture/.venv/lib/python3.13/site-packages/anyio/from_thread.py", line 90, in run
    return token.backend_class.run_async_from_thread(
           ~~~~~~~~~~~~~~~~~~~~~~~~~~~~~~~~~~~~~~~~~^
        func, args, token=token.native_token if explicit_token else None
        ^^^^^^^^^^^^^^^^^^^^^^^^^^^^^^^^^^^^^^^^^^^^^^^^^^^^^^^^^^^^^^^^
    )
    ^
  File "/usr/local/google/home/konstantint/Projects/prefecture/.venv/lib/python3.13/site-packages/anyio/_backends/_asyncio.py", line 2565, in run_async_from_thread
    return f.result()
           ~~~~~~~~^^
  File "/usr/lib/python3.13/concurrent/futures/_base.py", line 460, in result
    return self.__get_result()
           ~~~~~~~~~~~~~~~~~^^
  File "/usr/lib/python3.13/concurrent/futures/_base.py", line 402, in __get_result
    raise self._exception
  File "/usr/local/google/home/konstantint/Projects/prefecture/.venv/lib/python3.13/site-packages/anyio/_backends/_asyncio.py", line 2546, in task_wrapper
    return await func(*args)
           ^^^^^^^^^^^^^^^^^
  File "/usr/local/google/home/konstantint/Projects/prefecture/.venv/lib/python3.13/site-packages/prefect/server/database/_migrations/env.py", line 189, in apply_migrations
    async with engine.connect() as connection:
               ~~~~~~~~~~~~~~^^
  File "/usr/local/google/home/konstantint/Projects/prefecture/.venv/lib/python3.13/site-packages/sqlalchemy/ext/asyncio/base.py", line 121, in __aenter__
    return await self.start(is_ctxmanager=True)
           ^^^^^^^^^^^^^^^^^^^^^^^^^^^^^^^^^^^^
  File "/usr/local/google/home/konstantint/Projects/prefecture/.venv/lib/python3.13/site-packages/sqlalchemy/ext/asyncio/engine.py", line 275, in start
    await greenlet_spawn(self.sync_engine.connect)
  File "/usr/local/google/home/konstantint/Projects/prefecture/.venv/lib/python3.13/site-packages/sqlalchemy/util/_concurrency_py3k.py", line 201, in greenlet_spawn
    result = context.throw(*sys.exc_info())
  File "/usr/local/google/home/konstantint/Projects/prefecture/.venv/lib/python3.13/site-packages/sqlalchemy/engine/base.py", line 3293, in connect
    return self._connection_cls(self)
           ~~~~~~~~~~~~~~~~~~~~^^^^^^
  File "/usr/local/google/home/konstantint/Projects/prefecture/.venv/lib/python3.13/site-packages/sqlalchemy/engine/base.py", line 145, in __init__
    Connection._handle_dbapi_exception_noconnection(
    ~~~~~~~~~~~~~~~~~~~~~~~~~~~~~~~~~~~~~~~~~~~~~~~^
        err, dialect, engine
        ^^^^^^^^^^^^^^^^^^^^
    )
    ^
  File "/usr/local/google/home/konstantint/Projects/prefecture/.venv/lib/python3.13/site-packages/sqlalchemy/engine/base.py", line 2448, in _handle_dbapi_exception_noconnection
    raise sqlalchemy_exception.with_traceback(exc_info[2]) from e
  File "/usr/local/google/home/konstantint/Projects/prefecture/.venv/lib/python3.13/site-packages/sqlalchemy/engine/base.py", line 143, in __init__
    self._dbapi_connection = engine.raw_connection()
                             ~~~~~~~~~~~~~~~~~~~~~^^
  File "/usr/local/google/home/konstantint/Projects/prefecture/.venv/lib/python3.13/site-packages/sqlalchemy/engine/base.py", line 3317, in raw_connection
    return self.pool.connect()
           ~~~~~~~~~~~~~~~~~^^
  File "/usr/local/google/home/konstantint/Projects/prefecture/.venv/lib/python3.13/site-packages/sqlalchemy/pool/base.py", line 448, in connect
    return _ConnectionFairy._checkout(self)
           ~~~~~~~~~~~~~~~~~~~~~~~~~~^^^^^^
  File "/usr/local/google/home/konstantint/Projects/prefecture/.venv/lib/python3.13/site-packages/sqlalchemy/pool/base.py", line 1272, in _checkout
    fairy = _ConnectionRecord.checkout(pool)
  File "/usr/local/google/home/konstantint/Projects/prefecture/.venv/lib/python3.13/site-packages/sqlalchemy/pool/base.py", line 712, in checkout
    rec = pool._do_get()
  File "/usr/local/google/home/konstantint/Projects/prefecture/.venv/lib/python3.13/site-packages/sqlalchemy/pool/impl.py", line 177, in _do_get
    with util.safe_reraise():
         ~~~~~~~~~~~~~~~~~^^
  File "/usr/local/google/home/konstantint/Projects/prefecture/.venv/lib/python3.13/site-packages/sqlalchemy/util/langhelpers.py", line 121, in __exit__
    raise exc_value.with_traceback(exc_tb)
  File "/usr/local/google/home/konstantint/Projects/prefecture/.venv/lib/python3.13/site-packages/sqlalchemy/pool/impl.py", line 175, in _do_get
    return self._create_connection()
           ~~~~~~~~~~~~~~~~~~~~~~~^^
  File "/usr/local/google/home/konstantint/Projects/prefecture/.venv/lib/python3.13/site-packages/sqlalchemy/pool/base.py", line 389, in _create_connection
    return _ConnectionRecord(self)
  File "/usr/local/google/home/konstantint/Projects/prefecture/.venv/lib/python3.13/site-packages/sqlalchemy/pool/base.py", line 674, in __init__
    self.__connect()
    ~~~~~~~~~~~~~~^^
  File "/usr/local/google/home/konstantint/Projects/prefecture/.venv/lib/python3.13/site-packages/sqlalchemy/pool/base.py", line 914, in __connect
    )._exec_w_sync_on_first_run(self.dbapi_connection, self)
      ~~~~~~~~~~~~~~~~~~~~~~~~~^^^^^^^^^^^^^^^^^^^^^^^^^^^^^
  File "/usr/local/google/home/konstantint/Projects/prefecture/.venv/lib/python3.13/site-packages/sqlalchemy/event/attr.py", line 501, in _exec_w_sync_on_first_run
    self(*args, **kw)
    ~~~~^^^^^^^^^^^^^
  File "/usr/local/google/home/konstantint/Projects/prefecture/.venv/lib/python3.13/site-packages/sqlalchemy/event/attr.py", line 515, in __call__
    fn(*args, **kw)
    ~~^^^^^^^^^^^^^
  File "/usr/local/google/home/konstantint/Projects/prefecture/.venv/lib/python3.13/site-packages/prefect/server/database/configurations.py", line 530, in setup_sqlite
    cursor.execute("PRAGMA journal_mode = WAL;")
    ~~~~~~~~~~~~~~^^^^^^^^^^^^^^^^^^^^^^^^^^^^^^
  File "/usr/local/google/home/konstantint/Projects/prefecture/.venv/lib/python3.13/site-packages/sqlalchemy/dialects/sqlite/aiosqlite.py", line 182, in execute
    self._adapt_connection._handle_exception(error)
    ~~~~~~~~~~~~~~~~~~~~~~~~~~~~~~~~~~~~~~~~^^^^^^^
  File "/usr/local/google/home/konstantint/Projects/prefecture/.venv/lib/python3.13/site-packages/sqlalchemy/dialects/sqlite/aiosqlite.py", line 342, in _handle_exception
    raise error
  File "/usr/local/google/home/konstantint/Projects/prefecture/.venv/lib/python3.13/site-packages/sqlalchemy/dialects/sqlite/aiosqlite.py", line 162, in execute
    self.await_(_cursor.execute(operation))
    ~~~~~~~~~~~^^^^^^^^^^^^^^^^^^^^^^^^^^^^
  File "/usr/local/google/home/konstantint/Projects/prefecture/.venv/lib/python3.13/site-packages/sqlalchemy/util/_concurrency_py3k.py", line 132, in await_only
    return current.parent.switch(awaitable)  # type: ignore[no-any-return,attr-defined] # noqa: E501
           ~~~~~~~~~~~~~~~~~~~~~^^^^^^^^^^^
  File "/usr/local/google/home/konstantint/Projects/prefecture/.venv/lib/python3.13/site-packages/sqlalchemy/util/_concurrency_py3k.py", line 196, in greenlet_spawn
    value = await result
            ^^^^^^^^^^^^
  File "/usr/local/google/home/konstantint/Projects/prefecture/.venv/lib/python3.13/site-packages/aiosqlite/cursor.py", line 40, in execute
    await self._execute(self._cursor.execute, sql, parameters)
  File "/usr/local/google/home/konstantint/Projects/prefecture/.venv/lib/python3.13/site-packages/aiosqlite/cursor.py", line 32, in _execute
    return await self._conn._execute(fn, *args, **kwargs)
           ^^^^^^^^^^^^^^^^^^^^^^^^^^^^^^^^^^^^^^^^^^^^^^
  File "/usr/local/google/home/konstantint/Projects/prefecture/.venv/lib/python3.13/site-packages/aiosqlite/core.py", line 160, in _execute
    return await future
           ^^^^^^^^^^^^
  File "/usr/local/google/home/konstantint/Projects/prefecture/.venv/lib/python3.13/site-packages/aiosqlite/core.py", line 63, in _connection_worker_thread
    result = function()
sqlalchemy.exc.OperationalError: (sqlite3.OperationalError) unable to open database file
(Background on this error at: https://sqlalche.me/e/20/e3q8)

14:17:02.294 | ERROR   | uvicorn.error - Application startup failed. Exiting.
14:17:04.443 | ERROR   | uvicorn.error - Traceback (most recent call last):
  File "/usr/local/google/home/konstantint/Projects/prefecture/.venv/lib/python3.13/site-packages/sqlalchemy/engine/base.py", line 143, in __init__
    self._dbapi_connection = engine.raw_connection()
                             ~~~~~~~~~~~~~~~~~~~~~^^
  File "/usr/local/google/home/konstantint/Projects/prefecture/.venv/lib/python3.13/site-packages/sqlalchemy/engine/base.py", line 3317, in raw_connection
    return self.pool.connect()
           ~~~~~~~~~~~~~~~~~^^
  File "/usr/local/google/home/konstantint/Projects/prefecture/.venv/lib/python3.13/site-packages/sqlalchemy/pool/base.py", line 448, in connect
    return _ConnectionFairy._checkout(self)
           ~~~~~~~~~~~~~~~~~~~~~~~~~~^^^^^^
  File "/usr/local/google/home/konstantint/Projects/prefecture/.venv/lib/python3.13/site-packages/sqlalchemy/pool/base.py", line 1272, in _checkout
    fairy = _ConnectionRecord.checkout(pool)
  File "/usr/local/google/home/konstantint/Projects/prefecture/.venv/lib/python3.13/site-packages/sqlalchemy/pool/base.py", line 712, in checkout
    rec = pool._do_get()
  File "/usr/local/google/home/konstantint/Projects/prefecture/.venv/lib/python3.13/site-packages/sqlalchemy/pool/impl.py", line 177, in _do_get
    with util.safe_reraise():
         ~~~~~~~~~~~~~~~~~^^
  File "/usr/local/google/home/konstantint/Projects/prefecture/.venv/lib/python3.13/site-packages/sqlalchemy/util/langhelpers.py", line 121, in __exit__
    raise exc_value.with_traceback(exc_tb)
  File "/usr/local/google/home/konstantint/Projects/prefecture/.venv/lib/python3.13/site-packages/sqlalchemy/pool/impl.py", line 175, in _do_get
    return self._create_connection()
           ~~~~~~~~~~~~~~~~~~~~~~~^^
  File "/usr/local/google/home/konstantint/Projects/prefecture/.venv/lib/python3.13/site-packages/sqlalchemy/pool/base.py", line 389, in _create_connection
    return _ConnectionRecord(self)
  File "/usr/local/google/home/konstantint/Projects/prefecture/.venv/lib/python3.13/site-packages/sqlalchemy/pool/base.py", line 674, in __init__
    self.__connect()
    ~~~~~~~~~~~~~~^^
  File "/usr/local/google/home/konstantint/Projects/prefecture/.venv/lib/python3.13/site-packages/sqlalchemy/pool/base.py", line 914, in __connect
    )._exec_w_sync_on_first_run(self.dbapi_connection, self)
      ~~~~~~~~~~~~~~~~~~~~~~~~~^^^^^^^^^^^^^^^^^^^^^^^^^^^^^
  File "/usr/local/google/home/konstantint/Projects/prefecture/.venv/lib/python3.13/site-packages/sqlalchemy/event/attr.py", line 501, in _exec_w_sync_on_first_run
    self(*args, **kw)
    ~~~~^^^^^^^^^^^^^
  File "/usr/local/google/home/konstantint/Projects/prefecture/.venv/lib/python3.13/site-packages/sqlalchemy/event/attr.py", line 515, in __call__
    fn(*args, **kw)
    ~~^^^^^^^^^^^^^
  File "/usr/local/google/home/konstantint/Projects/prefecture/.venv/lib/python3.13/site-packages/prefect/server/database/configurations.py", line 530, in setup_sqlite
    cursor.execute("PRAGMA journal_mode = WAL;")
    ~~~~~~~~~~~~~~^^^^^^^^^^^^^^^^^^^^^^^^^^^^^^
  File "/usr/local/google/home/konstantint/Projects/prefecture/.venv/lib/python3.13/site-packages/sqlalchemy/dialects/sqlite/aiosqlite.py", line 182, in execute
    self._adapt_connection._handle_exception(error)
    ~~~~~~~~~~~~~~~~~~~~~~~~~~~~~~~~~~~~~~~~^^^^^^^
  File "/usr/local/google/home/konstantint/Projects/prefecture/.venv/lib/python3.13/site-packages/sqlalchemy/dialects/sqlite/aiosqlite.py", line 342, in _handle_exception
    raise error
  File "/usr/local/google/home/konstantint/Projects/prefecture/.venv/lib/python3.13/site-packages/sqlalchemy/dialects/sqlite/aiosqlite.py", line 162, in execute
    self.await_(_cursor.execute(operation))
    ~~~~~~~~~~~^^^^^^^^^^^^^^^^^^^^^^^^^^^^
  File "/usr/local/google/home/konstantint/Projects/prefecture/.venv/lib/python3.13/site-packages/sqlalchemy/util/_concurrency_py3k.py", line 132, in await_only
    return current.parent.switch(awaitable)  # type: ignore[no-any-return,attr-defined] # noqa: E501
           ~~~~~~~~~~~~~~~~~~~~~^^^^^^^^^^^
  File "/usr/local/google/home/konstantint/Projects/prefecture/.venv/lib/python3.13/site-packages/sqlalchemy/util/_concurrency_py3k.py", line 196, in greenlet_spawn
    value = await result
            ^^^^^^^^^^^^
  File "/usr/local/google/home/konstantint/Projects/prefecture/.venv/lib/python3.13/site-packages/aiosqlite/cursor.py", line 40, in execute
    await self._execute(self._cursor.execute, sql, parameters)
  File "/usr/local/google/home/konstantint/Projects/prefecture/.venv/lib/python3.13/site-packages/aiosqlite/cursor.py", line 32, in _execute
    return await self._conn._execute(fn, *args, **kwargs)
           ^^^^^^^^^^^^^^^^^^^^^^^^^^^^^^^^^^^^^^^^^^^^^^
  File "/usr/local/google/home/konstantint/Projects/prefecture/.venv/lib/python3.13/site-packages/aiosqlite/core.py", line 160, in _execute
    return await future
           ^^^^^^^^^^^^
  File "/usr/local/google/home/konstantint/Projects/prefecture/.venv/lib/python3.13/site-packages/aiosqlite/core.py", line 63, in _connection_worker_thread
    result = function()
sqlite3.OperationalError: unable to open database file

The above exception was the direct cause of the following exception:

Traceback (most recent call last):
  File "/usr/local/google/home/konstantint/Projects/prefecture/.venv/lib/python3.13/site-packages/starlette/routing.py", line 638, in lifespan
    async with self.lifespan_context(app) as maybe_state:
               ~~~~~~~~~~~~~~~~~~~~~^^^^^
  File "/usr/lib/python3.13/contextlib.py", line 214, in __aenter__
    return await anext(self.gen)
           ^^^^^^^^^^^^^^^^^^^^^
  File "/usr/local/google/home/konstantint/Projects/prefecture/.venv/lib/python3.13/site-packages/prefect/server/api/server.py", line 921, in lifespan
    await run_migrations()
  File "/usr/local/google/home/konstantint/Projects/prefecture/.venv/lib/python3.13/site-packages/prefect/server/api/server.py", line 898, in run_migrations
    await db.create_db()
  File "/usr/local/google/home/konstantint/Projects/prefecture/.venv/lib/python3.13/site-packages/prefect/server/database/interface.py", line 77, in create_db
    await self.run_migrations_upgrade()
  File "/usr/local/google/home/konstantint/Projects/prefecture/.venv/lib/python3.13/site-packages/prefect/server/database/interface.py", line 115, in run_migrations_upgrade
    await run_sync_in_worker_thread(alembic_upgrade)
  File "/usr/local/google/home/konstantint/Projects/prefecture/.venv/lib/python3.13/site-packages/prefect/utilities/asyncutils/__init__.py", line 233, in run_sync_in_worker_thread
    result = await anyio.to_thread.run_sync(
             ^^^^^^^^^^^^^^^^^^^^^^^^^^^^^^^
        call_with_mark, call, abandon_on_cancel=True, limiter=get_thread_limiter()
        ^^^^^^^^^^^^^^^^^^^^^^^^^^^^^^^^^^^^^^^^^^^^^^^^^^^^^^^^^^^^^^^^^^^^^^^^^^
    )
    ^
  File "/usr/local/google/home/konstantint/Projects/prefecture/.venv/lib/python3.13/site-packages/anyio/to_thread.py", line 63, in run_sync
    return await get_async_backend().run_sync_in_worker_thread(
           ^^^^^^^^^^^^^^^^^^^^^^^^^^^^^^^^^^^^^^^^^^^^^^^^^^^^
        func, args, abandon_on_cancel=abandon_on_cancel, limiter=limiter
        ^^^^^^^^^^^^^^^^^^^^^^^^^^^^^^^^^^^^^^^^^^^^^^^^^^^^^^^^^^^^^^^^
    )
    ^
  File "/usr/local/google/home/konstantint/Projects/prefecture/.venv/lib/python3.13/site-packages/anyio/_backends/_asyncio.py", line 2518, in run_sync_in_worker_thread
    return await future
           ^^^^^^^^^^^^
  File "/usr/local/google/home/konstantint/Projects/prefecture/.venv/lib/python3.13/site-packages/anyio/_backends/_asyncio.py", line 1002, in run
    result = context.run(func, *args)
  File "/usr/local/google/home/konstantint/Projects/prefecture/.venv/lib/python3.13/site-packages/prefect/utilities/asyncutils/__init__.py", line 243, in call_with_mark
    return call()
  File "/usr/local/google/home/konstantint/Projects/prefecture/.venv/lib/python3.13/site-packages/prefect/server/database/alembic_commands.py", line 36, in wrapper
    return fn(*args, **kwargs)
  File "/usr/local/google/home/konstantint/Projects/prefecture/.venv/lib/python3.13/site-packages/prefect/server/database/alembic_commands.py", line 72, in alembic_upgrade
    alembic.command.upgrade(alembic_config(), revision, sql=dry_run)
    ~~~~~~~~~~~~~~~~~~~~~~~^^^^^^^^^^^^^^^^^^^^^^^^^^^^^^^^^^^^^^^^^
  File "/usr/local/google/home/konstantint/Projects/prefecture/.venv/lib/python3.13/site-packages/alembic/command.py", line 483, in upgrade
    script.run_env()
    ~~~~~~~~~~~~~~^^
  File "/usr/local/google/home/konstantint/Projects/prefecture/.venv/lib/python3.13/site-packages/alembic/script/base.py", line 545, in run_env
    util.load_python_file(self.dir, "env.py")
    ~~~~~~~~~~~~~~~~~~~~~^^^^^^^^^^^^^^^^^^^^
  File "/usr/local/google/home/konstantint/Projects/prefecture/.venv/lib/python3.13/site-packages/alembic/util/pyfiles.py", line 116, in load_python_file
    module = load_module_py(module_id, path)
  File "/usr/local/google/home/konstantint/Projects/prefecture/.venv/lib/python3.13/site-packages/alembic/util/pyfiles.py", line 136, in load_module_py
    spec.loader.exec_module(module)  # type: ignore
    ~~~~~~~~~~~~~~~~~~~~~~~^^^^^^^^
  File "<frozen importlib._bootstrap_external>", line 1023, in exec_module
  File "<frozen importlib._bootstrap>", line 488, in _call_with_frames_removed
  File "/usr/local/google/home/konstantint/Projects/prefecture/.venv/lib/python3.13/site-packages/prefect/server/database/_migrations/env.py", line 201, in <module>
    run_async_from_worker_thread(apply_migrations)
    ~~~~~~~~~~~~~~~~~~~~~~~~~~~~^^^^^^^^^^^^^^^^^^
  File "/usr/local/google/home/konstantint/Projects/prefecture/.venv/lib/python3.13/site-packages/prefect/utilities/asyncutils/__init__.py", line 254, in run_async_from_worker_thread
    return anyio.from_thread.run(call)
           ~~~~~~~~~~~~~~~~~~~~~^^^^^^
  File "/usr/local/google/home/konstantint/Projects/prefecture/.venv/lib/python3.13/site-packages/anyio/from_thread.py", line 90, in run
    return token.backend_class.run_async_from_thread(
           ~~~~~~~~~~~~~~~~~~~~~~~~~~~~~~~~~~~~~~~~~^
        func, args, token=token.native_token if explicit_token else None
        ^^^^^^^^^^^^^^^^^^^^^^^^^^^^^^^^^^^^^^^^^^^^^^^^^^^^^^^^^^^^^^^^
    )
    ^
  File "/usr/local/google/home/konstantint/Projects/prefecture/.venv/lib/python3.13/site-packages/anyio/_backends/_asyncio.py", line 2565, in run_async_from_thread
    return f.result()
           ~~~~~~~~^^
  File "/usr/lib/python3.13/concurrent/futures/_base.py", line 460, in result
    return self.__get_result()
           ~~~~~~~~~~~~~~~~~^^
  File "/usr/lib/python3.13/concurrent/futures/_base.py", line 402, in __get_result
    raise self._exception
  File "/usr/local/google/home/konstantint/Projects/prefecture/.venv/lib/python3.13/site-packages/anyio/_backends/_asyncio.py", line 2546, in task_wrapper
    return await func(*args)
           ^^^^^^^^^^^^^^^^^
  File "/usr/local/google/home/konstantint/Projects/prefecture/.venv/lib/python3.13/site-packages/prefect/server/database/_migrations/env.py", line 189, in apply_migrations
    async with engine.connect() as connection:
               ~~~~~~~~~~~~~~^^
  File "/usr/local/google/home/konstantint/Projects/prefecture/.venv/lib/python3.13/site-packages/sqlalchemy/ext/asyncio/base.py", line 121, in __aenter__
    return await self.start(is_ctxmanager=True)
           ^^^^^^^^^^^^^^^^^^^^^^^^^^^^^^^^^^^^
  File "/usr/local/google/home/konstantint/Projects/prefecture/.venv/lib/python3.13/site-packages/sqlalchemy/ext/asyncio/engine.py", line 275, in start
    await greenlet_spawn(self.sync_engine.connect)
  File "/usr/local/google/home/konstantint/Projects/prefecture/.venv/lib/python3.13/site-packages/sqlalchemy/util/_concurrency_py3k.py", line 201, in greenlet_spawn
    result = context.throw(*sys.exc_info())
  File "/usr/local/google/home/konstantint/Projects/prefecture/.venv/lib/python3.13/site-packages/sqlalchemy/engine/base.py", line 3293, in connect
    return self._connection_cls(self)
           ~~~~~~~~~~~~~~~~~~~~^^^^^^
  File "/usr/local/google/home/konstantint/Projects/prefecture/.venv/lib/python3.13/site-packages/sqlalchemy/engine/base.py", line 145, in __init__
    Connection._handle_dbapi_exception_noconnection(
    ~~~~~~~~~~~~~~~~~~~~~~~~~~~~~~~~~~~~~~~~~~~~~~~^
        err, dialect, engine
        ^^^^^^^^^^^^^^^^^^^^
    )
    ^
  File "/usr/local/google/home/konstantint/Projects/prefecture/.venv/lib/python3.13/site-packages/sqlalchemy/engine/base.py", line 2448, in _handle_dbapi_exception_noconnection
    raise sqlalchemy_exception.with_traceback(exc_info[2]) from e
  File "/usr/local/google/home/konstantint/Projects/prefecture/.venv/lib/python3.13/site-packages/sqlalchemy/engine/base.py", line 143, in __init__
    self._dbapi_connection = engine.raw_connection()
                             ~~~~~~~~~~~~~~~~~~~~~^^
  File "/usr/local/google/home/konstantint/Projects/prefecture/.venv/lib/python3.13/site-packages/sqlalchemy/engine/base.py", line 3317, in raw_connection
    return self.pool.connect()
           ~~~~~~~~~~~~~~~~~^^
  File "/usr/local/google/home/konstantint/Projects/prefecture/.venv/lib/python3.13/site-packages/sqlalchemy/pool/base.py", line 448, in connect
    return _ConnectionFairy._checkout(self)
           ~~~~~~~~~~~~~~~~~~~~~~~~~~^^^^^^
  File "/usr/local/google/home/konstantint/Projects/prefecture/.venv/lib/python3.13/site-packages/sqlalchemy/pool/base.py", line 1272, in _checkout
    fairy = _ConnectionRecord.checkout(pool)
  File "/usr/local/google/home/konstantint/Projects/prefecture/.venv/lib/python3.13/site-packages/sqlalchemy/pool/base.py", line 712, in checkout
    rec = pool._do_get()
  File "/usr/local/google/home/konstantint/Projects/prefecture/.venv/lib/python3.13/site-packages/sqlalchemy/pool/impl.py", line 177, in _do_get
    with util.safe_reraise():
         ~~~~~~~~~~~~~~~~~^^
  File "/usr/local/google/home/konstantint/Projects/prefecture/.venv/lib/python3.13/site-packages/sqlalchemy/util/langhelpers.py", line 121, in __exit__
    raise exc_value.with_traceback(exc_tb)
  File "/usr/local/google/home/konstantint/Projects/prefecture/.venv/lib/python3.13/site-packages/sqlalchemy/pool/impl.py", line 175, in _do_get
    return self._create_connection()
           ~~~~~~~~~~~~~~~~~~~~~~~^^
  File "/usr/local/google/home/konstantint/Projects/prefecture/.venv/lib/python3.13/site-packages/sqlalchemy/pool/base.py", line 389, in _create_connection
    return _ConnectionRecord(self)
  File "/usr/local/google/home/konstantint/Projects/prefecture/.venv/lib/python3.13/site-packages/sqlalchemy/pool/base.py", line 674, in __init__
    self.__connect()
    ~~~~~~~~~~~~~~^^
  File "/usr/local/google/home/konstantint/Projects/prefecture/.venv/lib/python3.13/site-packages/sqlalchemy/pool/base.py", line 914, in __connect
    )._exec_w_sync_on_first_run(self.dbapi_connection, self)
      ~~~~~~~~~~~~~~~~~~~~~~~~~^^^^^^^^^^^^^^^^^^^^^^^^^^^^^
  File "/usr/local/google/home/konstantint/Projects/prefecture/.venv/lib/python3.13/site-packages/sqlalchemy/event/attr.py", line 501, in _exec_w_sync_on_first_run
    self(*args, **kw)
    ~~~~^^^^^^^^^^^^^
  File "/usr/local/google/home/konstantint/Projects/prefecture/.venv/lib/python3.13/site-packages/sqlalchemy/event/attr.py", line 515, in __call__
    fn(*args, **kw)
    ~~^^^^^^^^^^^^^
  File "/usr/local/google/home/konstantint/Projects/prefecture/.venv/lib/python3.13/site-packages/prefect/server/database/configurations.py", line 530, in setup_sqlite
    cursor.execute("PRAGMA journal_mode = WAL;")
    ~~~~~~~~~~~~~~^^^^^^^^^^^^^^^^^^^^^^^^^^^^^^
  File "/usr/local/google/home/konstantint/Projects/prefecture/.venv/lib/python3.13/site-packages/sqlalchemy/dialects/sqlite/aiosqlite.py", line 182, in execute
    self._adapt_connection._handle_exception(error)
    ~~~~~~~~~~~~~~~~~~~~~~~~~~~~~~~~~~~~~~~~^^^^^^^
  File "/usr/local/google/home/konstantint/Projects/prefecture/.venv/lib/python3.13/site-packages/sqlalchemy/dialects/sqlite/aiosqlite.py", line 342, in _handle_exception
    raise error
  File "/usr/local/google/home/konstantint/Projects/prefecture/.venv/lib/python3.13/site-packages/sqlalchemy/dialects/sqlite/aiosqlite.py", line 162, in execute
    self.await_(_cursor.execute(operation))
    ~~~~~~~~~~~^^^^^^^^^^^^^^^^^^^^^^^^^^^^
  File "/usr/local/google/home/konstantint/Projects/prefecture/.venv/lib/python3.13/site-packages/sqlalchemy/util/_concurrency_py3k.py", line 132, in await_only
    return current.parent.switch(awaitable)  # type: ignore[no-any-return,attr-defined] # noqa: E501
           ~~~~~~~~~~~~~~~~~~~~~^^^^^^^^^^^
  File "/usr/local/google/home/konstantint/Projects/prefecture/.venv/lib/python3.13/site-packages/sqlalchemy/util/_concurrency_py3k.py", line 196, in greenlet_spawn
    value = await result
            ^^^^^^^^^^^^
  File "/usr/local/google/home/konstantint/Projects/prefecture/.venv/lib/python3.13/site-packages/aiosqlite/cursor.py", line 40, in execute
    await self._execute(self._cursor.execute, sql, parameters)
  File "/usr/local/google/home/konstantint/Projects/prefecture/.venv/lib/python3.13/site-packages/aiosqlite/cursor.py", line 32, in _execute
    return await self._conn._execute(fn, *args, **kwargs)
           ^^^^^^^^^^^^^^^^^^^^^^^^^^^^^^^^^^^^^^^^^^^^^^
  File "/usr/local/google/home/konstantint/Projects/prefecture/.venv/lib/python3.13/site-packages/aiosqlite/core.py", line 160, in _execute
    return await future
           ^^^^^^^^^^^^
  File "/usr/local/google/home/konstantint/Projects/prefecture/.venv/lib/python3.13/site-packages/aiosqlite/core.py", line 63, in _connection_worker_thread
    result = function()
sqlalchemy.exc.OperationalError: (sqlite3.OperationalError) unable to open database file
(Background on this error at: https://sqlalche.me/e/20/e3q8)

14:17:04.460 | ERROR   | uvicorn.error - Application startup failed. Exiting.
14:17:10.657 | ERROR   | uvicorn.error - Traceback (most recent call last):
  File "/usr/local/google/home/konstantint/Projects/prefecture/.venv/lib/python3.13/site-packages/sqlalchemy/engine/base.py", line 143, in __init__
    self._dbapi_connection = engine.raw_connection()
                             ~~~~~~~~~~~~~~~~~~~~~^^
  File "/usr/local/google/home/konstantint/Projects/prefecture/.venv/lib/python3.13/site-packages/sqlalchemy/engine/base.py", line 3317, in raw_connection
    return self.pool.connect()
           ~~~~~~~~~~~~~~~~~^^
  File "/usr/local/google/home/konstantint/Projects/prefecture/.venv/lib/python3.13/site-packages/sqlalchemy/pool/base.py", line 448, in connect
    return _ConnectionFairy._checkout(self)
           ~~~~~~~~~~~~~~~~~~~~~~~~~~^^^^^^
  File "/usr/local/google/home/konstantint/Projects/prefecture/.venv/lib/python3.13/site-packages/sqlalchemy/pool/base.py", line 1272, in _checkout
    fairy = _ConnectionRecord.checkout(pool)
  File "/usr/local/google/home/konstantint/Projects/prefecture/.venv/lib/python3.13/site-packages/sqlalchemy/pool/base.py", line 712, in checkout
    rec = pool._do_get()
  File "/usr/local/google/home/konstantint/Projects/prefecture/.venv/lib/python3.13/site-packages/sqlalchemy/pool/impl.py", line 177, in _do_get
    with util.safe_reraise():
         ~~~~~~~~~~~~~~~~~^^
  File "/usr/local/google/home/konstantint/Projects/prefecture/.venv/lib/python3.13/site-packages/sqlalchemy/util/langhelpers.py", line 121, in __exit__
    raise exc_value.with_traceback(exc_tb)
  File "/usr/local/google/home/konstantint/Projects/prefecture/.venv/lib/python3.13/site-packages/sqlalchemy/pool/impl.py", line 175, in _do_get
    return self._create_connection()
           ~~~~~~~~~~~~~~~~~~~~~~~^^
  File "/usr/local/google/home/konstantint/Projects/prefecture/.venv/lib/python3.13/site-packages/sqlalchemy/pool/base.py", line 389, in _create_connection
    return _ConnectionRecord(self)
  File "/usr/local/google/home/konstantint/Projects/prefecture/.venv/lib/python3.13/site-packages/sqlalchemy/pool/base.py", line 674, in __init__
    self.__connect()
    ~~~~~~~~~~~~~~^^
  File "/usr/local/google/home/konstantint/Projects/prefecture/.venv/lib/python3.13/site-packages/sqlalchemy/pool/base.py", line 914, in __connect
    )._exec_w_sync_on_first_run(self.dbapi_connection, self)
      ~~~~~~~~~~~~~~~~~~~~~~~~~^^^^^^^^^^^^^^^^^^^^^^^^^^^^^
  File "/usr/local/google/home/konstantint/Projects/prefecture/.venv/lib/python3.13/site-packages/sqlalchemy/event/attr.py", line 501, in _exec_w_sync_on_first_run
    self(*args, **kw)
    ~~~~^^^^^^^^^^^^^
  File "/usr/local/google/home/konstantint/Projects/prefecture/.venv/lib/python3.13/site-packages/sqlalchemy/event/attr.py", line 515, in __call__
    fn(*args, **kw)
    ~~^^^^^^^^^^^^^
  File "/usr/local/google/home/konstantint/Projects/prefecture/.venv/lib/python3.13/site-packages/prefect/server/database/configurations.py", line 530, in setup_sqlite
    cursor.execute("PRAGMA journal_mode = WAL;")
    ~~~~~~~~~~~~~~^^^^^^^^^^^^^^^^^^^^^^^^^^^^^^
  File "/usr/local/google/home/konstantint/Projects/prefecture/.venv/lib/python3.13/site-packages/sqlalchemy/dialects/sqlite/aiosqlite.py", line 182, in execute
    self._adapt_connection._handle_exception(error)
    ~~~~~~~~~~~~~~~~~~~~~~~~~~~~~~~~~~~~~~~~^^^^^^^
  File "/usr/local/google/home/konstantint/Projects/prefecture/.venv/lib/python3.13/site-packages/sqlalchemy/dialects/sqlite/aiosqlite.py", line 342, in _handle_exception
    raise error
  File "/usr/local/google/home/konstantint/Projects/prefecture/.venv/lib/python3.13/site-packages/sqlalchemy/dialects/sqlite/aiosqlite.py", line 162, in execute
    self.await_(_cursor.execute(operation))
    ~~~~~~~~~~~^^^^^^^^^^^^^^^^^^^^^^^^^^^^
  File "/usr/local/google/home/konstantint/Projects/prefecture/.venv/lib/python3.13/site-packages/sqlalchemy/util/_concurrency_py3k.py", line 132, in await_only
    return current.parent.switch(awaitable)  # type: ignore[no-any-return,attr-defined] # noqa: E501
           ~~~~~~~~~~~~~~~~~~~~~^^^^^^^^^^^
  File "/usr/local/google/home/konstantint/Projects/prefecture/.venv/lib/python3.13/site-packages/sqlalchemy/util/_concurrency_py3k.py", line 196, in greenlet_spawn
    value = await result
            ^^^^^^^^^^^^
  File "/usr/local/google/home/konstantint/Projects/prefecture/.venv/lib/python3.13/site-packages/aiosqlite/cursor.py", line 40, in execute
    await self._execute(self._cursor.execute, sql, parameters)
  File "/usr/local/google/home/konstantint/Projects/prefecture/.venv/lib/python3.13/site-packages/aiosqlite/cursor.py", line 32, in _execute
    return await self._conn._execute(fn, *args, **kwargs)
           ^^^^^^^^^^^^^^^^^^^^^^^^^^^^^^^^^^^^^^^^^^^^^^
  File "/usr/local/google/home/konstantint/Projects/prefecture/.venv/lib/python3.13/site-packages/aiosqlite/core.py", line 160, in _execute
    return await future
           ^^^^^^^^^^^^
  File "/usr/local/google/home/konstantint/Projects/prefecture/.venv/lib/python3.13/site-packages/aiosqlite/core.py", line 63, in _connection_worker_thread
    result = function()
sqlite3.OperationalError: unable to open database file

The above exception was the direct cause of the following exception:

Traceback (most recent call last):
  File "/usr/local/google/home/konstantint/Projects/prefecture/.venv/lib/python3.13/site-packages/starlette/routing.py", line 638, in lifespan
    async with self.lifespan_context(app) as maybe_state:
               ~~~~~~~~~~~~~~~~~~~~~^^^^^
  File "/usr/lib/python3.13/contextlib.py", line 214, in __aenter__
    return await anext(self.gen)
           ^^^^^^^^^^^^^^^^^^^^^
  File "/usr/local/google/home/konstantint/Projects/prefecture/.venv/lib/python3.13/site-packages/prefect/server/api/server.py", line 921, in lifespan
    await run_migrations()
  File "/usr/local/google/home/konstantint/Projects/prefecture/.venv/lib/python3.13/site-packages/prefect/server/api/server.py", line 898, in run_migrations
    await db.create_db()
  File "/usr/local/google/home/konstantint/Projects/prefecture/.venv/lib/python3.13/site-packages/prefect/server/database/interface.py", line 77, in create_db
    await self.run_migrations_upgrade()
  File "/usr/local/google/home/konstantint/Projects/prefecture/.venv/lib/python3.13/site-packages/prefect/server/database/interface.py", line 115, in run_migrations_upgrade
    await run_sync_in_worker_thread(alembic_upgrade)
  File "/usr/local/google/home/konstantint/Projects/prefecture/.venv/lib/python3.13/site-packages/prefect/utilities/asyncutils/__init__.py", line 233, in run_sync_in_worker_thread
    result = await anyio.to_thread.run_sync(
             ^^^^^^^^^^^^^^^^^^^^^^^^^^^^^^^
        call_with_mark, call, abandon_on_cancel=True, limiter=get_thread_limiter()
        ^^^^^^^^^^^^^^^^^^^^^^^^^^^^^^^^^^^^^^^^^^^^^^^^^^^^^^^^^^^^^^^^^^^^^^^^^^
    )
    ^
  File "/usr/local/google/home/konstantint/Projects/prefecture/.venv/lib/python3.13/site-packages/anyio/to_thread.py", line 63, in run_sync
    return await get_async_backend().run_sync_in_worker_thread(
           ^^^^^^^^^^^^^^^^^^^^^^^^^^^^^^^^^^^^^^^^^^^^^^^^^^^^
        func, args, abandon_on_cancel=abandon_on_cancel, limiter=limiter
        ^^^^^^^^^^^^^^^^^^^^^^^^^^^^^^^^^^^^^^^^^^^^^^^^^^^^^^^^^^^^^^^^
    )
    ^
  File "/usr/local/google/home/konstantint/Projects/prefecture/.venv/lib/python3.13/site-packages/anyio/_backends/_asyncio.py", line 2518, in run_sync_in_worker_thread
    return await future
           ^^^^^^^^^^^^
  File "/usr/local/google/home/konstantint/Projects/prefecture/.venv/lib/python3.13/site-packages/anyio/_backends/_asyncio.py", line 1002, in run
    result = context.run(func, *args)
  File "/usr/local/google/home/konstantint/Projects/prefecture/.venv/lib/python3.13/site-packages/prefect/utilities/asyncutils/__init__.py", line 243, in call_with_mark
    return call()
  File "/usr/local/google/home/konstantint/Projects/prefecture/.venv/lib/python3.13/site-packages/prefect/server/database/alembic_commands.py", line 36, in wrapper
    return fn(*args, **kwargs)
  File "/usr/local/google/home/konstantint/Projects/prefecture/.venv/lib/python3.13/site-packages/prefect/server/database/alembic_commands.py", line 72, in alembic_upgrade
    alembic.command.upgrade(alembic_config(), revision, sql=dry_run)
    ~~~~~~~~~~~~~~~~~~~~~~~^^^^^^^^^^^^^^^^^^^^^^^^^^^^^^^^^^^^^^^^^
  File "/usr/local/google/home/konstantint/Projects/prefecture/.venv/lib/python3.13/site-packages/alembic/command.py", line 483, in upgrade
    script.run_env()
    ~~~~~~~~~~~~~~^^
  File "/usr/local/google/home/konstantint/Projects/prefecture/.venv/lib/python3.13/site-packages/alembic/script/base.py", line 545, in run_env
    util.load_python_file(self.dir, "env.py")
    ~~~~~~~~~~~~~~~~~~~~~^^^^^^^^^^^^^^^^^^^^
  File "/usr/local/google/home/konstantint/Projects/prefecture/.venv/lib/python3.13/site-packages/alembic/util/pyfiles.py", line 116, in load_python_file
    module = load_module_py(module_id, path)
  File "/usr/local/google/home/konstantint/Projects/prefecture/.venv/lib/python3.13/site-packages/alembic/util/pyfiles.py", line 136, in load_module_py
    spec.loader.exec_module(module)  # type: ignore
    ~~~~~~~~~~~~~~~~~~~~~~~^^^^^^^^
  File "<frozen importlib._bootstrap_external>", line 1023, in exec_module
  File "<frozen importlib._bootstrap>", line 488, in _call_with_frames_removed
  File "/usr/local/google/home/konstantint/Projects/prefecture/.venv/lib/python3.13/site-packages/prefect/server/database/_migrations/env.py", line 201, in <module>
    run_async_from_worker_thread(apply_migrations)
    ~~~~~~~~~~~~~~~~~~~~~~~~~~~~^^^^^^^^^^^^^^^^^^
  File "/usr/local/google/home/konstantint/Projects/prefecture/.venv/lib/python3.13/site-packages/prefect/utilities/asyncutils/__init__.py", line 254, in run_async_from_worker_thread
    return anyio.from_thread.run(call)
           ~~~~~~~~~~~~~~~~~~~~~^^^^^^
  File "/usr/local/google/home/konstantint/Projects/prefecture/.venv/lib/python3.13/site-packages/anyio/from_thread.py", line 90, in run
    return token.backend_class.run_async_from_thread(
           ~~~~~~~~~~~~~~~~~~~~~~~~~~~~~~~~~~~~~~~~~^
        func, args, token=token.native_token if explicit_token else None
        ^^^^^^^^^^^^^^^^^^^^^^^^^^^^^^^^^^^^^^^^^^^^^^^^^^^^^^^^^^^^^^^^
    )
    ^
  File "/usr/local/google/home/konstantint/Projects/prefecture/.venv/lib/python3.13/site-packages/anyio/_backends/_asyncio.py", line 2565, in run_async_from_thread
    return f.result()
           ~~~~~~~~^^
  File "/usr/lib/python3.13/concurrent/futures/_base.py", line 460, in result
    return self.__get_result()
           ~~~~~~~~~~~~~~~~~^^
  File "/usr/lib/python3.13/concurrent/futures/_base.py", line 402, in __get_result
    raise self._exception
  File "/usr/local/google/home/konstantint/Projects/prefecture/.venv/lib/python3.13/site-packages/anyio/_backends/_asyncio.py", line 2546, in task_wrapper
    return await func(*args)
           ^^^^^^^^^^^^^^^^^
  File "/usr/local/google/home/konstantint/Projects/prefecture/.venv/lib/python3.13/site-packages/prefect/server/database/_migrations/env.py", line 189, in apply_migrations
    async with engine.connect() as connection:
               ~~~~~~~~~~~~~~^^
  File "/usr/local/google/home/konstantint/Projects/prefecture/.venv/lib/python3.13/site-packages/sqlalchemy/ext/asyncio/base.py", line 121, in __aenter__
    return await self.start(is_ctxmanager=True)
           ^^^^^^^^^^^^^^^^^^^^^^^^^^^^^^^^^^^^
  File "/usr/local/google/home/konstantint/Projects/prefecture/.venv/lib/python3.13/site-packages/sqlalchemy/ext/asyncio/engine.py", line 275, in start
    await greenlet_spawn(self.sync_engine.connect)
  File "/usr/local/google/home/konstantint/Projects/prefecture/.venv/lib/python3.13/site-packages/sqlalchemy/util/_concurrency_py3k.py", line 201, in greenlet_spawn
    result = context.throw(*sys.exc_info())
  File "/usr/local/google/home/konstantint/Projects/prefecture/.venv/lib/python3.13/site-packages/sqlalchemy/engine/base.py", line 3293, in connect
    return self._connection_cls(self)
           ~~~~~~~~~~~~~~~~~~~~^^^^^^
  File "/usr/local/google/home/konstantint/Projects/prefecture/.venv/lib/python3.13/site-packages/sqlalchemy/engine/base.py", line 145, in __init__
    Connection._handle_dbapi_exception_noconnection(
    ~~~~~~~~~~~~~~~~~~~~~~~~~~~~~~~~~~~~~~~~~~~~~~~^
        err, dialect, engine
        ^^^^^^^^^^^^^^^^^^^^
    )
    ^
  File "/usr/local/google/home/konstantint/Projects/prefecture/.venv/lib/python3.13/site-packages/sqlalchemy/engine/base.py", line 2448, in _handle_dbapi_exception_noconnection
    raise sqlalchemy_exception.with_traceback(exc_info[2]) from e
  File "/usr/local/google/home/konstantint/Projects/prefecture/.venv/lib/python3.13/site-packages/sqlalchemy/engine/base.py", line 143, in __init__
    self._dbapi_connection = engine.raw_connection()
                             ~~~~~~~~~~~~~~~~~~~~~^^
  File "/usr/local/google/home/konstantint/Projects/prefecture/.venv/lib/python3.13/site-packages/sqlalchemy/engine/base.py", line 3317, in raw_connection
    return self.pool.connect()
           ~~~~~~~~~~~~~~~~~^^
  File "/usr/local/google/home/konstantint/Projects/prefecture/.venv/lib/python3.13/site-packages/sqlalchemy/pool/base.py", line 448, in connect
    return _ConnectionFairy._checkout(self)
           ~~~~~~~~~~~~~~~~~~~~~~~~~~^^^^^^
  File "/usr/local/google/home/konstantint/Projects/prefecture/.venv/lib/python3.13/site-packages/sqlalchemy/pool/base.py", line 1272, in _checkout
    fairy = _ConnectionRecord.checkout(pool)
  File "/usr/local/google/home/konstantint/Projects/prefecture/.venv/lib/python3.13/site-packages/sqlalchemy/pool/base.py", line 712, in checkout
    rec = pool._do_get()
  File "/usr/local/google/home/konstantint/Projects/prefecture/.venv/lib/python3.13/site-packages/sqlalchemy/pool/impl.py", line 177, in _do_get
    with util.safe_reraise():
         ~~~~~~~~~~~~~~~~~^^
  File "/usr/local/google/home/konstantint/Projects/prefecture/.venv/lib/python3.13/site-packages/sqlalchemy/util/langhelpers.py", line 121, in __exit__
    raise exc_value.with_traceback(exc_tb)
  File "/usr/local/google/home/konstantint/Projects/prefecture/.venv/lib/python3.13/site-packages/sqlalchemy/pool/impl.py", line 175, in _do_get
    return self._create_connection()
           ~~~~~~~~~~~~~~~~~~~~~~~^^
  File "/usr/local/google/home/konstantint/Projects/prefecture/.venv/lib/python3.13/site-packages/sqlalchemy/pool/base.py", line 389, in _create_connection
    return _ConnectionRecord(self)
  File "/usr/local/google/home/konstantint/Projects/prefecture/.venv/lib/python3.13/site-packages/sqlalchemy/pool/base.py", line 674, in __init__
    self.__connect()
    ~~~~~~~~~~~~~~^^
  File "/usr/local/google/home/konstantint/Projects/prefecture/.venv/lib/python3.13/site-packages/sqlalchemy/pool/base.py", line 914, in __connect
    )._exec_w_sync_on_first_run(self.dbapi_connection, self)
      ~~~~~~~~~~~~~~~~~~~~~~~~~^^^^^^^^^^^^^^^^^^^^^^^^^^^^^
  File "/usr/local/google/home/konstantint/Projects/prefecture/.venv/lib/python3.13/site-packages/sqlalchemy/event/attr.py", line 501, in _exec_w_sync_on_first_run
    self(*args, **kw)
    ~~~~^^^^^^^^^^^^^
  File "/usr/local/google/home/konstantint/Projects/prefecture/.venv/lib/python3.13/site-packages/sqlalchemy/event/attr.py", line 515, in __call__
    fn(*args, **kw)
    ~~^^^^^^^^^^^^^
  File "/usr/local/google/home/konstantint/Projects/prefecture/.venv/lib/python3.13/site-packages/prefect/server/database/configurations.py", line 530, in setup_sqlite
    cursor.execute("PRAGMA journal_mode = WAL;")
    ~~~~~~~~~~~~~~^^^^^^^^^^^^^^^^^^^^^^^^^^^^^^
  File "/usr/local/google/home/konstantint/Projects/prefecture/.venv/lib/python3.13/site-packages/sqlalchemy/dialects/sqlite/aiosqlite.py", line 182, in execute
    self._adapt_connection._handle_exception(error)
    ~~~~~~~~~~~~~~~~~~~~~~~~~~~~~~~~~~~~~~~~^^^^^^^
  File "/usr/local/google/home/konstantint/Projects/prefecture/.venv/lib/python3.13/site-packages/sqlalchemy/dialects/sqlite/aiosqlite.py", line 342, in _handle_exception
    raise error
  File "/usr/local/google/home/konstantint/Projects/prefecture/.venv/lib/python3.13/site-packages/sqlalchemy/dialects/sqlite/aiosqlite.py", line 162, in execute
    self.await_(_cursor.execute(operation))
    ~~~~~~~~~~~^^^^^^^^^^^^^^^^^^^^^^^^^^^^
  File "/usr/local/google/home/konstantint/Projects/prefecture/.venv/lib/python3.13/site-packages/sqlalchemy/util/_concurrency_py3k.py", line 132, in await_only
    return current.parent.switch(awaitable)  # type: ignore[no-any-return,attr-defined] # noqa: E501
           ~~~~~~~~~~~~~~~~~~~~~^^^^^^^^^^^
  File "/usr/local/google/home/konstantint/Projects/prefecture/.venv/lib/python3.13/site-packages/sqlalchemy/util/_concurrency_py3k.py", line 196, in greenlet_spawn
    value = await result
            ^^^^^^^^^^^^
  File "/usr/local/google/home/konstantint/Projects/prefecture/.venv/lib/python3.13/site-packages/aiosqlite/cursor.py", line 40, in execute
    await self._execute(self._cursor.execute, sql, parameters)
  File "/usr/local/google/home/konstantint/Projects/prefecture/.venv/lib/python3.13/site-packages/aiosqlite/cursor.py", line 32, in _execute
    return await self._conn._execute(fn, *args, **kwargs)
           ^^^^^^^^^^^^^^^^^^^^^^^^^^^^^^^^^^^^^^^^^^^^^^
  File "/usr/local/google/home/konstantint/Projects/prefecture/.venv/lib/python3.13/site-packages/aiosqlite/core.py", line 160, in _execute
    return await future
           ^^^^^^^^^^^^
  File "/usr/local/google/home/konstantint/Projects/prefecture/.venv/lib/python3.13/site-packages/aiosqlite/core.py", line 63, in _connection_worker_thread
    result = function()
sqlalchemy.exc.OperationalError: (sqlite3.OperationalError) unable to open database file
(Background on this error at: https://sqlalche.me/e/20/e3q8)

14:17:10.673 | ERROR   | uvicorn.error - Application startup failed. Exiting.
14:17:17.040 | ERROR   | uvicorn.error - Traceback (most recent call last):
  File "/usr/local/google/home/konstantint/Projects/prefecture/.venv/lib/python3.13/site-packages/sqlalchemy/engine/base.py", line 143, in __init__
    self._dbapi_connection = engine.raw_connection()
                             ~~~~~~~~~~~~~~~~~~~~~^^
  File "/usr/local/google/home/konstantint/Projects/prefecture/.venv/lib/python3.13/site-packages/sqlalchemy/engine/base.py", line 3317, in raw_connection
    return self.pool.connect()
           ~~~~~~~~~~~~~~~~~^^
  File "/usr/local/google/home/konstantint/Projects/prefecture/.venv/lib/python3.13/site-packages/sqlalchemy/pool/base.py", line 448, in connect
    return _ConnectionFairy._checkout(self)
           ~~~~~~~~~~~~~~~~~~~~~~~~~~^^^^^^
  File "/usr/local/google/home/konstantint/Projects/prefecture/.venv/lib/python3.13/site-packages/sqlalchemy/pool/base.py", line 1272, in _checkout
    fairy = _ConnectionRecord.checkout(pool)
  File "/usr/local/google/home/konstantint/Projects/prefecture/.venv/lib/python3.13/site-packages/sqlalchemy/pool/base.py", line 712, in checkout
    rec = pool._do_get()
  File "/usr/local/google/home/konstantint/Projects/prefecture/.venv/lib/python3.13/site-packages/sqlalchemy/pool/impl.py", line 177, in _do_get
    with util.safe_reraise():
         ~~~~~~~~~~~~~~~~~^^
  File "/usr/local/google/home/konstantint/Projects/prefecture/.venv/lib/python3.13/site-packages/sqlalchemy/util/langhelpers.py", line 121, in __exit__
    raise exc_value.with_traceback(exc_tb)
  File "/usr/local/google/home/konstantint/Projects/prefecture/.venv/lib/python3.13/site-packages/sqlalchemy/pool/impl.py", line 175, in _do_get
    return self._create_connection()
           ~~~~~~~~~~~~~~~~~~~~~~~^^
  File "/usr/local/google/home/konstantint/Projects/prefecture/.venv/lib/python3.13/site-packages/sqlalchemy/pool/base.py", line 389, in _create_connection
    return _ConnectionRecord(self)
  File "/usr/local/google/home/konstantint/Projects/prefecture/.venv/lib/python3.13/site-packages/sqlalchemy/pool/base.py", line 674, in __init__
    self.__connect()
    ~~~~~~~~~~~~~~^^
  File "/usr/local/google/home/konstantint/Projects/prefecture/.venv/lib/python3.13/site-packages/sqlalchemy/pool/base.py", line 914, in __connect
    )._exec_w_sync_on_first_run(self.dbapi_connection, self)
      ~~~~~~~~~~~~~~~~~~~~~~~~~^^^^^^^^^^^^^^^^^^^^^^^^^^^^^
  File "/usr/local/google/home/konstantint/Projects/prefecture/.venv/lib/python3.13/site-packages/sqlalchemy/event/attr.py", line 501, in _exec_w_sync_on_first_run
    self(*args, **kw)
    ~~~~^^^^^^^^^^^^^
  File "/usr/local/google/home/konstantint/Projects/prefecture/.venv/lib/python3.13/site-packages/sqlalchemy/event/attr.py", line 515, in __call__
    fn(*args, **kw)
    ~~^^^^^^^^^^^^^
  File "/usr/local/google/home/konstantint/Projects/prefecture/.venv/lib/python3.13/site-packages/prefect/server/database/configurations.py", line 530, in setup_sqlite
    cursor.execute("PRAGMA journal_mode = WAL;")
    ~~~~~~~~~~~~~~^^^^^^^^^^^^^^^^^^^^^^^^^^^^^^
  File "/usr/local/google/home/konstantint/Projects/prefecture/.venv/lib/python3.13/site-packages/sqlalchemy/dialects/sqlite/aiosqlite.py", line 182, in execute
    self._adapt_connection._handle_exception(error)
    ~~~~~~~~~~~~~~~~~~~~~~~~~~~~~~~~~~~~~~~~^^^^^^^
  File "/usr/local/google/home/konstantint/Projects/prefecture/.venv/lib/python3.13/site-packages/sqlalchemy/dialects/sqlite/aiosqlite.py", line 342, in _handle_exception
    raise error
  File "/usr/local/google/home/konstantint/Projects/prefecture/.venv/lib/python3.13/site-packages/sqlalchemy/dialects/sqlite/aiosqlite.py", line 162, in execute
    self.await_(_cursor.execute(operation))
    ~~~~~~~~~~~^^^^^^^^^^^^^^^^^^^^^^^^^^^^
  File "/usr/local/google/home/konstantint/Projects/prefecture/.venv/lib/python3.13/site-packages/sqlalchemy/util/_concurrency_py3k.py", line 132, in await_only
    return current.parent.switch(awaitable)  # type: ignore[no-any-return,attr-defined] # noqa: E501
           ~~~~~~~~~~~~~~~~~~~~~^^^^^^^^^^^
  File "/usr/local/google/home/konstantint/Projects/prefecture/.venv/lib/python3.13/site-packages/sqlalchemy/util/_concurrency_py3k.py", line 196, in greenlet_spawn
    value = await result
            ^^^^^^^^^^^^
  File "/usr/local/google/home/konstantint/Projects/prefecture/.venv/lib/python3.13/site-packages/aiosqlite/cursor.py", line 40, in execute
    await self._execute(self._cursor.execute, sql, parameters)
  File "/usr/local/google/home/konstantint/Projects/prefecture/.venv/lib/python3.13/site-packages/aiosqlite/cursor.py", line 32, in _execute
    return await self._conn._execute(fn, *args, **kwargs)
           ^^^^^^^^^^^^^^^^^^^^^^^^^^^^^^^^^^^^^^^^^^^^^^
  File "/usr/local/google/home/konstantint/Projects/prefecture/.venv/lib/python3.13/site-packages/aiosqlite/core.py", line 160, in _execute
    return await future
           ^^^^^^^^^^^^
  File "/usr/local/google/home/konstantint/Projects/prefecture/.venv/lib/python3.13/site-packages/aiosqlite/core.py", line 63, in _connection_worker_thread
    result = function()
sqlite3.OperationalError: unable to open database file

The above exception was the direct cause of the following exception:

Traceback (most recent call last):
  File "/usr/local/google/home/konstantint/Projects/prefecture/.venv/lib/python3.13/site-packages/starlette/routing.py", line 638, in lifespan
    async with self.lifespan_context(app) as maybe_state:
               ~~~~~~~~~~~~~~~~~~~~~^^^^^
  File "/usr/lib/python3.13/contextlib.py", line 214, in __aenter__
    return await anext(self.gen)
           ^^^^^^^^^^^^^^^^^^^^^
  File "/usr/local/google/home/konstantint/Projects/prefecture/.venv/lib/python3.13/site-packages/prefect/server/api/server.py", line 921, in lifespan
    await run_migrations()
  File "/usr/local/google/home/konstantint/Projects/prefecture/.venv/lib/python3.13/site-packages/prefect/server/api/server.py", line 898, in run_migrations
    await db.create_db()
  File "/usr/local/google/home/konstantint/Projects/prefecture/.venv/lib/python3.13/site-packages/prefect/server/database/interface.py", line 77, in create_db
    await self.run_migrations_upgrade()
  File "/usr/local/google/home/konstantint/Projects/prefecture/.venv/lib/python3.13/site-packages/prefect/server/database/interface.py", line 115, in run_migrations_upgrade
    await run_sync_in_worker_thread(alembic_upgrade)
  File "/usr/local/google/home/konstantint/Projects/prefecture/.venv/lib/python3.13/site-packages/prefect/utilities/asyncutils/__init__.py", line 233, in run_sync_in_worker_thread
    result = await anyio.to_thread.run_sync(
             ^^^^^^^^^^^^^^^^^^^^^^^^^^^^^^^
        call_with_mark, call, abandon_on_cancel=True, limiter=get_thread_limiter()
        ^^^^^^^^^^^^^^^^^^^^^^^^^^^^^^^^^^^^^^^^^^^^^^^^^^^^^^^^^^^^^^^^^^^^^^^^^^
    )
    ^
  File "/usr/local/google/home/konstantint/Projects/prefecture/.venv/lib/python3.13/site-packages/anyio/to_thread.py", line 63, in run_sync
    return await get_async_backend().run_sync_in_worker_thread(
           ^^^^^^^^^^^^^^^^^^^^^^^^^^^^^^^^^^^^^^^^^^^^^^^^^^^^
        func, args, abandon_on_cancel=abandon_on_cancel, limiter=limiter
        ^^^^^^^^^^^^^^^^^^^^^^^^^^^^^^^^^^^^^^^^^^^^^^^^^^^^^^^^^^^^^^^^
    )
    ^
  File "/usr/local/google/home/konstantint/Projects/prefecture/.venv/lib/python3.13/site-packages/anyio/_backends/_asyncio.py", line 2518, in run_sync_in_worker_thread
    return await future
           ^^^^^^^^^^^^
  File "/usr/local/google/home/konstantint/Projects/prefecture/.venv/lib/python3.13/site-packages/anyio/_backends/_asyncio.py", line 1002, in run
    result = context.run(func, *args)
  File "/usr/local/google/home/konstantint/Projects/prefecture/.venv/lib/python3.13/site-packages/prefect/utilities/asyncutils/__init__.py", line 243, in call_with_mark
    return call()
  File "/usr/local/google/home/konstantint/Projects/prefecture/.venv/lib/python3.13/site-packages/prefect/server/database/alembic_commands.py", line 36, in wrapper
    return fn(*args, **kwargs)
  File "/usr/local/google/home/konstantint/Projects/prefecture/.venv/lib/python3.13/site-packages/prefect/server/database/alembic_commands.py", line 72, in alembic_upgrade
    alembic.command.upgrade(alembic_config(), revision, sql=dry_run)
    ~~~~~~~~~~~~~~~~~~~~~~~^^^^^^^^^^^^^^^^^^^^^^^^^^^^^^^^^^^^^^^^^
  File "/usr/local/google/home/konstantint/Projects/prefecture/.venv/lib/python3.13/site-packages/alembic/command.py", line 483, in upgrade
    script.run_env()
    ~~~~~~~~~~~~~~^^
  File "/usr/local/google/home/konstantint/Projects/prefecture/.venv/lib/python3.13/site-packages/alembic/script/base.py", line 545, in run_env
    util.load_python_file(self.dir, "env.py")
    ~~~~~~~~~~~~~~~~~~~~~^^^^^^^^^^^^^^^^^^^^
  File "/usr/local/google/home/konstantint/Projects/prefecture/.venv/lib/python3.13/site-packages/alembic/util/pyfiles.py", line 116, in load_python_file
    module = load_module_py(module_id, path)
  File "/usr/local/google/home/konstantint/Projects/prefecture/.venv/lib/python3.13/site-packages/alembic/util/pyfiles.py", line 136, in load_module_py
    spec.loader.exec_module(module)  # type: ignore
    ~~~~~~~~~~~~~~~~~~~~~~~^^^^^^^^
  File "<frozen importlib._bootstrap_external>", line 1023, in exec_module
  File "<frozen importlib._bootstrap>", line 488, in _call_with_frames_removed
  File "/usr/local/google/home/konstantint/Projects/prefecture/.venv/lib/python3.13/site-packages/prefect/server/database/_migrations/env.py", line 201, in <module>
    run_async_from_worker_thread(apply_migrations)
    ~~~~~~~~~~~~~~~~~~~~~~~~~~~~^^^^^^^^^^^^^^^^^^
  File "/usr/local/google/home/konstantint/Projects/prefecture/.venv/lib/python3.13/site-packages/prefect/utilities/asyncutils/__init__.py", line 254, in run_async_from_worker_thread
    return anyio.from_thread.run(call)
           ~~~~~~~~~~~~~~~~~~~~~^^^^^^
  File "/usr/local/google/home/konstantint/Projects/prefecture/.venv/lib/python3.13/site-packages/anyio/from_thread.py", line 90, in run
    return token.backend_class.run_async_from_thread(
           ~~~~~~~~~~~~~~~~~~~~~~~~~~~~~~~~~~~~~~~~~^
        func, args, token=token.native_token if explicit_token else None
        ^^^^^^^^^^^^^^^^^^^^^^^^^^^^^^^^^^^^^^^^^^^^^^^^^^^^^^^^^^^^^^^^
    )
    ^
  File "/usr/local/google/home/konstantint/Projects/prefecture/.venv/lib/python3.13/site-packages/anyio/_backends/_asyncio.py", line 2565, in run_async_from_thread
    return f.result()
           ~~~~~~~~^^
  File "/usr/lib/python3.13/concurrent/futures/_base.py", line 460, in result
    return self.__get_result()
           ~~~~~~~~~~~~~~~~~^^
  File "/usr/lib/python3.13/concurrent/futures/_base.py", line 402, in __get_result
    raise self._exception
  File "/usr/local/google/home/konstantint/Projects/prefecture/.venv/lib/python3.13/site-packages/anyio/_backends/_asyncio.py", line 2546, in task_wrapper
    return await func(*args)
           ^^^^^^^^^^^^^^^^^
  File "/usr/local/google/home/konstantint/Projects/prefecture/.venv/lib/python3.13/site-packages/prefect/server/database/_migrations/env.py", line 189, in apply_migrations
    async with engine.connect() as connection:
               ~~~~~~~~~~~~~~^^
  File "/usr/local/google/home/konstantint/Projects/prefecture/.venv/lib/python3.13/site-packages/sqlalchemy/ext/asyncio/base.py", line 121, in __aenter__
    return await self.start(is_ctxmanager=True)
           ^^^^^^^^^^^^^^^^^^^^^^^^^^^^^^^^^^^^
  File "/usr/local/google/home/konstantint/Projects/prefecture/.venv/lib/python3.13/site-packages/sqlalchemy/ext/asyncio/engine.py", line 275, in start
    await greenlet_spawn(self.sync_engine.connect)
  File "/usr/local/google/home/konstantint/Projects/prefecture/.venv/lib/python3.13/site-packages/sqlalchemy/util/_concurrency_py3k.py", line 201, in greenlet_spawn
    result = context.throw(*sys.exc_info())
  File "/usr/local/google/home/konstantint/Projects/prefecture/.venv/lib/python3.13/site-packages/sqlalchemy/engine/base.py", line 3293, in connect
    return self._connection_cls(self)
           ~~~~~~~~~~~~~~~~~~~~^^^^^^
  File "/usr/local/google/home/konstantint/Projects/prefecture/.venv/lib/python3.13/site-packages/sqlalchemy/engine/base.py", line 145, in __init__
    Connection._handle_dbapi_exception_noconnection(
    ~~~~~~~~~~~~~~~~~~~~~~~~~~~~~~~~~~~~~~~~~~~~~~~^
        err, dialect, engine
        ^^^^^^^^^^^^^^^^^^^^
    )
    ^
  File "/usr/local/google/home/konstantint/Projects/prefecture/.venv/lib/python3.13/site-packages/sqlalchemy/engine/base.py", line 2448, in _handle_dbapi_exception_noconnection
    raise sqlalchemy_exception.with_traceback(exc_info[2]) from e
  File "/usr/local/google/home/konstantint/Projects/prefecture/.venv/lib/python3.13/site-packages/sqlalchemy/engine/base.py", line 143, in __init__
    self._dbapi_connection = engine.raw_connection()
                             ~~~~~~~~~~~~~~~~~~~~~^^
  File "/usr/local/google/home/konstantint/Projects/prefecture/.venv/lib/python3.13/site-packages/sqlalchemy/engine/base.py", line 3317, in raw_connection
    return self.pool.connect()
           ~~~~~~~~~~~~~~~~~^^
  File "/usr/local/google/home/konstantint/Projects/prefecture/.venv/lib/python3.13/site-packages/sqlalchemy/pool/base.py", line 448, in connect
    return _ConnectionFairy._checkout(self)
           ~~~~~~~~~~~~~~~~~~~~~~~~~~^^^^^^
  File "/usr/local/google/home/konstantint/Projects/prefecture/.venv/lib/python3.13/site-packages/sqlalchemy/pool/base.py", line 1272, in _checkout
    fairy = _ConnectionRecord.checkout(pool)
  File "/usr/local/google/home/konstantint/Projects/prefecture/.venv/lib/python3.13/site-packages/sqlalchemy/pool/base.py", line 712, in checkout
    rec = pool._do_get()
  File "/usr/local/google/home/konstantint/Projects/prefecture/.venv/lib/python3.13/site-packages/sqlalchemy/pool/impl.py", line 177, in _do_get
    with util.safe_reraise():
         ~~~~~~~~~~~~~~~~~^^
  File "/usr/local/google/home/konstantint/Projects/prefecture/.venv/lib/python3.13/site-packages/sqlalchemy/util/langhelpers.py", line 121, in __exit__
    raise exc_value.with_traceback(exc_tb)
  File "/usr/local/google/home/konstantint/Projects/prefecture/.venv/lib/python3.13/site-packages/sqlalchemy/pool/impl.py", line 175, in _do_get
    return self._create_connection()
           ~~~~~~~~~~~~~~~~~~~~~~~^^
  File "/usr/local/google/home/konstantint/Projects/prefecture/.venv/lib/python3.13/site-packages/sqlalchemy/pool/base.py", line 389, in _create_connection
    return _ConnectionRecord(self)
  File "/usr/local/google/home/konstantint/Projects/prefecture/.venv/lib/python3.13/site-packages/sqlalchemy/pool/base.py", line 674, in __init__
    self.__connect()
    ~~~~~~~~~~~~~~^^
  File "/usr/local/google/home/konstantint/Projects/prefecture/.venv/lib/python3.13/site-packages/sqlalchemy/pool/base.py", line 914, in __connect
    )._exec_w_sync_on_first_run(self.dbapi_connection, self)
      ~~~~~~~~~~~~~~~~~~~~~~~~~^^^^^^^^^^^^^^^^^^^^^^^^^^^^^
  File "/usr/local/google/home/konstantint/Projects/prefecture/.venv/lib/python3.13/site-packages/sqlalchemy/event/attr.py", line 501, in _exec_w_sync_on_first_run
    self(*args, **kw)
    ~~~~^^^^^^^^^^^^^
  File "/usr/local/google/home/konstantint/Projects/prefecture/.venv/lib/python3.13/site-packages/sqlalchemy/event/attr.py", line 515, in __call__
    fn(*args, **kw)
    ~~^^^^^^^^^^^^^
  File "/usr/local/google/home/konstantint/Projects/prefecture/.venv/lib/python3.13/site-packages/prefect/server/database/configurations.py", line 530, in setup_sqlite
    cursor.execute("PRAGMA journal_mode = WAL;")
    ~~~~~~~~~~~~~~^^^^^^^^^^^^^^^^^^^^^^^^^^^^^^
  File "/usr/local/google/home/konstantint/Projects/prefecture/.venv/lib/python3.13/site-packages/sqlalchemy/dialects/sqlite/aiosqlite.py", line 182, in execute
    self._adapt_connection._handle_exception(error)
    ~~~~~~~~~~~~~~~~~~~~~~~~~~~~~~~~~~~~~~~~^^^^^^^
  File "/usr/local/google/home/konstantint/Projects/prefecture/.venv/lib/python3.13/site-packages/sqlalchemy/dialects/sqlite/aiosqlite.py", line 342, in _handle_exception
    raise error
  File "/usr/local/google/home/konstantint/Projects/prefecture/.venv/lib/python3.13/site-packages/sqlalchemy/dialects/sqlite/aiosqlite.py", line 162, in execute
    self.await_(_cursor.execute(operation))
    ~~~~~~~~~~~^^^^^^^^^^^^^^^^^^^^^^^^^^^^
  File "/usr/local/google/home/konstantint/Projects/prefecture/.venv/lib/python3.13/site-packages/sqlalchemy/util/_concurrency_py3k.py", line 132, in await_only
    return current.parent.switch(awaitable)  # type: ignore[no-any-return,attr-defined] # noqa: E501
           ~~~~~~~~~~~~~~~~~~~~~^^^^^^^^^^^
  File "/usr/local/google/home/konstantint/Projects/prefecture/.venv/lib/python3.13/site-packages/sqlalchemy/util/_concurrency_py3k.py", line 196, in greenlet_spawn
    value = await result
            ^^^^^^^^^^^^
  File "/usr/local/google/home/konstantint/Projects/prefecture/.venv/lib/python3.13/site-packages/aiosqlite/cursor.py", line 40, in execute
    await self._execute(self._cursor.execute, sql, parameters)
  File "/usr/local/google/home/konstantint/Projects/prefecture/.venv/lib/python3.13/site-packages/aiosqlite/cursor.py", line 32, in _execute
    return await self._conn._execute(fn, *args, **kwargs)
           ^^^^^^^^^^^^^^^^^^^^^^^^^^^^^^^^^^^^^^^^^^^^^^
  File "/usr/local/google/home/konstantint/Projects/prefecture/.venv/lib/python3.13/site-packages/aiosqlite/core.py", line 160, in _execute
    return await future
           ^^^^^^^^^^^^
  File "/usr/local/google/home/konstantint/Projects/prefecture/.venv/lib/python3.13/site-packages/aiosqlite/core.py", line 63, in _connection_worker_thread
    result = function()
sqlalchemy.exc.OperationalError: (sqlite3.OperationalError) unable to open database file
(Background on this error at: https://sqlalche.me/e/20/e3q8)

14:17:17.058 | ERROR   | uvicorn.error - Application startup failed. Exiting.
------------------------------ Captured log call -------------------------------
INFO     prefect:server.py:1127 Starting temporary server on http://127.0.0.1:8248
See https://docs.prefect.io/v3/concepts/server#how-to-guides for more information on running a dedicated Prefect server.
____________________________ test_sqlalchemy_loader ____________________________

test_template_dir = PosixPath('/tmp/pytest-of-konstantint/pytest-2/test_sqlalchemy_loader0')

    def test_sqlalchemy_loader(test_template_dir):
        """Test SqlAlchemyLoader by querying a temporary sqlite database."""
        import sqlalchemy
    
        # Create a temporary SQLite database
        db_path = test_template_dir / "test.db"
        db_url = f"sqlite:///{db_path}"
    
        engine = sqlalchemy.create_engine(db_url)
        with engine.connect() as conn:
            conn.execute(sqlalchemy.text("CREATE TABLE users (id INTEGER PRIMARY KEY, name TEXT, role TEXT)"))
            conn.execute(sqlalchemy.text("INSERT INTO users (name, role) VALUES ('Alice', 'Admin')"))
            conn.execute(sqlalchemy.text("INSERT INTO users (name, role) VALUES ('Bob', 'User')"))
            conn.commit()
    
        # Create a template that iterates over users
        template_file = test_template_dir / "test_db.j2"
        with open(template_file, "w", encoding="utf-8") as f:
            f.write("Users: {% for user in users %}{{ user.name }} ({{ user.role }}) {% endfor %}")
    
        prompt_config = {
            "template_file": "test_db.j2",
            "context_loaders": [
                {
                    "type": "sqlalchemy",
                    "assign_to": "users",
                    "params": {
                        "db_url": db_url,
                        "query": "SELECT name, role FROM users ORDER BY name"
                    }
                }
            ]
        }
    
        try:
            generator = templating.Jinja2Templater(
                config_dir=test_template_dir, run_dir=test_template_dir, **prompt_config
            )
>           generated_prompt = generator()
                               ^^^^^^^^^^^

prefecture/operations/templating_test.py:315: 
_ _ _ _ _ _ _ _ _ _ _ _ _ _ _ _ _ _ _ _ _ _ _ _ _ _ _ _ _ _ _ _ _ _ _ _ _ _ _ _ 
.venv/lib/python3.13/site-packages/prefect/tasks.py:1213: in __call__
    return run_task(
.venv/lib/python3.13/site-packages/prefect/task_engine.py:1902: in run_task
    return run_task_sync(**kwargs)
           ^^^^^^^^^^^^^^^^^^^^^^^
.venv/lib/python3.13/site-packages/prefect/task_engine.py:1667: in run_task_sync
    with engine.start(task_run_id=task_run_id, dependencies=dependencies):
         ^^^^^^^^^^^^^^^^^^^^^^^^^^^^^^^^^^^^^^^^^^^^^^^^^^^^^^^^^^^^^^^^
/usr/lib/python3.13/contextlib.py:141: in __enter__
    return next(self.gen)
           ^^^^^^^^^^^^^^
.venv/lib/python3.13/site-packages/prefect/task_engine.py:920: in start
    with self.initialize_run(task_run_id=task_run_id, dependencies=dependencies):
         ^^^^^^^^^^^^^^^^^^^^^^^^^^^^^^^^^^^^^^^^^^^^^^^^^^^^^^^^^^^^^^^^^^^^^^^
/usr/lib/python3.13/contextlib.py:141: in __enter__
    return next(self.gen)
           ^^^^^^^^^^^^^^
.venv/lib/python3.13/site-packages/prefect/task_engine.py:822: in initialize_run
    with SyncClientContext.get_or_create() as client_ctx:
         ^^^^^^^^^^^^^^^^^^^^^^^^^^^^^^^^^
/usr/lib/python3.13/contextlib.py:141: in __enter__
    return next(self.gen)
           ^^^^^^^^^^^^^^
.venv/lib/python3.13/site-packages/prefect/context.py:337: in get_or_create
    with cls() as ctx:
         ^^^^^
.venv/lib/python3.13/site-packages/prefect/context.py:305: in __init__
    client=get_client(sync_client=True, httpx_settings=httpx_settings),
           ^^^^^^^^^^^^^^^^^^^^^^^^^^^^^^^^^^^^^^^^^^^^^^^^^^^^^^^^^^^
.venv/lib/python3.13/site-packages/prefect/client/orchestration/__init__.py:252: in get_client
    server.start()
.venv/lib/python3.13/site-packages/prefect/server/api/server.py:1154: in start
    response.raise_for_status()
_ _ _ _ _ _ _ _ _ _ _ _ _ _ _ _ _ _ _ _ _ _ _ _ _ _ _ _ _ _ _ _ _ _ _ _ _ _ _ _ 

self = <Response [400 Bad Request]>

    def raise_for_status(self) -> Response:
        """
        Raise the `HTTPStatusError` if one occurred.
        """
        request = self._request
        if request is None:
            raise RuntimeError(
                "Cannot call `raise_for_status` as the request "
                "instance has not been set on this response."
            )
    
        if self.is_success:
            return self
    
        if self.has_redirect_location:
            message = (
                "{error_type} '{0.status_code} {0.reason_phrase}' for url '{0.url}'\n"
                "Redirect location: '{0.headers[location]}'\n"
                "For more information check: https://developer.mozilla.org/en-US/docs/Web/HTTP/Status/{0.status_code}"
            )
        else:
            message = (
                "{error_type} '{0.status_code} {0.reason_phrase}' for url '{0.url}'\n"
                "For more information check: https://developer.mozilla.org/en-US/docs/Web/HTTP/Status/{0.status_code}"
            )
    
        status_class = self.status_code // 100
        error_types = {
            1: "Informational response",
            3: "Redirect response",
            4: "Client error",
            5: "Server error",
        }
        error_type = error_types.get(status_class, "Invalid status code")
        message = message.format(self, error_type=error_type)
>       raise HTTPStatusError(message, request=request, response=self)
E       httpx.HTTPStatusError: Client error '400 Bad Request' for url 'http://127.0.0.1:8527/api/health'
E       For more information check: https://developer.mozilla.org/en-US/docs/Web/HTTP/Status/400

.venv/lib/python3.13/site-packages/httpx/_models.py:829: HTTPStatusError
----------------------------- Captured stderr call -----------------------------
14:17:19.339 | INFO    | prefect - Starting temporary server on http://127.0.0.1:8757
See https://docs.prefect.io/v3/concepts/server#how-to-guides for more information on running a dedicated Prefect server.
14:17:23.464 | ERROR   | uvicorn.error - Traceback (most recent call last):
  File "/usr/local/google/home/konstantint/Projects/prefecture/.venv/lib/python3.13/site-packages/sqlalchemy/engine/base.py", line 143, in __init__
    self._dbapi_connection = engine.raw_connection()
                             ~~~~~~~~~~~~~~~~~~~~~^^
  File "/usr/local/google/home/konstantint/Projects/prefecture/.venv/lib/python3.13/site-packages/sqlalchemy/engine/base.py", line 3317, in raw_connection
    return self.pool.connect()
           ~~~~~~~~~~~~~~~~~^^
  File "/usr/local/google/home/konstantint/Projects/prefecture/.venv/lib/python3.13/site-packages/sqlalchemy/pool/base.py", line 448, in connect
    return _ConnectionFairy._checkout(self)
           ~~~~~~~~~~~~~~~~~~~~~~~~~~^^^^^^
  File "/usr/local/google/home/konstantint/Projects/prefecture/.venv/lib/python3.13/site-packages/sqlalchemy/pool/base.py", line 1272, in _checkout
    fairy = _ConnectionRecord.checkout(pool)
  File "/usr/local/google/home/konstantint/Projects/prefecture/.venv/lib/python3.13/site-packages/sqlalchemy/pool/base.py", line 712, in checkout
    rec = pool._do_get()
  File "/usr/local/google/home/konstantint/Projects/prefecture/.venv/lib/python3.13/site-packages/sqlalchemy/pool/impl.py", line 177, in _do_get
    with util.safe_reraise():
         ~~~~~~~~~~~~~~~~~^^
  File "/usr/local/google/home/konstantint/Projects/prefecture/.venv/lib/python3.13/site-packages/sqlalchemy/util/langhelpers.py", line 121, in __exit__
    raise exc_value.with_traceback(exc_tb)
  File "/usr/local/google/home/konstantint/Projects/prefecture/.venv/lib/python3.13/site-packages/sqlalchemy/pool/impl.py", line 175, in _do_get
    return self._create_connection()
           ~~~~~~~~~~~~~~~~~~~~~~~^^
  File "/usr/local/google/home/konstantint/Projects/prefecture/.venv/lib/python3.13/site-packages/sqlalchemy/pool/base.py", line 389, in _create_connection
    return _ConnectionRecord(self)
  File "/usr/local/google/home/konstantint/Projects/prefecture/.venv/lib/python3.13/site-packages/sqlalchemy/pool/base.py", line 674, in __init__
    self.__connect()
    ~~~~~~~~~~~~~~^^
  File "/usr/local/google/home/konstantint/Projects/prefecture/.venv/lib/python3.13/site-packages/sqlalchemy/pool/base.py", line 914, in __connect
    )._exec_w_sync_on_first_run(self.dbapi_connection, self)
      ~~~~~~~~~~~~~~~~~~~~~~~~~^^^^^^^^^^^^^^^^^^^^^^^^^^^^^
  File "/usr/local/google/home/konstantint/Projects/prefecture/.venv/lib/python3.13/site-packages/sqlalchemy/event/attr.py", line 501, in _exec_w_sync_on_first_run
    self(*args, **kw)
    ~~~~^^^^^^^^^^^^^
  File "/usr/local/google/home/konstantint/Projects/prefecture/.venv/lib/python3.13/site-packages/sqlalchemy/event/attr.py", line 515, in __call__
    fn(*args, **kw)
    ~~^^^^^^^^^^^^^
  File "/usr/local/google/home/konstantint/Projects/prefecture/.venv/lib/python3.13/site-packages/prefect/server/database/configurations.py", line 530, in setup_sqlite
    cursor.execute("PRAGMA journal_mode = WAL;")
    ~~~~~~~~~~~~~~^^^^^^^^^^^^^^^^^^^^^^^^^^^^^^
  File "/usr/local/google/home/konstantint/Projects/prefecture/.venv/lib/python3.13/site-packages/sqlalchemy/dialects/sqlite/aiosqlite.py", line 182, in execute
    self._adapt_connection._handle_exception(error)
    ~~~~~~~~~~~~~~~~~~~~~~~~~~~~~~~~~~~~~~~~^^^^^^^
  File "/usr/local/google/home/konstantint/Projects/prefecture/.venv/lib/python3.13/site-packages/sqlalchemy/dialects/sqlite/aiosqlite.py", line 342, in _handle_exception
    raise error
  File "/usr/local/google/home/konstantint/Projects/prefecture/.venv/lib/python3.13/site-packages/sqlalchemy/dialects/sqlite/aiosqlite.py", line 162, in execute
    self.await_(_cursor.execute(operation))
    ~~~~~~~~~~~^^^^^^^^^^^^^^^^^^^^^^^^^^^^
  File "/usr/local/google/home/konstantint/Projects/prefecture/.venv/lib/python3.13/site-packages/sqlalchemy/util/_concurrency_py3k.py", line 132, in await_only
    return current.parent.switch(awaitable)  # type: ignore[no-any-return,attr-defined] # noqa: E501
           ~~~~~~~~~~~~~~~~~~~~~^^^^^^^^^^^
  File "/usr/local/google/home/konstantint/Projects/prefecture/.venv/lib/python3.13/site-packages/sqlalchemy/util/_concurrency_py3k.py", line 196, in greenlet_spawn
    value = await result
            ^^^^^^^^^^^^
  File "/usr/local/google/home/konstantint/Projects/prefecture/.venv/lib/python3.13/site-packages/aiosqlite/cursor.py", line 40, in execute
    await self._execute(self._cursor.execute, sql, parameters)
  File "/usr/local/google/home/konstantint/Projects/prefecture/.venv/lib/python3.13/site-packages/aiosqlite/cursor.py", line 32, in _execute
    return await self._conn._execute(fn, *args, **kwargs)
           ^^^^^^^^^^^^^^^^^^^^^^^^^^^^^^^^^^^^^^^^^^^^^^
  File "/usr/local/google/home/konstantint/Projects/prefecture/.venv/lib/python3.13/site-packages/aiosqlite/core.py", line 160, in _execute
    return await future
           ^^^^^^^^^^^^
  File "/usr/local/google/home/konstantint/Projects/prefecture/.venv/lib/python3.13/site-packages/aiosqlite/core.py", line 63, in _connection_worker_thread
    result = function()
sqlite3.OperationalError: unable to open database file

The above exception was the direct cause of the following exception:

Traceback (most recent call last):
  File "/usr/local/google/home/konstantint/Projects/prefecture/.venv/lib/python3.13/site-packages/starlette/routing.py", line 638, in lifespan
    async with self.lifespan_context(app) as maybe_state:
               ~~~~~~~~~~~~~~~~~~~~~^^^^^
  File "/usr/lib/python3.13/contextlib.py", line 214, in __aenter__
    return await anext(self.gen)
           ^^^^^^^^^^^^^^^^^^^^^
  File "/usr/local/google/home/konstantint/Projects/prefecture/.venv/lib/python3.13/site-packages/prefect/server/api/server.py", line 921, in lifespan
    await run_migrations()
  File "/usr/local/google/home/konstantint/Projects/prefecture/.venv/lib/python3.13/site-packages/prefect/server/api/server.py", line 898, in run_migrations
    await db.create_db()
  File "/usr/local/google/home/konstantint/Projects/prefecture/.venv/lib/python3.13/site-packages/prefect/server/database/interface.py", line 77, in create_db
    await self.run_migrations_upgrade()
  File "/usr/local/google/home/konstantint/Projects/prefecture/.venv/lib/python3.13/site-packages/prefect/server/database/interface.py", line 115, in run_migrations_upgrade
    await run_sync_in_worker_thread(alembic_upgrade)
  File "/usr/local/google/home/konstantint/Projects/prefecture/.venv/lib/python3.13/site-packages/prefect/utilities/asyncutils/__init__.py", line 233, in run_sync_in_worker_thread
    result = await anyio.to_thread.run_sync(
             ^^^^^^^^^^^^^^^^^^^^^^^^^^^^^^^
        call_with_mark, call, abandon_on_cancel=True, limiter=get_thread_limiter()
        ^^^^^^^^^^^^^^^^^^^^^^^^^^^^^^^^^^^^^^^^^^^^^^^^^^^^^^^^^^^^^^^^^^^^^^^^^^
    )
    ^
  File "/usr/local/google/home/konstantint/Projects/prefecture/.venv/lib/python3.13/site-packages/anyio/to_thread.py", line 63, in run_sync
    return await get_async_backend().run_sync_in_worker_thread(
           ^^^^^^^^^^^^^^^^^^^^^^^^^^^^^^^^^^^^^^^^^^^^^^^^^^^^
        func, args, abandon_on_cancel=abandon_on_cancel, limiter=limiter
        ^^^^^^^^^^^^^^^^^^^^^^^^^^^^^^^^^^^^^^^^^^^^^^^^^^^^^^^^^^^^^^^^
    )
    ^
  File "/usr/local/google/home/konstantint/Projects/prefecture/.venv/lib/python3.13/site-packages/anyio/_backends/_asyncio.py", line 2518, in run_sync_in_worker_thread
    return await future
           ^^^^^^^^^^^^
  File "/usr/local/google/home/konstantint/Projects/prefecture/.venv/lib/python3.13/site-packages/anyio/_backends/_asyncio.py", line 1002, in run
    result = context.run(func, *args)
  File "/usr/local/google/home/konstantint/Projects/prefecture/.venv/lib/python3.13/site-packages/prefect/utilities/asyncutils/__init__.py", line 243, in call_with_mark
    return call()
  File "/usr/local/google/home/konstantint/Projects/prefecture/.venv/lib/python3.13/site-packages/prefect/server/database/alembic_commands.py", line 36, in wrapper
    return fn(*args, **kwargs)
  File "/usr/local/google/home/konstantint/Projects/prefecture/.venv/lib/python3.13/site-packages/prefect/server/database/alembic_commands.py", line 72, in alembic_upgrade
    alembic.command.upgrade(alembic_config(), revision, sql=dry_run)
    ~~~~~~~~~~~~~~~~~~~~~~~^^^^^^^^^^^^^^^^^^^^^^^^^^^^^^^^^^^^^^^^^
  File "/usr/local/google/home/konstantint/Projects/prefecture/.venv/lib/python3.13/site-packages/alembic/command.py", line 483, in upgrade
    script.run_env()
    ~~~~~~~~~~~~~~^^
  File "/usr/local/google/home/konstantint/Projects/prefecture/.venv/lib/python3.13/site-packages/alembic/script/base.py", line 545, in run_env
    util.load_python_file(self.dir, "env.py")
    ~~~~~~~~~~~~~~~~~~~~~^^^^^^^^^^^^^^^^^^^^
  File "/usr/local/google/home/konstantint/Projects/prefecture/.venv/lib/python3.13/site-packages/alembic/util/pyfiles.py", line 116, in load_python_file
    module = load_module_py(module_id, path)
  File "/usr/local/google/home/konstantint/Projects/prefecture/.venv/lib/python3.13/site-packages/alembic/util/pyfiles.py", line 136, in load_module_py
    spec.loader.exec_module(module)  # type: ignore
    ~~~~~~~~~~~~~~~~~~~~~~~^^^^^^^^
  File "<frozen importlib._bootstrap_external>", line 1023, in exec_module
  File "<frozen importlib._bootstrap>", line 488, in _call_with_frames_removed
  File "/usr/local/google/home/konstantint/Projects/prefecture/.venv/lib/python3.13/site-packages/prefect/server/database/_migrations/env.py", line 201, in <module>
    run_async_from_worker_thread(apply_migrations)
    ~~~~~~~~~~~~~~~~~~~~~~~~~~~~^^^^^^^^^^^^^^^^^^
  File "/usr/local/google/home/konstantint/Projects/prefecture/.venv/lib/python3.13/site-packages/prefect/utilities/asyncutils/__init__.py", line 254, in run_async_from_worker_thread
    return anyio.from_thread.run(call)
           ~~~~~~~~~~~~~~~~~~~~~^^^^^^
  File "/usr/local/google/home/konstantint/Projects/prefecture/.venv/lib/python3.13/site-packages/anyio/from_thread.py", line 90, in run
    return token.backend_class.run_async_from_thread(
           ~~~~~~~~~~~~~~~~~~~~~~~~~~~~~~~~~~~~~~~~~^
        func, args, token=token.native_token if explicit_token else None
        ^^^^^^^^^^^^^^^^^^^^^^^^^^^^^^^^^^^^^^^^^^^^^^^^^^^^^^^^^^^^^^^^
    )
    ^
  File "/usr/local/google/home/konstantint/Projects/prefecture/.venv/lib/python3.13/site-packages/anyio/_backends/_asyncio.py", line 2565, in run_async_from_thread
    return f.result()
           ~~~~~~~~^^
  File "/usr/lib/python3.13/concurrent/futures/_base.py", line 460, in result
    return self.__get_result()
           ~~~~~~~~~~~~~~~~~^^
  File "/usr/lib/python3.13/concurrent/futures/_base.py", line 402, in __get_result
    raise self._exception
  File "/usr/local/google/home/konstantint/Projects/prefecture/.venv/lib/python3.13/site-packages/anyio/_backends/_asyncio.py", line 2546, in task_wrapper
    return await func(*args)
           ^^^^^^^^^^^^^^^^^
  File "/usr/local/google/home/konstantint/Projects/prefecture/.venv/lib/python3.13/site-packages/prefect/server/database/_migrations/env.py", line 189, in apply_migrations
    async with engine.connect() as connection:
               ~~~~~~~~~~~~~~^^
  File "/usr/local/google/home/konstantint/Projects/prefecture/.venv/lib/python3.13/site-packages/sqlalchemy/ext/asyncio/base.py", line 121, in __aenter__
    return await self.start(is_ctxmanager=True)
           ^^^^^^^^^^^^^^^^^^^^^^^^^^^^^^^^^^^^
  File "/usr/local/google/home/konstantint/Projects/prefecture/.venv/lib/python3.13/site-packages/sqlalchemy/ext/asyncio/engine.py", line 275, in start
    await greenlet_spawn(self.sync_engine.connect)
  File "/usr/local/google/home/konstantint/Projects/prefecture/.venv/lib/python3.13/site-packages/sqlalchemy/util/_concurrency_py3k.py", line 201, in greenlet_spawn
    result = context.throw(*sys.exc_info())
  File "/usr/local/google/home/konstantint/Projects/prefecture/.venv/lib/python3.13/site-packages/sqlalchemy/engine/base.py", line 3293, in connect
    return self._connection_cls(self)
           ~~~~~~~~~~~~~~~~~~~~^^^^^^
  File "/usr/local/google/home/konstantint/Projects/prefecture/.venv/lib/python3.13/site-packages/sqlalchemy/engine/base.py", line 145, in __init__
    Connection._handle_dbapi_exception_noconnection(
    ~~~~~~~~~~~~~~~~~~~~~~~~~~~~~~~~~~~~~~~~~~~~~~~^
        err, dialect, engine
        ^^^^^^^^^^^^^^^^^^^^
    )
    ^
  File "/usr/local/google/home/konstantint/Projects/prefecture/.venv/lib/python3.13/site-packages/sqlalchemy/engine/base.py", line 2448, in _handle_dbapi_exception_noconnection
    raise sqlalchemy_exception.with_traceback(exc_info[2]) from e
  File "/usr/local/google/home/konstantint/Projects/prefecture/.venv/lib/python3.13/site-packages/sqlalchemy/engine/base.py", line 143, in __init__
    self._dbapi_connection = engine.raw_connection()
                             ~~~~~~~~~~~~~~~~~~~~~^^
  File "/usr/local/google/home/konstantint/Projects/prefecture/.venv/lib/python3.13/site-packages/sqlalchemy/engine/base.py", line 3317, in raw_connection
    return self.pool.connect()
           ~~~~~~~~~~~~~~~~~^^
  File "/usr/local/google/home/konstantint/Projects/prefecture/.venv/lib/python3.13/site-packages/sqlalchemy/pool/base.py", line 448, in connect
    return _ConnectionFairy._checkout(self)
           ~~~~~~~~~~~~~~~~~~~~~~~~~~^^^^^^
  File "/usr/local/google/home/konstantint/Projects/prefecture/.venv/lib/python3.13/site-packages/sqlalchemy/pool/base.py", line 1272, in _checkout
    fairy = _ConnectionRecord.checkout(pool)
  File "/usr/local/google/home/konstantint/Projects/prefecture/.venv/lib/python3.13/site-packages/sqlalchemy/pool/base.py", line 712, in checkout
    rec = pool._do_get()
  File "/usr/local/google/home/konstantint/Projects/prefecture/.venv/lib/python3.13/site-packages/sqlalchemy/pool/impl.py", line 177, in _do_get
    with util.safe_reraise():
         ~~~~~~~~~~~~~~~~~^^
  File "/usr/local/google/home/konstantint/Projects/prefecture/.venv/lib/python3.13/site-packages/sqlalchemy/util/langhelpers.py", line 121, in __exit__
    raise exc_value.with_traceback(exc_tb)
  File "/usr/local/google/home/konstantint/Projects/prefecture/.venv/lib/python3.13/site-packages/sqlalchemy/pool/impl.py", line 175, in _do_get
    return self._create_connection()
           ~~~~~~~~~~~~~~~~~~~~~~~^^
  File "/usr/local/google/home/konstantint/Projects/prefecture/.venv/lib/python3.13/site-packages/sqlalchemy/pool/base.py", line 389, in _create_connection
    return _ConnectionRecord(self)
  File "/usr/local/google/home/konstantint/Projects/prefecture/.venv/lib/python3.13/site-packages/sqlalchemy/pool/base.py", line 674, in __init__
    self.__connect()
    ~~~~~~~~~~~~~~^^
  File "/usr/local/google/home/konstantint/Projects/prefecture/.venv/lib/python3.13/site-packages/sqlalchemy/pool/base.py", line 914, in __connect
    )._exec_w_sync_on_first_run(self.dbapi_connection, self)
      ~~~~~~~~~~~~~~~~~~~~~~~~~^^^^^^^^^^^^^^^^^^^^^^^^^^^^^
  File "/usr/local/google/home/konstantint/Projects/prefecture/.venv/lib/python3.13/site-packages/sqlalchemy/event/attr.py", line 501, in _exec_w_sync_on_first_run
    self(*args, **kw)
    ~~~~^^^^^^^^^^^^^
  File "/usr/local/google/home/konstantint/Projects/prefecture/.venv/lib/python3.13/site-packages/sqlalchemy/event/attr.py", line 515, in __call__
    fn(*args, **kw)
    ~~^^^^^^^^^^^^^
  File "/usr/local/google/home/konstantint/Projects/prefecture/.venv/lib/python3.13/site-packages/prefect/server/database/configurations.py", line 530, in setup_sqlite
    cursor.execute("PRAGMA journal_mode = WAL;")
    ~~~~~~~~~~~~~~^^^^^^^^^^^^^^^^^^^^^^^^^^^^^^
  File "/usr/local/google/home/konstantint/Projects/prefecture/.venv/lib/python3.13/site-packages/sqlalchemy/dialects/sqlite/aiosqlite.py", line 182, in execute
    self._adapt_connection._handle_exception(error)
    ~~~~~~~~~~~~~~~~~~~~~~~~~~~~~~~~~~~~~~~~^^^^^^^
  File "/usr/local/google/home/konstantint/Projects/prefecture/.venv/lib/python3.13/site-packages/sqlalchemy/dialects/sqlite/aiosqlite.py", line 342, in _handle_exception
    raise error
  File "/usr/local/google/home/konstantint/Projects/prefecture/.venv/lib/python3.13/site-packages/sqlalchemy/dialects/sqlite/aiosqlite.py", line 162, in execute
    self.await_(_cursor.execute(operation))
    ~~~~~~~~~~~^^^^^^^^^^^^^^^^^^^^^^^^^^^^
  File "/usr/local/google/home/konstantint/Projects/prefecture/.venv/lib/python3.13/site-packages/sqlalchemy/util/_concurrency_py3k.py", line 132, in await_only
    return current.parent.switch(awaitable)  # type: ignore[no-any-return,attr-defined] # noqa: E501
           ~~~~~~~~~~~~~~~~~~~~~^^^^^^^^^^^
  File "/usr/local/google/home/konstantint/Projects/prefecture/.venv/lib/python3.13/site-packages/sqlalchemy/util/_concurrency_py3k.py", line 196, in greenlet_spawn
    value = await result
            ^^^^^^^^^^^^
  File "/usr/local/google/home/konstantint/Projects/prefecture/.venv/lib/python3.13/site-packages/aiosqlite/cursor.py", line 40, in execute
    await self._execute(self._cursor.execute, sql, parameters)
  File "/usr/local/google/home/konstantint/Projects/prefecture/.venv/lib/python3.13/site-packages/aiosqlite/cursor.py", line 32, in _execute
    return await self._conn._execute(fn, *args, **kwargs)
           ^^^^^^^^^^^^^^^^^^^^^^^^^^^^^^^^^^^^^^^^^^^^^^
  File "/usr/local/google/home/konstantint/Projects/prefecture/.venv/lib/python3.13/site-packages/aiosqlite/core.py", line 160, in _execute
    return await future
           ^^^^^^^^^^^^
  File "/usr/local/google/home/konstantint/Projects/prefecture/.venv/lib/python3.13/site-packages/aiosqlite/core.py", line 63, in _connection_worker_thread
    result = function()
sqlalchemy.exc.OperationalError: (sqlite3.OperationalError) unable to open database file
(Background on this error at: https://sqlalche.me/e/20/e3q8)

14:17:23.483 | ERROR   | uvicorn.error - Application startup failed. Exiting.
14:17:24.693 | ERROR   | uvicorn.error - Traceback (most recent call last):
  File "/usr/local/google/home/konstantint/Projects/prefecture/.venv/lib/python3.13/site-packages/sqlalchemy/engine/base.py", line 143, in __init__
    self._dbapi_connection = engine.raw_connection()
                             ~~~~~~~~~~~~~~~~~~~~~^^
  File "/usr/local/google/home/konstantint/Projects/prefecture/.venv/lib/python3.13/site-packages/sqlalchemy/engine/base.py", line 3317, in raw_connection
    return self.pool.connect()
           ~~~~~~~~~~~~~~~~~^^
  File "/usr/local/google/home/konstantint/Projects/prefecture/.venv/lib/python3.13/site-packages/sqlalchemy/pool/base.py", line 448, in connect
    return _ConnectionFairy._checkout(self)
           ~~~~~~~~~~~~~~~~~~~~~~~~~~^^^^^^
  File "/usr/local/google/home/konstantint/Projects/prefecture/.venv/lib/python3.13/site-packages/sqlalchemy/pool/base.py", line 1272, in _checkout
    fairy = _ConnectionRecord.checkout(pool)
  File "/usr/local/google/home/konstantint/Projects/prefecture/.venv/lib/python3.13/site-packages/sqlalchemy/pool/base.py", line 712, in checkout
    rec = pool._do_get()
  File "/usr/local/google/home/konstantint/Projects/prefecture/.venv/lib/python3.13/site-packages/sqlalchemy/pool/impl.py", line 177, in _do_get
    with util.safe_reraise():
         ~~~~~~~~~~~~~~~~~^^
  File "/usr/local/google/home/konstantint/Projects/prefecture/.venv/lib/python3.13/site-packages/sqlalchemy/util/langhelpers.py", line 121, in __exit__
    raise exc_value.with_traceback(exc_tb)
  File "/usr/local/google/home/konstantint/Projects/prefecture/.venv/lib/python3.13/site-packages/sqlalchemy/pool/impl.py", line 175, in _do_get
    return self._create_connection()
           ~~~~~~~~~~~~~~~~~~~~~~~^^
  File "/usr/local/google/home/konstantint/Projects/prefecture/.venv/lib/python3.13/site-packages/sqlalchemy/pool/base.py", line 389, in _create_connection
    return _ConnectionRecord(self)
  File "/usr/local/google/home/konstantint/Projects/prefecture/.venv/lib/python3.13/site-packages/sqlalchemy/pool/base.py", line 674, in __init__
    self.__connect()
    ~~~~~~~~~~~~~~^^
  File "/usr/local/google/home/konstantint/Projects/prefecture/.venv/lib/python3.13/site-packages/sqlalchemy/pool/base.py", line 914, in __connect
    )._exec_w_sync_on_first_run(self.dbapi_connection, self)
      ~~~~~~~~~~~~~~~~~~~~~~~~~^^^^^^^^^^^^^^^^^^^^^^^^^^^^^
  File "/usr/local/google/home/konstantint/Projects/prefecture/.venv/lib/python3.13/site-packages/sqlalchemy/event/attr.py", line 501, in _exec_w_sync_on_first_run
    self(*args, **kw)
    ~~~~^^^^^^^^^^^^^
  File "/usr/local/google/home/konstantint/Projects/prefecture/.venv/lib/python3.13/site-packages/sqlalchemy/event/attr.py", line 515, in __call__
    fn(*args, **kw)
    ~~^^^^^^^^^^^^^
  File "/usr/local/google/home/konstantint/Projects/prefecture/.venv/lib/python3.13/site-packages/prefect/server/database/configurations.py", line 530, in setup_sqlite
    cursor.execute("PRAGMA journal_mode = WAL;")
    ~~~~~~~~~~~~~~^^^^^^^^^^^^^^^^^^^^^^^^^^^^^^
  File "/usr/local/google/home/konstantint/Projects/prefecture/.venv/lib/python3.13/site-packages/sqlalchemy/dialects/sqlite/aiosqlite.py", line 182, in execute
    self._adapt_connection._handle_exception(error)
    ~~~~~~~~~~~~~~~~~~~~~~~~~~~~~~~~~~~~~~~~^^^^^^^
  File "/usr/local/google/home/konstantint/Projects/prefecture/.venv/lib/python3.13/site-packages/sqlalchemy/dialects/sqlite/aiosqlite.py", line 342, in _handle_exception
    raise error
  File "/usr/local/google/home/konstantint/Projects/prefecture/.venv/lib/python3.13/site-packages/sqlalchemy/dialects/sqlite/aiosqlite.py", line 162, in execute
    self.await_(_cursor.execute(operation))
    ~~~~~~~~~~~^^^^^^^^^^^^^^^^^^^^^^^^^^^^
  File "/usr/local/google/home/konstantint/Projects/prefecture/.venv/lib/python3.13/site-packages/sqlalchemy/util/_concurrency_py3k.py", line 132, in await_only
    return current.parent.switch(awaitable)  # type: ignore[no-any-return,attr-defined] # noqa: E501
           ~~~~~~~~~~~~~~~~~~~~~^^^^^^^^^^^
  File "/usr/local/google/home/konstantint/Projects/prefecture/.venv/lib/python3.13/site-packages/sqlalchemy/util/_concurrency_py3k.py", line 196, in greenlet_spawn
    value = await result
            ^^^^^^^^^^^^
  File "/usr/local/google/home/konstantint/Projects/prefecture/.venv/lib/python3.13/site-packages/aiosqlite/cursor.py", line 40, in execute
    await self._execute(self._cursor.execute, sql, parameters)
  File "/usr/local/google/home/konstantint/Projects/prefecture/.venv/lib/python3.13/site-packages/aiosqlite/cursor.py", line 32, in _execute
    return await self._conn._execute(fn, *args, **kwargs)
           ^^^^^^^^^^^^^^^^^^^^^^^^^^^^^^^^^^^^^^^^^^^^^^
  File "/usr/local/google/home/konstantint/Projects/prefecture/.venv/lib/python3.13/site-packages/aiosqlite/core.py", line 160, in _execute
    return await future
           ^^^^^^^^^^^^
  File "/usr/local/google/home/konstantint/Projects/prefecture/.venv/lib/python3.13/site-packages/aiosqlite/core.py", line 63, in _connection_worker_thread
    result = function()
sqlite3.OperationalError: unable to open database file

The above exception was the direct cause of the following exception:

Traceback (most recent call last):
  File "/usr/local/google/home/konstantint/Projects/prefecture/.venv/lib/python3.13/site-packages/starlette/routing.py", line 638, in lifespan
    async with self.lifespan_context(app) as maybe_state:
               ~~~~~~~~~~~~~~~~~~~~~^^^^^
  File "/usr/lib/python3.13/contextlib.py", line 214, in __aenter__
    return await anext(self.gen)
           ^^^^^^^^^^^^^^^^^^^^^
  File "/usr/local/google/home/konstantint/Projects/prefecture/.venv/lib/python3.13/site-packages/prefect/server/api/server.py", line 921, in lifespan
    await run_migrations()
  File "/usr/local/google/home/konstantint/Projects/prefecture/.venv/lib/python3.13/site-packages/prefect/server/api/server.py", line 898, in run_migrations
    await db.create_db()
  File "/usr/local/google/home/konstantint/Projects/prefecture/.venv/lib/python3.13/site-packages/prefect/server/database/interface.py", line 77, in create_db
    await self.run_migrations_upgrade()
  File "/usr/local/google/home/konstantint/Projects/prefecture/.venv/lib/python3.13/site-packages/prefect/server/database/interface.py", line 115, in run_migrations_upgrade
    await run_sync_in_worker_thread(alembic_upgrade)
  File "/usr/local/google/home/konstantint/Projects/prefecture/.venv/lib/python3.13/site-packages/prefect/utilities/asyncutils/__init__.py", line 233, in run_sync_in_worker_thread
    result = await anyio.to_thread.run_sync(
             ^^^^^^^^^^^^^^^^^^^^^^^^^^^^^^^
        call_with_mark, call, abandon_on_cancel=True, limiter=get_thread_limiter()
        ^^^^^^^^^^^^^^^^^^^^^^^^^^^^^^^^^^^^^^^^^^^^^^^^^^^^^^^^^^^^^^^^^^^^^^^^^^
    )
    ^
  File "/usr/local/google/home/konstantint/Projects/prefecture/.venv/lib/python3.13/site-packages/anyio/to_thread.py", line 63, in run_sync
    return await get_async_backend().run_sync_in_worker_thread(
           ^^^^^^^^^^^^^^^^^^^^^^^^^^^^^^^^^^^^^^^^^^^^^^^^^^^^
        func, args, abandon_on_cancel=abandon_on_cancel, limiter=limiter
        ^^^^^^^^^^^^^^^^^^^^^^^^^^^^^^^^^^^^^^^^^^^^^^^^^^^^^^^^^^^^^^^^
    )
    ^
  File "/usr/local/google/home/konstantint/Projects/prefecture/.venv/lib/python3.13/site-packages/anyio/_backends/_asyncio.py", line 2518, in run_sync_in_worker_thread
    return await future
           ^^^^^^^^^^^^
  File "/usr/local/google/home/konstantint/Projects/prefecture/.venv/lib/python3.13/site-packages/anyio/_backends/_asyncio.py", line 1002, in run
    result = context.run(func, *args)
  File "/usr/local/google/home/konstantint/Projects/prefecture/.venv/lib/python3.13/site-packages/prefect/utilities/asyncutils/__init__.py", line 243, in call_with_mark
    return call()
  File "/usr/local/google/home/konstantint/Projects/prefecture/.venv/lib/python3.13/site-packages/prefect/server/database/alembic_commands.py", line 36, in wrapper
    return fn(*args, **kwargs)
  File "/usr/local/google/home/konstantint/Projects/prefecture/.venv/lib/python3.13/site-packages/prefect/server/database/alembic_commands.py", line 72, in alembic_upgrade
    alembic.command.upgrade(alembic_config(), revision, sql=dry_run)
    ~~~~~~~~~~~~~~~~~~~~~~~^^^^^^^^^^^^^^^^^^^^^^^^^^^^^^^^^^^^^^^^^
  File "/usr/local/google/home/konstantint/Projects/prefecture/.venv/lib/python3.13/site-packages/alembic/command.py", line 483, in upgrade
    script.run_env()
    ~~~~~~~~~~~~~~^^
  File "/usr/local/google/home/konstantint/Projects/prefecture/.venv/lib/python3.13/site-packages/alembic/script/base.py", line 545, in run_env
    util.load_python_file(self.dir, "env.py")
    ~~~~~~~~~~~~~~~~~~~~~^^^^^^^^^^^^^^^^^^^^
  File "/usr/local/google/home/konstantint/Projects/prefecture/.venv/lib/python3.13/site-packages/alembic/util/pyfiles.py", line 116, in load_python_file
    module = load_module_py(module_id, path)
  File "/usr/local/google/home/konstantint/Projects/prefecture/.venv/lib/python3.13/site-packages/alembic/util/pyfiles.py", line 136, in load_module_py
    spec.loader.exec_module(module)  # type: ignore
    ~~~~~~~~~~~~~~~~~~~~~~~^^^^^^^^
  File "<frozen importlib._bootstrap_external>", line 1023, in exec_module
  File "<frozen importlib._bootstrap>", line 488, in _call_with_frames_removed
  File "/usr/local/google/home/konstantint/Projects/prefecture/.venv/lib/python3.13/site-packages/prefect/server/database/_migrations/env.py", line 201, in <module>
    run_async_from_worker_thread(apply_migrations)
    ~~~~~~~~~~~~~~~~~~~~~~~~~~~~^^^^^^^^^^^^^^^^^^
  File "/usr/local/google/home/konstantint/Projects/prefecture/.venv/lib/python3.13/site-packages/prefect/utilities/asyncutils/__init__.py", line 254, in run_async_from_worker_thread
    return anyio.from_thread.run(call)
           ~~~~~~~~~~~~~~~~~~~~~^^^^^^
  File "/usr/local/google/home/konstantint/Projects/prefecture/.venv/lib/python3.13/site-packages/anyio/from_thread.py", line 90, in run
    return token.backend_class.run_async_from_thread(
           ~~~~~~~~~~~~~~~~~~~~~~~~~~~~~~~~~~~~~~~~~^
        func, args, token=token.native_token if explicit_token else None
        ^^^^^^^^^^^^^^^^^^^^^^^^^^^^^^^^^^^^^^^^^^^^^^^^^^^^^^^^^^^^^^^^
    )
    ^
  File "/usr/local/google/home/konstantint/Projects/prefecture/.venv/lib/python3.13/site-packages/anyio/_backends/_asyncio.py", line 2565, in run_async_from_thread
    return f.result()
           ~~~~~~~~^^
  File "/usr/lib/python3.13/concurrent/futures/_base.py", line 460, in result
    return self.__get_result()
           ~~~~~~~~~~~~~~~~~^^
  File "/usr/lib/python3.13/concurrent/futures/_base.py", line 402, in __get_result
    raise self._exception
  File "/usr/local/google/home/konstantint/Projects/prefecture/.venv/lib/python3.13/site-packages/anyio/_backends/_asyncio.py", line 2546, in task_wrapper
    return await func(*args)
           ^^^^^^^^^^^^^^^^^
  File "/usr/local/google/home/konstantint/Projects/prefecture/.venv/lib/python3.13/site-packages/prefect/server/database/_migrations/env.py", line 189, in apply_migrations
    async with engine.connect() as connection:
               ~~~~~~~~~~~~~~^^
  File "/usr/local/google/home/konstantint/Projects/prefecture/.venv/lib/python3.13/site-packages/sqlalchemy/ext/asyncio/base.py", line 121, in __aenter__
    return await self.start(is_ctxmanager=True)
           ^^^^^^^^^^^^^^^^^^^^^^^^^^^^^^^^^^^^
  File "/usr/local/google/home/konstantint/Projects/prefecture/.venv/lib/python3.13/site-packages/sqlalchemy/ext/asyncio/engine.py", line 275, in start
    await greenlet_spawn(self.sync_engine.connect)
  File "/usr/local/google/home/konstantint/Projects/prefecture/.venv/lib/python3.13/site-packages/sqlalchemy/util/_concurrency_py3k.py", line 201, in greenlet_spawn
    result = context.throw(*sys.exc_info())
  File "/usr/local/google/home/konstantint/Projects/prefecture/.venv/lib/python3.13/site-packages/sqlalchemy/engine/base.py", line 3293, in connect
    return self._connection_cls(self)
           ~~~~~~~~~~~~~~~~~~~~^^^^^^
  File "/usr/local/google/home/konstantint/Projects/prefecture/.venv/lib/python3.13/site-packages/sqlalchemy/engine/base.py", line 145, in __init__
    Connection._handle_dbapi_exception_noconnection(
    ~~~~~~~~~~~~~~~~~~~~~~~~~~~~~~~~~~~~~~~~~~~~~~~^
        err, dialect, engine
        ^^^^^^^^^^^^^^^^^^^^
    )
    ^
  File "/usr/local/google/home/konstantint/Projects/prefecture/.venv/lib/python3.13/site-packages/sqlalchemy/engine/base.py", line 2448, in _handle_dbapi_exception_noconnection
    raise sqlalchemy_exception.with_traceback(exc_info[2]) from e
  File "/usr/local/google/home/konstantint/Projects/prefecture/.venv/lib/python3.13/site-packages/sqlalchemy/engine/base.py", line 143, in __init__
    self._dbapi_connection = engine.raw_connection()
                             ~~~~~~~~~~~~~~~~~~~~~^^
  File "/usr/local/google/home/konstantint/Projects/prefecture/.venv/lib/python3.13/site-packages/sqlalchemy/engine/base.py", line 3317, in raw_connection
    return self.pool.connect()
           ~~~~~~~~~~~~~~~~~^^
  File "/usr/local/google/home/konstantint/Projects/prefecture/.venv/lib/python3.13/site-packages/sqlalchemy/pool/base.py", line 448, in connect
    return _ConnectionFairy._checkout(self)
           ~~~~~~~~~~~~~~~~~~~~~~~~~~^^^^^^
  File "/usr/local/google/home/konstantint/Projects/prefecture/.venv/lib/python3.13/site-packages/sqlalchemy/pool/base.py", line 1272, in _checkout
    fairy = _ConnectionRecord.checkout(pool)
  File "/usr/local/google/home/konstantint/Projects/prefecture/.venv/lib/python3.13/site-packages/sqlalchemy/pool/base.py", line 712, in checkout
    rec = pool._do_get()
  File "/usr/local/google/home/konstantint/Projects/prefecture/.venv/lib/python3.13/site-packages/sqlalchemy/pool/impl.py", line 177, in _do_get
    with util.safe_reraise():
         ~~~~~~~~~~~~~~~~~^^
  File "/usr/local/google/home/konstantint/Projects/prefecture/.venv/lib/python3.13/site-packages/sqlalchemy/util/langhelpers.py", line 121, in __exit__
    raise exc_value.with_traceback(exc_tb)
  File "/usr/local/google/home/konstantint/Projects/prefecture/.venv/lib/python3.13/site-packages/sqlalchemy/pool/impl.py", line 175, in _do_get
    return self._create_connection()
           ~~~~~~~~~~~~~~~~~~~~~~~^^
  File "/usr/local/google/home/konstantint/Projects/prefecture/.venv/lib/python3.13/site-packages/sqlalchemy/pool/base.py", line 389, in _create_connection
    return _ConnectionRecord(self)
  File "/usr/local/google/home/konstantint/Projects/prefecture/.venv/lib/python3.13/site-packages/sqlalchemy/pool/base.py", line 674, in __init__
    self.__connect()
    ~~~~~~~~~~~~~~^^
  File "/usr/local/google/home/konstantint/Projects/prefecture/.venv/lib/python3.13/site-packages/sqlalchemy/pool/base.py", line 914, in __connect
    )._exec_w_sync_on_first_run(self.dbapi_connection, self)
      ~~~~~~~~~~~~~~~~~~~~~~~~~^^^^^^^^^^^^^^^^^^^^^^^^^^^^^
  File "/usr/local/google/home/konstantint/Projects/prefecture/.venv/lib/python3.13/site-packages/sqlalchemy/event/attr.py", line 501, in _exec_w_sync_on_first_run
    self(*args, **kw)
    ~~~~^^^^^^^^^^^^^
  File "/usr/local/google/home/konstantint/Projects/prefecture/.venv/lib/python3.13/site-packages/sqlalchemy/event/attr.py", line 515, in __call__
    fn(*args, **kw)
    ~~^^^^^^^^^^^^^
  File "/usr/local/google/home/konstantint/Projects/prefecture/.venv/lib/python3.13/site-packages/prefect/server/database/configurations.py", line 530, in setup_sqlite
    cursor.execute("PRAGMA journal_mode = WAL;")
    ~~~~~~~~~~~~~~^^^^^^^^^^^^^^^^^^^^^^^^^^^^^^
  File "/usr/local/google/home/konstantint/Projects/prefecture/.venv/lib/python3.13/site-packages/sqlalchemy/dialects/sqlite/aiosqlite.py", line 182, in execute
    self._adapt_connection._handle_exception(error)
    ~~~~~~~~~~~~~~~~~~~~~~~~~~~~~~~~~~~~~~~~^^^^^^^
  File "/usr/local/google/home/konstantint/Projects/prefecture/.venv/lib/python3.13/site-packages/sqlalchemy/dialects/sqlite/aiosqlite.py", line 342, in _handle_exception
    raise error
  File "/usr/local/google/home/konstantint/Projects/prefecture/.venv/lib/python3.13/site-packages/sqlalchemy/dialects/sqlite/aiosqlite.py", line 162, in execute
    self.await_(_cursor.execute(operation))
    ~~~~~~~~~~~^^^^^^^^^^^^^^^^^^^^^^^^^^^^
  File "/usr/local/google/home/konstantint/Projects/prefecture/.venv/lib/python3.13/site-packages/sqlalchemy/util/_concurrency_py3k.py", line 132, in await_only
    return current.parent.switch(awaitable)  # type: ignore[no-any-return,attr-defined] # noqa: E501
           ~~~~~~~~~~~~~~~~~~~~~^^^^^^^^^^^
  File "/usr/local/google/home/konstantint/Projects/prefecture/.venv/lib/python3.13/site-packages/sqlalchemy/util/_concurrency_py3k.py", line 196, in greenlet_spawn
    value = await result
            ^^^^^^^^^^^^
  File "/usr/local/google/home/konstantint/Projects/prefecture/.venv/lib/python3.13/site-packages/aiosqlite/cursor.py", line 40, in execute
    await self._execute(self._cursor.execute, sql, parameters)
  File "/usr/local/google/home/konstantint/Projects/prefecture/.venv/lib/python3.13/site-packages/aiosqlite/cursor.py", line 32, in _execute
    return await self._conn._execute(fn, *args, **kwargs)
           ^^^^^^^^^^^^^^^^^^^^^^^^^^^^^^^^^^^^^^^^^^^^^^
  File "/usr/local/google/home/konstantint/Projects/prefecture/.venv/lib/python3.13/site-packages/aiosqlite/core.py", line 160, in _execute
    return await future
           ^^^^^^^^^^^^
  File "/usr/local/google/home/konstantint/Projects/prefecture/.venv/lib/python3.13/site-packages/aiosqlite/core.py", line 63, in _connection_worker_thread
    result = function()
sqlalchemy.exc.OperationalError: (sqlite3.OperationalError) unable to open database file
(Background on this error at: https://sqlalche.me/e/20/e3q8)

14:17:24.709 | ERROR   | uvicorn.error - Application startup failed. Exiting.
14:17:30.698 | ERROR   | uvicorn.error - Traceback (most recent call last):
  File "/usr/local/google/home/konstantint/Projects/prefecture/.venv/lib/python3.13/site-packages/sqlalchemy/engine/base.py", line 143, in __init__
    self._dbapi_connection = engine.raw_connection()
                             ~~~~~~~~~~~~~~~~~~~~~^^
  File "/usr/local/google/home/konstantint/Projects/prefecture/.venv/lib/python3.13/site-packages/sqlalchemy/engine/base.py", line 3317, in raw_connection
    return self.pool.connect()
           ~~~~~~~~~~~~~~~~~^^
  File "/usr/local/google/home/konstantint/Projects/prefecture/.venv/lib/python3.13/site-packages/sqlalchemy/pool/base.py", line 448, in connect
    return _ConnectionFairy._checkout(self)
           ~~~~~~~~~~~~~~~~~~~~~~~~~~^^^^^^
  File "/usr/local/google/home/konstantint/Projects/prefecture/.venv/lib/python3.13/site-packages/sqlalchemy/pool/base.py", line 1272, in _checkout
    fairy = _ConnectionRecord.checkout(pool)
  File "/usr/local/google/home/konstantint/Projects/prefecture/.venv/lib/python3.13/site-packages/sqlalchemy/pool/base.py", line 712, in checkout
    rec = pool._do_get()
  File "/usr/local/google/home/konstantint/Projects/prefecture/.venv/lib/python3.13/site-packages/sqlalchemy/pool/impl.py", line 177, in _do_get
    with util.safe_reraise():
         ~~~~~~~~~~~~~~~~~^^
  File "/usr/local/google/home/konstantint/Projects/prefecture/.venv/lib/python3.13/site-packages/sqlalchemy/util/langhelpers.py", line 121, in __exit__
    raise exc_value.with_traceback(exc_tb)
  File "/usr/local/google/home/konstantint/Projects/prefecture/.venv/lib/python3.13/site-packages/sqlalchemy/pool/impl.py", line 175, in _do_get
    return self._create_connection()
           ~~~~~~~~~~~~~~~~~~~~~~~^^
  File "/usr/local/google/home/konstantint/Projects/prefecture/.venv/lib/python3.13/site-packages/sqlalchemy/pool/base.py", line 389, in _create_connection
    return _ConnectionRecord(self)
  File "/usr/local/google/home/konstantint/Projects/prefecture/.venv/lib/python3.13/site-packages/sqlalchemy/pool/base.py", line 674, in __init__
    self.__connect()
    ~~~~~~~~~~~~~~^^
  File "/usr/local/google/home/konstantint/Projects/prefecture/.venv/lib/python3.13/site-packages/sqlalchemy/pool/base.py", line 914, in __connect
    )._exec_w_sync_on_first_run(self.dbapi_connection, self)
      ~~~~~~~~~~~~~~~~~~~~~~~~~^^^^^^^^^^^^^^^^^^^^^^^^^^^^^
  File "/usr/local/google/home/konstantint/Projects/prefecture/.venv/lib/python3.13/site-packages/sqlalchemy/event/attr.py", line 501, in _exec_w_sync_on_first_run
    self(*args, **kw)
    ~~~~^^^^^^^^^^^^^
  File "/usr/local/google/home/konstantint/Projects/prefecture/.venv/lib/python3.13/site-packages/sqlalchemy/event/attr.py", line 515, in __call__
    fn(*args, **kw)
    ~~^^^^^^^^^^^^^
  File "/usr/local/google/home/konstantint/Projects/prefecture/.venv/lib/python3.13/site-packages/prefect/server/database/configurations.py", line 530, in setup_sqlite
    cursor.execute("PRAGMA journal_mode = WAL;")
    ~~~~~~~~~~~~~~^^^^^^^^^^^^^^^^^^^^^^^^^^^^^^
  File "/usr/local/google/home/konstantint/Projects/prefecture/.venv/lib/python3.13/site-packages/sqlalchemy/dialects/sqlite/aiosqlite.py", line 182, in execute
    self._adapt_connection._handle_exception(error)
    ~~~~~~~~~~~~~~~~~~~~~~~~~~~~~~~~~~~~~~~~^^^^^^^
  File "/usr/local/google/home/konstantint/Projects/prefecture/.venv/lib/python3.13/site-packages/sqlalchemy/dialects/sqlite/aiosqlite.py", line 342, in _handle_exception
    raise error
  File "/usr/local/google/home/konstantint/Projects/prefecture/.venv/lib/python3.13/site-packages/sqlalchemy/dialects/sqlite/aiosqlite.py", line 162, in execute
    self.await_(_cursor.execute(operation))
    ~~~~~~~~~~~^^^^^^^^^^^^^^^^^^^^^^^^^^^^
  File "/usr/local/google/home/konstantint/Projects/prefecture/.venv/lib/python3.13/site-packages/sqlalchemy/util/_concurrency_py3k.py", line 132, in await_only
    return current.parent.switch(awaitable)  # type: ignore[no-any-return,attr-defined] # noqa: E501
           ~~~~~~~~~~~~~~~~~~~~~^^^^^^^^^^^
  File "/usr/local/google/home/konstantint/Projects/prefecture/.venv/lib/python3.13/site-packages/sqlalchemy/util/_concurrency_py3k.py", line 196, in greenlet_spawn
    value = await result
            ^^^^^^^^^^^^
  File "/usr/local/google/home/konstantint/Projects/prefecture/.venv/lib/python3.13/site-packages/aiosqlite/cursor.py", line 40, in execute
    await self._execute(self._cursor.execute, sql, parameters)
  File "/usr/local/google/home/konstantint/Projects/prefecture/.venv/lib/python3.13/site-packages/aiosqlite/cursor.py", line 32, in _execute
    return await self._conn._execute(fn, *args, **kwargs)
           ^^^^^^^^^^^^^^^^^^^^^^^^^^^^^^^^^^^^^^^^^^^^^^
  File "/usr/local/google/home/konstantint/Projects/prefecture/.venv/lib/python3.13/site-packages/aiosqlite/core.py", line 160, in _execute
    return await future
           ^^^^^^^^^^^^
  File "/usr/local/google/home/konstantint/Projects/prefecture/.venv/lib/python3.13/site-packages/aiosqlite/core.py", line 63, in _connection_worker_thread
    result = function()
sqlite3.OperationalError: unable to open database file

The above exception was the direct cause of the following exception:

Traceback (most recent call last):
  File "/usr/local/google/home/konstantint/Projects/prefecture/.venv/lib/python3.13/site-packages/starlette/routing.py", line 638, in lifespan
    async with self.lifespan_context(app) as maybe_state:
               ~~~~~~~~~~~~~~~~~~~~~^^^^^
  File "/usr/lib/python3.13/contextlib.py", line 214, in __aenter__
    return await anext(self.gen)
           ^^^^^^^^^^^^^^^^^^^^^
  File "/usr/local/google/home/konstantint/Projects/prefecture/.venv/lib/python3.13/site-packages/prefect/server/api/server.py", line 921, in lifespan
    await run_migrations()
  File "/usr/local/google/home/konstantint/Projects/prefecture/.venv/lib/python3.13/site-packages/prefect/server/api/server.py", line 898, in run_migrations
    await db.create_db()
  File "/usr/local/google/home/konstantint/Projects/prefecture/.venv/lib/python3.13/site-packages/prefect/server/database/interface.py", line 77, in create_db
    await self.run_migrations_upgrade()
  File "/usr/local/google/home/konstantint/Projects/prefecture/.venv/lib/python3.13/site-packages/prefect/server/database/interface.py", line 115, in run_migrations_upgrade
    await run_sync_in_worker_thread(alembic_upgrade)
  File "/usr/local/google/home/konstantint/Projects/prefecture/.venv/lib/python3.13/site-packages/prefect/utilities/asyncutils/__init__.py", line 233, in run_sync_in_worker_thread
    result = await anyio.to_thread.run_sync(
             ^^^^^^^^^^^^^^^^^^^^^^^^^^^^^^^
        call_with_mark, call, abandon_on_cancel=True, limiter=get_thread_limiter()
        ^^^^^^^^^^^^^^^^^^^^^^^^^^^^^^^^^^^^^^^^^^^^^^^^^^^^^^^^^^^^^^^^^^^^^^^^^^
    )
    ^
  File "/usr/local/google/home/konstantint/Projects/prefecture/.venv/lib/python3.13/site-packages/anyio/to_thread.py", line 63, in run_sync
    return await get_async_backend().run_sync_in_worker_thread(
           ^^^^^^^^^^^^^^^^^^^^^^^^^^^^^^^^^^^^^^^^^^^^^^^^^^^^
        func, args, abandon_on_cancel=abandon_on_cancel, limiter=limiter
        ^^^^^^^^^^^^^^^^^^^^^^^^^^^^^^^^^^^^^^^^^^^^^^^^^^^^^^^^^^^^^^^^
    )
    ^
  File "/usr/local/google/home/konstantint/Projects/prefecture/.venv/lib/python3.13/site-packages/anyio/_backends/_asyncio.py", line 2518, in run_sync_in_worker_thread
    return await future
           ^^^^^^^^^^^^
  File "/usr/local/google/home/konstantint/Projects/prefecture/.venv/lib/python3.13/site-packages/anyio/_backends/_asyncio.py", line 1002, in run
    result = context.run(func, *args)
  File "/usr/local/google/home/konstantint/Projects/prefecture/.venv/lib/python3.13/site-packages/prefect/utilities/asyncutils/__init__.py", line 243, in call_with_mark
    return call()
  File "/usr/local/google/home/konstantint/Projects/prefecture/.venv/lib/python3.13/site-packages/prefect/server/database/alembic_commands.py", line 36, in wrapper
    return fn(*args, **kwargs)
  File "/usr/local/google/home/konstantint/Projects/prefecture/.venv/lib/python3.13/site-packages/prefect/server/database/alembic_commands.py", line 72, in alembic_upgrade
    alembic.command.upgrade(alembic_config(), revision, sql=dry_run)
    ~~~~~~~~~~~~~~~~~~~~~~~^^^^^^^^^^^^^^^^^^^^^^^^^^^^^^^^^^^^^^^^^
  File "/usr/local/google/home/konstantint/Projects/prefecture/.venv/lib/python3.13/site-packages/alembic/command.py", line 483, in upgrade
    script.run_env()
    ~~~~~~~~~~~~~~^^
  File "/usr/local/google/home/konstantint/Projects/prefecture/.venv/lib/python3.13/site-packages/alembic/script/base.py", line 545, in run_env
    util.load_python_file(self.dir, "env.py")
    ~~~~~~~~~~~~~~~~~~~~~^^^^^^^^^^^^^^^^^^^^
  File "/usr/local/google/home/konstantint/Projects/prefecture/.venv/lib/python3.13/site-packages/alembic/util/pyfiles.py", line 116, in load_python_file
    module = load_module_py(module_id, path)
  File "/usr/local/google/home/konstantint/Projects/prefecture/.venv/lib/python3.13/site-packages/alembic/util/pyfiles.py", line 136, in load_module_py
    spec.loader.exec_module(module)  # type: ignore
    ~~~~~~~~~~~~~~~~~~~~~~~^^^^^^^^
  File "<frozen importlib._bootstrap_external>", line 1023, in exec_module
  File "<frozen importlib._bootstrap>", line 488, in _call_with_frames_removed
  File "/usr/local/google/home/konstantint/Projects/prefecture/.venv/lib/python3.13/site-packages/prefect/server/database/_migrations/env.py", line 201, in <module>
    run_async_from_worker_thread(apply_migrations)
    ~~~~~~~~~~~~~~~~~~~~~~~~~~~~^^^^^^^^^^^^^^^^^^
  File "/usr/local/google/home/konstantint/Projects/prefecture/.venv/lib/python3.13/site-packages/prefect/utilities/asyncutils/__init__.py", line 254, in run_async_from_worker_thread
    return anyio.from_thread.run(call)
           ~~~~~~~~~~~~~~~~~~~~~^^^^^^
  File "/usr/local/google/home/konstantint/Projects/prefecture/.venv/lib/python3.13/site-packages/anyio/from_thread.py", line 90, in run
    return token.backend_class.run_async_from_thread(
           ~~~~~~~~~~~~~~~~~~~~~~~~~~~~~~~~~~~~~~~~~^
        func, args, token=token.native_token if explicit_token else None
        ^^^^^^^^^^^^^^^^^^^^^^^^^^^^^^^^^^^^^^^^^^^^^^^^^^^^^^^^^^^^^^^^
    )
    ^
  File "/usr/local/google/home/konstantint/Projects/prefecture/.venv/lib/python3.13/site-packages/anyio/_backends/_asyncio.py", line 2565, in run_async_from_thread
    return f.result()
           ~~~~~~~~^^
  File "/usr/lib/python3.13/concurrent/futures/_base.py", line 460, in result
    return self.__get_result()
           ~~~~~~~~~~~~~~~~~^^
  File "/usr/lib/python3.13/concurrent/futures/_base.py", line 402, in __get_result
    raise self._exception
  File "/usr/local/google/home/konstantint/Projects/prefecture/.venv/lib/python3.13/site-packages/anyio/_backends/_asyncio.py", line 2546, in task_wrapper
    return await func(*args)
           ^^^^^^^^^^^^^^^^^
  File "/usr/local/google/home/konstantint/Projects/prefecture/.venv/lib/python3.13/site-packages/prefect/server/database/_migrations/env.py", line 189, in apply_migrations
    async with engine.connect() as connection:
               ~~~~~~~~~~~~~~^^
  File "/usr/local/google/home/konstantint/Projects/prefecture/.venv/lib/python3.13/site-packages/sqlalchemy/ext/asyncio/base.py", line 121, in __aenter__
    return await self.start(is_ctxmanager=True)
           ^^^^^^^^^^^^^^^^^^^^^^^^^^^^^^^^^^^^
  File "/usr/local/google/home/konstantint/Projects/prefecture/.venv/lib/python3.13/site-packages/sqlalchemy/ext/asyncio/engine.py", line 275, in start
    await greenlet_spawn(self.sync_engine.connect)
  File "/usr/local/google/home/konstantint/Projects/prefecture/.venv/lib/python3.13/site-packages/sqlalchemy/util/_concurrency_py3k.py", line 201, in greenlet_spawn
    result = context.throw(*sys.exc_info())
  File "/usr/local/google/home/konstantint/Projects/prefecture/.venv/lib/python3.13/site-packages/sqlalchemy/engine/base.py", line 3293, in connect
    return self._connection_cls(self)
           ~~~~~~~~~~~~~~~~~~~~^^^^^^
  File "/usr/local/google/home/konstantint/Projects/prefecture/.venv/lib/python3.13/site-packages/sqlalchemy/engine/base.py", line 145, in __init__
    Connection._handle_dbapi_exception_noconnection(
    ~~~~~~~~~~~~~~~~~~~~~~~~~~~~~~~~~~~~~~~~~~~~~~~^
        err, dialect, engine
        ^^^^^^^^^^^^^^^^^^^^
    )
    ^
  File "/usr/local/google/home/konstantint/Projects/prefecture/.venv/lib/python3.13/site-packages/sqlalchemy/engine/base.py", line 2448, in _handle_dbapi_exception_noconnection
    raise sqlalchemy_exception.with_traceback(exc_info[2]) from e
  File "/usr/local/google/home/konstantint/Projects/prefecture/.venv/lib/python3.13/site-packages/sqlalchemy/engine/base.py", line 143, in __init__
    self._dbapi_connection = engine.raw_connection()
                             ~~~~~~~~~~~~~~~~~~~~~^^
  File "/usr/local/google/home/konstantint/Projects/prefecture/.venv/lib/python3.13/site-packages/sqlalchemy/engine/base.py", line 3317, in raw_connection
    return self.pool.connect()
           ~~~~~~~~~~~~~~~~~^^
  File "/usr/local/google/home/konstantint/Projects/prefecture/.venv/lib/python3.13/site-packages/sqlalchemy/pool/base.py", line 448, in connect
    return _ConnectionFairy._checkout(self)
           ~~~~~~~~~~~~~~~~~~~~~~~~~~^^^^^^
  File "/usr/local/google/home/konstantint/Projects/prefecture/.venv/lib/python3.13/site-packages/sqlalchemy/pool/base.py", line 1272, in _checkout
    fairy = _ConnectionRecord.checkout(pool)
  File "/usr/local/google/home/konstantint/Projects/prefecture/.venv/lib/python3.13/site-packages/sqlalchemy/pool/base.py", line 712, in checkout
    rec = pool._do_get()
  File "/usr/local/google/home/konstantint/Projects/prefecture/.venv/lib/python3.13/site-packages/sqlalchemy/pool/impl.py", line 177, in _do_get
    with util.safe_reraise():
         ~~~~~~~~~~~~~~~~~^^
  File "/usr/local/google/home/konstantint/Projects/prefecture/.venv/lib/python3.13/site-packages/sqlalchemy/util/langhelpers.py", line 121, in __exit__
    raise exc_value.with_traceback(exc_tb)
  File "/usr/local/google/home/konstantint/Projects/prefecture/.venv/lib/python3.13/site-packages/sqlalchemy/pool/impl.py", line 175, in _do_get
    return self._create_connection()
           ~~~~~~~~~~~~~~~~~~~~~~~^^
  File "/usr/local/google/home/konstantint/Projects/prefecture/.venv/lib/python3.13/site-packages/sqlalchemy/pool/base.py", line 389, in _create_connection
    return _ConnectionRecord(self)
  File "/usr/local/google/home/konstantint/Projects/prefecture/.venv/lib/python3.13/site-packages/sqlalchemy/pool/base.py", line 674, in __init__
    self.__connect()
    ~~~~~~~~~~~~~~^^
  File "/usr/local/google/home/konstantint/Projects/prefecture/.venv/lib/python3.13/site-packages/sqlalchemy/pool/base.py", line 914, in __connect
    )._exec_w_sync_on_first_run(self.dbapi_connection, self)
      ~~~~~~~~~~~~~~~~~~~~~~~~~^^^^^^^^^^^^^^^^^^^^^^^^^^^^^
  File "/usr/local/google/home/konstantint/Projects/prefecture/.venv/lib/python3.13/site-packages/sqlalchemy/event/attr.py", line 501, in _exec_w_sync_on_first_run
    self(*args, **kw)
    ~~~~^^^^^^^^^^^^^
  File "/usr/local/google/home/konstantint/Projects/prefecture/.venv/lib/python3.13/site-packages/sqlalchemy/event/attr.py", line 515, in __call__
    fn(*args, **kw)
    ~~^^^^^^^^^^^^^
  File "/usr/local/google/home/konstantint/Projects/prefecture/.venv/lib/python3.13/site-packages/prefect/server/database/configurations.py", line 530, in setup_sqlite
    cursor.execute("PRAGMA journal_mode = WAL;")
    ~~~~~~~~~~~~~~^^^^^^^^^^^^^^^^^^^^^^^^^^^^^^
  File "/usr/local/google/home/konstantint/Projects/prefecture/.venv/lib/python3.13/site-packages/sqlalchemy/dialects/sqlite/aiosqlite.py", line 182, in execute
    self._adapt_connection._handle_exception(error)
    ~~~~~~~~~~~~~~~~~~~~~~~~~~~~~~~~~~~~~~~~^^^^^^^
  File "/usr/local/google/home/konstantint/Projects/prefecture/.venv/lib/python3.13/site-packages/sqlalchemy/dialects/sqlite/aiosqlite.py", line 342, in _handle_exception
    raise error
  File "/usr/local/google/home/konstantint/Projects/prefecture/.venv/lib/python3.13/site-packages/sqlalchemy/dialects/sqlite/aiosqlite.py", line 162, in execute
    self.await_(_cursor.execute(operation))
    ~~~~~~~~~~~^^^^^^^^^^^^^^^^^^^^^^^^^^^^
  File "/usr/local/google/home/konstantint/Projects/prefecture/.venv/lib/python3.13/site-packages/sqlalchemy/util/_concurrency_py3k.py", line 132, in await_only
    return current.parent.switch(awaitable)  # type: ignore[no-any-return,attr-defined] # noqa: E501
           ~~~~~~~~~~~~~~~~~~~~~^^^^^^^^^^^
  File "/usr/local/google/home/konstantint/Projects/prefecture/.venv/lib/python3.13/site-packages/sqlalchemy/util/_concurrency_py3k.py", line 196, in greenlet_spawn
    value = await result
            ^^^^^^^^^^^^
  File "/usr/local/google/home/konstantint/Projects/prefecture/.venv/lib/python3.13/site-packages/aiosqlite/cursor.py", line 40, in execute
    await self._execute(self._cursor.execute, sql, parameters)
  File "/usr/local/google/home/konstantint/Projects/prefecture/.venv/lib/python3.13/site-packages/aiosqlite/cursor.py", line 32, in _execute
    return await self._conn._execute(fn, *args, **kwargs)
           ^^^^^^^^^^^^^^^^^^^^^^^^^^^^^^^^^^^^^^^^^^^^^^
  File "/usr/local/google/home/konstantint/Projects/prefecture/.venv/lib/python3.13/site-packages/aiosqlite/core.py", line 160, in _execute
    return await future
           ^^^^^^^^^^^^
  File "/usr/local/google/home/konstantint/Projects/prefecture/.venv/lib/python3.13/site-packages/aiosqlite/core.py", line 63, in _connection_worker_thread
    result = function()
sqlalchemy.exc.OperationalError: (sqlite3.OperationalError) unable to open database file
(Background on this error at: https://sqlalche.me/e/20/e3q8)

14:17:30.714 | ERROR   | uvicorn.error - Application startup failed. Exiting.
14:17:36.879 | ERROR   | uvicorn.error - Traceback (most recent call last):
  File "/usr/local/google/home/konstantint/Projects/prefecture/.venv/lib/python3.13/site-packages/sqlalchemy/engine/base.py", line 143, in __init__
    self._dbapi_connection = engine.raw_connection()
                             ~~~~~~~~~~~~~~~~~~~~~^^
  File "/usr/local/google/home/konstantint/Projects/prefecture/.venv/lib/python3.13/site-packages/sqlalchemy/engine/base.py", line 3317, in raw_connection
    return self.pool.connect()
           ~~~~~~~~~~~~~~~~~^^
  File "/usr/local/google/home/konstantint/Projects/prefecture/.venv/lib/python3.13/site-packages/sqlalchemy/pool/base.py", line 448, in connect
    return _ConnectionFairy._checkout(self)
           ~~~~~~~~~~~~~~~~~~~~~~~~~~^^^^^^
  File "/usr/local/google/home/konstantint/Projects/prefecture/.venv/lib/python3.13/site-packages/sqlalchemy/pool/base.py", line 1272, in _checkout
    fairy = _ConnectionRecord.checkout(pool)
  File "/usr/local/google/home/konstantint/Projects/prefecture/.venv/lib/python3.13/site-packages/sqlalchemy/pool/base.py", line 712, in checkout
    rec = pool._do_get()
  File "/usr/local/google/home/konstantint/Projects/prefecture/.venv/lib/python3.13/site-packages/sqlalchemy/pool/impl.py", line 177, in _do_get
    with util.safe_reraise():
         ~~~~~~~~~~~~~~~~~^^
  File "/usr/local/google/home/konstantint/Projects/prefecture/.venv/lib/python3.13/site-packages/sqlalchemy/util/langhelpers.py", line 121, in __exit__
    raise exc_value.with_traceback(exc_tb)
  File "/usr/local/google/home/konstantint/Projects/prefecture/.venv/lib/python3.13/site-packages/sqlalchemy/pool/impl.py", line 175, in _do_get
    return self._create_connection()
           ~~~~~~~~~~~~~~~~~~~~~~~^^
  File "/usr/local/google/home/konstantint/Projects/prefecture/.venv/lib/python3.13/site-packages/sqlalchemy/pool/base.py", line 389, in _create_connection
    return _ConnectionRecord(self)
  File "/usr/local/google/home/konstantint/Projects/prefecture/.venv/lib/python3.13/site-packages/sqlalchemy/pool/base.py", line 674, in __init__
    self.__connect()
    ~~~~~~~~~~~~~~^^
  File "/usr/local/google/home/konstantint/Projects/prefecture/.venv/lib/python3.13/site-packages/sqlalchemy/pool/base.py", line 914, in __connect
    )._exec_w_sync_on_first_run(self.dbapi_connection, self)
      ~~~~~~~~~~~~~~~~~~~~~~~~~^^^^^^^^^^^^^^^^^^^^^^^^^^^^^
  File "/usr/local/google/home/konstantint/Projects/prefecture/.venv/lib/python3.13/site-packages/sqlalchemy/event/attr.py", line 501, in _exec_w_sync_on_first_run
    self(*args, **kw)
    ~~~~^^^^^^^^^^^^^
  File "/usr/local/google/home/konstantint/Projects/prefecture/.venv/lib/python3.13/site-packages/sqlalchemy/event/attr.py", line 515, in __call__
    fn(*args, **kw)
    ~~^^^^^^^^^^^^^
  File "/usr/local/google/home/konstantint/Projects/prefecture/.venv/lib/python3.13/site-packages/prefect/server/database/configurations.py", line 530, in setup_sqlite
    cursor.execute("PRAGMA journal_mode = WAL;")
    ~~~~~~~~~~~~~~^^^^^^^^^^^^^^^^^^^^^^^^^^^^^^
  File "/usr/local/google/home/konstantint/Projects/prefecture/.venv/lib/python3.13/site-packages/sqlalchemy/dialects/sqlite/aiosqlite.py", line 182, in execute
    self._adapt_connection._handle_exception(error)
    ~~~~~~~~~~~~~~~~~~~~~~~~~~~~~~~~~~~~~~~~^^^^^^^
  File "/usr/local/google/home/konstantint/Projects/prefecture/.venv/lib/python3.13/site-packages/sqlalchemy/dialects/sqlite/aiosqlite.py", line 342, in _handle_exception
    raise error
  File "/usr/local/google/home/konstantint/Projects/prefecture/.venv/lib/python3.13/site-packages/sqlalchemy/dialects/sqlite/aiosqlite.py", line 162, in execute
    self.await_(_cursor.execute(operation))
    ~~~~~~~~~~~^^^^^^^^^^^^^^^^^^^^^^^^^^^^
  File "/usr/local/google/home/konstantint/Projects/prefecture/.venv/lib/python3.13/site-packages/sqlalchemy/util/_concurrency_py3k.py", line 132, in await_only
    return current.parent.switch(awaitable)  # type: ignore[no-any-return,attr-defined] # noqa: E501
           ~~~~~~~~~~~~~~~~~~~~~^^^^^^^^^^^
  File "/usr/local/google/home/konstantint/Projects/prefecture/.venv/lib/python3.13/site-packages/sqlalchemy/util/_concurrency_py3k.py", line 196, in greenlet_spawn
    value = await result
            ^^^^^^^^^^^^
  File "/usr/local/google/home/konstantint/Projects/prefecture/.venv/lib/python3.13/site-packages/aiosqlite/cursor.py", line 40, in execute
    await self._execute(self._cursor.execute, sql, parameters)
  File "/usr/local/google/home/konstantint/Projects/prefecture/.venv/lib/python3.13/site-packages/aiosqlite/cursor.py", line 32, in _execute
    return await self._conn._execute(fn, *args, **kwargs)
           ^^^^^^^^^^^^^^^^^^^^^^^^^^^^^^^^^^^^^^^^^^^^^^
  File "/usr/local/google/home/konstantint/Projects/prefecture/.venv/lib/python3.13/site-packages/aiosqlite/core.py", line 160, in _execute
    return await future
           ^^^^^^^^^^^^
  File "/usr/local/google/home/konstantint/Projects/prefecture/.venv/lib/python3.13/site-packages/aiosqlite/core.py", line 63, in _connection_worker_thread
    result = function()
sqlite3.OperationalError: unable to open database file

The above exception was the direct cause of the following exception:

Traceback (most recent call last):
  File "/usr/local/google/home/konstantint/Projects/prefecture/.venv/lib/python3.13/site-packages/starlette/routing.py", line 638, in lifespan
    async with self.lifespan_context(app) as maybe_state:
               ~~~~~~~~~~~~~~~~~~~~~^^^^^
  File "/usr/lib/python3.13/contextlib.py", line 214, in __aenter__
    return await anext(self.gen)
           ^^^^^^^^^^^^^^^^^^^^^
  File "/usr/local/google/home/konstantint/Projects/prefecture/.venv/lib/python3.13/site-packages/prefect/server/api/server.py", line 921, in lifespan
    await run_migrations()
  File "/usr/local/google/home/konstantint/Projects/prefecture/.venv/lib/python3.13/site-packages/prefect/server/api/server.py", line 898, in run_migrations
    await db.create_db()
  File "/usr/local/google/home/konstantint/Projects/prefecture/.venv/lib/python3.13/site-packages/prefect/server/database/interface.py", line 77, in create_db
    await self.run_migrations_upgrade()
  File "/usr/local/google/home/konstantint/Projects/prefecture/.venv/lib/python3.13/site-packages/prefect/server/database/interface.py", line 115, in run_migrations_upgrade
    await run_sync_in_worker_thread(alembic_upgrade)
  File "/usr/local/google/home/konstantint/Projects/prefecture/.venv/lib/python3.13/site-packages/prefect/utilities/asyncutils/__init__.py", line 233, in run_sync_in_worker_thread
    result = await anyio.to_thread.run_sync(
             ^^^^^^^^^^^^^^^^^^^^^^^^^^^^^^^
        call_with_mark, call, abandon_on_cancel=True, limiter=get_thread_limiter()
        ^^^^^^^^^^^^^^^^^^^^^^^^^^^^^^^^^^^^^^^^^^^^^^^^^^^^^^^^^^^^^^^^^^^^^^^^^^
    )
    ^
  File "/usr/local/google/home/konstantint/Projects/prefecture/.venv/lib/python3.13/site-packages/anyio/to_thread.py", line 63, in run_sync
    return await get_async_backend().run_sync_in_worker_thread(
           ^^^^^^^^^^^^^^^^^^^^^^^^^^^^^^^^^^^^^^^^^^^^^^^^^^^^
        func, args, abandon_on_cancel=abandon_on_cancel, limiter=limiter
        ^^^^^^^^^^^^^^^^^^^^^^^^^^^^^^^^^^^^^^^^^^^^^^^^^^^^^^^^^^^^^^^^
    )
    ^
  File "/usr/local/google/home/konstantint/Projects/prefecture/.venv/lib/python3.13/site-packages/anyio/_backends/_asyncio.py", line 2518, in run_sync_in_worker_thread
    return await future
           ^^^^^^^^^^^^
  File "/usr/local/google/home/konstantint/Projects/prefecture/.venv/lib/python3.13/site-packages/anyio/_backends/_asyncio.py", line 1002, in run
    result = context.run(func, *args)
  File "/usr/local/google/home/konstantint/Projects/prefecture/.venv/lib/python3.13/site-packages/prefect/utilities/asyncutils/__init__.py", line 243, in call_with_mark
    return call()
  File "/usr/local/google/home/konstantint/Projects/prefecture/.venv/lib/python3.13/site-packages/prefect/server/database/alembic_commands.py", line 36, in wrapper
    return fn(*args, **kwargs)
  File "/usr/local/google/home/konstantint/Projects/prefecture/.venv/lib/python3.13/site-packages/prefect/server/database/alembic_commands.py", line 72, in alembic_upgrade
    alembic.command.upgrade(alembic_config(), revision, sql=dry_run)
    ~~~~~~~~~~~~~~~~~~~~~~~^^^^^^^^^^^^^^^^^^^^^^^^^^^^^^^^^^^^^^^^^
  File "/usr/local/google/home/konstantint/Projects/prefecture/.venv/lib/python3.13/site-packages/alembic/command.py", line 483, in upgrade
    script.run_env()
    ~~~~~~~~~~~~~~^^
  File "/usr/local/google/home/konstantint/Projects/prefecture/.venv/lib/python3.13/site-packages/alembic/script/base.py", line 545, in run_env
    util.load_python_file(self.dir, "env.py")
    ~~~~~~~~~~~~~~~~~~~~~^^^^^^^^^^^^^^^^^^^^
  File "/usr/local/google/home/konstantint/Projects/prefecture/.venv/lib/python3.13/site-packages/alembic/util/pyfiles.py", line 116, in load_python_file
    module = load_module_py(module_id, path)
  File "/usr/local/google/home/konstantint/Projects/prefecture/.venv/lib/python3.13/site-packages/alembic/util/pyfiles.py", line 136, in load_module_py
    spec.loader.exec_module(module)  # type: ignore
    ~~~~~~~~~~~~~~~~~~~~~~~^^^^^^^^
  File "<frozen importlib._bootstrap_external>", line 1023, in exec_module
  File "<frozen importlib._bootstrap>", line 488, in _call_with_frames_removed
  File "/usr/local/google/home/konstantint/Projects/prefecture/.venv/lib/python3.13/site-packages/prefect/server/database/_migrations/env.py", line 201, in <module>
    run_async_from_worker_thread(apply_migrations)
    ~~~~~~~~~~~~~~~~~~~~~~~~~~~~^^^^^^^^^^^^^^^^^^
  File "/usr/local/google/home/konstantint/Projects/prefecture/.venv/lib/python3.13/site-packages/prefect/utilities/asyncutils/__init__.py", line 254, in run_async_from_worker_thread
    return anyio.from_thread.run(call)
           ~~~~~~~~~~~~~~~~~~~~~^^^^^^
  File "/usr/local/google/home/konstantint/Projects/prefecture/.venv/lib/python3.13/site-packages/anyio/from_thread.py", line 90, in run
    return token.backend_class.run_async_from_thread(
           ~~~~~~~~~~~~~~~~~~~~~~~~~~~~~~~~~~~~~~~~~^
        func, args, token=token.native_token if explicit_token else None
        ^^^^^^^^^^^^^^^^^^^^^^^^^^^^^^^^^^^^^^^^^^^^^^^^^^^^^^^^^^^^^^^^
    )
    ^
  File "/usr/local/google/home/konstantint/Projects/prefecture/.venv/lib/python3.13/site-packages/anyio/_backends/_asyncio.py", line 2565, in run_async_from_thread
    return f.result()
           ~~~~~~~~^^
  File "/usr/lib/python3.13/concurrent/futures/_base.py", line 460, in result
    return self.__get_result()
           ~~~~~~~~~~~~~~~~~^^
  File "/usr/lib/python3.13/concurrent/futures/_base.py", line 402, in __get_result
    raise self._exception
  File "/usr/local/google/home/konstantint/Projects/prefecture/.venv/lib/python3.13/site-packages/anyio/_backends/_asyncio.py", line 2546, in task_wrapper
    return await func(*args)
           ^^^^^^^^^^^^^^^^^
  File "/usr/local/google/home/konstantint/Projects/prefecture/.venv/lib/python3.13/site-packages/prefect/server/database/_migrations/env.py", line 189, in apply_migrations
    async with engine.connect() as connection:
               ~~~~~~~~~~~~~~^^
  File "/usr/local/google/home/konstantint/Projects/prefecture/.venv/lib/python3.13/site-packages/sqlalchemy/ext/asyncio/base.py", line 121, in __aenter__
    return await self.start(is_ctxmanager=True)
           ^^^^^^^^^^^^^^^^^^^^^^^^^^^^^^^^^^^^
  File "/usr/local/google/home/konstantint/Projects/prefecture/.venv/lib/python3.13/site-packages/sqlalchemy/ext/asyncio/engine.py", line 275, in start
    await greenlet_spawn(self.sync_engine.connect)
  File "/usr/local/google/home/konstantint/Projects/prefecture/.venv/lib/python3.13/site-packages/sqlalchemy/util/_concurrency_py3k.py", line 201, in greenlet_spawn
    result = context.throw(*sys.exc_info())
  File "/usr/local/google/home/konstantint/Projects/prefecture/.venv/lib/python3.13/site-packages/sqlalchemy/engine/base.py", line 3293, in connect
    return self._connection_cls(self)
           ~~~~~~~~~~~~~~~~~~~~^^^^^^
  File "/usr/local/google/home/konstantint/Projects/prefecture/.venv/lib/python3.13/site-packages/sqlalchemy/engine/base.py", line 145, in __init__
    Connection._handle_dbapi_exception_noconnection(
    ~~~~~~~~~~~~~~~~~~~~~~~~~~~~~~~~~~~~~~~~~~~~~~~^
        err, dialect, engine
        ^^^^^^^^^^^^^^^^^^^^
    )
    ^
  File "/usr/local/google/home/konstantint/Projects/prefecture/.venv/lib/python3.13/site-packages/sqlalchemy/engine/base.py", line 2448, in _handle_dbapi_exception_noconnection
    raise sqlalchemy_exception.with_traceback(exc_info[2]) from e
  File "/usr/local/google/home/konstantint/Projects/prefecture/.venv/lib/python3.13/site-packages/sqlalchemy/engine/base.py", line 143, in __init__
    self._dbapi_connection = engine.raw_connection()
                             ~~~~~~~~~~~~~~~~~~~~~^^
  File "/usr/local/google/home/konstantint/Projects/prefecture/.venv/lib/python3.13/site-packages/sqlalchemy/engine/base.py", line 3317, in raw_connection
    return self.pool.connect()
           ~~~~~~~~~~~~~~~~~^^
  File "/usr/local/google/home/konstantint/Projects/prefecture/.venv/lib/python3.13/site-packages/sqlalchemy/pool/base.py", line 448, in connect
    return _ConnectionFairy._checkout(self)
           ~~~~~~~~~~~~~~~~~~~~~~~~~~^^^^^^
  File "/usr/local/google/home/konstantint/Projects/prefecture/.venv/lib/python3.13/site-packages/sqlalchemy/pool/base.py", line 1272, in _checkout
    fairy = _ConnectionRecord.checkout(pool)
  File "/usr/local/google/home/konstantint/Projects/prefecture/.venv/lib/python3.13/site-packages/sqlalchemy/pool/base.py", line 712, in checkout
    rec = pool._do_get()
  File "/usr/local/google/home/konstantint/Projects/prefecture/.venv/lib/python3.13/site-packages/sqlalchemy/pool/impl.py", line 177, in _do_get
    with util.safe_reraise():
         ~~~~~~~~~~~~~~~~~^^
  File "/usr/local/google/home/konstantint/Projects/prefecture/.venv/lib/python3.13/site-packages/sqlalchemy/util/langhelpers.py", line 121, in __exit__
    raise exc_value.with_traceback(exc_tb)
  File "/usr/local/google/home/konstantint/Projects/prefecture/.venv/lib/python3.13/site-packages/sqlalchemy/pool/impl.py", line 175, in _do_get
    return self._create_connection()
           ~~~~~~~~~~~~~~~~~~~~~~~^^
  File "/usr/local/google/home/konstantint/Projects/prefecture/.venv/lib/python3.13/site-packages/sqlalchemy/pool/base.py", line 389, in _create_connection
    return _ConnectionRecord(self)
  File "/usr/local/google/home/konstantint/Projects/prefecture/.venv/lib/python3.13/site-packages/sqlalchemy/pool/base.py", line 674, in __init__
    self.__connect()
    ~~~~~~~~~~~~~~^^
  File "/usr/local/google/home/konstantint/Projects/prefecture/.venv/lib/python3.13/site-packages/sqlalchemy/pool/base.py", line 914, in __connect
    )._exec_w_sync_on_first_run(self.dbapi_connection, self)
      ~~~~~~~~~~~~~~~~~~~~~~~~~^^^^^^^^^^^^^^^^^^^^^^^^^^^^^
  File "/usr/local/google/home/konstantint/Projects/prefecture/.venv/lib/python3.13/site-packages/sqlalchemy/event/attr.py", line 501, in _exec_w_sync_on_first_run
    self(*args, **kw)
    ~~~~^^^^^^^^^^^^^
  File "/usr/local/google/home/konstantint/Projects/prefecture/.venv/lib/python3.13/site-packages/sqlalchemy/event/attr.py", line 515, in __call__
    fn(*args, **kw)
    ~~^^^^^^^^^^^^^
  File "/usr/local/google/home/konstantint/Projects/prefecture/.venv/lib/python3.13/site-packages/prefect/server/database/configurations.py", line 530, in setup_sqlite
    cursor.execute("PRAGMA journal_mode = WAL;")
    ~~~~~~~~~~~~~~^^^^^^^^^^^^^^^^^^^^^^^^^^^^^^
  File "/usr/local/google/home/konstantint/Projects/prefecture/.venv/lib/python3.13/site-packages/sqlalchemy/dialects/sqlite/aiosqlite.py", line 182, in execute
    self._adapt_connection._handle_exception(error)
    ~~~~~~~~~~~~~~~~~~~~~~~~~~~~~~~~~~~~~~~~^^^^^^^
  File "/usr/local/google/home/konstantint/Projects/prefecture/.venv/lib/python3.13/site-packages/sqlalchemy/dialects/sqlite/aiosqlite.py", line 342, in _handle_exception
    raise error
  File "/usr/local/google/home/konstantint/Projects/prefecture/.venv/lib/python3.13/site-packages/sqlalchemy/dialects/sqlite/aiosqlite.py", line 162, in execute
    self.await_(_cursor.execute(operation))
    ~~~~~~~~~~~^^^^^^^^^^^^^^^^^^^^^^^^^^^^
  File "/usr/local/google/home/konstantint/Projects/prefecture/.venv/lib/python3.13/site-packages/sqlalchemy/util/_concurrency_py3k.py", line 132, in await_only
    return current.parent.switch(awaitable)  # type: ignore[no-any-return,attr-defined] # noqa: E501
           ~~~~~~~~~~~~~~~~~~~~~^^^^^^^^^^^
  File "/usr/local/google/home/konstantint/Projects/prefecture/.venv/lib/python3.13/site-packages/sqlalchemy/util/_concurrency_py3k.py", line 196, in greenlet_spawn
    value = await result
            ^^^^^^^^^^^^
  File "/usr/local/google/home/konstantint/Projects/prefecture/.venv/lib/python3.13/site-packages/aiosqlite/cursor.py", line 40, in execute
    await self._execute(self._cursor.execute, sql, parameters)
  File "/usr/local/google/home/konstantint/Projects/prefecture/.venv/lib/python3.13/site-packages/aiosqlite/cursor.py", line 32, in _execute
    return await self._conn._execute(fn, *args, **kwargs)
           ^^^^^^^^^^^^^^^^^^^^^^^^^^^^^^^^^^^^^^^^^^^^^^
  File "/usr/local/google/home/konstantint/Projects/prefecture/.venv/lib/python3.13/site-packages/aiosqlite/core.py", line 160, in _execute
    return await future
           ^^^^^^^^^^^^
  File "/usr/local/google/home/konstantint/Projects/prefecture/.venv/lib/python3.13/site-packages/aiosqlite/core.py", line 63, in _connection_worker_thread
    result = function()
sqlalchemy.exc.OperationalError: (sqlite3.OperationalError) unable to open database file
(Background on this error at: https://sqlalche.me/e/20/e3q8)

14:17:36.891 | ERROR   | uvicorn.error - Application startup failed. Exiting.
------------------------------ Captured log call -------------------------------
INFO     prefect:server.py:1127 Starting temporary server on http://127.0.0.1:8757
See https://docs.prefect.io/v3/concepts/server#how-to-guides for more information on running a dedicated Prefect server.
___________________________ test_datetime_now_loader ___________________________

test_template_dir = PosixPath('/tmp/pytest-of-konstantint/pytest-2/test_datetime_now_loader0')

    def test_datetime_now_loader(test_template_dir):
        """Test DatetimeNowLoader renders current date in template."""
        # Create a template that uses datetime_now and formats it
        template_file = test_template_dir / "test_datetime.j2"
        with open(template_file, "w", encoding="utf-8") as f:
            f.write("Current year: {{ now.strftime('%Y') }}")
    
        prompt_config = {
            "template_file": "test_datetime.j2",
            "context_loaders": [
                {
                    "type": "datetime_now",
                    "assign_to": "now",
                }
            ],
        }
    
        try:
            generator = templating.Jinja2Templater(
                config_dir=test_template_dir, run_dir=test_template_dir, **prompt_config
            )
>           generated_prompt = generator()
                               ^^^^^^^^^^^

prefecture/operations/templating_test.py:343: 
_ _ _ _ _ _ _ _ _ _ _ _ _ _ _ _ _ _ _ _ _ _ _ _ _ _ _ _ _ _ _ _ _ _ _ _ _ _ _ _ 
.venv/lib/python3.13/site-packages/prefect/tasks.py:1213: in __call__
    return run_task(
.venv/lib/python3.13/site-packages/prefect/task_engine.py:1902: in run_task
    return run_task_sync(**kwargs)
           ^^^^^^^^^^^^^^^^^^^^^^^
.venv/lib/python3.13/site-packages/prefect/task_engine.py:1667: in run_task_sync
    with engine.start(task_run_id=task_run_id, dependencies=dependencies):
         ^^^^^^^^^^^^^^^^^^^^^^^^^^^^^^^^^^^^^^^^^^^^^^^^^^^^^^^^^^^^^^^^
/usr/lib/python3.13/contextlib.py:141: in __enter__
    return next(self.gen)
           ^^^^^^^^^^^^^^
.venv/lib/python3.13/site-packages/prefect/task_engine.py:920: in start
    with self.initialize_run(task_run_id=task_run_id, dependencies=dependencies):
         ^^^^^^^^^^^^^^^^^^^^^^^^^^^^^^^^^^^^^^^^^^^^^^^^^^^^^^^^^^^^^^^^^^^^^^^
/usr/lib/python3.13/contextlib.py:141: in __enter__
    return next(self.gen)
           ^^^^^^^^^^^^^^
.venv/lib/python3.13/site-packages/prefect/task_engine.py:822: in initialize_run
    with SyncClientContext.get_or_create() as client_ctx:
         ^^^^^^^^^^^^^^^^^^^^^^^^^^^^^^^^^
/usr/lib/python3.13/contextlib.py:141: in __enter__
    return next(self.gen)
           ^^^^^^^^^^^^^^
.venv/lib/python3.13/site-packages/prefect/context.py:337: in get_or_create
    with cls() as ctx:
         ^^^^^
.venv/lib/python3.13/site-packages/prefect/context.py:305: in __init__
    client=get_client(sync_client=True, httpx_settings=httpx_settings),
           ^^^^^^^^^^^^^^^^^^^^^^^^^^^^^^^^^^^^^^^^^^^^^^^^^^^^^^^^^^^
.venv/lib/python3.13/site-packages/prefect/client/orchestration/__init__.py:252: in get_client
    server.start()
.venv/lib/python3.13/site-packages/prefect/server/api/server.py:1154: in start
    response.raise_for_status()
_ _ _ _ _ _ _ _ _ _ _ _ _ _ _ _ _ _ _ _ _ _ _ _ _ _ _ _ _ _ _ _ _ _ _ _ _ _ _ _ 

self = <Response [400 Bad Request]>

    def raise_for_status(self) -> Response:
        """
        Raise the `HTTPStatusError` if one occurred.
        """
        request = self._request
        if request is None:
            raise RuntimeError(
                "Cannot call `raise_for_status` as the request "
                "instance has not been set on this response."
            )
    
        if self.is_success:
            return self
    
        if self.has_redirect_location:
            message = (
                "{error_type} '{0.status_code} {0.reason_phrase}' for url '{0.url}'\n"
                "Redirect location: '{0.headers[location]}'\n"
                "For more information check: https://developer.mozilla.org/en-US/docs/Web/HTTP/Status/{0.status_code}"
            )
        else:
            message = (
                "{error_type} '{0.status_code} {0.reason_phrase}' for url '{0.url}'\n"
                "For more information check: https://developer.mozilla.org/en-US/docs/Web/HTTP/Status/{0.status_code}"
            )
    
        status_class = self.status_code // 100
        error_types = {
            1: "Informational response",
            3: "Redirect response",
            4: "Client error",
            5: "Server error",
        }
        error_type = error_types.get(status_class, "Invalid status code")
        message = message.format(self, error_type=error_type)
>       raise HTTPStatusError(message, request=request, response=self)
E       httpx.HTTPStatusError: Client error '400 Bad Request' for url 'http://127.0.0.1:8682/api/health'
E       For more information check: https://developer.mozilla.org/en-US/docs/Web/HTTP/Status/400

.venv/lib/python3.13/site-packages/httpx/_models.py:829: HTTPStatusError
----------------------------- Captured stderr call -----------------------------
14:17:40.009 | INFO    | prefect - Starting temporary server on http://127.0.0.1:8527
See https://docs.prefect.io/v3/concepts/server#how-to-guides for more information on running a dedicated Prefect server.
14:17:42.236 | ERROR   | uvicorn.error - Traceback (most recent call last):
  File "/usr/local/google/home/konstantint/Projects/prefecture/.venv/lib/python3.13/site-packages/sqlalchemy/engine/base.py", line 143, in __init__
    self._dbapi_connection = engine.raw_connection()
                             ~~~~~~~~~~~~~~~~~~~~~^^
  File "/usr/local/google/home/konstantint/Projects/prefecture/.venv/lib/python3.13/site-packages/sqlalchemy/engine/base.py", line 3317, in raw_connection
    return self.pool.connect()
           ~~~~~~~~~~~~~~~~~^^
  File "/usr/local/google/home/konstantint/Projects/prefecture/.venv/lib/python3.13/site-packages/sqlalchemy/pool/base.py", line 448, in connect
    return _ConnectionFairy._checkout(self)
           ~~~~~~~~~~~~~~~~~~~~~~~~~~^^^^^^
  File "/usr/local/google/home/konstantint/Projects/prefecture/.venv/lib/python3.13/site-packages/sqlalchemy/pool/base.py", line 1272, in _checkout
    fairy = _ConnectionRecord.checkout(pool)
  File "/usr/local/google/home/konstantint/Projects/prefecture/.venv/lib/python3.13/site-packages/sqlalchemy/pool/base.py", line 712, in checkout
    rec = pool._do_get()
  File "/usr/local/google/home/konstantint/Projects/prefecture/.venv/lib/python3.13/site-packages/sqlalchemy/pool/impl.py", line 177, in _do_get
    with util.safe_reraise():
         ~~~~~~~~~~~~~~~~~^^
  File "/usr/local/google/home/konstantint/Projects/prefecture/.venv/lib/python3.13/site-packages/sqlalchemy/util/langhelpers.py", line 121, in __exit__
    raise exc_value.with_traceback(exc_tb)
  File "/usr/local/google/home/konstantint/Projects/prefecture/.venv/lib/python3.13/site-packages/sqlalchemy/pool/impl.py", line 175, in _do_get
    return self._create_connection()
           ~~~~~~~~~~~~~~~~~~~~~~~^^
  File "/usr/local/google/home/konstantint/Projects/prefecture/.venv/lib/python3.13/site-packages/sqlalchemy/pool/base.py", line 389, in _create_connection
    return _ConnectionRecord(self)
  File "/usr/local/google/home/konstantint/Projects/prefecture/.venv/lib/python3.13/site-packages/sqlalchemy/pool/base.py", line 674, in __init__
    self.__connect()
    ~~~~~~~~~~~~~~^^
  File "/usr/local/google/home/konstantint/Projects/prefecture/.venv/lib/python3.13/site-packages/sqlalchemy/pool/base.py", line 914, in __connect
    )._exec_w_sync_on_first_run(self.dbapi_connection, self)
      ~~~~~~~~~~~~~~~~~~~~~~~~~^^^^^^^^^^^^^^^^^^^^^^^^^^^^^
  File "/usr/local/google/home/konstantint/Projects/prefecture/.venv/lib/python3.13/site-packages/sqlalchemy/event/attr.py", line 501, in _exec_w_sync_on_first_run
    self(*args, **kw)
    ~~~~^^^^^^^^^^^^^
  File "/usr/local/google/home/konstantint/Projects/prefecture/.venv/lib/python3.13/site-packages/sqlalchemy/event/attr.py", line 515, in __call__
    fn(*args, **kw)
    ~~^^^^^^^^^^^^^
  File "/usr/local/google/home/konstantint/Projects/prefecture/.venv/lib/python3.13/site-packages/prefect/server/database/configurations.py", line 530, in setup_sqlite
    cursor.execute("PRAGMA journal_mode = WAL;")
    ~~~~~~~~~~~~~~^^^^^^^^^^^^^^^^^^^^^^^^^^^^^^
  File "/usr/local/google/home/konstantint/Projects/prefecture/.venv/lib/python3.13/site-packages/sqlalchemy/dialects/sqlite/aiosqlite.py", line 182, in execute
    self._adapt_connection._handle_exception(error)
    ~~~~~~~~~~~~~~~~~~~~~~~~~~~~~~~~~~~~~~~~^^^^^^^
  File "/usr/local/google/home/konstantint/Projects/prefecture/.venv/lib/python3.13/site-packages/sqlalchemy/dialects/sqlite/aiosqlite.py", line 342, in _handle_exception
    raise error
  File "/usr/local/google/home/konstantint/Projects/prefecture/.venv/lib/python3.13/site-packages/sqlalchemy/dialects/sqlite/aiosqlite.py", line 162, in execute
    self.await_(_cursor.execute(operation))
    ~~~~~~~~~~~^^^^^^^^^^^^^^^^^^^^^^^^^^^^
  File "/usr/local/google/home/konstantint/Projects/prefecture/.venv/lib/python3.13/site-packages/sqlalchemy/util/_concurrency_py3k.py", line 132, in await_only
    return current.parent.switch(awaitable)  # type: ignore[no-any-return,attr-defined] # noqa: E501
           ~~~~~~~~~~~~~~~~~~~~~^^^^^^^^^^^
  File "/usr/local/google/home/konstantint/Projects/prefecture/.venv/lib/python3.13/site-packages/sqlalchemy/util/_concurrency_py3k.py", line 196, in greenlet_spawn
    value = await result
            ^^^^^^^^^^^^
  File "/usr/local/google/home/konstantint/Projects/prefecture/.venv/lib/python3.13/site-packages/aiosqlite/cursor.py", line 40, in execute
    await self._execute(self._cursor.execute, sql, parameters)
  File "/usr/local/google/home/konstantint/Projects/prefecture/.venv/lib/python3.13/site-packages/aiosqlite/cursor.py", line 32, in _execute
    return await self._conn._execute(fn, *args, **kwargs)
           ^^^^^^^^^^^^^^^^^^^^^^^^^^^^^^^^^^^^^^^^^^^^^^
  File "/usr/local/google/home/konstantint/Projects/prefecture/.venv/lib/python3.13/site-packages/aiosqlite/core.py", line 160, in _execute
    return await future
           ^^^^^^^^^^^^
  File "/usr/local/google/home/konstantint/Projects/prefecture/.venv/lib/python3.13/site-packages/aiosqlite/core.py", line 63, in _connection_worker_thread
    result = function()
sqlite3.OperationalError: unable to open database file

The above exception was the direct cause of the following exception:

Traceback (most recent call last):
  File "/usr/local/google/home/konstantint/Projects/prefecture/.venv/lib/python3.13/site-packages/starlette/routing.py", line 638, in lifespan
    async with self.lifespan_context(app) as maybe_state:
               ~~~~~~~~~~~~~~~~~~~~~^^^^^
  File "/usr/lib/python3.13/contextlib.py", line 214, in __aenter__
    return await anext(self.gen)
           ^^^^^^^^^^^^^^^^^^^^^
  File "/usr/local/google/home/konstantint/Projects/prefecture/.venv/lib/python3.13/site-packages/prefect/server/api/server.py", line 921, in lifespan
    await run_migrations()
  File "/usr/local/google/home/konstantint/Projects/prefecture/.venv/lib/python3.13/site-packages/prefect/server/api/server.py", line 898, in run_migrations
    await db.create_db()
  File "/usr/local/google/home/konstantint/Projects/prefecture/.venv/lib/python3.13/site-packages/prefect/server/database/interface.py", line 77, in create_db
    await self.run_migrations_upgrade()
  File "/usr/local/google/home/konstantint/Projects/prefecture/.venv/lib/python3.13/site-packages/prefect/server/database/interface.py", line 115, in run_migrations_upgrade
    await run_sync_in_worker_thread(alembic_upgrade)
  File "/usr/local/google/home/konstantint/Projects/prefecture/.venv/lib/python3.13/site-packages/prefect/utilities/asyncutils/__init__.py", line 233, in run_sync_in_worker_thread
    result = await anyio.to_thread.run_sync(
             ^^^^^^^^^^^^^^^^^^^^^^^^^^^^^^^
        call_with_mark, call, abandon_on_cancel=True, limiter=get_thread_limiter()
        ^^^^^^^^^^^^^^^^^^^^^^^^^^^^^^^^^^^^^^^^^^^^^^^^^^^^^^^^^^^^^^^^^^^^^^^^^^
    )
    ^
  File "/usr/local/google/home/konstantint/Projects/prefecture/.venv/lib/python3.13/site-packages/anyio/to_thread.py", line 63, in run_sync
    return await get_async_backend().run_sync_in_worker_thread(
           ^^^^^^^^^^^^^^^^^^^^^^^^^^^^^^^^^^^^^^^^^^^^^^^^^^^^
        func, args, abandon_on_cancel=abandon_on_cancel, limiter=limiter
        ^^^^^^^^^^^^^^^^^^^^^^^^^^^^^^^^^^^^^^^^^^^^^^^^^^^^^^^^^^^^^^^^
    )
    ^
  File "/usr/local/google/home/konstantint/Projects/prefecture/.venv/lib/python3.13/site-packages/anyio/_backends/_asyncio.py", line 2518, in run_sync_in_worker_thread
    return await future
           ^^^^^^^^^^^^
  File "/usr/local/google/home/konstantint/Projects/prefecture/.venv/lib/python3.13/site-packages/anyio/_backends/_asyncio.py", line 1002, in run
    result = context.run(func, *args)
  File "/usr/local/google/home/konstantint/Projects/prefecture/.venv/lib/python3.13/site-packages/prefect/utilities/asyncutils/__init__.py", line 243, in call_with_mark
    return call()
  File "/usr/local/google/home/konstantint/Projects/prefecture/.venv/lib/python3.13/site-packages/prefect/server/database/alembic_commands.py", line 36, in wrapper
    return fn(*args, **kwargs)
  File "/usr/local/google/home/konstantint/Projects/prefecture/.venv/lib/python3.13/site-packages/prefect/server/database/alembic_commands.py", line 72, in alembic_upgrade
    alembic.command.upgrade(alembic_config(), revision, sql=dry_run)
    ~~~~~~~~~~~~~~~~~~~~~~~^^^^^^^^^^^^^^^^^^^^^^^^^^^^^^^^^^^^^^^^^
  File "/usr/local/google/home/konstantint/Projects/prefecture/.venv/lib/python3.13/site-packages/alembic/command.py", line 483, in upgrade
    script.run_env()
    ~~~~~~~~~~~~~~^^
  File "/usr/local/google/home/konstantint/Projects/prefecture/.venv/lib/python3.13/site-packages/alembic/script/base.py", line 545, in run_env
    util.load_python_file(self.dir, "env.py")
    ~~~~~~~~~~~~~~~~~~~~~^^^^^^^^^^^^^^^^^^^^
  File "/usr/local/google/home/konstantint/Projects/prefecture/.venv/lib/python3.13/site-packages/alembic/util/pyfiles.py", line 116, in load_python_file
    module = load_module_py(module_id, path)
  File "/usr/local/google/home/konstantint/Projects/prefecture/.venv/lib/python3.13/site-packages/alembic/util/pyfiles.py", line 136, in load_module_py
    spec.loader.exec_module(module)  # type: ignore
    ~~~~~~~~~~~~~~~~~~~~~~~^^^^^^^^
  File "<frozen importlib._bootstrap_external>", line 1023, in exec_module
  File "<frozen importlib._bootstrap>", line 488, in _call_with_frames_removed
  File "/usr/local/google/home/konstantint/Projects/prefecture/.venv/lib/python3.13/site-packages/prefect/server/database/_migrations/env.py", line 201, in <module>
    run_async_from_worker_thread(apply_migrations)
    ~~~~~~~~~~~~~~~~~~~~~~~~~~~~^^^^^^^^^^^^^^^^^^
  File "/usr/local/google/home/konstantint/Projects/prefecture/.venv/lib/python3.13/site-packages/prefect/utilities/asyncutils/__init__.py", line 254, in run_async_from_worker_thread
    return anyio.from_thread.run(call)
           ~~~~~~~~~~~~~~~~~~~~~^^^^^^
  File "/usr/local/google/home/konstantint/Projects/prefecture/.venv/lib/python3.13/site-packages/anyio/from_thread.py", line 90, in run
    return token.backend_class.run_async_from_thread(
           ~~~~~~~~~~~~~~~~~~~~~~~~~~~~~~~~~~~~~~~~~^
        func, args, token=token.native_token if explicit_token else None
        ^^^^^^^^^^^^^^^^^^^^^^^^^^^^^^^^^^^^^^^^^^^^^^^^^^^^^^^^^^^^^^^^
    )
    ^
  File "/usr/local/google/home/konstantint/Projects/prefecture/.venv/lib/python3.13/site-packages/anyio/_backends/_asyncio.py", line 2565, in run_async_from_thread
    return f.result()
           ~~~~~~~~^^
  File "/usr/lib/python3.13/concurrent/futures/_base.py", line 460, in result
    return self.__get_result()
           ~~~~~~~~~~~~~~~~~^^
  File "/usr/lib/python3.13/concurrent/futures/_base.py", line 402, in __get_result
    raise self._exception
  File "/usr/local/google/home/konstantint/Projects/prefecture/.venv/lib/python3.13/site-packages/anyio/_backends/_asyncio.py", line 2546, in task_wrapper
    return await func(*args)
           ^^^^^^^^^^^^^^^^^
  File "/usr/local/google/home/konstantint/Projects/prefecture/.venv/lib/python3.13/site-packages/prefect/server/database/_migrations/env.py", line 189, in apply_migrations
    async with engine.connect() as connection:
               ~~~~~~~~~~~~~~^^
  File "/usr/local/google/home/konstantint/Projects/prefecture/.venv/lib/python3.13/site-packages/sqlalchemy/ext/asyncio/base.py", line 121, in __aenter__
    return await self.start(is_ctxmanager=True)
           ^^^^^^^^^^^^^^^^^^^^^^^^^^^^^^^^^^^^
  File "/usr/local/google/home/konstantint/Projects/prefecture/.venv/lib/python3.13/site-packages/sqlalchemy/ext/asyncio/engine.py", line 275, in start
    await greenlet_spawn(self.sync_engine.connect)
  File "/usr/local/google/home/konstantint/Projects/prefecture/.venv/lib/python3.13/site-packages/sqlalchemy/util/_concurrency_py3k.py", line 201, in greenlet_spawn
    result = context.throw(*sys.exc_info())
  File "/usr/local/google/home/konstantint/Projects/prefecture/.venv/lib/python3.13/site-packages/sqlalchemy/engine/base.py", line 3293, in connect
    return self._connection_cls(self)
           ~~~~~~~~~~~~~~~~~~~~^^^^^^
  File "/usr/local/google/home/konstantint/Projects/prefecture/.venv/lib/python3.13/site-packages/sqlalchemy/engine/base.py", line 145, in __init__
    Connection._handle_dbapi_exception_noconnection(
    ~~~~~~~~~~~~~~~~~~~~~~~~~~~~~~~~~~~~~~~~~~~~~~~^
        err, dialect, engine
        ^^^^^^^^^^^^^^^^^^^^
    )
    ^
  File "/usr/local/google/home/konstantint/Projects/prefecture/.venv/lib/python3.13/site-packages/sqlalchemy/engine/base.py", line 2448, in _handle_dbapi_exception_noconnection
    raise sqlalchemy_exception.with_traceback(exc_info[2]) from e
  File "/usr/local/google/home/konstantint/Projects/prefecture/.venv/lib/python3.13/site-packages/sqlalchemy/engine/base.py", line 143, in __init__
    self._dbapi_connection = engine.raw_connection()
                             ~~~~~~~~~~~~~~~~~~~~~^^
  File "/usr/local/google/home/konstantint/Projects/prefecture/.venv/lib/python3.13/site-packages/sqlalchemy/engine/base.py", line 3317, in raw_connection
    return self.pool.connect()
           ~~~~~~~~~~~~~~~~~^^
  File "/usr/local/google/home/konstantint/Projects/prefecture/.venv/lib/python3.13/site-packages/sqlalchemy/pool/base.py", line 448, in connect
    return _ConnectionFairy._checkout(self)
           ~~~~~~~~~~~~~~~~~~~~~~~~~~^^^^^^
  File "/usr/local/google/home/konstantint/Projects/prefecture/.venv/lib/python3.13/site-packages/sqlalchemy/pool/base.py", line 1272, in _checkout
    fairy = _ConnectionRecord.checkout(pool)
  File "/usr/local/google/home/konstantint/Projects/prefecture/.venv/lib/python3.13/site-packages/sqlalchemy/pool/base.py", line 712, in checkout
    rec = pool._do_get()
  File "/usr/local/google/home/konstantint/Projects/prefecture/.venv/lib/python3.13/site-packages/sqlalchemy/pool/impl.py", line 177, in _do_get
    with util.safe_reraise():
         ~~~~~~~~~~~~~~~~~^^
  File "/usr/local/google/home/konstantint/Projects/prefecture/.venv/lib/python3.13/site-packages/sqlalchemy/util/langhelpers.py", line 121, in __exit__
    raise exc_value.with_traceback(exc_tb)
  File "/usr/local/google/home/konstantint/Projects/prefecture/.venv/lib/python3.13/site-packages/sqlalchemy/pool/impl.py", line 175, in _do_get
    return self._create_connection()
           ~~~~~~~~~~~~~~~~~~~~~~~^^
  File "/usr/local/google/home/konstantint/Projects/prefecture/.venv/lib/python3.13/site-packages/sqlalchemy/pool/base.py", line 389, in _create_connection
    return _ConnectionRecord(self)
  File "/usr/local/google/home/konstantint/Projects/prefecture/.venv/lib/python3.13/site-packages/sqlalchemy/pool/base.py", line 674, in __init__
    self.__connect()
    ~~~~~~~~~~~~~~^^
  File "/usr/local/google/home/konstantint/Projects/prefecture/.venv/lib/python3.13/site-packages/sqlalchemy/pool/base.py", line 914, in __connect
    )._exec_w_sync_on_first_run(self.dbapi_connection, self)
      ~~~~~~~~~~~~~~~~~~~~~~~~~^^^^^^^^^^^^^^^^^^^^^^^^^^^^^
  File "/usr/local/google/home/konstantint/Projects/prefecture/.venv/lib/python3.13/site-packages/sqlalchemy/event/attr.py", line 501, in _exec_w_sync_on_first_run
    self(*args, **kw)
    ~~~~^^^^^^^^^^^^^
  File "/usr/local/google/home/konstantint/Projects/prefecture/.venv/lib/python3.13/site-packages/sqlalchemy/event/attr.py", line 515, in __call__
    fn(*args, **kw)
    ~~^^^^^^^^^^^^^
  File "/usr/local/google/home/konstantint/Projects/prefecture/.venv/lib/python3.13/site-packages/prefect/server/database/configurations.py", line 530, in setup_sqlite
    cursor.execute("PRAGMA journal_mode = WAL;")
    ~~~~~~~~~~~~~~^^^^^^^^^^^^^^^^^^^^^^^^^^^^^^
  File "/usr/local/google/home/konstantint/Projects/prefecture/.venv/lib/python3.13/site-packages/sqlalchemy/dialects/sqlite/aiosqlite.py", line 182, in execute
    self._adapt_connection._handle_exception(error)
    ~~~~~~~~~~~~~~~~~~~~~~~~~~~~~~~~~~~~~~~~^^^^^^^
  File "/usr/local/google/home/konstantint/Projects/prefecture/.venv/lib/python3.13/site-packages/sqlalchemy/dialects/sqlite/aiosqlite.py", line 342, in _handle_exception
    raise error
  File "/usr/local/google/home/konstantint/Projects/prefecture/.venv/lib/python3.13/site-packages/sqlalchemy/dialects/sqlite/aiosqlite.py", line 162, in execute
    self.await_(_cursor.execute(operation))
    ~~~~~~~~~~~^^^^^^^^^^^^^^^^^^^^^^^^^^^^
  File "/usr/local/google/home/konstantint/Projects/prefecture/.venv/lib/python3.13/site-packages/sqlalchemy/util/_concurrency_py3k.py", line 132, in await_only
    return current.parent.switch(awaitable)  # type: ignore[no-any-return,attr-defined] # noqa: E501
           ~~~~~~~~~~~~~~~~~~~~~^^^^^^^^^^^
  File "/usr/local/google/home/konstantint/Projects/prefecture/.venv/lib/python3.13/site-packages/sqlalchemy/util/_concurrency_py3k.py", line 196, in greenlet_spawn
    value = await result
            ^^^^^^^^^^^^
  File "/usr/local/google/home/konstantint/Projects/prefecture/.venv/lib/python3.13/site-packages/aiosqlite/cursor.py", line 40, in execute
    await self._execute(self._cursor.execute, sql, parameters)
  File "/usr/local/google/home/konstantint/Projects/prefecture/.venv/lib/python3.13/site-packages/aiosqlite/cursor.py", line 32, in _execute
    return await self._conn._execute(fn, *args, **kwargs)
           ^^^^^^^^^^^^^^^^^^^^^^^^^^^^^^^^^^^^^^^^^^^^^^
  File "/usr/local/google/home/konstantint/Projects/prefecture/.venv/lib/python3.13/site-packages/aiosqlite/core.py", line 160, in _execute
    return await future
           ^^^^^^^^^^^^
  File "/usr/local/google/home/konstantint/Projects/prefecture/.venv/lib/python3.13/site-packages/aiosqlite/core.py", line 63, in _connection_worker_thread
    result = function()
sqlalchemy.exc.OperationalError: (sqlite3.OperationalError) unable to open database file
(Background on this error at: https://sqlalche.me/e/20/e3q8)

14:17:42.252 | ERROR   | uvicorn.error - Application startup failed. Exiting.
14:17:44.437 | ERROR   | uvicorn.error - Traceback (most recent call last):
  File "/usr/local/google/home/konstantint/Projects/prefecture/.venv/lib/python3.13/site-packages/sqlalchemy/engine/base.py", line 143, in __init__
    self._dbapi_connection = engine.raw_connection()
                             ~~~~~~~~~~~~~~~~~~~~~^^
  File "/usr/local/google/home/konstantint/Projects/prefecture/.venv/lib/python3.13/site-packages/sqlalchemy/engine/base.py", line 3317, in raw_connection
    return self.pool.connect()
           ~~~~~~~~~~~~~~~~~^^
  File "/usr/local/google/home/konstantint/Projects/prefecture/.venv/lib/python3.13/site-packages/sqlalchemy/pool/base.py", line 448, in connect
    return _ConnectionFairy._checkout(self)
           ~~~~~~~~~~~~~~~~~~~~~~~~~~^^^^^^
  File "/usr/local/google/home/konstantint/Projects/prefecture/.venv/lib/python3.13/site-packages/sqlalchemy/pool/base.py", line 1272, in _checkout
    fairy = _ConnectionRecord.checkout(pool)
  File "/usr/local/google/home/konstantint/Projects/prefecture/.venv/lib/python3.13/site-packages/sqlalchemy/pool/base.py", line 712, in checkout
    rec = pool._do_get()
  File "/usr/local/google/home/konstantint/Projects/prefecture/.venv/lib/python3.13/site-packages/sqlalchemy/pool/impl.py", line 177, in _do_get
    with util.safe_reraise():
         ~~~~~~~~~~~~~~~~~^^
  File "/usr/local/google/home/konstantint/Projects/prefecture/.venv/lib/python3.13/site-packages/sqlalchemy/util/langhelpers.py", line 121, in __exit__
    raise exc_value.with_traceback(exc_tb)
  File "/usr/local/google/home/konstantint/Projects/prefecture/.venv/lib/python3.13/site-packages/sqlalchemy/pool/impl.py", line 175, in _do_get
    return self._create_connection()
           ~~~~~~~~~~~~~~~~~~~~~~~^^
  File "/usr/local/google/home/konstantint/Projects/prefecture/.venv/lib/python3.13/site-packages/sqlalchemy/pool/base.py", line 389, in _create_connection
    return _ConnectionRecord(self)
  File "/usr/local/google/home/konstantint/Projects/prefecture/.venv/lib/python3.13/site-packages/sqlalchemy/pool/base.py", line 674, in __init__
    self.__connect()
    ~~~~~~~~~~~~~~^^
  File "/usr/local/google/home/konstantint/Projects/prefecture/.venv/lib/python3.13/site-packages/sqlalchemy/pool/base.py", line 914, in __connect
    )._exec_w_sync_on_first_run(self.dbapi_connection, self)
      ~~~~~~~~~~~~~~~~~~~~~~~~~^^^^^^^^^^^^^^^^^^^^^^^^^^^^^
  File "/usr/local/google/home/konstantint/Projects/prefecture/.venv/lib/python3.13/site-packages/sqlalchemy/event/attr.py", line 501, in _exec_w_sync_on_first_run
    self(*args, **kw)
    ~~~~^^^^^^^^^^^^^
  File "/usr/local/google/home/konstantint/Projects/prefecture/.venv/lib/python3.13/site-packages/sqlalchemy/event/attr.py", line 515, in __call__
    fn(*args, **kw)
    ~~^^^^^^^^^^^^^
  File "/usr/local/google/home/konstantint/Projects/prefecture/.venv/lib/python3.13/site-packages/prefect/server/database/configurations.py", line 530, in setup_sqlite
    cursor.execute("PRAGMA journal_mode = WAL;")
    ~~~~~~~~~~~~~~^^^^^^^^^^^^^^^^^^^^^^^^^^^^^^
  File "/usr/local/google/home/konstantint/Projects/prefecture/.venv/lib/python3.13/site-packages/sqlalchemy/dialects/sqlite/aiosqlite.py", line 182, in execute
    self._adapt_connection._handle_exception(error)
    ~~~~~~~~~~~~~~~~~~~~~~~~~~~~~~~~~~~~~~~~^^^^^^^
  File "/usr/local/google/home/konstantint/Projects/prefecture/.venv/lib/python3.13/site-packages/sqlalchemy/dialects/sqlite/aiosqlite.py", line 342, in _handle_exception
    raise error
  File "/usr/local/google/home/konstantint/Projects/prefecture/.venv/lib/python3.13/site-packages/sqlalchemy/dialects/sqlite/aiosqlite.py", line 162, in execute
    self.await_(_cursor.execute(operation))
    ~~~~~~~~~~~^^^^^^^^^^^^^^^^^^^^^^^^^^^^
  File "/usr/local/google/home/konstantint/Projects/prefecture/.venv/lib/python3.13/site-packages/sqlalchemy/util/_concurrency_py3k.py", line 132, in await_only
    return current.parent.switch(awaitable)  # type: ignore[no-any-return,attr-defined] # noqa: E501
           ~~~~~~~~~~~~~~~~~~~~~^^^^^^^^^^^
  File "/usr/local/google/home/konstantint/Projects/prefecture/.venv/lib/python3.13/site-packages/sqlalchemy/util/_concurrency_py3k.py", line 196, in greenlet_spawn
    value = await result
            ^^^^^^^^^^^^
  File "/usr/local/google/home/konstantint/Projects/prefecture/.venv/lib/python3.13/site-packages/aiosqlite/cursor.py", line 40, in execute
    await self._execute(self._cursor.execute, sql, parameters)
  File "/usr/local/google/home/konstantint/Projects/prefecture/.venv/lib/python3.13/site-packages/aiosqlite/cursor.py", line 32, in _execute
    return await self._conn._execute(fn, *args, **kwargs)
           ^^^^^^^^^^^^^^^^^^^^^^^^^^^^^^^^^^^^^^^^^^^^^^
  File "/usr/local/google/home/konstantint/Projects/prefecture/.venv/lib/python3.13/site-packages/aiosqlite/core.py", line 160, in _execute
    return await future
           ^^^^^^^^^^^^
  File "/usr/local/google/home/konstantint/Projects/prefecture/.venv/lib/python3.13/site-packages/aiosqlite/core.py", line 63, in _connection_worker_thread
    result = function()
sqlite3.OperationalError: unable to open database file

The above exception was the direct cause of the following exception:

Traceback (most recent call last):
  File "/usr/local/google/home/konstantint/Projects/prefecture/.venv/lib/python3.13/site-packages/starlette/routing.py", line 638, in lifespan
    async with self.lifespan_context(app) as maybe_state:
               ~~~~~~~~~~~~~~~~~~~~~^^^^^
  File "/usr/lib/python3.13/contextlib.py", line 214, in __aenter__
    return await anext(self.gen)
           ^^^^^^^^^^^^^^^^^^^^^
  File "/usr/local/google/home/konstantint/Projects/prefecture/.venv/lib/python3.13/site-packages/prefect/server/api/server.py", line 921, in lifespan
    await run_migrations()
  File "/usr/local/google/home/konstantint/Projects/prefecture/.venv/lib/python3.13/site-packages/prefect/server/api/server.py", line 898, in run_migrations
    await db.create_db()
  File "/usr/local/google/home/konstantint/Projects/prefecture/.venv/lib/python3.13/site-packages/prefect/server/database/interface.py", line 77, in create_db
    await self.run_migrations_upgrade()
  File "/usr/local/google/home/konstantint/Projects/prefecture/.venv/lib/python3.13/site-packages/prefect/server/database/interface.py", line 115, in run_migrations_upgrade
    await run_sync_in_worker_thread(alembic_upgrade)
  File "/usr/local/google/home/konstantint/Projects/prefecture/.venv/lib/python3.13/site-packages/prefect/utilities/asyncutils/__init__.py", line 233, in run_sync_in_worker_thread
    result = await anyio.to_thread.run_sync(
             ^^^^^^^^^^^^^^^^^^^^^^^^^^^^^^^
        call_with_mark, call, abandon_on_cancel=True, limiter=get_thread_limiter()
        ^^^^^^^^^^^^^^^^^^^^^^^^^^^^^^^^^^^^^^^^^^^^^^^^^^^^^^^^^^^^^^^^^^^^^^^^^^
    )
    ^
  File "/usr/local/google/home/konstantint/Projects/prefecture/.venv/lib/python3.13/site-packages/anyio/to_thread.py", line 63, in run_sync
    return await get_async_backend().run_sync_in_worker_thread(
           ^^^^^^^^^^^^^^^^^^^^^^^^^^^^^^^^^^^^^^^^^^^^^^^^^^^^
        func, args, abandon_on_cancel=abandon_on_cancel, limiter=limiter
        ^^^^^^^^^^^^^^^^^^^^^^^^^^^^^^^^^^^^^^^^^^^^^^^^^^^^^^^^^^^^^^^^
    )
    ^
  File "/usr/local/google/home/konstantint/Projects/prefecture/.venv/lib/python3.13/site-packages/anyio/_backends/_asyncio.py", line 2518, in run_sync_in_worker_thread
    return await future
           ^^^^^^^^^^^^
  File "/usr/local/google/home/konstantint/Projects/prefecture/.venv/lib/python3.13/site-packages/anyio/_backends/_asyncio.py", line 1002, in run
    result = context.run(func, *args)
  File "/usr/local/google/home/konstantint/Projects/prefecture/.venv/lib/python3.13/site-packages/prefect/utilities/asyncutils/__init__.py", line 243, in call_with_mark
    return call()
  File "/usr/local/google/home/konstantint/Projects/prefecture/.venv/lib/python3.13/site-packages/prefect/server/database/alembic_commands.py", line 36, in wrapper
    return fn(*args, **kwargs)
  File "/usr/local/google/home/konstantint/Projects/prefecture/.venv/lib/python3.13/site-packages/prefect/server/database/alembic_commands.py", line 72, in alembic_upgrade
    alembic.command.upgrade(alembic_config(), revision, sql=dry_run)
    ~~~~~~~~~~~~~~~~~~~~~~~^^^^^^^^^^^^^^^^^^^^^^^^^^^^^^^^^^^^^^^^^
  File "/usr/local/google/home/konstantint/Projects/prefecture/.venv/lib/python3.13/site-packages/alembic/command.py", line 483, in upgrade
    script.run_env()
    ~~~~~~~~~~~~~~^^
  File "/usr/local/google/home/konstantint/Projects/prefecture/.venv/lib/python3.13/site-packages/alembic/script/base.py", line 545, in run_env
    util.load_python_file(self.dir, "env.py")
    ~~~~~~~~~~~~~~~~~~~~~^^^^^^^^^^^^^^^^^^^^
  File "/usr/local/google/home/konstantint/Projects/prefecture/.venv/lib/python3.13/site-packages/alembic/util/pyfiles.py", line 116, in load_python_file
    module = load_module_py(module_id, path)
  File "/usr/local/google/home/konstantint/Projects/prefecture/.venv/lib/python3.13/site-packages/alembic/util/pyfiles.py", line 136, in load_module_py
    spec.loader.exec_module(module)  # type: ignore
    ~~~~~~~~~~~~~~~~~~~~~~~^^^^^^^^
  File "<frozen importlib._bootstrap_external>", line 1023, in exec_module
  File "<frozen importlib._bootstrap>", line 488, in _call_with_frames_removed
  File "/usr/local/google/home/konstantint/Projects/prefecture/.venv/lib/python3.13/site-packages/prefect/server/database/_migrations/env.py", line 201, in <module>
    run_async_from_worker_thread(apply_migrations)
    ~~~~~~~~~~~~~~~~~~~~~~~~~~~~^^^^^^^^^^^^^^^^^^
  File "/usr/local/google/home/konstantint/Projects/prefecture/.venv/lib/python3.13/site-packages/prefect/utilities/asyncutils/__init__.py", line 254, in run_async_from_worker_thread
    return anyio.from_thread.run(call)
           ~~~~~~~~~~~~~~~~~~~~~^^^^^^
  File "/usr/local/google/home/konstantint/Projects/prefecture/.venv/lib/python3.13/site-packages/anyio/from_thread.py", line 90, in run
    return token.backend_class.run_async_from_thread(
           ~~~~~~~~~~~~~~~~~~~~~~~~~~~~~~~~~~~~~~~~~^
        func, args, token=token.native_token if explicit_token else None
        ^^^^^^^^^^^^^^^^^^^^^^^^^^^^^^^^^^^^^^^^^^^^^^^^^^^^^^^^^^^^^^^^
    )
    ^
  File "/usr/local/google/home/konstantint/Projects/prefecture/.venv/lib/python3.13/site-packages/anyio/_backends/_asyncio.py", line 2565, in run_async_from_thread
    return f.result()
           ~~~~~~~~^^
  File "/usr/lib/python3.13/concurrent/futures/_base.py", line 460, in result
    return self.__get_result()
           ~~~~~~~~~~~~~~~~~^^
  File "/usr/lib/python3.13/concurrent/futures/_base.py", line 402, in __get_result
    raise self._exception
  File "/usr/local/google/home/konstantint/Projects/prefecture/.venv/lib/python3.13/site-packages/anyio/_backends/_asyncio.py", line 2546, in task_wrapper
    return await func(*args)
           ^^^^^^^^^^^^^^^^^
  File "/usr/local/google/home/konstantint/Projects/prefecture/.venv/lib/python3.13/site-packages/prefect/server/database/_migrations/env.py", line 189, in apply_migrations
    async with engine.connect() as connection:
               ~~~~~~~~~~~~~~^^
  File "/usr/local/google/home/konstantint/Projects/prefecture/.venv/lib/python3.13/site-packages/sqlalchemy/ext/asyncio/base.py", line 121, in __aenter__
    return await self.start(is_ctxmanager=True)
           ^^^^^^^^^^^^^^^^^^^^^^^^^^^^^^^^^^^^
  File "/usr/local/google/home/konstantint/Projects/prefecture/.venv/lib/python3.13/site-packages/sqlalchemy/ext/asyncio/engine.py", line 275, in start
    await greenlet_spawn(self.sync_engine.connect)
  File "/usr/local/google/home/konstantint/Projects/prefecture/.venv/lib/python3.13/site-packages/sqlalchemy/util/_concurrency_py3k.py", line 201, in greenlet_spawn
    result = context.throw(*sys.exc_info())
  File "/usr/local/google/home/konstantint/Projects/prefecture/.venv/lib/python3.13/site-packages/sqlalchemy/engine/base.py", line 3293, in connect
    return self._connection_cls(self)
           ~~~~~~~~~~~~~~~~~~~~^^^^^^
  File "/usr/local/google/home/konstantint/Projects/prefecture/.venv/lib/python3.13/site-packages/sqlalchemy/engine/base.py", line 145, in __init__
    Connection._handle_dbapi_exception_noconnection(
    ~~~~~~~~~~~~~~~~~~~~~~~~~~~~~~~~~~~~~~~~~~~~~~~^
        err, dialect, engine
        ^^^^^^^^^^^^^^^^^^^^
    )
    ^
  File "/usr/local/google/home/konstantint/Projects/prefecture/.venv/lib/python3.13/site-packages/sqlalchemy/engine/base.py", line 2448, in _handle_dbapi_exception_noconnection
    raise sqlalchemy_exception.with_traceback(exc_info[2]) from e
  File "/usr/local/google/home/konstantint/Projects/prefecture/.venv/lib/python3.13/site-packages/sqlalchemy/engine/base.py", line 143, in __init__
    self._dbapi_connection = engine.raw_connection()
                             ~~~~~~~~~~~~~~~~~~~~~^^
  File "/usr/local/google/home/konstantint/Projects/prefecture/.venv/lib/python3.13/site-packages/sqlalchemy/engine/base.py", line 3317, in raw_connection
    return self.pool.connect()
           ~~~~~~~~~~~~~~~~~^^
  File "/usr/local/google/home/konstantint/Projects/prefecture/.venv/lib/python3.13/site-packages/sqlalchemy/pool/base.py", line 448, in connect
    return _ConnectionFairy._checkout(self)
           ~~~~~~~~~~~~~~~~~~~~~~~~~~^^^^^^
  File "/usr/local/google/home/konstantint/Projects/prefecture/.venv/lib/python3.13/site-packages/sqlalchemy/pool/base.py", line 1272, in _checkout
    fairy = _ConnectionRecord.checkout(pool)
  File "/usr/local/google/home/konstantint/Projects/prefecture/.venv/lib/python3.13/site-packages/sqlalchemy/pool/base.py", line 712, in checkout
    rec = pool._do_get()
  File "/usr/local/google/home/konstantint/Projects/prefecture/.venv/lib/python3.13/site-packages/sqlalchemy/pool/impl.py", line 177, in _do_get
    with util.safe_reraise():
         ~~~~~~~~~~~~~~~~~^^
  File "/usr/local/google/home/konstantint/Projects/prefecture/.venv/lib/python3.13/site-packages/sqlalchemy/util/langhelpers.py", line 121, in __exit__
    raise exc_value.with_traceback(exc_tb)
  File "/usr/local/google/home/konstantint/Projects/prefecture/.venv/lib/python3.13/site-packages/sqlalchemy/pool/impl.py", line 175, in _do_get
    return self._create_connection()
           ~~~~~~~~~~~~~~~~~~~~~~~^^
  File "/usr/local/google/home/konstantint/Projects/prefecture/.venv/lib/python3.13/site-packages/sqlalchemy/pool/base.py", line 389, in _create_connection
    return _ConnectionRecord(self)
  File "/usr/local/google/home/konstantint/Projects/prefecture/.venv/lib/python3.13/site-packages/sqlalchemy/pool/base.py", line 674, in __init__
    self.__connect()
    ~~~~~~~~~~~~~~^^
  File "/usr/local/google/home/konstantint/Projects/prefecture/.venv/lib/python3.13/site-packages/sqlalchemy/pool/base.py", line 914, in __connect
    )._exec_w_sync_on_first_run(self.dbapi_connection, self)
      ~~~~~~~~~~~~~~~~~~~~~~~~~^^^^^^^^^^^^^^^^^^^^^^^^^^^^^
  File "/usr/local/google/home/konstantint/Projects/prefecture/.venv/lib/python3.13/site-packages/sqlalchemy/event/attr.py", line 501, in _exec_w_sync_on_first_run
    self(*args, **kw)
    ~~~~^^^^^^^^^^^^^
  File "/usr/local/google/home/konstantint/Projects/prefecture/.venv/lib/python3.13/site-packages/sqlalchemy/event/attr.py", line 515, in __call__
    fn(*args, **kw)
    ~~^^^^^^^^^^^^^
  File "/usr/local/google/home/konstantint/Projects/prefecture/.venv/lib/python3.13/site-packages/prefect/server/database/configurations.py", line 530, in setup_sqlite
    cursor.execute("PRAGMA journal_mode = WAL;")
    ~~~~~~~~~~~~~~^^^^^^^^^^^^^^^^^^^^^^^^^^^^^^
  File "/usr/local/google/home/konstantint/Projects/prefecture/.venv/lib/python3.13/site-packages/sqlalchemy/dialects/sqlite/aiosqlite.py", line 182, in execute
    self._adapt_connection._handle_exception(error)
    ~~~~~~~~~~~~~~~~~~~~~~~~~~~~~~~~~~~~~~~~^^^^^^^
  File "/usr/local/google/home/konstantint/Projects/prefecture/.venv/lib/python3.13/site-packages/sqlalchemy/dialects/sqlite/aiosqlite.py", line 342, in _handle_exception
    raise error
  File "/usr/local/google/home/konstantint/Projects/prefecture/.venv/lib/python3.13/site-packages/sqlalchemy/dialects/sqlite/aiosqlite.py", line 162, in execute
    self.await_(_cursor.execute(operation))
    ~~~~~~~~~~~^^^^^^^^^^^^^^^^^^^^^^^^^^^^
  File "/usr/local/google/home/konstantint/Projects/prefecture/.venv/lib/python3.13/site-packages/sqlalchemy/util/_concurrency_py3k.py", line 132, in await_only
    return current.parent.switch(awaitable)  # type: ignore[no-any-return,attr-defined] # noqa: E501
           ~~~~~~~~~~~~~~~~~~~~~^^^^^^^^^^^
  File "/usr/local/google/home/konstantint/Projects/prefecture/.venv/lib/python3.13/site-packages/sqlalchemy/util/_concurrency_py3k.py", line 196, in greenlet_spawn
    value = await result
            ^^^^^^^^^^^^
  File "/usr/local/google/home/konstantint/Projects/prefecture/.venv/lib/python3.13/site-packages/aiosqlite/cursor.py", line 40, in execute
    await self._execute(self._cursor.execute, sql, parameters)
  File "/usr/local/google/home/konstantint/Projects/prefecture/.venv/lib/python3.13/site-packages/aiosqlite/cursor.py", line 32, in _execute
    return await self._conn._execute(fn, *args, **kwargs)
           ^^^^^^^^^^^^^^^^^^^^^^^^^^^^^^^^^^^^^^^^^^^^^^
  File "/usr/local/google/home/konstantint/Projects/prefecture/.venv/lib/python3.13/site-packages/aiosqlite/core.py", line 160, in _execute
    return await future
           ^^^^^^^^^^^^
  File "/usr/local/google/home/konstantint/Projects/prefecture/.venv/lib/python3.13/site-packages/aiosqlite/core.py", line 63, in _connection_worker_thread
    result = function()
sqlalchemy.exc.OperationalError: (sqlite3.OperationalError) unable to open database file
(Background on this error at: https://sqlalche.me/e/20/e3q8)

14:17:44.453 | ERROR   | uvicorn.error - Application startup failed. Exiting.
14:17:50.024 | ERROR   | uvicorn.error - Traceback (most recent call last):
  File "/usr/local/google/home/konstantint/Projects/prefecture/.venv/lib/python3.13/site-packages/sqlalchemy/engine/base.py", line 143, in __init__
    self._dbapi_connection = engine.raw_connection()
                             ~~~~~~~~~~~~~~~~~~~~~^^
  File "/usr/local/google/home/konstantint/Projects/prefecture/.venv/lib/python3.13/site-packages/sqlalchemy/engine/base.py", line 3317, in raw_connection
    return self.pool.connect()
           ~~~~~~~~~~~~~~~~~^^
  File "/usr/local/google/home/konstantint/Projects/prefecture/.venv/lib/python3.13/site-packages/sqlalchemy/pool/base.py", line 448, in connect
    return _ConnectionFairy._checkout(self)
           ~~~~~~~~~~~~~~~~~~~~~~~~~~^^^^^^
  File "/usr/local/google/home/konstantint/Projects/prefecture/.venv/lib/python3.13/site-packages/sqlalchemy/pool/base.py", line 1272, in _checkout
    fairy = _ConnectionRecord.checkout(pool)
  File "/usr/local/google/home/konstantint/Projects/prefecture/.venv/lib/python3.13/site-packages/sqlalchemy/pool/base.py", line 712, in checkout
    rec = pool._do_get()
  File "/usr/local/google/home/konstantint/Projects/prefecture/.venv/lib/python3.13/site-packages/sqlalchemy/pool/impl.py", line 177, in _do_get
    with util.safe_reraise():
         ~~~~~~~~~~~~~~~~~^^
  File "/usr/local/google/home/konstantint/Projects/prefecture/.venv/lib/python3.13/site-packages/sqlalchemy/util/langhelpers.py", line 121, in __exit__
    raise exc_value.with_traceback(exc_tb)
  File "/usr/local/google/home/konstantint/Projects/prefecture/.venv/lib/python3.13/site-packages/sqlalchemy/pool/impl.py", line 175, in _do_get
    return self._create_connection()
           ~~~~~~~~~~~~~~~~~~~~~~~^^
  File "/usr/local/google/home/konstantint/Projects/prefecture/.venv/lib/python3.13/site-packages/sqlalchemy/pool/base.py", line 389, in _create_connection
    return _ConnectionRecord(self)
  File "/usr/local/google/home/konstantint/Projects/prefecture/.venv/lib/python3.13/site-packages/sqlalchemy/pool/base.py", line 674, in __init__
    self.__connect()
    ~~~~~~~~~~~~~~^^
  File "/usr/local/google/home/konstantint/Projects/prefecture/.venv/lib/python3.13/site-packages/sqlalchemy/pool/base.py", line 914, in __connect
    )._exec_w_sync_on_first_run(self.dbapi_connection, self)
      ~~~~~~~~~~~~~~~~~~~~~~~~~^^^^^^^^^^^^^^^^^^^^^^^^^^^^^
  File "/usr/local/google/home/konstantint/Projects/prefecture/.venv/lib/python3.13/site-packages/sqlalchemy/event/attr.py", line 501, in _exec_w_sync_on_first_run
    self(*args, **kw)
    ~~~~^^^^^^^^^^^^^
  File "/usr/local/google/home/konstantint/Projects/prefecture/.venv/lib/python3.13/site-packages/sqlalchemy/event/attr.py", line 515, in __call__
    fn(*args, **kw)
    ~~^^^^^^^^^^^^^
  File "/usr/local/google/home/konstantint/Projects/prefecture/.venv/lib/python3.13/site-packages/prefect/server/database/configurations.py", line 530, in setup_sqlite
    cursor.execute("PRAGMA journal_mode = WAL;")
    ~~~~~~~~~~~~~~^^^^^^^^^^^^^^^^^^^^^^^^^^^^^^
  File "/usr/local/google/home/konstantint/Projects/prefecture/.venv/lib/python3.13/site-packages/sqlalchemy/dialects/sqlite/aiosqlite.py", line 182, in execute
    self._adapt_connection._handle_exception(error)
    ~~~~~~~~~~~~~~~~~~~~~~~~~~~~~~~~~~~~~~~~^^^^^^^
  File "/usr/local/google/home/konstantint/Projects/prefecture/.venv/lib/python3.13/site-packages/sqlalchemy/dialects/sqlite/aiosqlite.py", line 342, in _handle_exception
    raise error
  File "/usr/local/google/home/konstantint/Projects/prefecture/.venv/lib/python3.13/site-packages/sqlalchemy/dialects/sqlite/aiosqlite.py", line 162, in execute
    self.await_(_cursor.execute(operation))
    ~~~~~~~~~~~^^^^^^^^^^^^^^^^^^^^^^^^^^^^
  File "/usr/local/google/home/konstantint/Projects/prefecture/.venv/lib/python3.13/site-packages/sqlalchemy/util/_concurrency_py3k.py", line 132, in await_only
    return current.parent.switch(awaitable)  # type: ignore[no-any-return,attr-defined] # noqa: E501
           ~~~~~~~~~~~~~~~~~~~~~^^^^^^^^^^^
  File "/usr/local/google/home/konstantint/Projects/prefecture/.venv/lib/python3.13/site-packages/sqlalchemy/util/_concurrency_py3k.py", line 196, in greenlet_spawn
    value = await result
            ^^^^^^^^^^^^
  File "/usr/local/google/home/konstantint/Projects/prefecture/.venv/lib/python3.13/site-packages/aiosqlite/cursor.py", line 40, in execute
    await self._execute(self._cursor.execute, sql, parameters)
  File "/usr/local/google/home/konstantint/Projects/prefecture/.venv/lib/python3.13/site-packages/aiosqlite/cursor.py", line 32, in _execute
    return await self._conn._execute(fn, *args, **kwargs)
           ^^^^^^^^^^^^^^^^^^^^^^^^^^^^^^^^^^^^^^^^^^^^^^
  File "/usr/local/google/home/konstantint/Projects/prefecture/.venv/lib/python3.13/site-packages/aiosqlite/core.py", line 160, in _execute
    return await future
           ^^^^^^^^^^^^
  File "/usr/local/google/home/konstantint/Projects/prefecture/.venv/lib/python3.13/site-packages/aiosqlite/core.py", line 63, in _connection_worker_thread
    result = function()
sqlite3.OperationalError: unable to open database file

The above exception was the direct cause of the following exception:

Traceback (most recent call last):
  File "/usr/local/google/home/konstantint/Projects/prefecture/.venv/lib/python3.13/site-packages/starlette/routing.py", line 638, in lifespan
    async with self.lifespan_context(app) as maybe_state:
               ~~~~~~~~~~~~~~~~~~~~~^^^^^
  File "/usr/lib/python3.13/contextlib.py", line 214, in __aenter__
    return await anext(self.gen)
           ^^^^^^^^^^^^^^^^^^^^^
  File "/usr/local/google/home/konstantint/Projects/prefecture/.venv/lib/python3.13/site-packages/prefect/server/api/server.py", line 921, in lifespan
    await run_migrations()
  File "/usr/local/google/home/konstantint/Projects/prefecture/.venv/lib/python3.13/site-packages/prefect/server/api/server.py", line 898, in run_migrations
    await db.create_db()
  File "/usr/local/google/home/konstantint/Projects/prefecture/.venv/lib/python3.13/site-packages/prefect/server/database/interface.py", line 77, in create_db
    await self.run_migrations_upgrade()
  File "/usr/local/google/home/konstantint/Projects/prefecture/.venv/lib/python3.13/site-packages/prefect/server/database/interface.py", line 115, in run_migrations_upgrade
    await run_sync_in_worker_thread(alembic_upgrade)
  File "/usr/local/google/home/konstantint/Projects/prefecture/.venv/lib/python3.13/site-packages/prefect/utilities/asyncutils/__init__.py", line 233, in run_sync_in_worker_thread
    result = await anyio.to_thread.run_sync(
             ^^^^^^^^^^^^^^^^^^^^^^^^^^^^^^^
        call_with_mark, call, abandon_on_cancel=True, limiter=get_thread_limiter()
        ^^^^^^^^^^^^^^^^^^^^^^^^^^^^^^^^^^^^^^^^^^^^^^^^^^^^^^^^^^^^^^^^^^^^^^^^^^
    )
    ^
  File "/usr/local/google/home/konstantint/Projects/prefecture/.venv/lib/python3.13/site-packages/anyio/to_thread.py", line 63, in run_sync
    return await get_async_backend().run_sync_in_worker_thread(
           ^^^^^^^^^^^^^^^^^^^^^^^^^^^^^^^^^^^^^^^^^^^^^^^^^^^^
        func, args, abandon_on_cancel=abandon_on_cancel, limiter=limiter
        ^^^^^^^^^^^^^^^^^^^^^^^^^^^^^^^^^^^^^^^^^^^^^^^^^^^^^^^^^^^^^^^^
    )
    ^
  File "/usr/local/google/home/konstantint/Projects/prefecture/.venv/lib/python3.13/site-packages/anyio/_backends/_asyncio.py", line 2518, in run_sync_in_worker_thread
    return await future
           ^^^^^^^^^^^^
  File "/usr/local/google/home/konstantint/Projects/prefecture/.venv/lib/python3.13/site-packages/anyio/_backends/_asyncio.py", line 1002, in run
    result = context.run(func, *args)
  File "/usr/local/google/home/konstantint/Projects/prefecture/.venv/lib/python3.13/site-packages/prefect/utilities/asyncutils/__init__.py", line 243, in call_with_mark
    return call()
  File "/usr/local/google/home/konstantint/Projects/prefecture/.venv/lib/python3.13/site-packages/prefect/server/database/alembic_commands.py", line 36, in wrapper
    return fn(*args, **kwargs)
  File "/usr/local/google/home/konstantint/Projects/prefecture/.venv/lib/python3.13/site-packages/prefect/server/database/alembic_commands.py", line 72, in alembic_upgrade
    alembic.command.upgrade(alembic_config(), revision, sql=dry_run)
    ~~~~~~~~~~~~~~~~~~~~~~~^^^^^^^^^^^^^^^^^^^^^^^^^^^^^^^^^^^^^^^^^
  File "/usr/local/google/home/konstantint/Projects/prefecture/.venv/lib/python3.13/site-packages/alembic/command.py", line 483, in upgrade
    script.run_env()
    ~~~~~~~~~~~~~~^^
  File "/usr/local/google/home/konstantint/Projects/prefecture/.venv/lib/python3.13/site-packages/alembic/script/base.py", line 545, in run_env
    util.load_python_file(self.dir, "env.py")
    ~~~~~~~~~~~~~~~~~~~~~^^^^^^^^^^^^^^^^^^^^
  File "/usr/local/google/home/konstantint/Projects/prefecture/.venv/lib/python3.13/site-packages/alembic/util/pyfiles.py", line 116, in load_python_file
    module = load_module_py(module_id, path)
  File "/usr/local/google/home/konstantint/Projects/prefecture/.venv/lib/python3.13/site-packages/alembic/util/pyfiles.py", line 136, in load_module_py
    spec.loader.exec_module(module)  # type: ignore
    ~~~~~~~~~~~~~~~~~~~~~~~^^^^^^^^
  File "<frozen importlib._bootstrap_external>", line 1023, in exec_module
  File "<frozen importlib._bootstrap>", line 488, in _call_with_frames_removed
  File "/usr/local/google/home/konstantint/Projects/prefecture/.venv/lib/python3.13/site-packages/prefect/server/database/_migrations/env.py", line 201, in <module>
    run_async_from_worker_thread(apply_migrations)
    ~~~~~~~~~~~~~~~~~~~~~~~~~~~~^^^^^^^^^^^^^^^^^^
  File "/usr/local/google/home/konstantint/Projects/prefecture/.venv/lib/python3.13/site-packages/prefect/utilities/asyncutils/__init__.py", line 254, in run_async_from_worker_thread
    return anyio.from_thread.run(call)
           ~~~~~~~~~~~~~~~~~~~~~^^^^^^
  File "/usr/local/google/home/konstantint/Projects/prefecture/.venv/lib/python3.13/site-packages/anyio/from_thread.py", line 90, in run
    return token.backend_class.run_async_from_thread(
           ~~~~~~~~~~~~~~~~~~~~~~~~~~~~~~~~~~~~~~~~~^
        func, args, token=token.native_token if explicit_token else None
        ^^^^^^^^^^^^^^^^^^^^^^^^^^^^^^^^^^^^^^^^^^^^^^^^^^^^^^^^^^^^^^^^
    )
    ^
  File "/usr/local/google/home/konstantint/Projects/prefecture/.venv/lib/python3.13/site-packages/anyio/_backends/_asyncio.py", line 2565, in run_async_from_thread
    return f.result()
           ~~~~~~~~^^
  File "/usr/lib/python3.13/concurrent/futures/_base.py", line 460, in result
    return self.__get_result()
           ~~~~~~~~~~~~~~~~~^^
  File "/usr/lib/python3.13/concurrent/futures/_base.py", line 402, in __get_result
    raise self._exception
  File "/usr/local/google/home/konstantint/Projects/prefecture/.venv/lib/python3.13/site-packages/anyio/_backends/_asyncio.py", line 2546, in task_wrapper
    return await func(*args)
           ^^^^^^^^^^^^^^^^^
  File "/usr/local/google/home/konstantint/Projects/prefecture/.venv/lib/python3.13/site-packages/prefect/server/database/_migrations/env.py", line 189, in apply_migrations
    async with engine.connect() as connection:
               ~~~~~~~~~~~~~~^^
  File "/usr/local/google/home/konstantint/Projects/prefecture/.venv/lib/python3.13/site-packages/sqlalchemy/ext/asyncio/base.py", line 121, in __aenter__
    return await self.start(is_ctxmanager=True)
           ^^^^^^^^^^^^^^^^^^^^^^^^^^^^^^^^^^^^
  File "/usr/local/google/home/konstantint/Projects/prefecture/.venv/lib/python3.13/site-packages/sqlalchemy/ext/asyncio/engine.py", line 275, in start
    await greenlet_spawn(self.sync_engine.connect)
  File "/usr/local/google/home/konstantint/Projects/prefecture/.venv/lib/python3.13/site-packages/sqlalchemy/util/_concurrency_py3k.py", line 201, in greenlet_spawn
    result = context.throw(*sys.exc_info())
  File "/usr/local/google/home/konstantint/Projects/prefecture/.venv/lib/python3.13/site-packages/sqlalchemy/engine/base.py", line 3293, in connect
    return self._connection_cls(self)
           ~~~~~~~~~~~~~~~~~~~~^^^^^^
  File "/usr/local/google/home/konstantint/Projects/prefecture/.venv/lib/python3.13/site-packages/sqlalchemy/engine/base.py", line 145, in __init__
    Connection._handle_dbapi_exception_noconnection(
    ~~~~~~~~~~~~~~~~~~~~~~~~~~~~~~~~~~~~~~~~~~~~~~~^
        err, dialect, engine
        ^^^^^^^^^^^^^^^^^^^^
    )
    ^
  File "/usr/local/google/home/konstantint/Projects/prefecture/.venv/lib/python3.13/site-packages/sqlalchemy/engine/base.py", line 2448, in _handle_dbapi_exception_noconnection
    raise sqlalchemy_exception.with_traceback(exc_info[2]) from e
  File "/usr/local/google/home/konstantint/Projects/prefecture/.venv/lib/python3.13/site-packages/sqlalchemy/engine/base.py", line 143, in __init__
    self._dbapi_connection = engine.raw_connection()
                             ~~~~~~~~~~~~~~~~~~~~~^^
  File "/usr/local/google/home/konstantint/Projects/prefecture/.venv/lib/python3.13/site-packages/sqlalchemy/engine/base.py", line 3317, in raw_connection
    return self.pool.connect()
           ~~~~~~~~~~~~~~~~~^^
  File "/usr/local/google/home/konstantint/Projects/prefecture/.venv/lib/python3.13/site-packages/sqlalchemy/pool/base.py", line 448, in connect
    return _ConnectionFairy._checkout(self)
           ~~~~~~~~~~~~~~~~~~~~~~~~~~^^^^^^
  File "/usr/local/google/home/konstantint/Projects/prefecture/.venv/lib/python3.13/site-packages/sqlalchemy/pool/base.py", line 1272, in _checkout
    fairy = _ConnectionRecord.checkout(pool)
  File "/usr/local/google/home/konstantint/Projects/prefecture/.venv/lib/python3.13/site-packages/sqlalchemy/pool/base.py", line 712, in checkout
    rec = pool._do_get()
  File "/usr/local/google/home/konstantint/Projects/prefecture/.venv/lib/python3.13/site-packages/sqlalchemy/pool/impl.py", line 177, in _do_get
    with util.safe_reraise():
         ~~~~~~~~~~~~~~~~~^^
  File "/usr/local/google/home/konstantint/Projects/prefecture/.venv/lib/python3.13/site-packages/sqlalchemy/util/langhelpers.py", line 121, in __exit__
    raise exc_value.with_traceback(exc_tb)
  File "/usr/local/google/home/konstantint/Projects/prefecture/.venv/lib/python3.13/site-packages/sqlalchemy/pool/impl.py", line 175, in _do_get
    return self._create_connection()
           ~~~~~~~~~~~~~~~~~~~~~~~^^
  File "/usr/local/google/home/konstantint/Projects/prefecture/.venv/lib/python3.13/site-packages/sqlalchemy/pool/base.py", line 389, in _create_connection
    return _ConnectionRecord(self)
  File "/usr/local/google/home/konstantint/Projects/prefecture/.venv/lib/python3.13/site-packages/sqlalchemy/pool/base.py", line 674, in __init__
    self.__connect()
    ~~~~~~~~~~~~~~^^
  File "/usr/local/google/home/konstantint/Projects/prefecture/.venv/lib/python3.13/site-packages/sqlalchemy/pool/base.py", line 914, in __connect
    )._exec_w_sync_on_first_run(self.dbapi_connection, self)
      ~~~~~~~~~~~~~~~~~~~~~~~~~^^^^^^^^^^^^^^^^^^^^^^^^^^^^^
  File "/usr/local/google/home/konstantint/Projects/prefecture/.venv/lib/python3.13/site-packages/sqlalchemy/event/attr.py", line 501, in _exec_w_sync_on_first_run
    self(*args, **kw)
    ~~~~^^^^^^^^^^^^^
  File "/usr/local/google/home/konstantint/Projects/prefecture/.venv/lib/python3.13/site-packages/sqlalchemy/event/attr.py", line 515, in __call__
    fn(*args, **kw)
    ~~^^^^^^^^^^^^^
  File "/usr/local/google/home/konstantint/Projects/prefecture/.venv/lib/python3.13/site-packages/prefect/server/database/configurations.py", line 530, in setup_sqlite
    cursor.execute("PRAGMA journal_mode = WAL;")
    ~~~~~~~~~~~~~~^^^^^^^^^^^^^^^^^^^^^^^^^^^^^^
  File "/usr/local/google/home/konstantint/Projects/prefecture/.venv/lib/python3.13/site-packages/sqlalchemy/dialects/sqlite/aiosqlite.py", line 182, in execute
    self._adapt_connection._handle_exception(error)
    ~~~~~~~~~~~~~~~~~~~~~~~~~~~~~~~~~~~~~~~~^^^^^^^
  File "/usr/local/google/home/konstantint/Projects/prefecture/.venv/lib/python3.13/site-packages/sqlalchemy/dialects/sqlite/aiosqlite.py", line 342, in _handle_exception
    raise error
  File "/usr/local/google/home/konstantint/Projects/prefecture/.venv/lib/python3.13/site-packages/sqlalchemy/dialects/sqlite/aiosqlite.py", line 162, in execute
    self.await_(_cursor.execute(operation))
    ~~~~~~~~~~~^^^^^^^^^^^^^^^^^^^^^^^^^^^^
  File "/usr/local/google/home/konstantint/Projects/prefecture/.venv/lib/python3.13/site-packages/sqlalchemy/util/_concurrency_py3k.py", line 132, in await_only
    return current.parent.switch(awaitable)  # type: ignore[no-any-return,attr-defined] # noqa: E501
           ~~~~~~~~~~~~~~~~~~~~~^^^^^^^^^^^
  File "/usr/local/google/home/konstantint/Projects/prefecture/.venv/lib/python3.13/site-packages/sqlalchemy/util/_concurrency_py3k.py", line 196, in greenlet_spawn
    value = await result
            ^^^^^^^^^^^^
  File "/usr/local/google/home/konstantint/Projects/prefecture/.venv/lib/python3.13/site-packages/aiosqlite/cursor.py", line 40, in execute
    await self._execute(self._cursor.execute, sql, parameters)
  File "/usr/local/google/home/konstantint/Projects/prefecture/.venv/lib/python3.13/site-packages/aiosqlite/cursor.py", line 32, in _execute
    return await self._conn._execute(fn, *args, **kwargs)
           ^^^^^^^^^^^^^^^^^^^^^^^^^^^^^^^^^^^^^^^^^^^^^^
  File "/usr/local/google/home/konstantint/Projects/prefecture/.venv/lib/python3.13/site-packages/aiosqlite/core.py", line 160, in _execute
    return await future
           ^^^^^^^^^^^^
  File "/usr/local/google/home/konstantint/Projects/prefecture/.venv/lib/python3.13/site-packages/aiosqlite/core.py", line 63, in _connection_worker_thread
    result = function()
sqlalchemy.exc.OperationalError: (sqlite3.OperationalError) unable to open database file
(Background on this error at: https://sqlalche.me/e/20/e3q8)

14:17:50.040 | ERROR   | uvicorn.error - Application startup failed. Exiting.
14:17:55.435 | ERROR   | uvicorn.error - Traceback (most recent call last):
  File "/usr/local/google/home/konstantint/Projects/prefecture/.venv/lib/python3.13/site-packages/sqlalchemy/engine/base.py", line 143, in __init__
    self._dbapi_connection = engine.raw_connection()
                             ~~~~~~~~~~~~~~~~~~~~~^^
  File "/usr/local/google/home/konstantint/Projects/prefecture/.venv/lib/python3.13/site-packages/sqlalchemy/engine/base.py", line 3317, in raw_connection
    return self.pool.connect()
           ~~~~~~~~~~~~~~~~~^^
  File "/usr/local/google/home/konstantint/Projects/prefecture/.venv/lib/python3.13/site-packages/sqlalchemy/pool/base.py", line 448, in connect
    return _ConnectionFairy._checkout(self)
           ~~~~~~~~~~~~~~~~~~~~~~~~~~^^^^^^
  File "/usr/local/google/home/konstantint/Projects/prefecture/.venv/lib/python3.13/site-packages/sqlalchemy/pool/base.py", line 1272, in _checkout
    fairy = _ConnectionRecord.checkout(pool)
  File "/usr/local/google/home/konstantint/Projects/prefecture/.venv/lib/python3.13/site-packages/sqlalchemy/pool/base.py", line 712, in checkout
    rec = pool._do_get()
  File "/usr/local/google/home/konstantint/Projects/prefecture/.venv/lib/python3.13/site-packages/sqlalchemy/pool/impl.py", line 177, in _do_get
    with util.safe_reraise():
         ~~~~~~~~~~~~~~~~~^^
  File "/usr/local/google/home/konstantint/Projects/prefecture/.venv/lib/python3.13/site-packages/sqlalchemy/util/langhelpers.py", line 121, in __exit__
    raise exc_value.with_traceback(exc_tb)
  File "/usr/local/google/home/konstantint/Projects/prefecture/.venv/lib/python3.13/site-packages/sqlalchemy/pool/impl.py", line 175, in _do_get
    return self._create_connection()
           ~~~~~~~~~~~~~~~~~~~~~~~^^
  File "/usr/local/google/home/konstantint/Projects/prefecture/.venv/lib/python3.13/site-packages/sqlalchemy/pool/base.py", line 389, in _create_connection
    return _ConnectionRecord(self)
  File "/usr/local/google/home/konstantint/Projects/prefecture/.venv/lib/python3.13/site-packages/sqlalchemy/pool/base.py", line 674, in __init__
    self.__connect()
    ~~~~~~~~~~~~~~^^
  File "/usr/local/google/home/konstantint/Projects/prefecture/.venv/lib/python3.13/site-packages/sqlalchemy/pool/base.py", line 914, in __connect
    )._exec_w_sync_on_first_run(self.dbapi_connection, self)
      ~~~~~~~~~~~~~~~~~~~~~~~~~^^^^^^^^^^^^^^^^^^^^^^^^^^^^^
  File "/usr/local/google/home/konstantint/Projects/prefecture/.venv/lib/python3.13/site-packages/sqlalchemy/event/attr.py", line 501, in _exec_w_sync_on_first_run
    self(*args, **kw)
    ~~~~^^^^^^^^^^^^^
  File "/usr/local/google/home/konstantint/Projects/prefecture/.venv/lib/python3.13/site-packages/sqlalchemy/event/attr.py", line 515, in __call__
    fn(*args, **kw)
    ~~^^^^^^^^^^^^^
  File "/usr/local/google/home/konstantint/Projects/prefecture/.venv/lib/python3.13/site-packages/prefect/server/database/configurations.py", line 530, in setup_sqlite
    cursor.execute("PRAGMA journal_mode = WAL;")
    ~~~~~~~~~~~~~~^^^^^^^^^^^^^^^^^^^^^^^^^^^^^^
  File "/usr/local/google/home/konstantint/Projects/prefecture/.venv/lib/python3.13/site-packages/sqlalchemy/dialects/sqlite/aiosqlite.py", line 182, in execute
    self._adapt_connection._handle_exception(error)
    ~~~~~~~~~~~~~~~~~~~~~~~~~~~~~~~~~~~~~~~~^^^^^^^
  File "/usr/local/google/home/konstantint/Projects/prefecture/.venv/lib/python3.13/site-packages/sqlalchemy/dialects/sqlite/aiosqlite.py", line 342, in _handle_exception
    raise error
  File "/usr/local/google/home/konstantint/Projects/prefecture/.venv/lib/python3.13/site-packages/sqlalchemy/dialects/sqlite/aiosqlite.py", line 162, in execute
    self.await_(_cursor.execute(operation))
    ~~~~~~~~~~~^^^^^^^^^^^^^^^^^^^^^^^^^^^^
  File "/usr/local/google/home/konstantint/Projects/prefecture/.venv/lib/python3.13/site-packages/sqlalchemy/util/_concurrency_py3k.py", line 132, in await_only
    return current.parent.switch(awaitable)  # type: ignore[no-any-return,attr-defined] # noqa: E501
           ~~~~~~~~~~~~~~~~~~~~~^^^^^^^^^^^
  File "/usr/local/google/home/konstantint/Projects/prefecture/.venv/lib/python3.13/site-packages/sqlalchemy/util/_concurrency_py3k.py", line 196, in greenlet_spawn
    value = await result
            ^^^^^^^^^^^^
  File "/usr/local/google/home/konstantint/Projects/prefecture/.venv/lib/python3.13/site-packages/aiosqlite/cursor.py", line 40, in execute
    await self._execute(self._cursor.execute, sql, parameters)
  File "/usr/local/google/home/konstantint/Projects/prefecture/.venv/lib/python3.13/site-packages/aiosqlite/cursor.py", line 32, in _execute
    return await self._conn._execute(fn, *args, **kwargs)
           ^^^^^^^^^^^^^^^^^^^^^^^^^^^^^^^^^^^^^^^^^^^^^^
  File "/usr/local/google/home/konstantint/Projects/prefecture/.venv/lib/python3.13/site-packages/aiosqlite/core.py", line 160, in _execute
    return await future
           ^^^^^^^^^^^^
  File "/usr/local/google/home/konstantint/Projects/prefecture/.venv/lib/python3.13/site-packages/aiosqlite/core.py", line 63, in _connection_worker_thread
    result = function()
sqlite3.OperationalError: unable to open database file

The above exception was the direct cause of the following exception:

Traceback (most recent call last):
  File "/usr/local/google/home/konstantint/Projects/prefecture/.venv/lib/python3.13/site-packages/starlette/routing.py", line 638, in lifespan
    async with self.lifespan_context(app) as maybe_state:
               ~~~~~~~~~~~~~~~~~~~~~^^^^^
  File "/usr/lib/python3.13/contextlib.py", line 214, in __aenter__
    return await anext(self.gen)
           ^^^^^^^^^^^^^^^^^^^^^
  File "/usr/local/google/home/konstantint/Projects/prefecture/.venv/lib/python3.13/site-packages/prefect/server/api/server.py", line 921, in lifespan
    await run_migrations()
  File "/usr/local/google/home/konstantint/Projects/prefecture/.venv/lib/python3.13/site-packages/prefect/server/api/server.py", line 898, in run_migrations
    await db.create_db()
  File "/usr/local/google/home/konstantint/Projects/prefecture/.venv/lib/python3.13/site-packages/prefect/server/database/interface.py", line 77, in create_db
    await self.run_migrations_upgrade()
  File "/usr/local/google/home/konstantint/Projects/prefecture/.venv/lib/python3.13/site-packages/prefect/server/database/interface.py", line 115, in run_migrations_upgrade
    await run_sync_in_worker_thread(alembic_upgrade)
  File "/usr/local/google/home/konstantint/Projects/prefecture/.venv/lib/python3.13/site-packages/prefect/utilities/asyncutils/__init__.py", line 233, in run_sync_in_worker_thread
    result = await anyio.to_thread.run_sync(
             ^^^^^^^^^^^^^^^^^^^^^^^^^^^^^^^
        call_with_mark, call, abandon_on_cancel=True, limiter=get_thread_limiter()
        ^^^^^^^^^^^^^^^^^^^^^^^^^^^^^^^^^^^^^^^^^^^^^^^^^^^^^^^^^^^^^^^^^^^^^^^^^^
    )
    ^
  File "/usr/local/google/home/konstantint/Projects/prefecture/.venv/lib/python3.13/site-packages/anyio/to_thread.py", line 63, in run_sync
    return await get_async_backend().run_sync_in_worker_thread(
           ^^^^^^^^^^^^^^^^^^^^^^^^^^^^^^^^^^^^^^^^^^^^^^^^^^^^
        func, args, abandon_on_cancel=abandon_on_cancel, limiter=limiter
        ^^^^^^^^^^^^^^^^^^^^^^^^^^^^^^^^^^^^^^^^^^^^^^^^^^^^^^^^^^^^^^^^
    )
    ^
  File "/usr/local/google/home/konstantint/Projects/prefecture/.venv/lib/python3.13/site-packages/anyio/_backends/_asyncio.py", line 2518, in run_sync_in_worker_thread
    return await future
           ^^^^^^^^^^^^
  File "/usr/local/google/home/konstantint/Projects/prefecture/.venv/lib/python3.13/site-packages/anyio/_backends/_asyncio.py", line 1002, in run
    result = context.run(func, *args)
  File "/usr/local/google/home/konstantint/Projects/prefecture/.venv/lib/python3.13/site-packages/prefect/utilities/asyncutils/__init__.py", line 243, in call_with_mark
    return call()
  File "/usr/local/google/home/konstantint/Projects/prefecture/.venv/lib/python3.13/site-packages/prefect/server/database/alembic_commands.py", line 36, in wrapper
    return fn(*args, **kwargs)
  File "/usr/local/google/home/konstantint/Projects/prefecture/.venv/lib/python3.13/site-packages/prefect/server/database/alembic_commands.py", line 72, in alembic_upgrade
    alembic.command.upgrade(alembic_config(), revision, sql=dry_run)
    ~~~~~~~~~~~~~~~~~~~~~~~^^^^^^^^^^^^^^^^^^^^^^^^^^^^^^^^^^^^^^^^^
  File "/usr/local/google/home/konstantint/Projects/prefecture/.venv/lib/python3.13/site-packages/alembic/command.py", line 483, in upgrade
    script.run_env()
    ~~~~~~~~~~~~~~^^
  File "/usr/local/google/home/konstantint/Projects/prefecture/.venv/lib/python3.13/site-packages/alembic/script/base.py", line 545, in run_env
    util.load_python_file(self.dir, "env.py")
    ~~~~~~~~~~~~~~~~~~~~~^^^^^^^^^^^^^^^^^^^^
  File "/usr/local/google/home/konstantint/Projects/prefecture/.venv/lib/python3.13/site-packages/alembic/util/pyfiles.py", line 116, in load_python_file
    module = load_module_py(module_id, path)
  File "/usr/local/google/home/konstantint/Projects/prefecture/.venv/lib/python3.13/site-packages/alembic/util/pyfiles.py", line 136, in load_module_py
    spec.loader.exec_module(module)  # type: ignore
    ~~~~~~~~~~~~~~~~~~~~~~~^^^^^^^^
  File "<frozen importlib._bootstrap_external>", line 1023, in exec_module
  File "<frozen importlib._bootstrap>", line 488, in _call_with_frames_removed
  File "/usr/local/google/home/konstantint/Projects/prefecture/.venv/lib/python3.13/site-packages/prefect/server/database/_migrations/env.py", line 201, in <module>
    run_async_from_worker_thread(apply_migrations)
    ~~~~~~~~~~~~~~~~~~~~~~~~~~~~^^^^^^^^^^^^^^^^^^
  File "/usr/local/google/home/konstantint/Projects/prefecture/.venv/lib/python3.13/site-packages/prefect/utilities/asyncutils/__init__.py", line 254, in run_async_from_worker_thread
    return anyio.from_thread.run(call)
           ~~~~~~~~~~~~~~~~~~~~~^^^^^^
  File "/usr/local/google/home/konstantint/Projects/prefecture/.venv/lib/python3.13/site-packages/anyio/from_thread.py", line 90, in run
    return token.backend_class.run_async_from_thread(
           ~~~~~~~~~~~~~~~~~~~~~~~~~~~~~~~~~~~~~~~~~^
        func, args, token=token.native_token if explicit_token else None
        ^^^^^^^^^^^^^^^^^^^^^^^^^^^^^^^^^^^^^^^^^^^^^^^^^^^^^^^^^^^^^^^^
    )
    ^
  File "/usr/local/google/home/konstantint/Projects/prefecture/.venv/lib/python3.13/site-packages/anyio/_backends/_asyncio.py", line 2565, in run_async_from_thread
    return f.result()
           ~~~~~~~~^^
  File "/usr/lib/python3.13/concurrent/futures/_base.py", line 460, in result
    return self.__get_result()
           ~~~~~~~~~~~~~~~~~^^
  File "/usr/lib/python3.13/concurrent/futures/_base.py", line 402, in __get_result
    raise self._exception
  File "/usr/local/google/home/konstantint/Projects/prefecture/.venv/lib/python3.13/site-packages/anyio/_backends/_asyncio.py", line 2546, in task_wrapper
    return await func(*args)
           ^^^^^^^^^^^^^^^^^
  File "/usr/local/google/home/konstantint/Projects/prefecture/.venv/lib/python3.13/site-packages/prefect/server/database/_migrations/env.py", line 189, in apply_migrations
    async with engine.connect() as connection:
               ~~~~~~~~~~~~~~^^
  File "/usr/local/google/home/konstantint/Projects/prefecture/.venv/lib/python3.13/site-packages/sqlalchemy/ext/asyncio/base.py", line 121, in __aenter__
    return await self.start(is_ctxmanager=True)
           ^^^^^^^^^^^^^^^^^^^^^^^^^^^^^^^^^^^^
  File "/usr/local/google/home/konstantint/Projects/prefecture/.venv/lib/python3.13/site-packages/sqlalchemy/ext/asyncio/engine.py", line 275, in start
    await greenlet_spawn(self.sync_engine.connect)
  File "/usr/local/google/home/konstantint/Projects/prefecture/.venv/lib/python3.13/site-packages/sqlalchemy/util/_concurrency_py3k.py", line 201, in greenlet_spawn
    result = context.throw(*sys.exc_info())
  File "/usr/local/google/home/konstantint/Projects/prefecture/.venv/lib/python3.13/site-packages/sqlalchemy/engine/base.py", line 3293, in connect
    return self._connection_cls(self)
           ~~~~~~~~~~~~~~~~~~~~^^^^^^
  File "/usr/local/google/home/konstantint/Projects/prefecture/.venv/lib/python3.13/site-packages/sqlalchemy/engine/base.py", line 145, in __init__
    Connection._handle_dbapi_exception_noconnection(
    ~~~~~~~~~~~~~~~~~~~~~~~~~~~~~~~~~~~~~~~~~~~~~~~^
        err, dialect, engine
        ^^^^^^^^^^^^^^^^^^^^
    )
    ^
  File "/usr/local/google/home/konstantint/Projects/prefecture/.venv/lib/python3.13/site-packages/sqlalchemy/engine/base.py", line 2448, in _handle_dbapi_exception_noconnection
    raise sqlalchemy_exception.with_traceback(exc_info[2]) from e
  File "/usr/local/google/home/konstantint/Projects/prefecture/.venv/lib/python3.13/site-packages/sqlalchemy/engine/base.py", line 143, in __init__
    self._dbapi_connection = engine.raw_connection()
                             ~~~~~~~~~~~~~~~~~~~~~^^
  File "/usr/local/google/home/konstantint/Projects/prefecture/.venv/lib/python3.13/site-packages/sqlalchemy/engine/base.py", line 3317, in raw_connection
    return self.pool.connect()
           ~~~~~~~~~~~~~~~~~^^
  File "/usr/local/google/home/konstantint/Projects/prefecture/.venv/lib/python3.13/site-packages/sqlalchemy/pool/base.py", line 448, in connect
    return _ConnectionFairy._checkout(self)
           ~~~~~~~~~~~~~~~~~~~~~~~~~~^^^^^^
  File "/usr/local/google/home/konstantint/Projects/prefecture/.venv/lib/python3.13/site-packages/sqlalchemy/pool/base.py", line 1272, in _checkout
    fairy = _ConnectionRecord.checkout(pool)
  File "/usr/local/google/home/konstantint/Projects/prefecture/.venv/lib/python3.13/site-packages/sqlalchemy/pool/base.py", line 712, in checkout
    rec = pool._do_get()
  File "/usr/local/google/home/konstantint/Projects/prefecture/.venv/lib/python3.13/site-packages/sqlalchemy/pool/impl.py", line 177, in _do_get
    with util.safe_reraise():
         ~~~~~~~~~~~~~~~~~^^
  File "/usr/local/google/home/konstantint/Projects/prefecture/.venv/lib/python3.13/site-packages/sqlalchemy/util/langhelpers.py", line 121, in __exit__
    raise exc_value.with_traceback(exc_tb)
  File "/usr/local/google/home/konstantint/Projects/prefecture/.venv/lib/python3.13/site-packages/sqlalchemy/pool/impl.py", line 175, in _do_get
    return self._create_connection()
           ~~~~~~~~~~~~~~~~~~~~~~~^^
  File "/usr/local/google/home/konstantint/Projects/prefecture/.venv/lib/python3.13/site-packages/sqlalchemy/pool/base.py", line 389, in _create_connection
    return _ConnectionRecord(self)
  File "/usr/local/google/home/konstantint/Projects/prefecture/.venv/lib/python3.13/site-packages/sqlalchemy/pool/base.py", line 674, in __init__
    self.__connect()
    ~~~~~~~~~~~~~~^^
  File "/usr/local/google/home/konstantint/Projects/prefecture/.venv/lib/python3.13/site-packages/sqlalchemy/pool/base.py", line 914, in __connect
    )._exec_w_sync_on_first_run(self.dbapi_connection, self)
      ~~~~~~~~~~~~~~~~~~~~~~~~~^^^^^^^^^^^^^^^^^^^^^^^^^^^^^
  File "/usr/local/google/home/konstantint/Projects/prefecture/.venv/lib/python3.13/site-packages/sqlalchemy/event/attr.py", line 501, in _exec_w_sync_on_first_run
    self(*args, **kw)
    ~~~~^^^^^^^^^^^^^
  File "/usr/local/google/home/konstantint/Projects/prefecture/.venv/lib/python3.13/site-packages/sqlalchemy/event/attr.py", line 515, in __call__
    fn(*args, **kw)
    ~~^^^^^^^^^^^^^
  File "/usr/local/google/home/konstantint/Projects/prefecture/.venv/lib/python3.13/site-packages/prefect/server/database/configurations.py", line 530, in setup_sqlite
    cursor.execute("PRAGMA journal_mode = WAL;")
    ~~~~~~~~~~~~~~^^^^^^^^^^^^^^^^^^^^^^^^^^^^^^
  File "/usr/local/google/home/konstantint/Projects/prefecture/.venv/lib/python3.13/site-packages/sqlalchemy/dialects/sqlite/aiosqlite.py", line 182, in execute
    self._adapt_connection._handle_exception(error)
    ~~~~~~~~~~~~~~~~~~~~~~~~~~~~~~~~~~~~~~~~^^^^^^^
  File "/usr/local/google/home/konstantint/Projects/prefecture/.venv/lib/python3.13/site-packages/sqlalchemy/dialects/sqlite/aiosqlite.py", line 342, in _handle_exception
    raise error
  File "/usr/local/google/home/konstantint/Projects/prefecture/.venv/lib/python3.13/site-packages/sqlalchemy/dialects/sqlite/aiosqlite.py", line 162, in execute
    self.await_(_cursor.execute(operation))
    ~~~~~~~~~~~^^^^^^^^^^^^^^^^^^^^^^^^^^^^
  File "/usr/local/google/home/konstantint/Projects/prefecture/.venv/lib/python3.13/site-packages/sqlalchemy/util/_concurrency_py3k.py", line 132, in await_only
    return current.parent.switch(awaitable)  # type: ignore[no-any-return,attr-defined] # noqa: E501
           ~~~~~~~~~~~~~~~~~~~~~^^^^^^^^^^^
  File "/usr/local/google/home/konstantint/Projects/prefecture/.venv/lib/python3.13/site-packages/sqlalchemy/util/_concurrency_py3k.py", line 196, in greenlet_spawn
    value = await result
            ^^^^^^^^^^^^
  File "/usr/local/google/home/konstantint/Projects/prefecture/.venv/lib/python3.13/site-packages/aiosqlite/cursor.py", line 40, in execute
    await self._execute(self._cursor.execute, sql, parameters)
  File "/usr/local/google/home/konstantint/Projects/prefecture/.venv/lib/python3.13/site-packages/aiosqlite/cursor.py", line 32, in _execute
    return await self._conn._execute(fn, *args, **kwargs)
           ^^^^^^^^^^^^^^^^^^^^^^^^^^^^^^^^^^^^^^^^^^^^^^
  File "/usr/local/google/home/konstantint/Projects/prefecture/.venv/lib/python3.13/site-packages/aiosqlite/core.py", line 160, in _execute
    return await future
           ^^^^^^^^^^^^
  File "/usr/local/google/home/konstantint/Projects/prefecture/.venv/lib/python3.13/site-packages/aiosqlite/core.py", line 63, in _connection_worker_thread
    result = function()
sqlalchemy.exc.OperationalError: (sqlite3.OperationalError) unable to open database file
(Background on this error at: https://sqlalche.me/e/20/e3q8)

14:17:55.450 | ERROR   | uvicorn.error - Application startup failed. Exiting.
------------------------------ Captured log call -------------------------------
INFO     prefect:server.py:1127 Starting temporary server on http://127.0.0.1:8527
See https://docs.prefect.io/v3/concepts/server#how-to-guides for more information on running a dedicated Prefect server.
_____________________ test_run_dir_file_loader_config_name _____________________

test_template_dir = PosixPath('/tmp/pytest-of-konstantint/pytest-2/test_run_dir_file_loader_confi0')

    def test_run_dir_file_loader_config_name(test_template_dir):
        """Test RunDirFileLoader with config_name parameter."""
        base_dir = test_template_dir / "data"
    
        current_dir = base_dir / "current_app" / "2023-10-25"
        current_dir.mkdir(parents=True)
    
        other_dir = base_dir / "other_app" / "2023-10-25"
        other_dir.mkdir(parents=True)
        with open(other_dir / "digest.md", "w") as f:
            f.write("Other config content")
    
        prompt_config = {
            "template_file": "test_prompt.j2",
            "params": {"name": "ConfigTest"},
            "context_loaders": [
                {
                    "type": "run_dir_file",
                    "assign_to": "last_weeks_digest",
                    "params": {"file_name": "digest.md", "config_name": "other_app"},
                }
            ],
        }
    
        generator = templating.Jinja2Templater(
            config_dir=test_template_dir, run_dir=current_dir, **prompt_config
        )
>       generated_prompt = generator()
                           ^^^^^^^^^^^

prefecture/operations/templating_test.py:381: 
_ _ _ _ _ _ _ _ _ _ _ _ _ _ _ _ _ _ _ _ _ _ _ _ _ _ _ _ _ _ _ _ _ _ _ _ _ _ _ _ 
.venv/lib/python3.13/site-packages/prefect/tasks.py:1213: in __call__
    return run_task(
.venv/lib/python3.13/site-packages/prefect/task_engine.py:1902: in run_task
    return run_task_sync(**kwargs)
           ^^^^^^^^^^^^^^^^^^^^^^^
.venv/lib/python3.13/site-packages/prefect/task_engine.py:1667: in run_task_sync
    with engine.start(task_run_id=task_run_id, dependencies=dependencies):
         ^^^^^^^^^^^^^^^^^^^^^^^^^^^^^^^^^^^^^^^^^^^^^^^^^^^^^^^^^^^^^^^^
/usr/lib/python3.13/contextlib.py:141: in __enter__
    return next(self.gen)
           ^^^^^^^^^^^^^^
.venv/lib/python3.13/site-packages/prefect/task_engine.py:920: in start
    with self.initialize_run(task_run_id=task_run_id, dependencies=dependencies):
         ^^^^^^^^^^^^^^^^^^^^^^^^^^^^^^^^^^^^^^^^^^^^^^^^^^^^^^^^^^^^^^^^^^^^^^^
/usr/lib/python3.13/contextlib.py:141: in __enter__
    return next(self.gen)
           ^^^^^^^^^^^^^^
.venv/lib/python3.13/site-packages/prefect/task_engine.py:822: in initialize_run
    with SyncClientContext.get_or_create() as client_ctx:
         ^^^^^^^^^^^^^^^^^^^^^^^^^^^^^^^^^
/usr/lib/python3.13/contextlib.py:141: in __enter__
    return next(self.gen)
           ^^^^^^^^^^^^^^
.venv/lib/python3.13/site-packages/prefect/context.py:337: in get_or_create
    with cls() as ctx:
         ^^^^^
.venv/lib/python3.13/site-packages/prefect/context.py:305: in __init__
    client=get_client(sync_client=True, httpx_settings=httpx_settings),
           ^^^^^^^^^^^^^^^^^^^^^^^^^^^^^^^^^^^^^^^^^^^^^^^^^^^^^^^^^^^
.venv/lib/python3.13/site-packages/prefect/client/orchestration/__init__.py:252: in get_client
    server.start()
.venv/lib/python3.13/site-packages/prefect/server/api/server.py:1154: in start
    response.raise_for_status()
_ _ _ _ _ _ _ _ _ _ _ _ _ _ _ _ _ _ _ _ _ _ _ _ _ _ _ _ _ _ _ _ _ _ _ _ _ _ _ _ 

self = <Response [400 Bad Request]>

    def raise_for_status(self) -> Response:
        """
        Raise the `HTTPStatusError` if one occurred.
        """
        request = self._request
        if request is None:
            raise RuntimeError(
                "Cannot call `raise_for_status` as the request "
                "instance has not been set on this response."
            )
    
        if self.is_success:
            return self
    
        if self.has_redirect_location:
            message = (
                "{error_type} '{0.status_code} {0.reason_phrase}' for url '{0.url}'\n"
                "Redirect location: '{0.headers[location]}'\n"
                "For more information check: https://developer.mozilla.org/en-US/docs/Web/HTTP/Status/{0.status_code}"
            )
        else:
            message = (
                "{error_type} '{0.status_code} {0.reason_phrase}' for url '{0.url}'\n"
                "For more information check: https://developer.mozilla.org/en-US/docs/Web/HTTP/Status/{0.status_code}"
            )
    
        status_class = self.status_code // 100
        error_types = {
            1: "Informational response",
            3: "Redirect response",
            4: "Client error",
            5: "Server error",
        }
        error_type = error_types.get(status_class, "Invalid status code")
        message = message.format(self, error_type=error_type)
>       raise HTTPStatusError(message, request=request, response=self)
E       httpx.HTTPStatusError: Client error '400 Bad Request' for url 'http://127.0.0.1:8476/api/health'
E       For more information check: https://developer.mozilla.org/en-US/docs/Web/HTTP/Status/400

.venv/lib/python3.13/site-packages/httpx/_models.py:829: HTTPStatusError
----------------------------- Captured stderr call -----------------------------
14:18:00.634 | INFO    | prefect - Starting temporary server on http://127.0.0.1:8682
See https://docs.prefect.io/v3/concepts/server#how-to-guides for more information on running a dedicated Prefect server.
14:18:01.206 | ERROR   | uvicorn.error - Traceback (most recent call last):
  File "/usr/local/google/home/konstantint/Projects/prefecture/.venv/lib/python3.13/site-packages/sqlalchemy/engine/base.py", line 143, in __init__
    self._dbapi_connection = engine.raw_connection()
                             ~~~~~~~~~~~~~~~~~~~~~^^
  File "/usr/local/google/home/konstantint/Projects/prefecture/.venv/lib/python3.13/site-packages/sqlalchemy/engine/base.py", line 3317, in raw_connection
    return self.pool.connect()
           ~~~~~~~~~~~~~~~~~^^
  File "/usr/local/google/home/konstantint/Projects/prefecture/.venv/lib/python3.13/site-packages/sqlalchemy/pool/base.py", line 448, in connect
    return _ConnectionFairy._checkout(self)
           ~~~~~~~~~~~~~~~~~~~~~~~~~~^^^^^^
  File "/usr/local/google/home/konstantint/Projects/prefecture/.venv/lib/python3.13/site-packages/sqlalchemy/pool/base.py", line 1272, in _checkout
    fairy = _ConnectionRecord.checkout(pool)
  File "/usr/local/google/home/konstantint/Projects/prefecture/.venv/lib/python3.13/site-packages/sqlalchemy/pool/base.py", line 712, in checkout
    rec = pool._do_get()
  File "/usr/local/google/home/konstantint/Projects/prefecture/.venv/lib/python3.13/site-packages/sqlalchemy/pool/impl.py", line 177, in _do_get
    with util.safe_reraise():
         ~~~~~~~~~~~~~~~~~^^
  File "/usr/local/google/home/konstantint/Projects/prefecture/.venv/lib/python3.13/site-packages/sqlalchemy/util/langhelpers.py", line 121, in __exit__
    raise exc_value.with_traceback(exc_tb)
  File "/usr/local/google/home/konstantint/Projects/prefecture/.venv/lib/python3.13/site-packages/sqlalchemy/pool/impl.py", line 175, in _do_get
    return self._create_connection()
           ~~~~~~~~~~~~~~~~~~~~~~~^^
  File "/usr/local/google/home/konstantint/Projects/prefecture/.venv/lib/python3.13/site-packages/sqlalchemy/pool/base.py", line 389, in _create_connection
    return _ConnectionRecord(self)
  File "/usr/local/google/home/konstantint/Projects/prefecture/.venv/lib/python3.13/site-packages/sqlalchemy/pool/base.py", line 674, in __init__
    self.__connect()
    ~~~~~~~~~~~~~~^^
  File "/usr/local/google/home/konstantint/Projects/prefecture/.venv/lib/python3.13/site-packages/sqlalchemy/pool/base.py", line 914, in __connect
    )._exec_w_sync_on_first_run(self.dbapi_connection, self)
      ~~~~~~~~~~~~~~~~~~~~~~~~~^^^^^^^^^^^^^^^^^^^^^^^^^^^^^
  File "/usr/local/google/home/konstantint/Projects/prefecture/.venv/lib/python3.13/site-packages/sqlalchemy/event/attr.py", line 501, in _exec_w_sync_on_first_run
    self(*args, **kw)
    ~~~~^^^^^^^^^^^^^
  File "/usr/local/google/home/konstantint/Projects/prefecture/.venv/lib/python3.13/site-packages/sqlalchemy/event/attr.py", line 515, in __call__
    fn(*args, **kw)
    ~~^^^^^^^^^^^^^
  File "/usr/local/google/home/konstantint/Projects/prefecture/.venv/lib/python3.13/site-packages/prefect/server/database/configurations.py", line 530, in setup_sqlite
    cursor.execute("PRAGMA journal_mode = WAL;")
    ~~~~~~~~~~~~~~^^^^^^^^^^^^^^^^^^^^^^^^^^^^^^
  File "/usr/local/google/home/konstantint/Projects/prefecture/.venv/lib/python3.13/site-packages/sqlalchemy/dialects/sqlite/aiosqlite.py", line 182, in execute
    self._adapt_connection._handle_exception(error)
    ~~~~~~~~~~~~~~~~~~~~~~~~~~~~~~~~~~~~~~~~^^^^^^^
  File "/usr/local/google/home/konstantint/Projects/prefecture/.venv/lib/python3.13/site-packages/sqlalchemy/dialects/sqlite/aiosqlite.py", line 342, in _handle_exception
    raise error
  File "/usr/local/google/home/konstantint/Projects/prefecture/.venv/lib/python3.13/site-packages/sqlalchemy/dialects/sqlite/aiosqlite.py", line 162, in execute
    self.await_(_cursor.execute(operation))
    ~~~~~~~~~~~^^^^^^^^^^^^^^^^^^^^^^^^^^^^
  File "/usr/local/google/home/konstantint/Projects/prefecture/.venv/lib/python3.13/site-packages/sqlalchemy/util/_concurrency_py3k.py", line 132, in await_only
    return current.parent.switch(awaitable)  # type: ignore[no-any-return,attr-defined] # noqa: E501
           ~~~~~~~~~~~~~~~~~~~~~^^^^^^^^^^^
  File "/usr/local/google/home/konstantint/Projects/prefecture/.venv/lib/python3.13/site-packages/sqlalchemy/util/_concurrency_py3k.py", line 196, in greenlet_spawn
    value = await result
            ^^^^^^^^^^^^
  File "/usr/local/google/home/konstantint/Projects/prefecture/.venv/lib/python3.13/site-packages/aiosqlite/cursor.py", line 40, in execute
    await self._execute(self._cursor.execute, sql, parameters)
  File "/usr/local/google/home/konstantint/Projects/prefecture/.venv/lib/python3.13/site-packages/aiosqlite/cursor.py", line 32, in _execute
    return await self._conn._execute(fn, *args, **kwargs)
           ^^^^^^^^^^^^^^^^^^^^^^^^^^^^^^^^^^^^^^^^^^^^^^
  File "/usr/local/google/home/konstantint/Projects/prefecture/.venv/lib/python3.13/site-packages/aiosqlite/core.py", line 160, in _execute
    return await future
           ^^^^^^^^^^^^
  File "/usr/local/google/home/konstantint/Projects/prefecture/.venv/lib/python3.13/site-packages/aiosqlite/core.py", line 63, in _connection_worker_thread
    result = function()
sqlite3.OperationalError: unable to open database file

The above exception was the direct cause of the following exception:

Traceback (most recent call last):
  File "/usr/local/google/home/konstantint/Projects/prefecture/.venv/lib/python3.13/site-packages/starlette/routing.py", line 638, in lifespan
    async with self.lifespan_context(app) as maybe_state:
               ~~~~~~~~~~~~~~~~~~~~~^^^^^
  File "/usr/lib/python3.13/contextlib.py", line 214, in __aenter__
    return await anext(self.gen)
           ^^^^^^^^^^^^^^^^^^^^^
  File "/usr/local/google/home/konstantint/Projects/prefecture/.venv/lib/python3.13/site-packages/prefect/server/api/server.py", line 921, in lifespan
    await run_migrations()
  File "/usr/local/google/home/konstantint/Projects/prefecture/.venv/lib/python3.13/site-packages/prefect/server/api/server.py", line 898, in run_migrations
    await db.create_db()
  File "/usr/local/google/home/konstantint/Projects/prefecture/.venv/lib/python3.13/site-packages/prefect/server/database/interface.py", line 77, in create_db
    await self.run_migrations_upgrade()
  File "/usr/local/google/home/konstantint/Projects/prefecture/.venv/lib/python3.13/site-packages/prefect/server/database/interface.py", line 115, in run_migrations_upgrade
    await run_sync_in_worker_thread(alembic_upgrade)
  File "/usr/local/google/home/konstantint/Projects/prefecture/.venv/lib/python3.13/site-packages/prefect/utilities/asyncutils/__init__.py", line 233, in run_sync_in_worker_thread
    result = await anyio.to_thread.run_sync(
             ^^^^^^^^^^^^^^^^^^^^^^^^^^^^^^^
        call_with_mark, call, abandon_on_cancel=True, limiter=get_thread_limiter()
        ^^^^^^^^^^^^^^^^^^^^^^^^^^^^^^^^^^^^^^^^^^^^^^^^^^^^^^^^^^^^^^^^^^^^^^^^^^
    )
    ^
  File "/usr/local/google/home/konstantint/Projects/prefecture/.venv/lib/python3.13/site-packages/anyio/to_thread.py", line 63, in run_sync
    return await get_async_backend().run_sync_in_worker_thread(
           ^^^^^^^^^^^^^^^^^^^^^^^^^^^^^^^^^^^^^^^^^^^^^^^^^^^^
        func, args, abandon_on_cancel=abandon_on_cancel, limiter=limiter
        ^^^^^^^^^^^^^^^^^^^^^^^^^^^^^^^^^^^^^^^^^^^^^^^^^^^^^^^^^^^^^^^^
    )
    ^
  File "/usr/local/google/home/konstantint/Projects/prefecture/.venv/lib/python3.13/site-packages/anyio/_backends/_asyncio.py", line 2518, in run_sync_in_worker_thread
    return await future
           ^^^^^^^^^^^^
  File "/usr/local/google/home/konstantint/Projects/prefecture/.venv/lib/python3.13/site-packages/anyio/_backends/_asyncio.py", line 1002, in run
    result = context.run(func, *args)
  File "/usr/local/google/home/konstantint/Projects/prefecture/.venv/lib/python3.13/site-packages/prefect/utilities/asyncutils/__init__.py", line 243, in call_with_mark
    return call()
  File "/usr/local/google/home/konstantint/Projects/prefecture/.venv/lib/python3.13/site-packages/prefect/server/database/alembic_commands.py", line 36, in wrapper
    return fn(*args, **kwargs)
  File "/usr/local/google/home/konstantint/Projects/prefecture/.venv/lib/python3.13/site-packages/prefect/server/database/alembic_commands.py", line 72, in alembic_upgrade
    alembic.command.upgrade(alembic_config(), revision, sql=dry_run)
    ~~~~~~~~~~~~~~~~~~~~~~~^^^^^^^^^^^^^^^^^^^^^^^^^^^^^^^^^^^^^^^^^
  File "/usr/local/google/home/konstantint/Projects/prefecture/.venv/lib/python3.13/site-packages/alembic/command.py", line 483, in upgrade
    script.run_env()
    ~~~~~~~~~~~~~~^^
  File "/usr/local/google/home/konstantint/Projects/prefecture/.venv/lib/python3.13/site-packages/alembic/script/base.py", line 545, in run_env
    util.load_python_file(self.dir, "env.py")
    ~~~~~~~~~~~~~~~~~~~~~^^^^^^^^^^^^^^^^^^^^
  File "/usr/local/google/home/konstantint/Projects/prefecture/.venv/lib/python3.13/site-packages/alembic/util/pyfiles.py", line 116, in load_python_file
    module = load_module_py(module_id, path)
  File "/usr/local/google/home/konstantint/Projects/prefecture/.venv/lib/python3.13/site-packages/alembic/util/pyfiles.py", line 136, in load_module_py
    spec.loader.exec_module(module)  # type: ignore
    ~~~~~~~~~~~~~~~~~~~~~~~^^^^^^^^
  File "<frozen importlib._bootstrap_external>", line 1023, in exec_module
  File "<frozen importlib._bootstrap>", line 488, in _call_with_frames_removed
  File "/usr/local/google/home/konstantint/Projects/prefecture/.venv/lib/python3.13/site-packages/prefect/server/database/_migrations/env.py", line 201, in <module>
    run_async_from_worker_thread(apply_migrations)
    ~~~~~~~~~~~~~~~~~~~~~~~~~~~~^^^^^^^^^^^^^^^^^^
  File "/usr/local/google/home/konstantint/Projects/prefecture/.venv/lib/python3.13/site-packages/prefect/utilities/asyncutils/__init__.py", line 254, in run_async_from_worker_thread
    return anyio.from_thread.run(call)
           ~~~~~~~~~~~~~~~~~~~~~^^^^^^
  File "/usr/local/google/home/konstantint/Projects/prefecture/.venv/lib/python3.13/site-packages/anyio/from_thread.py", line 90, in run
    return token.backend_class.run_async_from_thread(
           ~~~~~~~~~~~~~~~~~~~~~~~~~~~~~~~~~~~~~~~~~^
        func, args, token=token.native_token if explicit_token else None
        ^^^^^^^^^^^^^^^^^^^^^^^^^^^^^^^^^^^^^^^^^^^^^^^^^^^^^^^^^^^^^^^^
    )
    ^
  File "/usr/local/google/home/konstantint/Projects/prefecture/.venv/lib/python3.13/site-packages/anyio/_backends/_asyncio.py", line 2565, in run_async_from_thread
    return f.result()
           ~~~~~~~~^^
  File "/usr/lib/python3.13/concurrent/futures/_base.py", line 460, in result
    return self.__get_result()
           ~~~~~~~~~~~~~~~~~^^
  File "/usr/lib/python3.13/concurrent/futures/_base.py", line 402, in __get_result
    raise self._exception
  File "/usr/local/google/home/konstantint/Projects/prefecture/.venv/lib/python3.13/site-packages/anyio/_backends/_asyncio.py", line 2546, in task_wrapper
    return await func(*args)
           ^^^^^^^^^^^^^^^^^
  File "/usr/local/google/home/konstantint/Projects/prefecture/.venv/lib/python3.13/site-packages/prefect/server/database/_migrations/env.py", line 189, in apply_migrations
    async with engine.connect() as connection:
               ~~~~~~~~~~~~~~^^
  File "/usr/local/google/home/konstantint/Projects/prefecture/.venv/lib/python3.13/site-packages/sqlalchemy/ext/asyncio/base.py", line 121, in __aenter__
    return await self.start(is_ctxmanager=True)
           ^^^^^^^^^^^^^^^^^^^^^^^^^^^^^^^^^^^^
  File "/usr/local/google/home/konstantint/Projects/prefecture/.venv/lib/python3.13/site-packages/sqlalchemy/ext/asyncio/engine.py", line 275, in start
    await greenlet_spawn(self.sync_engine.connect)
  File "/usr/local/google/home/konstantint/Projects/prefecture/.venv/lib/python3.13/site-packages/sqlalchemy/util/_concurrency_py3k.py", line 201, in greenlet_spawn
    result = context.throw(*sys.exc_info())
  File "/usr/local/google/home/konstantint/Projects/prefecture/.venv/lib/python3.13/site-packages/sqlalchemy/engine/base.py", line 3293, in connect
    return self._connection_cls(self)
           ~~~~~~~~~~~~~~~~~~~~^^^^^^
  File "/usr/local/google/home/konstantint/Projects/prefecture/.venv/lib/python3.13/site-packages/sqlalchemy/engine/base.py", line 145, in __init__
    Connection._handle_dbapi_exception_noconnection(
    ~~~~~~~~~~~~~~~~~~~~~~~~~~~~~~~~~~~~~~~~~~~~~~~^
        err, dialect, engine
        ^^^^^^^^^^^^^^^^^^^^
    )
    ^
  File "/usr/local/google/home/konstantint/Projects/prefecture/.venv/lib/python3.13/site-packages/sqlalchemy/engine/base.py", line 2448, in _handle_dbapi_exception_noconnection
    raise sqlalchemy_exception.with_traceback(exc_info[2]) from e
  File "/usr/local/google/home/konstantint/Projects/prefecture/.venv/lib/python3.13/site-packages/sqlalchemy/engine/base.py", line 143, in __init__
    self._dbapi_connection = engine.raw_connection()
                             ~~~~~~~~~~~~~~~~~~~~~^^
  File "/usr/local/google/home/konstantint/Projects/prefecture/.venv/lib/python3.13/site-packages/sqlalchemy/engine/base.py", line 3317, in raw_connection
    return self.pool.connect()
           ~~~~~~~~~~~~~~~~~^^
  File "/usr/local/google/home/konstantint/Projects/prefecture/.venv/lib/python3.13/site-packages/sqlalchemy/pool/base.py", line 448, in connect
    return _ConnectionFairy._checkout(self)
           ~~~~~~~~~~~~~~~~~~~~~~~~~~^^^^^^
  File "/usr/local/google/home/konstantint/Projects/prefecture/.venv/lib/python3.13/site-packages/sqlalchemy/pool/base.py", line 1272, in _checkout
    fairy = _ConnectionRecord.checkout(pool)
  File "/usr/local/google/home/konstantint/Projects/prefecture/.venv/lib/python3.13/site-packages/sqlalchemy/pool/base.py", line 712, in checkout
    rec = pool._do_get()
  File "/usr/local/google/home/konstantint/Projects/prefecture/.venv/lib/python3.13/site-packages/sqlalchemy/pool/impl.py", line 177, in _do_get
    with util.safe_reraise():
         ~~~~~~~~~~~~~~~~~^^
  File "/usr/local/google/home/konstantint/Projects/prefecture/.venv/lib/python3.13/site-packages/sqlalchemy/util/langhelpers.py", line 121, in __exit__
    raise exc_value.with_traceback(exc_tb)
  File "/usr/local/google/home/konstantint/Projects/prefecture/.venv/lib/python3.13/site-packages/sqlalchemy/pool/impl.py", line 175, in _do_get
    return self._create_connection()
           ~~~~~~~~~~~~~~~~~~~~~~~^^
  File "/usr/local/google/home/konstantint/Projects/prefecture/.venv/lib/python3.13/site-packages/sqlalchemy/pool/base.py", line 389, in _create_connection
    return _ConnectionRecord(self)
  File "/usr/local/google/home/konstantint/Projects/prefecture/.venv/lib/python3.13/site-packages/sqlalchemy/pool/base.py", line 674, in __init__
    self.__connect()
    ~~~~~~~~~~~~~~^^
  File "/usr/local/google/home/konstantint/Projects/prefecture/.venv/lib/python3.13/site-packages/sqlalchemy/pool/base.py", line 914, in __connect
    )._exec_w_sync_on_first_run(self.dbapi_connection, self)
      ~~~~~~~~~~~~~~~~~~~~~~~~~^^^^^^^^^^^^^^^^^^^^^^^^^^^^^
  File "/usr/local/google/home/konstantint/Projects/prefecture/.venv/lib/python3.13/site-packages/sqlalchemy/event/attr.py", line 501, in _exec_w_sync_on_first_run
    self(*args, **kw)
    ~~~~^^^^^^^^^^^^^
  File "/usr/local/google/home/konstantint/Projects/prefecture/.venv/lib/python3.13/site-packages/sqlalchemy/event/attr.py", line 515, in __call__
    fn(*args, **kw)
    ~~^^^^^^^^^^^^^
  File "/usr/local/google/home/konstantint/Projects/prefecture/.venv/lib/python3.13/site-packages/prefect/server/database/configurations.py", line 530, in setup_sqlite
    cursor.execute("PRAGMA journal_mode = WAL;")
    ~~~~~~~~~~~~~~^^^^^^^^^^^^^^^^^^^^^^^^^^^^^^
  File "/usr/local/google/home/konstantint/Projects/prefecture/.venv/lib/python3.13/site-packages/sqlalchemy/dialects/sqlite/aiosqlite.py", line 182, in execute
    self._adapt_connection._handle_exception(error)
    ~~~~~~~~~~~~~~~~~~~~~~~~~~~~~~~~~~~~~~~~^^^^^^^
  File "/usr/local/google/home/konstantint/Projects/prefecture/.venv/lib/python3.13/site-packages/sqlalchemy/dialects/sqlite/aiosqlite.py", line 342, in _handle_exception
    raise error
  File "/usr/local/google/home/konstantint/Projects/prefecture/.venv/lib/python3.13/site-packages/sqlalchemy/dialects/sqlite/aiosqlite.py", line 162, in execute
    self.await_(_cursor.execute(operation))
    ~~~~~~~~~~~^^^^^^^^^^^^^^^^^^^^^^^^^^^^
  File "/usr/local/google/home/konstantint/Projects/prefecture/.venv/lib/python3.13/site-packages/sqlalchemy/util/_concurrency_py3k.py", line 132, in await_only
    return current.parent.switch(awaitable)  # type: ignore[no-any-return,attr-defined] # noqa: E501
           ~~~~~~~~~~~~~~~~~~~~~^^^^^^^^^^^
  File "/usr/local/google/home/konstantint/Projects/prefecture/.venv/lib/python3.13/site-packages/sqlalchemy/util/_concurrency_py3k.py", line 196, in greenlet_spawn
    value = await result
            ^^^^^^^^^^^^
  File "/usr/local/google/home/konstantint/Projects/prefecture/.venv/lib/python3.13/site-packages/aiosqlite/cursor.py", line 40, in execute
    await self._execute(self._cursor.execute, sql, parameters)
  File "/usr/local/google/home/konstantint/Projects/prefecture/.venv/lib/python3.13/site-packages/aiosqlite/cursor.py", line 32, in _execute
    return await self._conn._execute(fn, *args, **kwargs)
           ^^^^^^^^^^^^^^^^^^^^^^^^^^^^^^^^^^^^^^^^^^^^^^
  File "/usr/local/google/home/konstantint/Projects/prefecture/.venv/lib/python3.13/site-packages/aiosqlite/core.py", line 160, in _execute
    return await future
           ^^^^^^^^^^^^
  File "/usr/local/google/home/konstantint/Projects/prefecture/.venv/lib/python3.13/site-packages/aiosqlite/core.py", line 63, in _connection_worker_thread
    result = function()
sqlalchemy.exc.OperationalError: (sqlite3.OperationalError) unable to open database file
(Background on this error at: https://sqlalche.me/e/20/e3q8)

14:18:01.223 | ERROR   | uvicorn.error - Application startup failed. Exiting.
14:18:05.786 | ERROR   | uvicorn.error - Traceback (most recent call last):
  File "/usr/local/google/home/konstantint/Projects/prefecture/.venv/lib/python3.13/site-packages/sqlalchemy/engine/base.py", line 143, in __init__
    self._dbapi_connection = engine.raw_connection()
                             ~~~~~~~~~~~~~~~~~~~~~^^
  File "/usr/local/google/home/konstantint/Projects/prefecture/.venv/lib/python3.13/site-packages/sqlalchemy/engine/base.py", line 3317, in raw_connection
    return self.pool.connect()
           ~~~~~~~~~~~~~~~~~^^
  File "/usr/local/google/home/konstantint/Projects/prefecture/.venv/lib/python3.13/site-packages/sqlalchemy/pool/base.py", line 448, in connect
    return _ConnectionFairy._checkout(self)
           ~~~~~~~~~~~~~~~~~~~~~~~~~~^^^^^^
  File "/usr/local/google/home/konstantint/Projects/prefecture/.venv/lib/python3.13/site-packages/sqlalchemy/pool/base.py", line 1272, in _checkout
    fairy = _ConnectionRecord.checkout(pool)
  File "/usr/local/google/home/konstantint/Projects/prefecture/.venv/lib/python3.13/site-packages/sqlalchemy/pool/base.py", line 712, in checkout
    rec = pool._do_get()
  File "/usr/local/google/home/konstantint/Projects/prefecture/.venv/lib/python3.13/site-packages/sqlalchemy/pool/impl.py", line 177, in _do_get
    with util.safe_reraise():
         ~~~~~~~~~~~~~~~~~^^
  File "/usr/local/google/home/konstantint/Projects/prefecture/.venv/lib/python3.13/site-packages/sqlalchemy/util/langhelpers.py", line 121, in __exit__
    raise exc_value.with_traceback(exc_tb)
  File "/usr/local/google/home/konstantint/Projects/prefecture/.venv/lib/python3.13/site-packages/sqlalchemy/pool/impl.py", line 175, in _do_get
    return self._create_connection()
           ~~~~~~~~~~~~~~~~~~~~~~~^^
  File "/usr/local/google/home/konstantint/Projects/prefecture/.venv/lib/python3.13/site-packages/sqlalchemy/pool/base.py", line 389, in _create_connection
    return _ConnectionRecord(self)
  File "/usr/local/google/home/konstantint/Projects/prefecture/.venv/lib/python3.13/site-packages/sqlalchemy/pool/base.py", line 674, in __init__
    self.__connect()
    ~~~~~~~~~~~~~~^^
  File "/usr/local/google/home/konstantint/Projects/prefecture/.venv/lib/python3.13/site-packages/sqlalchemy/pool/base.py", line 914, in __connect
    )._exec_w_sync_on_first_run(self.dbapi_connection, self)
      ~~~~~~~~~~~~~~~~~~~~~~~~~^^^^^^^^^^^^^^^^^^^^^^^^^^^^^
  File "/usr/local/google/home/konstantint/Projects/prefecture/.venv/lib/python3.13/site-packages/sqlalchemy/event/attr.py", line 501, in _exec_w_sync_on_first_run
    self(*args, **kw)
    ~~~~^^^^^^^^^^^^^
  File "/usr/local/google/home/konstantint/Projects/prefecture/.venv/lib/python3.13/site-packages/sqlalchemy/event/attr.py", line 515, in __call__
    fn(*args, **kw)
    ~~^^^^^^^^^^^^^
  File "/usr/local/google/home/konstantint/Projects/prefecture/.venv/lib/python3.13/site-packages/prefect/server/database/configurations.py", line 530, in setup_sqlite
    cursor.execute("PRAGMA journal_mode = WAL;")
    ~~~~~~~~~~~~~~^^^^^^^^^^^^^^^^^^^^^^^^^^^^^^
  File "/usr/local/google/home/konstantint/Projects/prefecture/.venv/lib/python3.13/site-packages/sqlalchemy/dialects/sqlite/aiosqlite.py", line 182, in execute
    self._adapt_connection._handle_exception(error)
    ~~~~~~~~~~~~~~~~~~~~~~~~~~~~~~~~~~~~~~~~^^^^^^^
  File "/usr/local/google/home/konstantint/Projects/prefecture/.venv/lib/python3.13/site-packages/sqlalchemy/dialects/sqlite/aiosqlite.py", line 342, in _handle_exception
    raise error
  File "/usr/local/google/home/konstantint/Projects/prefecture/.venv/lib/python3.13/site-packages/sqlalchemy/dialects/sqlite/aiosqlite.py", line 162, in execute
    self.await_(_cursor.execute(operation))
    ~~~~~~~~~~~^^^^^^^^^^^^^^^^^^^^^^^^^^^^
  File "/usr/local/google/home/konstantint/Projects/prefecture/.venv/lib/python3.13/site-packages/sqlalchemy/util/_concurrency_py3k.py", line 132, in await_only
    return current.parent.switch(awaitable)  # type: ignore[no-any-return,attr-defined] # noqa: E501
           ~~~~~~~~~~~~~~~~~~~~~^^^^^^^^^^^
  File "/usr/local/google/home/konstantint/Projects/prefecture/.venv/lib/python3.13/site-packages/sqlalchemy/util/_concurrency_py3k.py", line 196, in greenlet_spawn
    value = await result
            ^^^^^^^^^^^^
  File "/usr/local/google/home/konstantint/Projects/prefecture/.venv/lib/python3.13/site-packages/aiosqlite/cursor.py", line 40, in execute
    await self._execute(self._cursor.execute, sql, parameters)
  File "/usr/local/google/home/konstantint/Projects/prefecture/.venv/lib/python3.13/site-packages/aiosqlite/cursor.py", line 32, in _execute
    return await self._conn._execute(fn, *args, **kwargs)
           ^^^^^^^^^^^^^^^^^^^^^^^^^^^^^^^^^^^^^^^^^^^^^^
  File "/usr/local/google/home/konstantint/Projects/prefecture/.venv/lib/python3.13/site-packages/aiosqlite/core.py", line 160, in _execute
    return await future
           ^^^^^^^^^^^^
  File "/usr/local/google/home/konstantint/Projects/prefecture/.venv/lib/python3.13/site-packages/aiosqlite/core.py", line 63, in _connection_worker_thread
    result = function()
sqlite3.OperationalError: unable to open database file

The above exception was the direct cause of the following exception:

Traceback (most recent call last):
  File "/usr/local/google/home/konstantint/Projects/prefecture/.venv/lib/python3.13/site-packages/starlette/routing.py", line 638, in lifespan
    async with self.lifespan_context(app) as maybe_state:
               ~~~~~~~~~~~~~~~~~~~~~^^^^^
  File "/usr/lib/python3.13/contextlib.py", line 214, in __aenter__
    return await anext(self.gen)
           ^^^^^^^^^^^^^^^^^^^^^
  File "/usr/local/google/home/konstantint/Projects/prefecture/.venv/lib/python3.13/site-packages/prefect/server/api/server.py", line 921, in lifespan
    await run_migrations()
  File "/usr/local/google/home/konstantint/Projects/prefecture/.venv/lib/python3.13/site-packages/prefect/server/api/server.py", line 898, in run_migrations
    await db.create_db()
  File "/usr/local/google/home/konstantint/Projects/prefecture/.venv/lib/python3.13/site-packages/prefect/server/database/interface.py", line 77, in create_db
    await self.run_migrations_upgrade()
  File "/usr/local/google/home/konstantint/Projects/prefecture/.venv/lib/python3.13/site-packages/prefect/server/database/interface.py", line 115, in run_migrations_upgrade
    await run_sync_in_worker_thread(alembic_upgrade)
  File "/usr/local/google/home/konstantint/Projects/prefecture/.venv/lib/python3.13/site-packages/prefect/utilities/asyncutils/__init__.py", line 233, in run_sync_in_worker_thread
    result = await anyio.to_thread.run_sync(
             ^^^^^^^^^^^^^^^^^^^^^^^^^^^^^^^
        call_with_mark, call, abandon_on_cancel=True, limiter=get_thread_limiter()
        ^^^^^^^^^^^^^^^^^^^^^^^^^^^^^^^^^^^^^^^^^^^^^^^^^^^^^^^^^^^^^^^^^^^^^^^^^^
    )
    ^
  File "/usr/local/google/home/konstantint/Projects/prefecture/.venv/lib/python3.13/site-packages/anyio/to_thread.py", line 63, in run_sync
    return await get_async_backend().run_sync_in_worker_thread(
           ^^^^^^^^^^^^^^^^^^^^^^^^^^^^^^^^^^^^^^^^^^^^^^^^^^^^
        func, args, abandon_on_cancel=abandon_on_cancel, limiter=limiter
        ^^^^^^^^^^^^^^^^^^^^^^^^^^^^^^^^^^^^^^^^^^^^^^^^^^^^^^^^^^^^^^^^
    )
    ^
  File "/usr/local/google/home/konstantint/Projects/prefecture/.venv/lib/python3.13/site-packages/anyio/_backends/_asyncio.py", line 2518, in run_sync_in_worker_thread
    return await future
           ^^^^^^^^^^^^
  File "/usr/local/google/home/konstantint/Projects/prefecture/.venv/lib/python3.13/site-packages/anyio/_backends/_asyncio.py", line 1002, in run
    result = context.run(func, *args)
  File "/usr/local/google/home/konstantint/Projects/prefecture/.venv/lib/python3.13/site-packages/prefect/utilities/asyncutils/__init__.py", line 243, in call_with_mark
    return call()
  File "/usr/local/google/home/konstantint/Projects/prefecture/.venv/lib/python3.13/site-packages/prefect/server/database/alembic_commands.py", line 36, in wrapper
    return fn(*args, **kwargs)
  File "/usr/local/google/home/konstantint/Projects/prefecture/.venv/lib/python3.13/site-packages/prefect/server/database/alembic_commands.py", line 72, in alembic_upgrade
    alembic.command.upgrade(alembic_config(), revision, sql=dry_run)
    ~~~~~~~~~~~~~~~~~~~~~~~^^^^^^^^^^^^^^^^^^^^^^^^^^^^^^^^^^^^^^^^^
  File "/usr/local/google/home/konstantint/Projects/prefecture/.venv/lib/python3.13/site-packages/alembic/command.py", line 483, in upgrade
    script.run_env()
    ~~~~~~~~~~~~~~^^
  File "/usr/local/google/home/konstantint/Projects/prefecture/.venv/lib/python3.13/site-packages/alembic/script/base.py", line 545, in run_env
    util.load_python_file(self.dir, "env.py")
    ~~~~~~~~~~~~~~~~~~~~~^^^^^^^^^^^^^^^^^^^^
  File "/usr/local/google/home/konstantint/Projects/prefecture/.venv/lib/python3.13/site-packages/alembic/util/pyfiles.py", line 116, in load_python_file
    module = load_module_py(module_id, path)
  File "/usr/local/google/home/konstantint/Projects/prefecture/.venv/lib/python3.13/site-packages/alembic/util/pyfiles.py", line 136, in load_module_py
    spec.loader.exec_module(module)  # type: ignore
    ~~~~~~~~~~~~~~~~~~~~~~~^^^^^^^^
  File "<frozen importlib._bootstrap_external>", line 1023, in exec_module
  File "<frozen importlib._bootstrap>", line 488, in _call_with_frames_removed
  File "/usr/local/google/home/konstantint/Projects/prefecture/.venv/lib/python3.13/site-packages/prefect/server/database/_migrations/env.py", line 201, in <module>
    run_async_from_worker_thread(apply_migrations)
    ~~~~~~~~~~~~~~~~~~~~~~~~~~~~^^^^^^^^^^^^^^^^^^
  File "/usr/local/google/home/konstantint/Projects/prefecture/.venv/lib/python3.13/site-packages/prefect/utilities/asyncutils/__init__.py", line 254, in run_async_from_worker_thread
    return anyio.from_thread.run(call)
           ~~~~~~~~~~~~~~~~~~~~~^^^^^^
  File "/usr/local/google/home/konstantint/Projects/prefecture/.venv/lib/python3.13/site-packages/anyio/from_thread.py", line 90, in run
    return token.backend_class.run_async_from_thread(
           ~~~~~~~~~~~~~~~~~~~~~~~~~~~~~~~~~~~~~~~~~^
        func, args, token=token.native_token if explicit_token else None
        ^^^^^^^^^^^^^^^^^^^^^^^^^^^^^^^^^^^^^^^^^^^^^^^^^^^^^^^^^^^^^^^^
    )
    ^
  File "/usr/local/google/home/konstantint/Projects/prefecture/.venv/lib/python3.13/site-packages/anyio/_backends/_asyncio.py", line 2565, in run_async_from_thread
    return f.result()
           ~~~~~~~~^^
  File "/usr/lib/python3.13/concurrent/futures/_base.py", line 460, in result
    return self.__get_result()
           ~~~~~~~~~~~~~~~~~^^
  File "/usr/lib/python3.13/concurrent/futures/_base.py", line 402, in __get_result
    raise self._exception
  File "/usr/local/google/home/konstantint/Projects/prefecture/.venv/lib/python3.13/site-packages/anyio/_backends/_asyncio.py", line 2546, in task_wrapper
    return await func(*args)
           ^^^^^^^^^^^^^^^^^
  File "/usr/local/google/home/konstantint/Projects/prefecture/.venv/lib/python3.13/site-packages/prefect/server/database/_migrations/env.py", line 189, in apply_migrations
    async with engine.connect() as connection:
               ~~~~~~~~~~~~~~^^
  File "/usr/local/google/home/konstantint/Projects/prefecture/.venv/lib/python3.13/site-packages/sqlalchemy/ext/asyncio/base.py", line 121, in __aenter__
    return await self.start(is_ctxmanager=True)
           ^^^^^^^^^^^^^^^^^^^^^^^^^^^^^^^^^^^^
  File "/usr/local/google/home/konstantint/Projects/prefecture/.venv/lib/python3.13/site-packages/sqlalchemy/ext/asyncio/engine.py", line 275, in start
    await greenlet_spawn(self.sync_engine.connect)
  File "/usr/local/google/home/konstantint/Projects/prefecture/.venv/lib/python3.13/site-packages/sqlalchemy/util/_concurrency_py3k.py", line 201, in greenlet_spawn
    result = context.throw(*sys.exc_info())
  File "/usr/local/google/home/konstantint/Projects/prefecture/.venv/lib/python3.13/site-packages/sqlalchemy/engine/base.py", line 3293, in connect
    return self._connection_cls(self)
           ~~~~~~~~~~~~~~~~~~~~^^^^^^
  File "/usr/local/google/home/konstantint/Projects/prefecture/.venv/lib/python3.13/site-packages/sqlalchemy/engine/base.py", line 145, in __init__
    Connection._handle_dbapi_exception_noconnection(
    ~~~~~~~~~~~~~~~~~~~~~~~~~~~~~~~~~~~~~~~~~~~~~~~^
        err, dialect, engine
        ^^^^^^^^^^^^^^^^^^^^
    )
    ^
  File "/usr/local/google/home/konstantint/Projects/prefecture/.venv/lib/python3.13/site-packages/sqlalchemy/engine/base.py", line 2448, in _handle_dbapi_exception_noconnection
    raise sqlalchemy_exception.with_traceback(exc_info[2]) from e
  File "/usr/local/google/home/konstantint/Projects/prefecture/.venv/lib/python3.13/site-packages/sqlalchemy/engine/base.py", line 143, in __init__
    self._dbapi_connection = engine.raw_connection()
                             ~~~~~~~~~~~~~~~~~~~~~^^
  File "/usr/local/google/home/konstantint/Projects/prefecture/.venv/lib/python3.13/site-packages/sqlalchemy/engine/base.py", line 3317, in raw_connection
    return self.pool.connect()
           ~~~~~~~~~~~~~~~~~^^
  File "/usr/local/google/home/konstantint/Projects/prefecture/.venv/lib/python3.13/site-packages/sqlalchemy/pool/base.py", line 448, in connect
    return _ConnectionFairy._checkout(self)
           ~~~~~~~~~~~~~~~~~~~~~~~~~~^^^^^^
  File "/usr/local/google/home/konstantint/Projects/prefecture/.venv/lib/python3.13/site-packages/sqlalchemy/pool/base.py", line 1272, in _checkout
    fairy = _ConnectionRecord.checkout(pool)
  File "/usr/local/google/home/konstantint/Projects/prefecture/.venv/lib/python3.13/site-packages/sqlalchemy/pool/base.py", line 712, in checkout
    rec = pool._do_get()
  File "/usr/local/google/home/konstantint/Projects/prefecture/.venv/lib/python3.13/site-packages/sqlalchemy/pool/impl.py", line 177, in _do_get
    with util.safe_reraise():
         ~~~~~~~~~~~~~~~~~^^
  File "/usr/local/google/home/konstantint/Projects/prefecture/.venv/lib/python3.13/site-packages/sqlalchemy/util/langhelpers.py", line 121, in __exit__
    raise exc_value.with_traceback(exc_tb)
  File "/usr/local/google/home/konstantint/Projects/prefecture/.venv/lib/python3.13/site-packages/sqlalchemy/pool/impl.py", line 175, in _do_get
    return self._create_connection()
           ~~~~~~~~~~~~~~~~~~~~~~~^^
  File "/usr/local/google/home/konstantint/Projects/prefecture/.venv/lib/python3.13/site-packages/sqlalchemy/pool/base.py", line 389, in _create_connection
    return _ConnectionRecord(self)
  File "/usr/local/google/home/konstantint/Projects/prefecture/.venv/lib/python3.13/site-packages/sqlalchemy/pool/base.py", line 674, in __init__
    self.__connect()
    ~~~~~~~~~~~~~~^^
  File "/usr/local/google/home/konstantint/Projects/prefecture/.venv/lib/python3.13/site-packages/sqlalchemy/pool/base.py", line 914, in __connect
    )._exec_w_sync_on_first_run(self.dbapi_connection, self)
      ~~~~~~~~~~~~~~~~~~~~~~~~~^^^^^^^^^^^^^^^^^^^^^^^^^^^^^
  File "/usr/local/google/home/konstantint/Projects/prefecture/.venv/lib/python3.13/site-packages/sqlalchemy/event/attr.py", line 501, in _exec_w_sync_on_first_run
    self(*args, **kw)
    ~~~~^^^^^^^^^^^^^
  File "/usr/local/google/home/konstantint/Projects/prefecture/.venv/lib/python3.13/site-packages/sqlalchemy/event/attr.py", line 515, in __call__
    fn(*args, **kw)
    ~~^^^^^^^^^^^^^
  File "/usr/local/google/home/konstantint/Projects/prefecture/.venv/lib/python3.13/site-packages/prefect/server/database/configurations.py", line 530, in setup_sqlite
    cursor.execute("PRAGMA journal_mode = WAL;")
    ~~~~~~~~~~~~~~^^^^^^^^^^^^^^^^^^^^^^^^^^^^^^
  File "/usr/local/google/home/konstantint/Projects/prefecture/.venv/lib/python3.13/site-packages/sqlalchemy/dialects/sqlite/aiosqlite.py", line 182, in execute
    self._adapt_connection._handle_exception(error)
    ~~~~~~~~~~~~~~~~~~~~~~~~~~~~~~~~~~~~~~~~^^^^^^^
  File "/usr/local/google/home/konstantint/Projects/prefecture/.venv/lib/python3.13/site-packages/sqlalchemy/dialects/sqlite/aiosqlite.py", line 342, in _handle_exception
    raise error
  File "/usr/local/google/home/konstantint/Projects/prefecture/.venv/lib/python3.13/site-packages/sqlalchemy/dialects/sqlite/aiosqlite.py", line 162, in execute
    self.await_(_cursor.execute(operation))
    ~~~~~~~~~~~^^^^^^^^^^^^^^^^^^^^^^^^^^^^
  File "/usr/local/google/home/konstantint/Projects/prefecture/.venv/lib/python3.13/site-packages/sqlalchemy/util/_concurrency_py3k.py", line 132, in await_only
    return current.parent.switch(awaitable)  # type: ignore[no-any-return,attr-defined] # noqa: E501
           ~~~~~~~~~~~~~~~~~~~~~^^^^^^^^^^^
  File "/usr/local/google/home/konstantint/Projects/prefecture/.venv/lib/python3.13/site-packages/sqlalchemy/util/_concurrency_py3k.py", line 196, in greenlet_spawn
    value = await result
            ^^^^^^^^^^^^
  File "/usr/local/google/home/konstantint/Projects/prefecture/.venv/lib/python3.13/site-packages/aiosqlite/cursor.py", line 40, in execute
    await self._execute(self._cursor.execute, sql, parameters)
  File "/usr/local/google/home/konstantint/Projects/prefecture/.venv/lib/python3.13/site-packages/aiosqlite/cursor.py", line 32, in _execute
    return await self._conn._execute(fn, *args, **kwargs)
           ^^^^^^^^^^^^^^^^^^^^^^^^^^^^^^^^^^^^^^^^^^^^^^
  File "/usr/local/google/home/konstantint/Projects/prefecture/.venv/lib/python3.13/site-packages/aiosqlite/core.py", line 160, in _execute
    return await future
           ^^^^^^^^^^^^
  File "/usr/local/google/home/konstantint/Projects/prefecture/.venv/lib/python3.13/site-packages/aiosqlite/core.py", line 63, in _connection_worker_thread
    result = function()
sqlalchemy.exc.OperationalError: (sqlite3.OperationalError) unable to open database file
(Background on this error at: https://sqlalche.me/e/20/e3q8)

14:18:05.803 | ERROR   | uvicorn.error - Application startup failed. Exiting.
14:18:11.327 | ERROR   | uvicorn.error - Traceback (most recent call last):
  File "/usr/local/google/home/konstantint/Projects/prefecture/.venv/lib/python3.13/site-packages/sqlalchemy/engine/base.py", line 143, in __init__
    self._dbapi_connection = engine.raw_connection()
                             ~~~~~~~~~~~~~~~~~~~~~^^
  File "/usr/local/google/home/konstantint/Projects/prefecture/.venv/lib/python3.13/site-packages/sqlalchemy/engine/base.py", line 3317, in raw_connection
    return self.pool.connect()
           ~~~~~~~~~~~~~~~~~^^
  File "/usr/local/google/home/konstantint/Projects/prefecture/.venv/lib/python3.13/site-packages/sqlalchemy/pool/base.py", line 448, in connect
    return _ConnectionFairy._checkout(self)
           ~~~~~~~~~~~~~~~~~~~~~~~~~~^^^^^^
  File "/usr/local/google/home/konstantint/Projects/prefecture/.venv/lib/python3.13/site-packages/sqlalchemy/pool/base.py", line 1272, in _checkout
    fairy = _ConnectionRecord.checkout(pool)
  File "/usr/local/google/home/konstantint/Projects/prefecture/.venv/lib/python3.13/site-packages/sqlalchemy/pool/base.py", line 712, in checkout
    rec = pool._do_get()
  File "/usr/local/google/home/konstantint/Projects/prefecture/.venv/lib/python3.13/site-packages/sqlalchemy/pool/impl.py", line 177, in _do_get
    with util.safe_reraise():
         ~~~~~~~~~~~~~~~~~^^
  File "/usr/local/google/home/konstantint/Projects/prefecture/.venv/lib/python3.13/site-packages/sqlalchemy/util/langhelpers.py", line 121, in __exit__
    raise exc_value.with_traceback(exc_tb)
  File "/usr/local/google/home/konstantint/Projects/prefecture/.venv/lib/python3.13/site-packages/sqlalchemy/pool/impl.py", line 175, in _do_get
    return self._create_connection()
           ~~~~~~~~~~~~~~~~~~~~~~~^^
  File "/usr/local/google/home/konstantint/Projects/prefecture/.venv/lib/python3.13/site-packages/sqlalchemy/pool/base.py", line 389, in _create_connection
    return _ConnectionRecord(self)
  File "/usr/local/google/home/konstantint/Projects/prefecture/.venv/lib/python3.13/site-packages/sqlalchemy/pool/base.py", line 674, in __init__
    self.__connect()
    ~~~~~~~~~~~~~~^^
  File "/usr/local/google/home/konstantint/Projects/prefecture/.venv/lib/python3.13/site-packages/sqlalchemy/pool/base.py", line 914, in __connect
    )._exec_w_sync_on_first_run(self.dbapi_connection, self)
      ~~~~~~~~~~~~~~~~~~~~~~~~~^^^^^^^^^^^^^^^^^^^^^^^^^^^^^
  File "/usr/local/google/home/konstantint/Projects/prefecture/.venv/lib/python3.13/site-packages/sqlalchemy/event/attr.py", line 501, in _exec_w_sync_on_first_run
    self(*args, **kw)
    ~~~~^^^^^^^^^^^^^
  File "/usr/local/google/home/konstantint/Projects/prefecture/.venv/lib/python3.13/site-packages/sqlalchemy/event/attr.py", line 515, in __call__
    fn(*args, **kw)
    ~~^^^^^^^^^^^^^
  File "/usr/local/google/home/konstantint/Projects/prefecture/.venv/lib/python3.13/site-packages/prefect/server/database/configurations.py", line 530, in setup_sqlite
    cursor.execute("PRAGMA journal_mode = WAL;")
    ~~~~~~~~~~~~~~^^^^^^^^^^^^^^^^^^^^^^^^^^^^^^
  File "/usr/local/google/home/konstantint/Projects/prefecture/.venv/lib/python3.13/site-packages/sqlalchemy/dialects/sqlite/aiosqlite.py", line 182, in execute
    self._adapt_connection._handle_exception(error)
    ~~~~~~~~~~~~~~~~~~~~~~~~~~~~~~~~~~~~~~~~^^^^^^^
  File "/usr/local/google/home/konstantint/Projects/prefecture/.venv/lib/python3.13/site-packages/sqlalchemy/dialects/sqlite/aiosqlite.py", line 342, in _handle_exception
    raise error
  File "/usr/local/google/home/konstantint/Projects/prefecture/.venv/lib/python3.13/site-packages/sqlalchemy/dialects/sqlite/aiosqlite.py", line 162, in execute
    self.await_(_cursor.execute(operation))
    ~~~~~~~~~~~^^^^^^^^^^^^^^^^^^^^^^^^^^^^
  File "/usr/local/google/home/konstantint/Projects/prefecture/.venv/lib/python3.13/site-packages/sqlalchemy/util/_concurrency_py3k.py", line 132, in await_only
    return current.parent.switch(awaitable)  # type: ignore[no-any-return,attr-defined] # noqa: E501
           ~~~~~~~~~~~~~~~~~~~~~^^^^^^^^^^^
  File "/usr/local/google/home/konstantint/Projects/prefecture/.venv/lib/python3.13/site-packages/sqlalchemy/util/_concurrency_py3k.py", line 196, in greenlet_spawn
    value = await result
            ^^^^^^^^^^^^
  File "/usr/local/google/home/konstantint/Projects/prefecture/.venv/lib/python3.13/site-packages/aiosqlite/cursor.py", line 40, in execute
    await self._execute(self._cursor.execute, sql, parameters)
  File "/usr/local/google/home/konstantint/Projects/prefecture/.venv/lib/python3.13/site-packages/aiosqlite/cursor.py", line 32, in _execute
    return await self._conn._execute(fn, *args, **kwargs)
           ^^^^^^^^^^^^^^^^^^^^^^^^^^^^^^^^^^^^^^^^^^^^^^
  File "/usr/local/google/home/konstantint/Projects/prefecture/.venv/lib/python3.13/site-packages/aiosqlite/core.py", line 160, in _execute
    return await future
           ^^^^^^^^^^^^
  File "/usr/local/google/home/konstantint/Projects/prefecture/.venv/lib/python3.13/site-packages/aiosqlite/core.py", line 63, in _connection_worker_thread
    result = function()
sqlite3.OperationalError: unable to open database file

The above exception was the direct cause of the following exception:

Traceback (most recent call last):
  File "/usr/local/google/home/konstantint/Projects/prefecture/.venv/lib/python3.13/site-packages/starlette/routing.py", line 638, in lifespan
    async with self.lifespan_context(app) as maybe_state:
               ~~~~~~~~~~~~~~~~~~~~~^^^^^
  File "/usr/lib/python3.13/contextlib.py", line 214, in __aenter__
    return await anext(self.gen)
           ^^^^^^^^^^^^^^^^^^^^^
  File "/usr/local/google/home/konstantint/Projects/prefecture/.venv/lib/python3.13/site-packages/prefect/server/api/server.py", line 921, in lifespan
    await run_migrations()
  File "/usr/local/google/home/konstantint/Projects/prefecture/.venv/lib/python3.13/site-packages/prefect/server/api/server.py", line 898, in run_migrations
    await db.create_db()
  File "/usr/local/google/home/konstantint/Projects/prefecture/.venv/lib/python3.13/site-packages/prefect/server/database/interface.py", line 77, in create_db
    await self.run_migrations_upgrade()
  File "/usr/local/google/home/konstantint/Projects/prefecture/.venv/lib/python3.13/site-packages/prefect/server/database/interface.py", line 115, in run_migrations_upgrade
    await run_sync_in_worker_thread(alembic_upgrade)
  File "/usr/local/google/home/konstantint/Projects/prefecture/.venv/lib/python3.13/site-packages/prefect/utilities/asyncutils/__init__.py", line 233, in run_sync_in_worker_thread
    result = await anyio.to_thread.run_sync(
             ^^^^^^^^^^^^^^^^^^^^^^^^^^^^^^^
        call_with_mark, call, abandon_on_cancel=True, limiter=get_thread_limiter()
        ^^^^^^^^^^^^^^^^^^^^^^^^^^^^^^^^^^^^^^^^^^^^^^^^^^^^^^^^^^^^^^^^^^^^^^^^^^
    )
    ^
  File "/usr/local/google/home/konstantint/Projects/prefecture/.venv/lib/python3.13/site-packages/anyio/to_thread.py", line 63, in run_sync
    return await get_async_backend().run_sync_in_worker_thread(
           ^^^^^^^^^^^^^^^^^^^^^^^^^^^^^^^^^^^^^^^^^^^^^^^^^^^^
        func, args, abandon_on_cancel=abandon_on_cancel, limiter=limiter
        ^^^^^^^^^^^^^^^^^^^^^^^^^^^^^^^^^^^^^^^^^^^^^^^^^^^^^^^^^^^^^^^^
    )
    ^
  File "/usr/local/google/home/konstantint/Projects/prefecture/.venv/lib/python3.13/site-packages/anyio/_backends/_asyncio.py", line 2518, in run_sync_in_worker_thread
    return await future
           ^^^^^^^^^^^^
  File "/usr/local/google/home/konstantint/Projects/prefecture/.venv/lib/python3.13/site-packages/anyio/_backends/_asyncio.py", line 1002, in run
    result = context.run(func, *args)
  File "/usr/local/google/home/konstantint/Projects/prefecture/.venv/lib/python3.13/site-packages/prefect/utilities/asyncutils/__init__.py", line 243, in call_with_mark
    return call()
  File "/usr/local/google/home/konstantint/Projects/prefecture/.venv/lib/python3.13/site-packages/prefect/server/database/alembic_commands.py", line 36, in wrapper
    return fn(*args, **kwargs)
  File "/usr/local/google/home/konstantint/Projects/prefecture/.venv/lib/python3.13/site-packages/prefect/server/database/alembic_commands.py", line 72, in alembic_upgrade
    alembic.command.upgrade(alembic_config(), revision, sql=dry_run)
    ~~~~~~~~~~~~~~~~~~~~~~~^^^^^^^^^^^^^^^^^^^^^^^^^^^^^^^^^^^^^^^^^
  File "/usr/local/google/home/konstantint/Projects/prefecture/.venv/lib/python3.13/site-packages/alembic/command.py", line 483, in upgrade
    script.run_env()
    ~~~~~~~~~~~~~~^^
  File "/usr/local/google/home/konstantint/Projects/prefecture/.venv/lib/python3.13/site-packages/alembic/script/base.py", line 545, in run_env
    util.load_python_file(self.dir, "env.py")
    ~~~~~~~~~~~~~~~~~~~~~^^^^^^^^^^^^^^^^^^^^
  File "/usr/local/google/home/konstantint/Projects/prefecture/.venv/lib/python3.13/site-packages/alembic/util/pyfiles.py", line 116, in load_python_file
    module = load_module_py(module_id, path)
  File "/usr/local/google/home/konstantint/Projects/prefecture/.venv/lib/python3.13/site-packages/alembic/util/pyfiles.py", line 136, in load_module_py
    spec.loader.exec_module(module)  # type: ignore
    ~~~~~~~~~~~~~~~~~~~~~~~^^^^^^^^
  File "<frozen importlib._bootstrap_external>", line 1023, in exec_module
  File "<frozen importlib._bootstrap>", line 488, in _call_with_frames_removed
  File "/usr/local/google/home/konstantint/Projects/prefecture/.venv/lib/python3.13/site-packages/prefect/server/database/_migrations/env.py", line 201, in <module>
    run_async_from_worker_thread(apply_migrations)
    ~~~~~~~~~~~~~~~~~~~~~~~~~~~~^^^^^^^^^^^^^^^^^^
  File "/usr/local/google/home/konstantint/Projects/prefecture/.venv/lib/python3.13/site-packages/prefect/utilities/asyncutils/__init__.py", line 254, in run_async_from_worker_thread
    return anyio.from_thread.run(call)
           ~~~~~~~~~~~~~~~~~~~~~^^^^^^
  File "/usr/local/google/home/konstantint/Projects/prefecture/.venv/lib/python3.13/site-packages/anyio/from_thread.py", line 90, in run
    return token.backend_class.run_async_from_thread(
           ~~~~~~~~~~~~~~~~~~~~~~~~~~~~~~~~~~~~~~~~~^
        func, args, token=token.native_token if explicit_token else None
        ^^^^^^^^^^^^^^^^^^^^^^^^^^^^^^^^^^^^^^^^^^^^^^^^^^^^^^^^^^^^^^^^
    )
    ^
  File "/usr/local/google/home/konstantint/Projects/prefecture/.venv/lib/python3.13/site-packages/anyio/_backends/_asyncio.py", line 2565, in run_async_from_thread
    return f.result()
           ~~~~~~~~^^
  File "/usr/lib/python3.13/concurrent/futures/_base.py", line 460, in result
    return self.__get_result()
           ~~~~~~~~~~~~~~~~~^^
  File "/usr/lib/python3.13/concurrent/futures/_base.py", line 402, in __get_result
    raise self._exception
  File "/usr/local/google/home/konstantint/Projects/prefecture/.venv/lib/python3.13/site-packages/anyio/_backends/_asyncio.py", line 2546, in task_wrapper
    return await func(*args)
           ^^^^^^^^^^^^^^^^^
  File "/usr/local/google/home/konstantint/Projects/prefecture/.venv/lib/python3.13/site-packages/prefect/server/database/_migrations/env.py", line 189, in apply_migrations
    async with engine.connect() as connection:
               ~~~~~~~~~~~~~~^^
  File "/usr/local/google/home/konstantint/Projects/prefecture/.venv/lib/python3.13/site-packages/sqlalchemy/ext/asyncio/base.py", line 121, in __aenter__
    return await self.start(is_ctxmanager=True)
           ^^^^^^^^^^^^^^^^^^^^^^^^^^^^^^^^^^^^
  File "/usr/local/google/home/konstantint/Projects/prefecture/.venv/lib/python3.13/site-packages/sqlalchemy/ext/asyncio/engine.py", line 275, in start
    await greenlet_spawn(self.sync_engine.connect)
  File "/usr/local/google/home/konstantint/Projects/prefecture/.venv/lib/python3.13/site-packages/sqlalchemy/util/_concurrency_py3k.py", line 201, in greenlet_spawn
    result = context.throw(*sys.exc_info())
  File "/usr/local/google/home/konstantint/Projects/prefecture/.venv/lib/python3.13/site-packages/sqlalchemy/engine/base.py", line 3293, in connect
    return self._connection_cls(self)
           ~~~~~~~~~~~~~~~~~~~~^^^^^^
  File "/usr/local/google/home/konstantint/Projects/prefecture/.venv/lib/python3.13/site-packages/sqlalchemy/engine/base.py", line 145, in __init__
    Connection._handle_dbapi_exception_noconnection(
    ~~~~~~~~~~~~~~~~~~~~~~~~~~~~~~~~~~~~~~~~~~~~~~~^
        err, dialect, engine
        ^^^^^^^^^^^^^^^^^^^^
    )
    ^
  File "/usr/local/google/home/konstantint/Projects/prefecture/.venv/lib/python3.13/site-packages/sqlalchemy/engine/base.py", line 2448, in _handle_dbapi_exception_noconnection
    raise sqlalchemy_exception.with_traceback(exc_info[2]) from e
  File "/usr/local/google/home/konstantint/Projects/prefecture/.venv/lib/python3.13/site-packages/sqlalchemy/engine/base.py", line 143, in __init__
    self._dbapi_connection = engine.raw_connection()
                             ~~~~~~~~~~~~~~~~~~~~~^^
  File "/usr/local/google/home/konstantint/Projects/prefecture/.venv/lib/python3.13/site-packages/sqlalchemy/engine/base.py", line 3317, in raw_connection
    return self.pool.connect()
           ~~~~~~~~~~~~~~~~~^^
  File "/usr/local/google/home/konstantint/Projects/prefecture/.venv/lib/python3.13/site-packages/sqlalchemy/pool/base.py", line 448, in connect
    return _ConnectionFairy._checkout(self)
           ~~~~~~~~~~~~~~~~~~~~~~~~~~^^^^^^
  File "/usr/local/google/home/konstantint/Projects/prefecture/.venv/lib/python3.13/site-packages/sqlalchemy/pool/base.py", line 1272, in _checkout
    fairy = _ConnectionRecord.checkout(pool)
  File "/usr/local/google/home/konstantint/Projects/prefecture/.venv/lib/python3.13/site-packages/sqlalchemy/pool/base.py", line 712, in checkout
    rec = pool._do_get()
  File "/usr/local/google/home/konstantint/Projects/prefecture/.venv/lib/python3.13/site-packages/sqlalchemy/pool/impl.py", line 177, in _do_get
    with util.safe_reraise():
         ~~~~~~~~~~~~~~~~~^^
  File "/usr/local/google/home/konstantint/Projects/prefecture/.venv/lib/python3.13/site-packages/sqlalchemy/util/langhelpers.py", line 121, in __exit__
    raise exc_value.with_traceback(exc_tb)
  File "/usr/local/google/home/konstantint/Projects/prefecture/.venv/lib/python3.13/site-packages/sqlalchemy/pool/impl.py", line 175, in _do_get
    return self._create_connection()
           ~~~~~~~~~~~~~~~~~~~~~~~^^
  File "/usr/local/google/home/konstantint/Projects/prefecture/.venv/lib/python3.13/site-packages/sqlalchemy/pool/base.py", line 389, in _create_connection
    return _ConnectionRecord(self)
  File "/usr/local/google/home/konstantint/Projects/prefecture/.venv/lib/python3.13/site-packages/sqlalchemy/pool/base.py", line 674, in __init__
    self.__connect()
    ~~~~~~~~~~~~~~^^
  File "/usr/local/google/home/konstantint/Projects/prefecture/.venv/lib/python3.13/site-packages/sqlalchemy/pool/base.py", line 914, in __connect
    )._exec_w_sync_on_first_run(self.dbapi_connection, self)
      ~~~~~~~~~~~~~~~~~~~~~~~~~^^^^^^^^^^^^^^^^^^^^^^^^^^^^^
  File "/usr/local/google/home/konstantint/Projects/prefecture/.venv/lib/python3.13/site-packages/sqlalchemy/event/attr.py", line 501, in _exec_w_sync_on_first_run
    self(*args, **kw)
    ~~~~^^^^^^^^^^^^^
  File "/usr/local/google/home/konstantint/Projects/prefecture/.venv/lib/python3.13/site-packages/sqlalchemy/event/attr.py", line 515, in __call__
    fn(*args, **kw)
    ~~^^^^^^^^^^^^^
  File "/usr/local/google/home/konstantint/Projects/prefecture/.venv/lib/python3.13/site-packages/prefect/server/database/configurations.py", line 530, in setup_sqlite
    cursor.execute("PRAGMA journal_mode = WAL;")
    ~~~~~~~~~~~~~~^^^^^^^^^^^^^^^^^^^^^^^^^^^^^^
  File "/usr/local/google/home/konstantint/Projects/prefecture/.venv/lib/python3.13/site-packages/sqlalchemy/dialects/sqlite/aiosqlite.py", line 182, in execute
    self._adapt_connection._handle_exception(error)
    ~~~~~~~~~~~~~~~~~~~~~~~~~~~~~~~~~~~~~~~~^^^^^^^
  File "/usr/local/google/home/konstantint/Projects/prefecture/.venv/lib/python3.13/site-packages/sqlalchemy/dialects/sqlite/aiosqlite.py", line 342, in _handle_exception
    raise error
  File "/usr/local/google/home/konstantint/Projects/prefecture/.venv/lib/python3.13/site-packages/sqlalchemy/dialects/sqlite/aiosqlite.py", line 162, in execute
    self.await_(_cursor.execute(operation))
    ~~~~~~~~~~~^^^^^^^^^^^^^^^^^^^^^^^^^^^^
  File "/usr/local/google/home/konstantint/Projects/prefecture/.venv/lib/python3.13/site-packages/sqlalchemy/util/_concurrency_py3k.py", line 132, in await_only
    return current.parent.switch(awaitable)  # type: ignore[no-any-return,attr-defined] # noqa: E501
           ~~~~~~~~~~~~~~~~~~~~~^^^^^^^^^^^
  File "/usr/local/google/home/konstantint/Projects/prefecture/.venv/lib/python3.13/site-packages/sqlalchemy/util/_concurrency_py3k.py", line 196, in greenlet_spawn
    value = await result
            ^^^^^^^^^^^^
  File "/usr/local/google/home/konstantint/Projects/prefecture/.venv/lib/python3.13/site-packages/aiosqlite/cursor.py", line 40, in execute
    await self._execute(self._cursor.execute, sql, parameters)
  File "/usr/local/google/home/konstantint/Projects/prefecture/.venv/lib/python3.13/site-packages/aiosqlite/cursor.py", line 32, in _execute
    return await self._conn._execute(fn, *args, **kwargs)
           ^^^^^^^^^^^^^^^^^^^^^^^^^^^^^^^^^^^^^^^^^^^^^^
  File "/usr/local/google/home/konstantint/Projects/prefecture/.venv/lib/python3.13/site-packages/aiosqlite/core.py", line 160, in _execute
    return await future
           ^^^^^^^^^^^^
  File "/usr/local/google/home/konstantint/Projects/prefecture/.venv/lib/python3.13/site-packages/aiosqlite/core.py", line 63, in _connection_worker_thread
    result = function()
sqlalchemy.exc.OperationalError: (sqlite3.OperationalError) unable to open database file
(Background on this error at: https://sqlalche.me/e/20/e3q8)

14:18:11.343 | ERROR   | uvicorn.error - Application startup failed. Exiting.
14:18:16.590 | ERROR   | uvicorn.error - Traceback (most recent call last):
  File "/usr/local/google/home/konstantint/Projects/prefecture/.venv/lib/python3.13/site-packages/sqlalchemy/engine/base.py", line 143, in __init__
    self._dbapi_connection = engine.raw_connection()
                             ~~~~~~~~~~~~~~~~~~~~~^^
  File "/usr/local/google/home/konstantint/Projects/prefecture/.venv/lib/python3.13/site-packages/sqlalchemy/engine/base.py", line 3317, in raw_connection
    return self.pool.connect()
           ~~~~~~~~~~~~~~~~~^^
  File "/usr/local/google/home/konstantint/Projects/prefecture/.venv/lib/python3.13/site-packages/sqlalchemy/pool/base.py", line 448, in connect
    return _ConnectionFairy._checkout(self)
           ~~~~~~~~~~~~~~~~~~~~~~~~~~^^^^^^
  File "/usr/local/google/home/konstantint/Projects/prefecture/.venv/lib/python3.13/site-packages/sqlalchemy/pool/base.py", line 1272, in _checkout
    fairy = _ConnectionRecord.checkout(pool)
  File "/usr/local/google/home/konstantint/Projects/prefecture/.venv/lib/python3.13/site-packages/sqlalchemy/pool/base.py", line 712, in checkout
    rec = pool._do_get()
  File "/usr/local/google/home/konstantint/Projects/prefecture/.venv/lib/python3.13/site-packages/sqlalchemy/pool/impl.py", line 177, in _do_get
    with util.safe_reraise():
         ~~~~~~~~~~~~~~~~~^^
  File "/usr/local/google/home/konstantint/Projects/prefecture/.venv/lib/python3.13/site-packages/sqlalchemy/util/langhelpers.py", line 121, in __exit__
    raise exc_value.with_traceback(exc_tb)
  File "/usr/local/google/home/konstantint/Projects/prefecture/.venv/lib/python3.13/site-packages/sqlalchemy/pool/impl.py", line 175, in _do_get
    return self._create_connection()
           ~~~~~~~~~~~~~~~~~~~~~~~^^
  File "/usr/local/google/home/konstantint/Projects/prefecture/.venv/lib/python3.13/site-packages/sqlalchemy/pool/base.py", line 389, in _create_connection
    return _ConnectionRecord(self)
  File "/usr/local/google/home/konstantint/Projects/prefecture/.venv/lib/python3.13/site-packages/sqlalchemy/pool/base.py", line 674, in __init__
    self.__connect()
    ~~~~~~~~~~~~~~^^
  File "/usr/local/google/home/konstantint/Projects/prefecture/.venv/lib/python3.13/site-packages/sqlalchemy/pool/base.py", line 914, in __connect
    )._exec_w_sync_on_first_run(self.dbapi_connection, self)
      ~~~~~~~~~~~~~~~~~~~~~~~~~^^^^^^^^^^^^^^^^^^^^^^^^^^^^^
  File "/usr/local/google/home/konstantint/Projects/prefecture/.venv/lib/python3.13/site-packages/sqlalchemy/event/attr.py", line 501, in _exec_w_sync_on_first_run
    self(*args, **kw)
    ~~~~^^^^^^^^^^^^^
  File "/usr/local/google/home/konstantint/Projects/prefecture/.venv/lib/python3.13/site-packages/sqlalchemy/event/attr.py", line 515, in __call__
    fn(*args, **kw)
    ~~^^^^^^^^^^^^^
  File "/usr/local/google/home/konstantint/Projects/prefecture/.venv/lib/python3.13/site-packages/prefect/server/database/configurations.py", line 530, in setup_sqlite
    cursor.execute("PRAGMA journal_mode = WAL;")
    ~~~~~~~~~~~~~~^^^^^^^^^^^^^^^^^^^^^^^^^^^^^^
  File "/usr/local/google/home/konstantint/Projects/prefecture/.venv/lib/python3.13/site-packages/sqlalchemy/dialects/sqlite/aiosqlite.py", line 182, in execute
    self._adapt_connection._handle_exception(error)
    ~~~~~~~~~~~~~~~~~~~~~~~~~~~~~~~~~~~~~~~~^^^^^^^
  File "/usr/local/google/home/konstantint/Projects/prefecture/.venv/lib/python3.13/site-packages/sqlalchemy/dialects/sqlite/aiosqlite.py", line 342, in _handle_exception
    raise error
  File "/usr/local/google/home/konstantint/Projects/prefecture/.venv/lib/python3.13/site-packages/sqlalchemy/dialects/sqlite/aiosqlite.py", line 162, in execute
    self.await_(_cursor.execute(operation))
    ~~~~~~~~~~~^^^^^^^^^^^^^^^^^^^^^^^^^^^^
  File "/usr/local/google/home/konstantint/Projects/prefecture/.venv/lib/python3.13/site-packages/sqlalchemy/util/_concurrency_py3k.py", line 132, in await_only
    return current.parent.switch(awaitable)  # type: ignore[no-any-return,attr-defined] # noqa: E501
           ~~~~~~~~~~~~~~~~~~~~~^^^^^^^^^^^
  File "/usr/local/google/home/konstantint/Projects/prefecture/.venv/lib/python3.13/site-packages/sqlalchemy/util/_concurrency_py3k.py", line 196, in greenlet_spawn
    value = await result
            ^^^^^^^^^^^^
  File "/usr/local/google/home/konstantint/Projects/prefecture/.venv/lib/python3.13/site-packages/aiosqlite/cursor.py", line 40, in execute
    await self._execute(self._cursor.execute, sql, parameters)
  File "/usr/local/google/home/konstantint/Projects/prefecture/.venv/lib/python3.13/site-packages/aiosqlite/cursor.py", line 32, in _execute
    return await self._conn._execute(fn, *args, **kwargs)
           ^^^^^^^^^^^^^^^^^^^^^^^^^^^^^^^^^^^^^^^^^^^^^^
  File "/usr/local/google/home/konstantint/Projects/prefecture/.venv/lib/python3.13/site-packages/aiosqlite/core.py", line 160, in _execute
    return await future
           ^^^^^^^^^^^^
  File "/usr/local/google/home/konstantint/Projects/prefecture/.venv/lib/python3.13/site-packages/aiosqlite/core.py", line 63, in _connection_worker_thread
    result = function()
sqlite3.OperationalError: unable to open database file

The above exception was the direct cause of the following exception:

Traceback (most recent call last):
  File "/usr/local/google/home/konstantint/Projects/prefecture/.venv/lib/python3.13/site-packages/starlette/routing.py", line 638, in lifespan
    async with self.lifespan_context(app) as maybe_state:
               ~~~~~~~~~~~~~~~~~~~~~^^^^^
  File "/usr/lib/python3.13/contextlib.py", line 214, in __aenter__
    return await anext(self.gen)
           ^^^^^^^^^^^^^^^^^^^^^
  File "/usr/local/google/home/konstantint/Projects/prefecture/.venv/lib/python3.13/site-packages/prefect/server/api/server.py", line 921, in lifespan
    await run_migrations()
  File "/usr/local/google/home/konstantint/Projects/prefecture/.venv/lib/python3.13/site-packages/prefect/server/api/server.py", line 898, in run_migrations
    await db.create_db()
  File "/usr/local/google/home/konstantint/Projects/prefecture/.venv/lib/python3.13/site-packages/prefect/server/database/interface.py", line 77, in create_db
    await self.run_migrations_upgrade()
  File "/usr/local/google/home/konstantint/Projects/prefecture/.venv/lib/python3.13/site-packages/prefect/server/database/interface.py", line 115, in run_migrations_upgrade
    await run_sync_in_worker_thread(alembic_upgrade)
  File "/usr/local/google/home/konstantint/Projects/prefecture/.venv/lib/python3.13/site-packages/prefect/utilities/asyncutils/__init__.py", line 233, in run_sync_in_worker_thread
    result = await anyio.to_thread.run_sync(
             ^^^^^^^^^^^^^^^^^^^^^^^^^^^^^^^
        call_with_mark, call, abandon_on_cancel=True, limiter=get_thread_limiter()
        ^^^^^^^^^^^^^^^^^^^^^^^^^^^^^^^^^^^^^^^^^^^^^^^^^^^^^^^^^^^^^^^^^^^^^^^^^^
    )
    ^
  File "/usr/local/google/home/konstantint/Projects/prefecture/.venv/lib/python3.13/site-packages/anyio/to_thread.py", line 63, in run_sync
    return await get_async_backend().run_sync_in_worker_thread(
           ^^^^^^^^^^^^^^^^^^^^^^^^^^^^^^^^^^^^^^^^^^^^^^^^^^^^
        func, args, abandon_on_cancel=abandon_on_cancel, limiter=limiter
        ^^^^^^^^^^^^^^^^^^^^^^^^^^^^^^^^^^^^^^^^^^^^^^^^^^^^^^^^^^^^^^^^
    )
    ^
  File "/usr/local/google/home/konstantint/Projects/prefecture/.venv/lib/python3.13/site-packages/anyio/_backends/_asyncio.py", line 2518, in run_sync_in_worker_thread
    return await future
           ^^^^^^^^^^^^
  File "/usr/local/google/home/konstantint/Projects/prefecture/.venv/lib/python3.13/site-packages/anyio/_backends/_asyncio.py", line 1002, in run
    result = context.run(func, *args)
  File "/usr/local/google/home/konstantint/Projects/prefecture/.venv/lib/python3.13/site-packages/prefect/utilities/asyncutils/__init__.py", line 243, in call_with_mark
    return call()
  File "/usr/local/google/home/konstantint/Projects/prefecture/.venv/lib/python3.13/site-packages/prefect/server/database/alembic_commands.py", line 36, in wrapper
    return fn(*args, **kwargs)
  File "/usr/local/google/home/konstantint/Projects/prefecture/.venv/lib/python3.13/site-packages/prefect/server/database/alembic_commands.py", line 72, in alembic_upgrade
    alembic.command.upgrade(alembic_config(), revision, sql=dry_run)
    ~~~~~~~~~~~~~~~~~~~~~~~^^^^^^^^^^^^^^^^^^^^^^^^^^^^^^^^^^^^^^^^^
  File "/usr/local/google/home/konstantint/Projects/prefecture/.venv/lib/python3.13/site-packages/alembic/command.py", line 483, in upgrade
    script.run_env()
    ~~~~~~~~~~~~~~^^
  File "/usr/local/google/home/konstantint/Projects/prefecture/.venv/lib/python3.13/site-packages/alembic/script/base.py", line 545, in run_env
    util.load_python_file(self.dir, "env.py")
    ~~~~~~~~~~~~~~~~~~~~~^^^^^^^^^^^^^^^^^^^^
  File "/usr/local/google/home/konstantint/Projects/prefecture/.venv/lib/python3.13/site-packages/alembic/util/pyfiles.py", line 116, in load_python_file
    module = load_module_py(module_id, path)
  File "/usr/local/google/home/konstantint/Projects/prefecture/.venv/lib/python3.13/site-packages/alembic/util/pyfiles.py", line 136, in load_module_py
    spec.loader.exec_module(module)  # type: ignore
    ~~~~~~~~~~~~~~~~~~~~~~~^^^^^^^^
  File "<frozen importlib._bootstrap_external>", line 1023, in exec_module
  File "<frozen importlib._bootstrap>", line 488, in _call_with_frames_removed
  File "/usr/local/google/home/konstantint/Projects/prefecture/.venv/lib/python3.13/site-packages/prefect/server/database/_migrations/env.py", line 201, in <module>
    run_async_from_worker_thread(apply_migrations)
    ~~~~~~~~~~~~~~~~~~~~~~~~~~~~^^^^^^^^^^^^^^^^^^
  File "/usr/local/google/home/konstantint/Projects/prefecture/.venv/lib/python3.13/site-packages/prefect/utilities/asyncutils/__init__.py", line 254, in run_async_from_worker_thread
    return anyio.from_thread.run(call)
           ~~~~~~~~~~~~~~~~~~~~~^^^^^^
  File "/usr/local/google/home/konstantint/Projects/prefecture/.venv/lib/python3.13/site-packages/anyio/from_thread.py", line 90, in run
    return token.backend_class.run_async_from_thread(
           ~~~~~~~~~~~~~~~~~~~~~~~~~~~~~~~~~~~~~~~~~^
        func, args, token=token.native_token if explicit_token else None
        ^^^^^^^^^^^^^^^^^^^^^^^^^^^^^^^^^^^^^^^^^^^^^^^^^^^^^^^^^^^^^^^^
    )
    ^
  File "/usr/local/google/home/konstantint/Projects/prefecture/.venv/lib/python3.13/site-packages/anyio/_backends/_asyncio.py", line 2565, in run_async_from_thread
    return f.result()
           ~~~~~~~~^^
  File "/usr/lib/python3.13/concurrent/futures/_base.py", line 460, in result
    return self.__get_result()
           ~~~~~~~~~~~~~~~~~^^
  File "/usr/lib/python3.13/concurrent/futures/_base.py", line 402, in __get_result
    raise self._exception
  File "/usr/local/google/home/konstantint/Projects/prefecture/.venv/lib/python3.13/site-packages/anyio/_backends/_asyncio.py", line 2546, in task_wrapper
    return await func(*args)
           ^^^^^^^^^^^^^^^^^
  File "/usr/local/google/home/konstantint/Projects/prefecture/.venv/lib/python3.13/site-packages/prefect/server/database/_migrations/env.py", line 189, in apply_migrations
    async with engine.connect() as connection:
               ~~~~~~~~~~~~~~^^
  File "/usr/local/google/home/konstantint/Projects/prefecture/.venv/lib/python3.13/site-packages/sqlalchemy/ext/asyncio/base.py", line 121, in __aenter__
    return await self.start(is_ctxmanager=True)
           ^^^^^^^^^^^^^^^^^^^^^^^^^^^^^^^^^^^^
  File "/usr/local/google/home/konstantint/Projects/prefecture/.venv/lib/python3.13/site-packages/sqlalchemy/ext/asyncio/engine.py", line 275, in start
    await greenlet_spawn(self.sync_engine.connect)
  File "/usr/local/google/home/konstantint/Projects/prefecture/.venv/lib/python3.13/site-packages/sqlalchemy/util/_concurrency_py3k.py", line 201, in greenlet_spawn
    result = context.throw(*sys.exc_info())
  File "/usr/local/google/home/konstantint/Projects/prefecture/.venv/lib/python3.13/site-packages/sqlalchemy/engine/base.py", line 3293, in connect
    return self._connection_cls(self)
           ~~~~~~~~~~~~~~~~~~~~^^^^^^
  File "/usr/local/google/home/konstantint/Projects/prefecture/.venv/lib/python3.13/site-packages/sqlalchemy/engine/base.py", line 145, in __init__
    Connection._handle_dbapi_exception_noconnection(
    ~~~~~~~~~~~~~~~~~~~~~~~~~~~~~~~~~~~~~~~~~~~~~~~^
        err, dialect, engine
        ^^^^^^^^^^^^^^^^^^^^
    )
    ^
  File "/usr/local/google/home/konstantint/Projects/prefecture/.venv/lib/python3.13/site-packages/sqlalchemy/engine/base.py", line 2448, in _handle_dbapi_exception_noconnection
    raise sqlalchemy_exception.with_traceback(exc_info[2]) from e
  File "/usr/local/google/home/konstantint/Projects/prefecture/.venv/lib/python3.13/site-packages/sqlalchemy/engine/base.py", line 143, in __init__
    self._dbapi_connection = engine.raw_connection()
                             ~~~~~~~~~~~~~~~~~~~~~^^
  File "/usr/local/google/home/konstantint/Projects/prefecture/.venv/lib/python3.13/site-packages/sqlalchemy/engine/base.py", line 3317, in raw_connection
    return self.pool.connect()
           ~~~~~~~~~~~~~~~~~^^
  File "/usr/local/google/home/konstantint/Projects/prefecture/.venv/lib/python3.13/site-packages/sqlalchemy/pool/base.py", line 448, in connect
    return _ConnectionFairy._checkout(self)
           ~~~~~~~~~~~~~~~~~~~~~~~~~~^^^^^^
  File "/usr/local/google/home/konstantint/Projects/prefecture/.venv/lib/python3.13/site-packages/sqlalchemy/pool/base.py", line 1272, in _checkout
    fairy = _ConnectionRecord.checkout(pool)
  File "/usr/local/google/home/konstantint/Projects/prefecture/.venv/lib/python3.13/site-packages/sqlalchemy/pool/base.py", line 712, in checkout
    rec = pool._do_get()
  File "/usr/local/google/home/konstantint/Projects/prefecture/.venv/lib/python3.13/site-packages/sqlalchemy/pool/impl.py", line 177, in _do_get
    with util.safe_reraise():
         ~~~~~~~~~~~~~~~~~^^
  File "/usr/local/google/home/konstantint/Projects/prefecture/.venv/lib/python3.13/site-packages/sqlalchemy/util/langhelpers.py", line 121, in __exit__
    raise exc_value.with_traceback(exc_tb)
  File "/usr/local/google/home/konstantint/Projects/prefecture/.venv/lib/python3.13/site-packages/sqlalchemy/pool/impl.py", line 175, in _do_get
    return self._create_connection()
           ~~~~~~~~~~~~~~~~~~~~~~~^^
  File "/usr/local/google/home/konstantint/Projects/prefecture/.venv/lib/python3.13/site-packages/sqlalchemy/pool/base.py", line 389, in _create_connection
    return _ConnectionRecord(self)
  File "/usr/local/google/home/konstantint/Projects/prefecture/.venv/lib/python3.13/site-packages/sqlalchemy/pool/base.py", line 674, in __init__
    self.__connect()
    ~~~~~~~~~~~~~~^^
  File "/usr/local/google/home/konstantint/Projects/prefecture/.venv/lib/python3.13/site-packages/sqlalchemy/pool/base.py", line 914, in __connect
    )._exec_w_sync_on_first_run(self.dbapi_connection, self)
      ~~~~~~~~~~~~~~~~~~~~~~~~~^^^^^^^^^^^^^^^^^^^^^^^^^^^^^
  File "/usr/local/google/home/konstantint/Projects/prefecture/.venv/lib/python3.13/site-packages/sqlalchemy/event/attr.py", line 501, in _exec_w_sync_on_first_run
    self(*args, **kw)
    ~~~~^^^^^^^^^^^^^
  File "/usr/local/google/home/konstantint/Projects/prefecture/.venv/lib/python3.13/site-packages/sqlalchemy/event/attr.py", line 515, in __call__
    fn(*args, **kw)
    ~~^^^^^^^^^^^^^
  File "/usr/local/google/home/konstantint/Projects/prefecture/.venv/lib/python3.13/site-packages/prefect/server/database/configurations.py", line 530, in setup_sqlite
    cursor.execute("PRAGMA journal_mode = WAL;")
    ~~~~~~~~~~~~~~^^^^^^^^^^^^^^^^^^^^^^^^^^^^^^
  File "/usr/local/google/home/konstantint/Projects/prefecture/.venv/lib/python3.13/site-packages/sqlalchemy/dialects/sqlite/aiosqlite.py", line 182, in execute
    self._adapt_connection._handle_exception(error)
    ~~~~~~~~~~~~~~~~~~~~~~~~~~~~~~~~~~~~~~~~^^^^^^^
  File "/usr/local/google/home/konstantint/Projects/prefecture/.venv/lib/python3.13/site-packages/sqlalchemy/dialects/sqlite/aiosqlite.py", line 342, in _handle_exception
    raise error
  File "/usr/local/google/home/konstantint/Projects/prefecture/.venv/lib/python3.13/site-packages/sqlalchemy/dialects/sqlite/aiosqlite.py", line 162, in execute
    self.await_(_cursor.execute(operation))
    ~~~~~~~~~~~^^^^^^^^^^^^^^^^^^^^^^^^^^^^
  File "/usr/local/google/home/konstantint/Projects/prefecture/.venv/lib/python3.13/site-packages/sqlalchemy/util/_concurrency_py3k.py", line 132, in await_only
    return current.parent.switch(awaitable)  # type: ignore[no-any-return,attr-defined] # noqa: E501
           ~~~~~~~~~~~~~~~~~~~~~^^^^^^^^^^^
  File "/usr/local/google/home/konstantint/Projects/prefecture/.venv/lib/python3.13/site-packages/sqlalchemy/util/_concurrency_py3k.py", line 196, in greenlet_spawn
    value = await result
            ^^^^^^^^^^^^
  File "/usr/local/google/home/konstantint/Projects/prefecture/.venv/lib/python3.13/site-packages/aiosqlite/cursor.py", line 40, in execute
    await self._execute(self._cursor.execute, sql, parameters)
  File "/usr/local/google/home/konstantint/Projects/prefecture/.venv/lib/python3.13/site-packages/aiosqlite/cursor.py", line 32, in _execute
    return await self._conn._execute(fn, *args, **kwargs)
           ^^^^^^^^^^^^^^^^^^^^^^^^^^^^^^^^^^^^^^^^^^^^^^
  File "/usr/local/google/home/konstantint/Projects/prefecture/.venv/lib/python3.13/site-packages/aiosqlite/core.py", line 160, in _execute
    return await future
           ^^^^^^^^^^^^
  File "/usr/local/google/home/konstantint/Projects/prefecture/.venv/lib/python3.13/site-packages/aiosqlite/core.py", line 63, in _connection_worker_thread
    result = function()
sqlalchemy.exc.OperationalError: (sqlite3.OperationalError) unable to open database file
(Background on this error at: https://sqlalche.me/e/20/e3q8)

14:18:16.603 | ERROR   | uvicorn.error - Application startup failed. Exiting.
------------------------------ Captured log call -------------------------------
INFO     prefect:server.py:1127 Starting temporary server on http://127.0.0.1:8682
See https://docs.prefect.io/v3/concepts/server#how-to-guides for more information on running a dedicated Prefect server.
________________ test_run_dir_file_loader_config_name_days_ago _________________

test_template_dir = PosixPath('/tmp/pytest-of-konstantint/pytest-2/test_run_dir_file_loader_confi1')

    def test_run_dir_file_loader_config_name_days_ago(test_template_dir):
        """Test RunDirFileLoader with config_name and days_ago parameter."""
        base_dir = test_template_dir / "data"
    
        current_dir = base_dir / "current_app" / "2023-10-25"
        current_dir.mkdir(parents=True)
    
        other_dir_prev = base_dir / "other_app" / "2023-10-24"
        other_dir_prev.mkdir(parents=True)
        with open(other_dir_prev / "digest.md", "w") as f:
            f.write("Other config previous content")
    
        prompt_config = {
            "template_file": "test_prompt.j2",
            "params": {"name": "ConfigTestDaysAgo"},
            "context_loaders": [
                {
                    "type": "run_dir_file",
                    "assign_to": "last_weeks_digest",
                    "params": {"file_name": "digest.md", "config_name": "other_app", "days_ago": 1},
                }
            ],
        }
    
        generator = templating.Jinja2Templater(
            config_dir=test_template_dir, run_dir=current_dir, **prompt_config
        )
>       generated_prompt = generator()
                           ^^^^^^^^^^^

prefecture/operations/templating_test.py:413: 
_ _ _ _ _ _ _ _ _ _ _ _ _ _ _ _ _ _ _ _ _ _ _ _ _ _ _ _ _ _ _ _ _ _ _ _ _ _ _ _ 
.venv/lib/python3.13/site-packages/prefect/tasks.py:1213: in __call__
    return run_task(
.venv/lib/python3.13/site-packages/prefect/task_engine.py:1902: in run_task
    return run_task_sync(**kwargs)
           ^^^^^^^^^^^^^^^^^^^^^^^
.venv/lib/python3.13/site-packages/prefect/task_engine.py:1667: in run_task_sync
    with engine.start(task_run_id=task_run_id, dependencies=dependencies):
         ^^^^^^^^^^^^^^^^^^^^^^^^^^^^^^^^^^^^^^^^^^^^^^^^^^^^^^^^^^^^^^^^
/usr/lib/python3.13/contextlib.py:141: in __enter__
    return next(self.gen)
           ^^^^^^^^^^^^^^
.venv/lib/python3.13/site-packages/prefect/task_engine.py:920: in start
    with self.initialize_run(task_run_id=task_run_id, dependencies=dependencies):
         ^^^^^^^^^^^^^^^^^^^^^^^^^^^^^^^^^^^^^^^^^^^^^^^^^^^^^^^^^^^^^^^^^^^^^^^
/usr/lib/python3.13/contextlib.py:141: in __enter__
    return next(self.gen)
           ^^^^^^^^^^^^^^
.venv/lib/python3.13/site-packages/prefect/task_engine.py:822: in initialize_run
    with SyncClientContext.get_or_create() as client_ctx:
         ^^^^^^^^^^^^^^^^^^^^^^^^^^^^^^^^^
/usr/lib/python3.13/contextlib.py:141: in __enter__
    return next(self.gen)
           ^^^^^^^^^^^^^^
.venv/lib/python3.13/site-packages/prefect/context.py:337: in get_or_create
    with cls() as ctx:
         ^^^^^
.venv/lib/python3.13/site-packages/prefect/context.py:305: in __init__
    client=get_client(sync_client=True, httpx_settings=httpx_settings),
           ^^^^^^^^^^^^^^^^^^^^^^^^^^^^^^^^^^^^^^^^^^^^^^^^^^^^^^^^^^^
.venv/lib/python3.13/site-packages/prefect/client/orchestration/__init__.py:252: in get_client
    server.start()
.venv/lib/python3.13/site-packages/prefect/server/api/server.py:1154: in start
    response.raise_for_status()
_ _ _ _ _ _ _ _ _ _ _ _ _ _ _ _ _ _ _ _ _ _ _ _ _ _ _ _ _ _ _ _ _ _ _ _ _ _ _ _ 

self = <Response [400 Bad Request]>

    def raise_for_status(self) -> Response:
        """
        Raise the `HTTPStatusError` if one occurred.
        """
        request = self._request
        if request is None:
            raise RuntimeError(
                "Cannot call `raise_for_status` as the request "
                "instance has not been set on this response."
            )
    
        if self.is_success:
            return self
    
        if self.has_redirect_location:
            message = (
                "{error_type} '{0.status_code} {0.reason_phrase}' for url '{0.url}'\n"
                "Redirect location: '{0.headers[location]}'\n"
                "For more information check: https://developer.mozilla.org/en-US/docs/Web/HTTP/Status/{0.status_code}"
            )
        else:
            message = (
                "{error_type} '{0.status_code} {0.reason_phrase}' for url '{0.url}'\n"
                "For more information check: https://developer.mozilla.org/en-US/docs/Web/HTTP/Status/{0.status_code}"
            )
    
        status_class = self.status_code // 100
        error_types = {
            1: "Informational response",
            3: "Redirect response",
            4: "Client error",
            5: "Server error",
        }
        error_type = error_types.get(status_class, "Invalid status code")
        message = message.format(self, error_type=error_type)
>       raise HTTPStatusError(message, request=request, response=self)
E       httpx.HTTPStatusError: Client error '400 Bad Request' for url 'http://127.0.0.1:8892/api/health'
E       For more information check: https://developer.mozilla.org/en-US/docs/Web/HTTP/Status/400

.venv/lib/python3.13/site-packages/httpx/_models.py:829: HTTPStatusError
----------------------------- Captured stderr call -----------------------------
14:18:21.287 | INFO    | prefect - Starting temporary server on http://127.0.0.1:8476
See https://docs.prefect.io/v3/concepts/server#how-to-guides for more information on running a dedicated Prefect server.
14:18:21.916 | ERROR   | uvicorn.error - Traceback (most recent call last):
  File "/usr/local/google/home/konstantint/Projects/prefecture/.venv/lib/python3.13/site-packages/sqlalchemy/engine/base.py", line 143, in __init__
    self._dbapi_connection = engine.raw_connection()
                             ~~~~~~~~~~~~~~~~~~~~~^^
  File "/usr/local/google/home/konstantint/Projects/prefecture/.venv/lib/python3.13/site-packages/sqlalchemy/engine/base.py", line 3317, in raw_connection
    return self.pool.connect()
           ~~~~~~~~~~~~~~~~~^^
  File "/usr/local/google/home/konstantint/Projects/prefecture/.venv/lib/python3.13/site-packages/sqlalchemy/pool/base.py", line 448, in connect
    return _ConnectionFairy._checkout(self)
           ~~~~~~~~~~~~~~~~~~~~~~~~~~^^^^^^
  File "/usr/local/google/home/konstantint/Projects/prefecture/.venv/lib/python3.13/site-packages/sqlalchemy/pool/base.py", line 1272, in _checkout
    fairy = _ConnectionRecord.checkout(pool)
  File "/usr/local/google/home/konstantint/Projects/prefecture/.venv/lib/python3.13/site-packages/sqlalchemy/pool/base.py", line 712, in checkout
    rec = pool._do_get()
  File "/usr/local/google/home/konstantint/Projects/prefecture/.venv/lib/python3.13/site-packages/sqlalchemy/pool/impl.py", line 177, in _do_get
    with util.safe_reraise():
         ~~~~~~~~~~~~~~~~~^^
  File "/usr/local/google/home/konstantint/Projects/prefecture/.venv/lib/python3.13/site-packages/sqlalchemy/util/langhelpers.py", line 121, in __exit__
    raise exc_value.with_traceback(exc_tb)
  File "/usr/local/google/home/konstantint/Projects/prefecture/.venv/lib/python3.13/site-packages/sqlalchemy/pool/impl.py", line 175, in _do_get
    return self._create_connection()
           ~~~~~~~~~~~~~~~~~~~~~~~^^
  File "/usr/local/google/home/konstantint/Projects/prefecture/.venv/lib/python3.13/site-packages/sqlalchemy/pool/base.py", line 389, in _create_connection
    return _ConnectionRecord(self)
  File "/usr/local/google/home/konstantint/Projects/prefecture/.venv/lib/python3.13/site-packages/sqlalchemy/pool/base.py", line 674, in __init__
    self.__connect()
    ~~~~~~~~~~~~~~^^
  File "/usr/local/google/home/konstantint/Projects/prefecture/.venv/lib/python3.13/site-packages/sqlalchemy/pool/base.py", line 914, in __connect
    )._exec_w_sync_on_first_run(self.dbapi_connection, self)
      ~~~~~~~~~~~~~~~~~~~~~~~~~^^^^^^^^^^^^^^^^^^^^^^^^^^^^^
  File "/usr/local/google/home/konstantint/Projects/prefecture/.venv/lib/python3.13/site-packages/sqlalchemy/event/attr.py", line 501, in _exec_w_sync_on_first_run
    self(*args, **kw)
    ~~~~^^^^^^^^^^^^^
  File "/usr/local/google/home/konstantint/Projects/prefecture/.venv/lib/python3.13/site-packages/sqlalchemy/event/attr.py", line 515, in __call__
    fn(*args, **kw)
    ~~^^^^^^^^^^^^^
  File "/usr/local/google/home/konstantint/Projects/prefecture/.venv/lib/python3.13/site-packages/prefect/server/database/configurations.py", line 530, in setup_sqlite
    cursor.execute("PRAGMA journal_mode = WAL;")
    ~~~~~~~~~~~~~~^^^^^^^^^^^^^^^^^^^^^^^^^^^^^^
  File "/usr/local/google/home/konstantint/Projects/prefecture/.venv/lib/python3.13/site-packages/sqlalchemy/dialects/sqlite/aiosqlite.py", line 182, in execute
    self._adapt_connection._handle_exception(error)
    ~~~~~~~~~~~~~~~~~~~~~~~~~~~~~~~~~~~~~~~~^^^^^^^
  File "/usr/local/google/home/konstantint/Projects/prefecture/.venv/lib/python3.13/site-packages/sqlalchemy/dialects/sqlite/aiosqlite.py", line 342, in _handle_exception
    raise error
  File "/usr/local/google/home/konstantint/Projects/prefecture/.venv/lib/python3.13/site-packages/sqlalchemy/dialects/sqlite/aiosqlite.py", line 162, in execute
    self.await_(_cursor.execute(operation))
    ~~~~~~~~~~~^^^^^^^^^^^^^^^^^^^^^^^^^^^^
  File "/usr/local/google/home/konstantint/Projects/prefecture/.venv/lib/python3.13/site-packages/sqlalchemy/util/_concurrency_py3k.py", line 132, in await_only
    return current.parent.switch(awaitable)  # type: ignore[no-any-return,attr-defined] # noqa: E501
           ~~~~~~~~~~~~~~~~~~~~~^^^^^^^^^^^
  File "/usr/local/google/home/konstantint/Projects/prefecture/.venv/lib/python3.13/site-packages/sqlalchemy/util/_concurrency_py3k.py", line 196, in greenlet_spawn
    value = await result
            ^^^^^^^^^^^^
  File "/usr/local/google/home/konstantint/Projects/prefecture/.venv/lib/python3.13/site-packages/aiosqlite/cursor.py", line 40, in execute
    await self._execute(self._cursor.execute, sql, parameters)
  File "/usr/local/google/home/konstantint/Projects/prefecture/.venv/lib/python3.13/site-packages/aiosqlite/cursor.py", line 32, in _execute
    return await self._conn._execute(fn, *args, **kwargs)
           ^^^^^^^^^^^^^^^^^^^^^^^^^^^^^^^^^^^^^^^^^^^^^^
  File "/usr/local/google/home/konstantint/Projects/prefecture/.venv/lib/python3.13/site-packages/aiosqlite/core.py", line 160, in _execute
    return await future
           ^^^^^^^^^^^^
  File "/usr/local/google/home/konstantint/Projects/prefecture/.venv/lib/python3.13/site-packages/aiosqlite/core.py", line 63, in _connection_worker_thread
    result = function()
sqlite3.OperationalError: unable to open database file

The above exception was the direct cause of the following exception:

Traceback (most recent call last):
  File "/usr/local/google/home/konstantint/Projects/prefecture/.venv/lib/python3.13/site-packages/starlette/routing.py", line 638, in lifespan
    async with self.lifespan_context(app) as maybe_state:
               ~~~~~~~~~~~~~~~~~~~~~^^^^^
  File "/usr/lib/python3.13/contextlib.py", line 214, in __aenter__
    return await anext(self.gen)
           ^^^^^^^^^^^^^^^^^^^^^
  File "/usr/local/google/home/konstantint/Projects/prefecture/.venv/lib/python3.13/site-packages/prefect/server/api/server.py", line 921, in lifespan
    await run_migrations()
  File "/usr/local/google/home/konstantint/Projects/prefecture/.venv/lib/python3.13/site-packages/prefect/server/api/server.py", line 898, in run_migrations
    await db.create_db()
  File "/usr/local/google/home/konstantint/Projects/prefecture/.venv/lib/python3.13/site-packages/prefect/server/database/interface.py", line 77, in create_db
    await self.run_migrations_upgrade()
  File "/usr/local/google/home/konstantint/Projects/prefecture/.venv/lib/python3.13/site-packages/prefect/server/database/interface.py", line 115, in run_migrations_upgrade
    await run_sync_in_worker_thread(alembic_upgrade)
  File "/usr/local/google/home/konstantint/Projects/prefecture/.venv/lib/python3.13/site-packages/prefect/utilities/asyncutils/__init__.py", line 233, in run_sync_in_worker_thread
    result = await anyio.to_thread.run_sync(
             ^^^^^^^^^^^^^^^^^^^^^^^^^^^^^^^
        call_with_mark, call, abandon_on_cancel=True, limiter=get_thread_limiter()
        ^^^^^^^^^^^^^^^^^^^^^^^^^^^^^^^^^^^^^^^^^^^^^^^^^^^^^^^^^^^^^^^^^^^^^^^^^^
    )
    ^
  File "/usr/local/google/home/konstantint/Projects/prefecture/.venv/lib/python3.13/site-packages/anyio/to_thread.py", line 63, in run_sync
    return await get_async_backend().run_sync_in_worker_thread(
           ^^^^^^^^^^^^^^^^^^^^^^^^^^^^^^^^^^^^^^^^^^^^^^^^^^^^
        func, args, abandon_on_cancel=abandon_on_cancel, limiter=limiter
        ^^^^^^^^^^^^^^^^^^^^^^^^^^^^^^^^^^^^^^^^^^^^^^^^^^^^^^^^^^^^^^^^
    )
    ^
  File "/usr/local/google/home/konstantint/Projects/prefecture/.venv/lib/python3.13/site-packages/anyio/_backends/_asyncio.py", line 2518, in run_sync_in_worker_thread
    return await future
           ^^^^^^^^^^^^
  File "/usr/local/google/home/konstantint/Projects/prefecture/.venv/lib/python3.13/site-packages/anyio/_backends/_asyncio.py", line 1002, in run
    result = context.run(func, *args)
  File "/usr/local/google/home/konstantint/Projects/prefecture/.venv/lib/python3.13/site-packages/prefect/utilities/asyncutils/__init__.py", line 243, in call_with_mark
    return call()
  File "/usr/local/google/home/konstantint/Projects/prefecture/.venv/lib/python3.13/site-packages/prefect/server/database/alembic_commands.py", line 36, in wrapper
    return fn(*args, **kwargs)
  File "/usr/local/google/home/konstantint/Projects/prefecture/.venv/lib/python3.13/site-packages/prefect/server/database/alembic_commands.py", line 72, in alembic_upgrade
    alembic.command.upgrade(alembic_config(), revision, sql=dry_run)
    ~~~~~~~~~~~~~~~~~~~~~~~^^^^^^^^^^^^^^^^^^^^^^^^^^^^^^^^^^^^^^^^^
  File "/usr/local/google/home/konstantint/Projects/prefecture/.venv/lib/python3.13/site-packages/alembic/command.py", line 483, in upgrade
    script.run_env()
    ~~~~~~~~~~~~~~^^
  File "/usr/local/google/home/konstantint/Projects/prefecture/.venv/lib/python3.13/site-packages/alembic/script/base.py", line 545, in run_env
    util.load_python_file(self.dir, "env.py")
    ~~~~~~~~~~~~~~~~~~~~~^^^^^^^^^^^^^^^^^^^^
  File "/usr/local/google/home/konstantint/Projects/prefecture/.venv/lib/python3.13/site-packages/alembic/util/pyfiles.py", line 116, in load_python_file
    module = load_module_py(module_id, path)
  File "/usr/local/google/home/konstantint/Projects/prefecture/.venv/lib/python3.13/site-packages/alembic/util/pyfiles.py", line 136, in load_module_py
    spec.loader.exec_module(module)  # type: ignore
    ~~~~~~~~~~~~~~~~~~~~~~~^^^^^^^^
  File "<frozen importlib._bootstrap_external>", line 1023, in exec_module
  File "<frozen importlib._bootstrap>", line 488, in _call_with_frames_removed
  File "/usr/local/google/home/konstantint/Projects/prefecture/.venv/lib/python3.13/site-packages/prefect/server/database/_migrations/env.py", line 201, in <module>
    run_async_from_worker_thread(apply_migrations)
    ~~~~~~~~~~~~~~~~~~~~~~~~~~~~^^^^^^^^^^^^^^^^^^
  File "/usr/local/google/home/konstantint/Projects/prefecture/.venv/lib/python3.13/site-packages/prefect/utilities/asyncutils/__init__.py", line 254, in run_async_from_worker_thread
    return anyio.from_thread.run(call)
           ~~~~~~~~~~~~~~~~~~~~~^^^^^^
  File "/usr/local/google/home/konstantint/Projects/prefecture/.venv/lib/python3.13/site-packages/anyio/from_thread.py", line 90, in run
    return token.backend_class.run_async_from_thread(
           ~~~~~~~~~~~~~~~~~~~~~~~~~~~~~~~~~~~~~~~~~^
        func, args, token=token.native_token if explicit_token else None
        ^^^^^^^^^^^^^^^^^^^^^^^^^^^^^^^^^^^^^^^^^^^^^^^^^^^^^^^^^^^^^^^^
    )
    ^
  File "/usr/local/google/home/konstantint/Projects/prefecture/.venv/lib/python3.13/site-packages/anyio/_backends/_asyncio.py", line 2565, in run_async_from_thread
    return f.result()
           ~~~~~~~~^^
  File "/usr/lib/python3.13/concurrent/futures/_base.py", line 460, in result
    return self.__get_result()
           ~~~~~~~~~~~~~~~~~^^
  File "/usr/lib/python3.13/concurrent/futures/_base.py", line 402, in __get_result
    raise self._exception
  File "/usr/local/google/home/konstantint/Projects/prefecture/.venv/lib/python3.13/site-packages/anyio/_backends/_asyncio.py", line 2546, in task_wrapper
    return await func(*args)
           ^^^^^^^^^^^^^^^^^
  File "/usr/local/google/home/konstantint/Projects/prefecture/.venv/lib/python3.13/site-packages/prefect/server/database/_migrations/env.py", line 189, in apply_migrations
    async with engine.connect() as connection:
               ~~~~~~~~~~~~~~^^
  File "/usr/local/google/home/konstantint/Projects/prefecture/.venv/lib/python3.13/site-packages/sqlalchemy/ext/asyncio/base.py", line 121, in __aenter__
    return await self.start(is_ctxmanager=True)
           ^^^^^^^^^^^^^^^^^^^^^^^^^^^^^^^^^^^^
  File "/usr/local/google/home/konstantint/Projects/prefecture/.venv/lib/python3.13/site-packages/sqlalchemy/ext/asyncio/engine.py", line 275, in start
    await greenlet_spawn(self.sync_engine.connect)
  File "/usr/local/google/home/konstantint/Projects/prefecture/.venv/lib/python3.13/site-packages/sqlalchemy/util/_concurrency_py3k.py", line 201, in greenlet_spawn
    result = context.throw(*sys.exc_info())
  File "/usr/local/google/home/konstantint/Projects/prefecture/.venv/lib/python3.13/site-packages/sqlalchemy/engine/base.py", line 3293, in connect
    return self._connection_cls(self)
           ~~~~~~~~~~~~~~~~~~~~^^^^^^
  File "/usr/local/google/home/konstantint/Projects/prefecture/.venv/lib/python3.13/site-packages/sqlalchemy/engine/base.py", line 145, in __init__
    Connection._handle_dbapi_exception_noconnection(
    ~~~~~~~~~~~~~~~~~~~~~~~~~~~~~~~~~~~~~~~~~~~~~~~^
        err, dialect, engine
        ^^^^^^^^^^^^^^^^^^^^
    )
    ^
  File "/usr/local/google/home/konstantint/Projects/prefecture/.venv/lib/python3.13/site-packages/sqlalchemy/engine/base.py", line 2448, in _handle_dbapi_exception_noconnection
    raise sqlalchemy_exception.with_traceback(exc_info[2]) from e
  File "/usr/local/google/home/konstantint/Projects/prefecture/.venv/lib/python3.13/site-packages/sqlalchemy/engine/base.py", line 143, in __init__
    self._dbapi_connection = engine.raw_connection()
                             ~~~~~~~~~~~~~~~~~~~~~^^
  File "/usr/local/google/home/konstantint/Projects/prefecture/.venv/lib/python3.13/site-packages/sqlalchemy/engine/base.py", line 3317, in raw_connection
    return self.pool.connect()
           ~~~~~~~~~~~~~~~~~^^
  File "/usr/local/google/home/konstantint/Projects/prefecture/.venv/lib/python3.13/site-packages/sqlalchemy/pool/base.py", line 448, in connect
    return _ConnectionFairy._checkout(self)
           ~~~~~~~~~~~~~~~~~~~~~~~~~~^^^^^^
  File "/usr/local/google/home/konstantint/Projects/prefecture/.venv/lib/python3.13/site-packages/sqlalchemy/pool/base.py", line 1272, in _checkout
    fairy = _ConnectionRecord.checkout(pool)
  File "/usr/local/google/home/konstantint/Projects/prefecture/.venv/lib/python3.13/site-packages/sqlalchemy/pool/base.py", line 712, in checkout
    rec = pool._do_get()
  File "/usr/local/google/home/konstantint/Projects/prefecture/.venv/lib/python3.13/site-packages/sqlalchemy/pool/impl.py", line 177, in _do_get
    with util.safe_reraise():
         ~~~~~~~~~~~~~~~~~^^
  File "/usr/local/google/home/konstantint/Projects/prefecture/.venv/lib/python3.13/site-packages/sqlalchemy/util/langhelpers.py", line 121, in __exit__
    raise exc_value.with_traceback(exc_tb)
  File "/usr/local/google/home/konstantint/Projects/prefecture/.venv/lib/python3.13/site-packages/sqlalchemy/pool/impl.py", line 175, in _do_get
    return self._create_connection()
           ~~~~~~~~~~~~~~~~~~~~~~~^^
  File "/usr/local/google/home/konstantint/Projects/prefecture/.venv/lib/python3.13/site-packages/sqlalchemy/pool/base.py", line 389, in _create_connection
    return _ConnectionRecord(self)
  File "/usr/local/google/home/konstantint/Projects/prefecture/.venv/lib/python3.13/site-packages/sqlalchemy/pool/base.py", line 674, in __init__
    self.__connect()
    ~~~~~~~~~~~~~~^^
  File "/usr/local/google/home/konstantint/Projects/prefecture/.venv/lib/python3.13/site-packages/sqlalchemy/pool/base.py", line 914, in __connect
    )._exec_w_sync_on_first_run(self.dbapi_connection, self)
      ~~~~~~~~~~~~~~~~~~~~~~~~~^^^^^^^^^^^^^^^^^^^^^^^^^^^^^
  File "/usr/local/google/home/konstantint/Projects/prefecture/.venv/lib/python3.13/site-packages/sqlalchemy/event/attr.py", line 501, in _exec_w_sync_on_first_run
    self(*args, **kw)
    ~~~~^^^^^^^^^^^^^
  File "/usr/local/google/home/konstantint/Projects/prefecture/.venv/lib/python3.13/site-packages/sqlalchemy/event/attr.py", line 515, in __call__
    fn(*args, **kw)
    ~~^^^^^^^^^^^^^
  File "/usr/local/google/home/konstantint/Projects/prefecture/.venv/lib/python3.13/site-packages/prefect/server/database/configurations.py", line 530, in setup_sqlite
    cursor.execute("PRAGMA journal_mode = WAL;")
    ~~~~~~~~~~~~~~^^^^^^^^^^^^^^^^^^^^^^^^^^^^^^
  File "/usr/local/google/home/konstantint/Projects/prefecture/.venv/lib/python3.13/site-packages/sqlalchemy/dialects/sqlite/aiosqlite.py", line 182, in execute
    self._adapt_connection._handle_exception(error)
    ~~~~~~~~~~~~~~~~~~~~~~~~~~~~~~~~~~~~~~~~^^^^^^^
  File "/usr/local/google/home/konstantint/Projects/prefecture/.venv/lib/python3.13/site-packages/sqlalchemy/dialects/sqlite/aiosqlite.py", line 342, in _handle_exception
    raise error
  File "/usr/local/google/home/konstantint/Projects/prefecture/.venv/lib/python3.13/site-packages/sqlalchemy/dialects/sqlite/aiosqlite.py", line 162, in execute
    self.await_(_cursor.execute(operation))
    ~~~~~~~~~~~^^^^^^^^^^^^^^^^^^^^^^^^^^^^
  File "/usr/local/google/home/konstantint/Projects/prefecture/.venv/lib/python3.13/site-packages/sqlalchemy/util/_concurrency_py3k.py", line 132, in await_only
    return current.parent.switch(awaitable)  # type: ignore[no-any-return,attr-defined] # noqa: E501
           ~~~~~~~~~~~~~~~~~~~~~^^^^^^^^^^^
  File "/usr/local/google/home/konstantint/Projects/prefecture/.venv/lib/python3.13/site-packages/sqlalchemy/util/_concurrency_py3k.py", line 196, in greenlet_spawn
    value = await result
            ^^^^^^^^^^^^
  File "/usr/local/google/home/konstantint/Projects/prefecture/.venv/lib/python3.13/site-packages/aiosqlite/cursor.py", line 40, in execute
    await self._execute(self._cursor.execute, sql, parameters)
  File "/usr/local/google/home/konstantint/Projects/prefecture/.venv/lib/python3.13/site-packages/aiosqlite/cursor.py", line 32, in _execute
    return await self._conn._execute(fn, *args, **kwargs)
           ^^^^^^^^^^^^^^^^^^^^^^^^^^^^^^^^^^^^^^^^^^^^^^
  File "/usr/local/google/home/konstantint/Projects/prefecture/.venv/lib/python3.13/site-packages/aiosqlite/core.py", line 160, in _execute
    return await future
           ^^^^^^^^^^^^
  File "/usr/local/google/home/konstantint/Projects/prefecture/.venv/lib/python3.13/site-packages/aiosqlite/core.py", line 63, in _connection_worker_thread
    result = function()
sqlalchemy.exc.OperationalError: (sqlite3.OperationalError) unable to open database file
(Background on this error at: https://sqlalche.me/e/20/e3q8)

14:18:21.932 | ERROR   | uvicorn.error - Application startup failed. Exiting.
14:18:25.971 | ERROR   | uvicorn.error - Traceback (most recent call last):
  File "/usr/local/google/home/konstantint/Projects/prefecture/.venv/lib/python3.13/site-packages/sqlalchemy/engine/base.py", line 143, in __init__
    self._dbapi_connection = engine.raw_connection()
                             ~~~~~~~~~~~~~~~~~~~~~^^
  File "/usr/local/google/home/konstantint/Projects/prefecture/.venv/lib/python3.13/site-packages/sqlalchemy/engine/base.py", line 3317, in raw_connection
    return self.pool.connect()
           ~~~~~~~~~~~~~~~~~^^
  File "/usr/local/google/home/konstantint/Projects/prefecture/.venv/lib/python3.13/site-packages/sqlalchemy/pool/base.py", line 448, in connect
    return _ConnectionFairy._checkout(self)
           ~~~~~~~~~~~~~~~~~~~~~~~~~~^^^^^^
  File "/usr/local/google/home/konstantint/Projects/prefecture/.venv/lib/python3.13/site-packages/sqlalchemy/pool/base.py", line 1272, in _checkout
    fairy = _ConnectionRecord.checkout(pool)
  File "/usr/local/google/home/konstantint/Projects/prefecture/.venv/lib/python3.13/site-packages/sqlalchemy/pool/base.py", line 712, in checkout
    rec = pool._do_get()
  File "/usr/local/google/home/konstantint/Projects/prefecture/.venv/lib/python3.13/site-packages/sqlalchemy/pool/impl.py", line 177, in _do_get
    with util.safe_reraise():
         ~~~~~~~~~~~~~~~~~^^
  File "/usr/local/google/home/konstantint/Projects/prefecture/.venv/lib/python3.13/site-packages/sqlalchemy/util/langhelpers.py", line 121, in __exit__
    raise exc_value.with_traceback(exc_tb)
  File "/usr/local/google/home/konstantint/Projects/prefecture/.venv/lib/python3.13/site-packages/sqlalchemy/pool/impl.py", line 175, in _do_get
    return self._create_connection()
           ~~~~~~~~~~~~~~~~~~~~~~~^^
  File "/usr/local/google/home/konstantint/Projects/prefecture/.venv/lib/python3.13/site-packages/sqlalchemy/pool/base.py", line 389, in _create_connection
    return _ConnectionRecord(self)
  File "/usr/local/google/home/konstantint/Projects/prefecture/.venv/lib/python3.13/site-packages/sqlalchemy/pool/base.py", line 674, in __init__
    self.__connect()
    ~~~~~~~~~~~~~~^^
  File "/usr/local/google/home/konstantint/Projects/prefecture/.venv/lib/python3.13/site-packages/sqlalchemy/pool/base.py", line 914, in __connect
    )._exec_w_sync_on_first_run(self.dbapi_connection, self)
      ~~~~~~~~~~~~~~~~~~~~~~~~~^^^^^^^^^^^^^^^^^^^^^^^^^^^^^
  File "/usr/local/google/home/konstantint/Projects/prefecture/.venv/lib/python3.13/site-packages/sqlalchemy/event/attr.py", line 501, in _exec_w_sync_on_first_run
    self(*args, **kw)
    ~~~~^^^^^^^^^^^^^
  File "/usr/local/google/home/konstantint/Projects/prefecture/.venv/lib/python3.13/site-packages/sqlalchemy/event/attr.py", line 515, in __call__
    fn(*args, **kw)
    ~~^^^^^^^^^^^^^
  File "/usr/local/google/home/konstantint/Projects/prefecture/.venv/lib/python3.13/site-packages/prefect/server/database/configurations.py", line 530, in setup_sqlite
    cursor.execute("PRAGMA journal_mode = WAL;")
    ~~~~~~~~~~~~~~^^^^^^^^^^^^^^^^^^^^^^^^^^^^^^
  File "/usr/local/google/home/konstantint/Projects/prefecture/.venv/lib/python3.13/site-packages/sqlalchemy/dialects/sqlite/aiosqlite.py", line 182, in execute
    self._adapt_connection._handle_exception(error)
    ~~~~~~~~~~~~~~~~~~~~~~~~~~~~~~~~~~~~~~~~^^^^^^^
  File "/usr/local/google/home/konstantint/Projects/prefecture/.venv/lib/python3.13/site-packages/sqlalchemy/dialects/sqlite/aiosqlite.py", line 342, in _handle_exception
    raise error
  File "/usr/local/google/home/konstantint/Projects/prefecture/.venv/lib/python3.13/site-packages/sqlalchemy/dialects/sqlite/aiosqlite.py", line 162, in execute
    self.await_(_cursor.execute(operation))
    ~~~~~~~~~~~^^^^^^^^^^^^^^^^^^^^^^^^^^^^
  File "/usr/local/google/home/konstantint/Projects/prefecture/.venv/lib/python3.13/site-packages/sqlalchemy/util/_concurrency_py3k.py", line 132, in await_only
    return current.parent.switch(awaitable)  # type: ignore[no-any-return,attr-defined] # noqa: E501
           ~~~~~~~~~~~~~~~~~~~~~^^^^^^^^^^^
  File "/usr/local/google/home/konstantint/Projects/prefecture/.venv/lib/python3.13/site-packages/sqlalchemy/util/_concurrency_py3k.py", line 196, in greenlet_spawn
    value = await result
            ^^^^^^^^^^^^
  File "/usr/local/google/home/konstantint/Projects/prefecture/.venv/lib/python3.13/site-packages/aiosqlite/cursor.py", line 40, in execute
    await self._execute(self._cursor.execute, sql, parameters)
  File "/usr/local/google/home/konstantint/Projects/prefecture/.venv/lib/python3.13/site-packages/aiosqlite/cursor.py", line 32, in _execute
    return await self._conn._execute(fn, *args, **kwargs)
           ^^^^^^^^^^^^^^^^^^^^^^^^^^^^^^^^^^^^^^^^^^^^^^
  File "/usr/local/google/home/konstantint/Projects/prefecture/.venv/lib/python3.13/site-packages/aiosqlite/core.py", line 160, in _execute
    return await future
           ^^^^^^^^^^^^
  File "/usr/local/google/home/konstantint/Projects/prefecture/.venv/lib/python3.13/site-packages/aiosqlite/core.py", line 63, in _connection_worker_thread
    result = function()
sqlite3.OperationalError: unable to open database file

The above exception was the direct cause of the following exception:

Traceback (most recent call last):
  File "/usr/local/google/home/konstantint/Projects/prefecture/.venv/lib/python3.13/site-packages/starlette/routing.py", line 638, in lifespan
    async with self.lifespan_context(app) as maybe_state:
               ~~~~~~~~~~~~~~~~~~~~~^^^^^
  File "/usr/lib/python3.13/contextlib.py", line 214, in __aenter__
    return await anext(self.gen)
           ^^^^^^^^^^^^^^^^^^^^^
  File "/usr/local/google/home/konstantint/Projects/prefecture/.venv/lib/python3.13/site-packages/prefect/server/api/server.py", line 921, in lifespan
    await run_migrations()
  File "/usr/local/google/home/konstantint/Projects/prefecture/.venv/lib/python3.13/site-packages/prefect/server/api/server.py", line 898, in run_migrations
    await db.create_db()
  File "/usr/local/google/home/konstantint/Projects/prefecture/.venv/lib/python3.13/site-packages/prefect/server/database/interface.py", line 77, in create_db
    await self.run_migrations_upgrade()
  File "/usr/local/google/home/konstantint/Projects/prefecture/.venv/lib/python3.13/site-packages/prefect/server/database/interface.py", line 115, in run_migrations_upgrade
    await run_sync_in_worker_thread(alembic_upgrade)
  File "/usr/local/google/home/konstantint/Projects/prefecture/.venv/lib/python3.13/site-packages/prefect/utilities/asyncutils/__init__.py", line 233, in run_sync_in_worker_thread
    result = await anyio.to_thread.run_sync(
             ^^^^^^^^^^^^^^^^^^^^^^^^^^^^^^^
        call_with_mark, call, abandon_on_cancel=True, limiter=get_thread_limiter()
        ^^^^^^^^^^^^^^^^^^^^^^^^^^^^^^^^^^^^^^^^^^^^^^^^^^^^^^^^^^^^^^^^^^^^^^^^^^
    )
    ^
  File "/usr/local/google/home/konstantint/Projects/prefecture/.venv/lib/python3.13/site-packages/anyio/to_thread.py", line 63, in run_sync
    return await get_async_backend().run_sync_in_worker_thread(
           ^^^^^^^^^^^^^^^^^^^^^^^^^^^^^^^^^^^^^^^^^^^^^^^^^^^^
        func, args, abandon_on_cancel=abandon_on_cancel, limiter=limiter
        ^^^^^^^^^^^^^^^^^^^^^^^^^^^^^^^^^^^^^^^^^^^^^^^^^^^^^^^^^^^^^^^^
    )
    ^
  File "/usr/local/google/home/konstantint/Projects/prefecture/.venv/lib/python3.13/site-packages/anyio/_backends/_asyncio.py", line 2518, in run_sync_in_worker_thread
    return await future
           ^^^^^^^^^^^^
  File "/usr/local/google/home/konstantint/Projects/prefecture/.venv/lib/python3.13/site-packages/anyio/_backends/_asyncio.py", line 1002, in run
    result = context.run(func, *args)
  File "/usr/local/google/home/konstantint/Projects/prefecture/.venv/lib/python3.13/site-packages/prefect/utilities/asyncutils/__init__.py", line 243, in call_with_mark
    return call()
  File "/usr/local/google/home/konstantint/Projects/prefecture/.venv/lib/python3.13/site-packages/prefect/server/database/alembic_commands.py", line 36, in wrapper
    return fn(*args, **kwargs)
  File "/usr/local/google/home/konstantint/Projects/prefecture/.venv/lib/python3.13/site-packages/prefect/server/database/alembic_commands.py", line 72, in alembic_upgrade
    alembic.command.upgrade(alembic_config(), revision, sql=dry_run)
    ~~~~~~~~~~~~~~~~~~~~~~~^^^^^^^^^^^^^^^^^^^^^^^^^^^^^^^^^^^^^^^^^
  File "/usr/local/google/home/konstantint/Projects/prefecture/.venv/lib/python3.13/site-packages/alembic/command.py", line 483, in upgrade
    script.run_env()
    ~~~~~~~~~~~~~~^^
  File "/usr/local/google/home/konstantint/Projects/prefecture/.venv/lib/python3.13/site-packages/alembic/script/base.py", line 545, in run_env
    util.load_python_file(self.dir, "env.py")
    ~~~~~~~~~~~~~~~~~~~~~^^^^^^^^^^^^^^^^^^^^
  File "/usr/local/google/home/konstantint/Projects/prefecture/.venv/lib/python3.13/site-packages/alembic/util/pyfiles.py", line 116, in load_python_file
    module = load_module_py(module_id, path)
  File "/usr/local/google/home/konstantint/Projects/prefecture/.venv/lib/python3.13/site-packages/alembic/util/pyfiles.py", line 136, in load_module_py
    spec.loader.exec_module(module)  # type: ignore
    ~~~~~~~~~~~~~~~~~~~~~~~^^^^^^^^
  File "<frozen importlib._bootstrap_external>", line 1023, in exec_module
  File "<frozen importlib._bootstrap>", line 488, in _call_with_frames_removed
  File "/usr/local/google/home/konstantint/Projects/prefecture/.venv/lib/python3.13/site-packages/prefect/server/database/_migrations/env.py", line 201, in <module>
    run_async_from_worker_thread(apply_migrations)
    ~~~~~~~~~~~~~~~~~~~~~~~~~~~~^^^^^^^^^^^^^^^^^^
  File "/usr/local/google/home/konstantint/Projects/prefecture/.venv/lib/python3.13/site-packages/prefect/utilities/asyncutils/__init__.py", line 254, in run_async_from_worker_thread
    return anyio.from_thread.run(call)
           ~~~~~~~~~~~~~~~~~~~~~^^^^^^
  File "/usr/local/google/home/konstantint/Projects/prefecture/.venv/lib/python3.13/site-packages/anyio/from_thread.py", line 90, in run
    return token.backend_class.run_async_from_thread(
           ~~~~~~~~~~~~~~~~~~~~~~~~~~~~~~~~~~~~~~~~~^
        func, args, token=token.native_token if explicit_token else None
        ^^^^^^^^^^^^^^^^^^^^^^^^^^^^^^^^^^^^^^^^^^^^^^^^^^^^^^^^^^^^^^^^
    )
    ^
  File "/usr/local/google/home/konstantint/Projects/prefecture/.venv/lib/python3.13/site-packages/anyio/_backends/_asyncio.py", line 2565, in run_async_from_thread
    return f.result()
           ~~~~~~~~^^
  File "/usr/lib/python3.13/concurrent/futures/_base.py", line 460, in result
    return self.__get_result()
           ~~~~~~~~~~~~~~~~~^^
  File "/usr/lib/python3.13/concurrent/futures/_base.py", line 402, in __get_result
    raise self._exception
  File "/usr/local/google/home/konstantint/Projects/prefecture/.venv/lib/python3.13/site-packages/anyio/_backends/_asyncio.py", line 2546, in task_wrapper
    return await func(*args)
           ^^^^^^^^^^^^^^^^^
  File "/usr/local/google/home/konstantint/Projects/prefecture/.venv/lib/python3.13/site-packages/prefect/server/database/_migrations/env.py", line 189, in apply_migrations
    async with engine.connect() as connection:
               ~~~~~~~~~~~~~~^^
  File "/usr/local/google/home/konstantint/Projects/prefecture/.venv/lib/python3.13/site-packages/sqlalchemy/ext/asyncio/base.py", line 121, in __aenter__
    return await self.start(is_ctxmanager=True)
           ^^^^^^^^^^^^^^^^^^^^^^^^^^^^^^^^^^^^
  File "/usr/local/google/home/konstantint/Projects/prefecture/.venv/lib/python3.13/site-packages/sqlalchemy/ext/asyncio/engine.py", line 275, in start
    await greenlet_spawn(self.sync_engine.connect)
  File "/usr/local/google/home/konstantint/Projects/prefecture/.venv/lib/python3.13/site-packages/sqlalchemy/util/_concurrency_py3k.py", line 201, in greenlet_spawn
    result = context.throw(*sys.exc_info())
  File "/usr/local/google/home/konstantint/Projects/prefecture/.venv/lib/python3.13/site-packages/sqlalchemy/engine/base.py", line 3293, in connect
    return self._connection_cls(self)
           ~~~~~~~~~~~~~~~~~~~~^^^^^^
  File "/usr/local/google/home/konstantint/Projects/prefecture/.venv/lib/python3.13/site-packages/sqlalchemy/engine/base.py", line 145, in __init__
    Connection._handle_dbapi_exception_noconnection(
    ~~~~~~~~~~~~~~~~~~~~~~~~~~~~~~~~~~~~~~~~~~~~~~~^
        err, dialect, engine
        ^^^^^^^^^^^^^^^^^^^^
    )
    ^
  File "/usr/local/google/home/konstantint/Projects/prefecture/.venv/lib/python3.13/site-packages/sqlalchemy/engine/base.py", line 2448, in _handle_dbapi_exception_noconnection
    raise sqlalchemy_exception.with_traceback(exc_info[2]) from e
  File "/usr/local/google/home/konstantint/Projects/prefecture/.venv/lib/python3.13/site-packages/sqlalchemy/engine/base.py", line 143, in __init__
    self._dbapi_connection = engine.raw_connection()
                             ~~~~~~~~~~~~~~~~~~~~~^^
  File "/usr/local/google/home/konstantint/Projects/prefecture/.venv/lib/python3.13/site-packages/sqlalchemy/engine/base.py", line 3317, in raw_connection
    return self.pool.connect()
           ~~~~~~~~~~~~~~~~~^^
  File "/usr/local/google/home/konstantint/Projects/prefecture/.venv/lib/python3.13/site-packages/sqlalchemy/pool/base.py", line 448, in connect
    return _ConnectionFairy._checkout(self)
           ~~~~~~~~~~~~~~~~~~~~~~~~~~^^^^^^
  File "/usr/local/google/home/konstantint/Projects/prefecture/.venv/lib/python3.13/site-packages/sqlalchemy/pool/base.py", line 1272, in _checkout
    fairy = _ConnectionRecord.checkout(pool)
  File "/usr/local/google/home/konstantint/Projects/prefecture/.venv/lib/python3.13/site-packages/sqlalchemy/pool/base.py", line 712, in checkout
    rec = pool._do_get()
  File "/usr/local/google/home/konstantint/Projects/prefecture/.venv/lib/python3.13/site-packages/sqlalchemy/pool/impl.py", line 177, in _do_get
    with util.safe_reraise():
         ~~~~~~~~~~~~~~~~~^^
  File "/usr/local/google/home/konstantint/Projects/prefecture/.venv/lib/python3.13/site-packages/sqlalchemy/util/langhelpers.py", line 121, in __exit__
    raise exc_value.with_traceback(exc_tb)
  File "/usr/local/google/home/konstantint/Projects/prefecture/.venv/lib/python3.13/site-packages/sqlalchemy/pool/impl.py", line 175, in _do_get
    return self._create_connection()
           ~~~~~~~~~~~~~~~~~~~~~~~^^
  File "/usr/local/google/home/konstantint/Projects/prefecture/.venv/lib/python3.13/site-packages/sqlalchemy/pool/base.py", line 389, in _create_connection
    return _ConnectionRecord(self)
  File "/usr/local/google/home/konstantint/Projects/prefecture/.venv/lib/python3.13/site-packages/sqlalchemy/pool/base.py", line 674, in __init__
    self.__connect()
    ~~~~~~~~~~~~~~^^
  File "/usr/local/google/home/konstantint/Projects/prefecture/.venv/lib/python3.13/site-packages/sqlalchemy/pool/base.py", line 914, in __connect
    )._exec_w_sync_on_first_run(self.dbapi_connection, self)
      ~~~~~~~~~~~~~~~~~~~~~~~~~^^^^^^^^^^^^^^^^^^^^^^^^^^^^^
  File "/usr/local/google/home/konstantint/Projects/prefecture/.venv/lib/python3.13/site-packages/sqlalchemy/event/attr.py", line 501, in _exec_w_sync_on_first_run
    self(*args, **kw)
    ~~~~^^^^^^^^^^^^^
  File "/usr/local/google/home/konstantint/Projects/prefecture/.venv/lib/python3.13/site-packages/sqlalchemy/event/attr.py", line 515, in __call__
    fn(*args, **kw)
    ~~^^^^^^^^^^^^^
  File "/usr/local/google/home/konstantint/Projects/prefecture/.venv/lib/python3.13/site-packages/prefect/server/database/configurations.py", line 530, in setup_sqlite
    cursor.execute("PRAGMA journal_mode = WAL;")
    ~~~~~~~~~~~~~~^^^^^^^^^^^^^^^^^^^^^^^^^^^^^^
  File "/usr/local/google/home/konstantint/Projects/prefecture/.venv/lib/python3.13/site-packages/sqlalchemy/dialects/sqlite/aiosqlite.py", line 182, in execute
    self._adapt_connection._handle_exception(error)
    ~~~~~~~~~~~~~~~~~~~~~~~~~~~~~~~~~~~~~~~~^^^^^^^
  File "/usr/local/google/home/konstantint/Projects/prefecture/.venv/lib/python3.13/site-packages/sqlalchemy/dialects/sqlite/aiosqlite.py", line 342, in _handle_exception
    raise error
  File "/usr/local/google/home/konstantint/Projects/prefecture/.venv/lib/python3.13/site-packages/sqlalchemy/dialects/sqlite/aiosqlite.py", line 162, in execute
    self.await_(_cursor.execute(operation))
    ~~~~~~~~~~~^^^^^^^^^^^^^^^^^^^^^^^^^^^^
  File "/usr/local/google/home/konstantint/Projects/prefecture/.venv/lib/python3.13/site-packages/sqlalchemy/util/_concurrency_py3k.py", line 132, in await_only
    return current.parent.switch(awaitable)  # type: ignore[no-any-return,attr-defined] # noqa: E501
           ~~~~~~~~~~~~~~~~~~~~~^^^^^^^^^^^
  File "/usr/local/google/home/konstantint/Projects/prefecture/.venv/lib/python3.13/site-packages/sqlalchemy/util/_concurrency_py3k.py", line 196, in greenlet_spawn
    value = await result
            ^^^^^^^^^^^^
  File "/usr/local/google/home/konstantint/Projects/prefecture/.venv/lib/python3.13/site-packages/aiosqlite/cursor.py", line 40, in execute
    await self._execute(self._cursor.execute, sql, parameters)
  File "/usr/local/google/home/konstantint/Projects/prefecture/.venv/lib/python3.13/site-packages/aiosqlite/cursor.py", line 32, in _execute
    return await self._conn._execute(fn, *args, **kwargs)
           ^^^^^^^^^^^^^^^^^^^^^^^^^^^^^^^^^^^^^^^^^^^^^^
  File "/usr/local/google/home/konstantint/Projects/prefecture/.venv/lib/python3.13/site-packages/aiosqlite/core.py", line 160, in _execute
    return await future
           ^^^^^^^^^^^^
  File "/usr/local/google/home/konstantint/Projects/prefecture/.venv/lib/python3.13/site-packages/aiosqlite/core.py", line 63, in _connection_worker_thread
    result = function()
sqlalchemy.exc.OperationalError: (sqlite3.OperationalError) unable to open database file
(Background on this error at: https://sqlalche.me/e/20/e3q8)

14:18:25.986 | ERROR   | uvicorn.error - Application startup failed. Exiting.
14:18:31.711 | ERROR   | uvicorn.error - Traceback (most recent call last):
  File "/usr/local/google/home/konstantint/Projects/prefecture/.venv/lib/python3.13/site-packages/sqlalchemy/engine/base.py", line 143, in __init__
    self._dbapi_connection = engine.raw_connection()
                             ~~~~~~~~~~~~~~~~~~~~~^^
  File "/usr/local/google/home/konstantint/Projects/prefecture/.venv/lib/python3.13/site-packages/sqlalchemy/engine/base.py", line 3317, in raw_connection
    return self.pool.connect()
           ~~~~~~~~~~~~~~~~~^^
  File "/usr/local/google/home/konstantint/Projects/prefecture/.venv/lib/python3.13/site-packages/sqlalchemy/pool/base.py", line 448, in connect
    return _ConnectionFairy._checkout(self)
           ~~~~~~~~~~~~~~~~~~~~~~~~~~^^^^^^
  File "/usr/local/google/home/konstantint/Projects/prefecture/.venv/lib/python3.13/site-packages/sqlalchemy/pool/base.py", line 1272, in _checkout
    fairy = _ConnectionRecord.checkout(pool)
  File "/usr/local/google/home/konstantint/Projects/prefecture/.venv/lib/python3.13/site-packages/sqlalchemy/pool/base.py", line 712, in checkout
    rec = pool._do_get()
  File "/usr/local/google/home/konstantint/Projects/prefecture/.venv/lib/python3.13/site-packages/sqlalchemy/pool/impl.py", line 177, in _do_get
    with util.safe_reraise():
         ~~~~~~~~~~~~~~~~~^^
  File "/usr/local/google/home/konstantint/Projects/prefecture/.venv/lib/python3.13/site-packages/sqlalchemy/util/langhelpers.py", line 121, in __exit__
    raise exc_value.with_traceback(exc_tb)
  File "/usr/local/google/home/konstantint/Projects/prefecture/.venv/lib/python3.13/site-packages/sqlalchemy/pool/impl.py", line 175, in _do_get
    return self._create_connection()
           ~~~~~~~~~~~~~~~~~~~~~~~^^
  File "/usr/local/google/home/konstantint/Projects/prefecture/.venv/lib/python3.13/site-packages/sqlalchemy/pool/base.py", line 389, in _create_connection
    return _ConnectionRecord(self)
  File "/usr/local/google/home/konstantint/Projects/prefecture/.venv/lib/python3.13/site-packages/sqlalchemy/pool/base.py", line 674, in __init__
    self.__connect()
    ~~~~~~~~~~~~~~^^
  File "/usr/local/google/home/konstantint/Projects/prefecture/.venv/lib/python3.13/site-packages/sqlalchemy/pool/base.py", line 914, in __connect
    )._exec_w_sync_on_first_run(self.dbapi_connection, self)
      ~~~~~~~~~~~~~~~~~~~~~~~~~^^^^^^^^^^^^^^^^^^^^^^^^^^^^^
  File "/usr/local/google/home/konstantint/Projects/prefecture/.venv/lib/python3.13/site-packages/sqlalchemy/event/attr.py", line 501, in _exec_w_sync_on_first_run
    self(*args, **kw)
    ~~~~^^^^^^^^^^^^^
  File "/usr/local/google/home/konstantint/Projects/prefecture/.venv/lib/python3.13/site-packages/sqlalchemy/event/attr.py", line 515, in __call__
    fn(*args, **kw)
    ~~^^^^^^^^^^^^^
  File "/usr/local/google/home/konstantint/Projects/prefecture/.venv/lib/python3.13/site-packages/prefect/server/database/configurations.py", line 530, in setup_sqlite
    cursor.execute("PRAGMA journal_mode = WAL;")
    ~~~~~~~~~~~~~~^^^^^^^^^^^^^^^^^^^^^^^^^^^^^^
  File "/usr/local/google/home/konstantint/Projects/prefecture/.venv/lib/python3.13/site-packages/sqlalchemy/dialects/sqlite/aiosqlite.py", line 182, in execute
    self._adapt_connection._handle_exception(error)
    ~~~~~~~~~~~~~~~~~~~~~~~~~~~~~~~~~~~~~~~~^^^^^^^
  File "/usr/local/google/home/konstantint/Projects/prefecture/.venv/lib/python3.13/site-packages/sqlalchemy/dialects/sqlite/aiosqlite.py", line 342, in _handle_exception
    raise error
  File "/usr/local/google/home/konstantint/Projects/prefecture/.venv/lib/python3.13/site-packages/sqlalchemy/dialects/sqlite/aiosqlite.py", line 162, in execute
    self.await_(_cursor.execute(operation))
    ~~~~~~~~~~~^^^^^^^^^^^^^^^^^^^^^^^^^^^^
  File "/usr/local/google/home/konstantint/Projects/prefecture/.venv/lib/python3.13/site-packages/sqlalchemy/util/_concurrency_py3k.py", line 132, in await_only
    return current.parent.switch(awaitable)  # type: ignore[no-any-return,attr-defined] # noqa: E501
           ~~~~~~~~~~~~~~~~~~~~~^^^^^^^^^^^
  File "/usr/local/google/home/konstantint/Projects/prefecture/.venv/lib/python3.13/site-packages/sqlalchemy/util/_concurrency_py3k.py", line 196, in greenlet_spawn
    value = await result
            ^^^^^^^^^^^^
  File "/usr/local/google/home/konstantint/Projects/prefecture/.venv/lib/python3.13/site-packages/aiosqlite/cursor.py", line 40, in execute
    await self._execute(self._cursor.execute, sql, parameters)
  File "/usr/local/google/home/konstantint/Projects/prefecture/.venv/lib/python3.13/site-packages/aiosqlite/cursor.py", line 32, in _execute
    return await self._conn._execute(fn, *args, **kwargs)
           ^^^^^^^^^^^^^^^^^^^^^^^^^^^^^^^^^^^^^^^^^^^^^^
  File "/usr/local/google/home/konstantint/Projects/prefecture/.venv/lib/python3.13/site-packages/aiosqlite/core.py", line 160, in _execute
    return await future
           ^^^^^^^^^^^^
  File "/usr/local/google/home/konstantint/Projects/prefecture/.venv/lib/python3.13/site-packages/aiosqlite/core.py", line 63, in _connection_worker_thread
    result = function()
sqlite3.OperationalError: unable to open database file

The above exception was the direct cause of the following exception:

Traceback (most recent call last):
  File "/usr/local/google/home/konstantint/Projects/prefecture/.venv/lib/python3.13/site-packages/starlette/routing.py", line 638, in lifespan
    async with self.lifespan_context(app) as maybe_state:
               ~~~~~~~~~~~~~~~~~~~~~^^^^^
  File "/usr/lib/python3.13/contextlib.py", line 214, in __aenter__
    return await anext(self.gen)
           ^^^^^^^^^^^^^^^^^^^^^
  File "/usr/local/google/home/konstantint/Projects/prefecture/.venv/lib/python3.13/site-packages/prefect/server/api/server.py", line 921, in lifespan
    await run_migrations()
  File "/usr/local/google/home/konstantint/Projects/prefecture/.venv/lib/python3.13/site-packages/prefect/server/api/server.py", line 898, in run_migrations
    await db.create_db()
  File "/usr/local/google/home/konstantint/Projects/prefecture/.venv/lib/python3.13/site-packages/prefect/server/database/interface.py", line 77, in create_db
    await self.run_migrations_upgrade()
  File "/usr/local/google/home/konstantint/Projects/prefecture/.venv/lib/python3.13/site-packages/prefect/server/database/interface.py", line 115, in run_migrations_upgrade
    await run_sync_in_worker_thread(alembic_upgrade)
  File "/usr/local/google/home/konstantint/Projects/prefecture/.venv/lib/python3.13/site-packages/prefect/utilities/asyncutils/__init__.py", line 233, in run_sync_in_worker_thread
    result = await anyio.to_thread.run_sync(
             ^^^^^^^^^^^^^^^^^^^^^^^^^^^^^^^
        call_with_mark, call, abandon_on_cancel=True, limiter=get_thread_limiter()
        ^^^^^^^^^^^^^^^^^^^^^^^^^^^^^^^^^^^^^^^^^^^^^^^^^^^^^^^^^^^^^^^^^^^^^^^^^^
    )
    ^
  File "/usr/local/google/home/konstantint/Projects/prefecture/.venv/lib/python3.13/site-packages/anyio/to_thread.py", line 63, in run_sync
    return await get_async_backend().run_sync_in_worker_thread(
           ^^^^^^^^^^^^^^^^^^^^^^^^^^^^^^^^^^^^^^^^^^^^^^^^^^^^
        func, args, abandon_on_cancel=abandon_on_cancel, limiter=limiter
        ^^^^^^^^^^^^^^^^^^^^^^^^^^^^^^^^^^^^^^^^^^^^^^^^^^^^^^^^^^^^^^^^
    )
    ^
  File "/usr/local/google/home/konstantint/Projects/prefecture/.venv/lib/python3.13/site-packages/anyio/_backends/_asyncio.py", line 2518, in run_sync_in_worker_thread
    return await future
           ^^^^^^^^^^^^
  File "/usr/local/google/home/konstantint/Projects/prefecture/.venv/lib/python3.13/site-packages/anyio/_backends/_asyncio.py", line 1002, in run
    result = context.run(func, *args)
  File "/usr/local/google/home/konstantint/Projects/prefecture/.venv/lib/python3.13/site-packages/prefect/utilities/asyncutils/__init__.py", line 243, in call_with_mark
    return call()
  File "/usr/local/google/home/konstantint/Projects/prefecture/.venv/lib/python3.13/site-packages/prefect/server/database/alembic_commands.py", line 36, in wrapper
    return fn(*args, **kwargs)
  File "/usr/local/google/home/konstantint/Projects/prefecture/.venv/lib/python3.13/site-packages/prefect/server/database/alembic_commands.py", line 72, in alembic_upgrade
    alembic.command.upgrade(alembic_config(), revision, sql=dry_run)
    ~~~~~~~~~~~~~~~~~~~~~~~^^^^^^^^^^^^^^^^^^^^^^^^^^^^^^^^^^^^^^^^^
  File "/usr/local/google/home/konstantint/Projects/prefecture/.venv/lib/python3.13/site-packages/alembic/command.py", line 483, in upgrade
    script.run_env()
    ~~~~~~~~~~~~~~^^
  File "/usr/local/google/home/konstantint/Projects/prefecture/.venv/lib/python3.13/site-packages/alembic/script/base.py", line 545, in run_env
    util.load_python_file(self.dir, "env.py")
    ~~~~~~~~~~~~~~~~~~~~~^^^^^^^^^^^^^^^^^^^^
  File "/usr/local/google/home/konstantint/Projects/prefecture/.venv/lib/python3.13/site-packages/alembic/util/pyfiles.py", line 116, in load_python_file
    module = load_module_py(module_id, path)
  File "/usr/local/google/home/konstantint/Projects/prefecture/.venv/lib/python3.13/site-packages/alembic/util/pyfiles.py", line 136, in load_module_py
    spec.loader.exec_module(module)  # type: ignore
    ~~~~~~~~~~~~~~~~~~~~~~~^^^^^^^^
  File "<frozen importlib._bootstrap_external>", line 1023, in exec_module
  File "<frozen importlib._bootstrap>", line 488, in _call_with_frames_removed
  File "/usr/local/google/home/konstantint/Projects/prefecture/.venv/lib/python3.13/site-packages/prefect/server/database/_migrations/env.py", line 201, in <module>
    run_async_from_worker_thread(apply_migrations)
    ~~~~~~~~~~~~~~~~~~~~~~~~~~~~^^^^^^^^^^^^^^^^^^
  File "/usr/local/google/home/konstantint/Projects/prefecture/.venv/lib/python3.13/site-packages/prefect/utilities/asyncutils/__init__.py", line 254, in run_async_from_worker_thread
    return anyio.from_thread.run(call)
           ~~~~~~~~~~~~~~~~~~~~~^^^^^^
  File "/usr/local/google/home/konstantint/Projects/prefecture/.venv/lib/python3.13/site-packages/anyio/from_thread.py", line 90, in run
    return token.backend_class.run_async_from_thread(
           ~~~~~~~~~~~~~~~~~~~~~~~~~~~~~~~~~~~~~~~~~^
        func, args, token=token.native_token if explicit_token else None
        ^^^^^^^^^^^^^^^^^^^^^^^^^^^^^^^^^^^^^^^^^^^^^^^^^^^^^^^^^^^^^^^^
    )
    ^
  File "/usr/local/google/home/konstantint/Projects/prefecture/.venv/lib/python3.13/site-packages/anyio/_backends/_asyncio.py", line 2565, in run_async_from_thread
    return f.result()
           ~~~~~~~~^^
  File "/usr/lib/python3.13/concurrent/futures/_base.py", line 460, in result
    return self.__get_result()
           ~~~~~~~~~~~~~~~~~^^
  File "/usr/lib/python3.13/concurrent/futures/_base.py", line 402, in __get_result
    raise self._exception
  File "/usr/local/google/home/konstantint/Projects/prefecture/.venv/lib/python3.13/site-packages/anyio/_backends/_asyncio.py", line 2546, in task_wrapper
    return await func(*args)
           ^^^^^^^^^^^^^^^^^
  File "/usr/local/google/home/konstantint/Projects/prefecture/.venv/lib/python3.13/site-packages/prefect/server/database/_migrations/env.py", line 189, in apply_migrations
    async with engine.connect() as connection:
               ~~~~~~~~~~~~~~^^
  File "/usr/local/google/home/konstantint/Projects/prefecture/.venv/lib/python3.13/site-packages/sqlalchemy/ext/asyncio/base.py", line 121, in __aenter__
    return await self.start(is_ctxmanager=True)
           ^^^^^^^^^^^^^^^^^^^^^^^^^^^^^^^^^^^^
  File "/usr/local/google/home/konstantint/Projects/prefecture/.venv/lib/python3.13/site-packages/sqlalchemy/ext/asyncio/engine.py", line 275, in start
    await greenlet_spawn(self.sync_engine.connect)
  File "/usr/local/google/home/konstantint/Projects/prefecture/.venv/lib/python3.13/site-packages/sqlalchemy/util/_concurrency_py3k.py", line 201, in greenlet_spawn
    result = context.throw(*sys.exc_info())
  File "/usr/local/google/home/konstantint/Projects/prefecture/.venv/lib/python3.13/site-packages/sqlalchemy/engine/base.py", line 3293, in connect
    return self._connection_cls(self)
           ~~~~~~~~~~~~~~~~~~~~^^^^^^
  File "/usr/local/google/home/konstantint/Projects/prefecture/.venv/lib/python3.13/site-packages/sqlalchemy/engine/base.py", line 145, in __init__
    Connection._handle_dbapi_exception_noconnection(
    ~~~~~~~~~~~~~~~~~~~~~~~~~~~~~~~~~~~~~~~~~~~~~~~^
        err, dialect, engine
        ^^^^^^^^^^^^^^^^^^^^
    )
    ^
  File "/usr/local/google/home/konstantint/Projects/prefecture/.venv/lib/python3.13/site-packages/sqlalchemy/engine/base.py", line 2448, in _handle_dbapi_exception_noconnection
    raise sqlalchemy_exception.with_traceback(exc_info[2]) from e
  File "/usr/local/google/home/konstantint/Projects/prefecture/.venv/lib/python3.13/site-packages/sqlalchemy/engine/base.py", line 143, in __init__
    self._dbapi_connection = engine.raw_connection()
                             ~~~~~~~~~~~~~~~~~~~~~^^
  File "/usr/local/google/home/konstantint/Projects/prefecture/.venv/lib/python3.13/site-packages/sqlalchemy/engine/base.py", line 3317, in raw_connection
    return self.pool.connect()
           ~~~~~~~~~~~~~~~~~^^
  File "/usr/local/google/home/konstantint/Projects/prefecture/.venv/lib/python3.13/site-packages/sqlalchemy/pool/base.py", line 448, in connect
    return _ConnectionFairy._checkout(self)
           ~~~~~~~~~~~~~~~~~~~~~~~~~~^^^^^^
  File "/usr/local/google/home/konstantint/Projects/prefecture/.venv/lib/python3.13/site-packages/sqlalchemy/pool/base.py", line 1272, in _checkout
    fairy = _ConnectionRecord.checkout(pool)
  File "/usr/local/google/home/konstantint/Projects/prefecture/.venv/lib/python3.13/site-packages/sqlalchemy/pool/base.py", line 712, in checkout
    rec = pool._do_get()
  File "/usr/local/google/home/konstantint/Projects/prefecture/.venv/lib/python3.13/site-packages/sqlalchemy/pool/impl.py", line 177, in _do_get
    with util.safe_reraise():
         ~~~~~~~~~~~~~~~~~^^
  File "/usr/local/google/home/konstantint/Projects/prefecture/.venv/lib/python3.13/site-packages/sqlalchemy/util/langhelpers.py", line 121, in __exit__
    raise exc_value.with_traceback(exc_tb)
  File "/usr/local/google/home/konstantint/Projects/prefecture/.venv/lib/python3.13/site-packages/sqlalchemy/pool/impl.py", line 175, in _do_get
    return self._create_connection()
           ~~~~~~~~~~~~~~~~~~~~~~~^^
  File "/usr/local/google/home/konstantint/Projects/prefecture/.venv/lib/python3.13/site-packages/sqlalchemy/pool/base.py", line 389, in _create_connection
    return _ConnectionRecord(self)
  File "/usr/local/google/home/konstantint/Projects/prefecture/.venv/lib/python3.13/site-packages/sqlalchemy/pool/base.py", line 674, in __init__
    self.__connect()
    ~~~~~~~~~~~~~~^^
  File "/usr/local/google/home/konstantint/Projects/prefecture/.venv/lib/python3.13/site-packages/sqlalchemy/pool/base.py", line 914, in __connect
    )._exec_w_sync_on_first_run(self.dbapi_connection, self)
      ~~~~~~~~~~~~~~~~~~~~~~~~~^^^^^^^^^^^^^^^^^^^^^^^^^^^^^
  File "/usr/local/google/home/konstantint/Projects/prefecture/.venv/lib/python3.13/site-packages/sqlalchemy/event/attr.py", line 501, in _exec_w_sync_on_first_run
    self(*args, **kw)
    ~~~~^^^^^^^^^^^^^
  File "/usr/local/google/home/konstantint/Projects/prefecture/.venv/lib/python3.13/site-packages/sqlalchemy/event/attr.py", line 515, in __call__
    fn(*args, **kw)
    ~~^^^^^^^^^^^^^
  File "/usr/local/google/home/konstantint/Projects/prefecture/.venv/lib/python3.13/site-packages/prefect/server/database/configurations.py", line 530, in setup_sqlite
    cursor.execute("PRAGMA journal_mode = WAL;")
    ~~~~~~~~~~~~~~^^^^^^^^^^^^^^^^^^^^^^^^^^^^^^
  File "/usr/local/google/home/konstantint/Projects/prefecture/.venv/lib/python3.13/site-packages/sqlalchemy/dialects/sqlite/aiosqlite.py", line 182, in execute
    self._adapt_connection._handle_exception(error)
    ~~~~~~~~~~~~~~~~~~~~~~~~~~~~~~~~~~~~~~~~^^^^^^^
  File "/usr/local/google/home/konstantint/Projects/prefecture/.venv/lib/python3.13/site-packages/sqlalchemy/dialects/sqlite/aiosqlite.py", line 342, in _handle_exception
    raise error
  File "/usr/local/google/home/konstantint/Projects/prefecture/.venv/lib/python3.13/site-packages/sqlalchemy/dialects/sqlite/aiosqlite.py", line 162, in execute
    self.await_(_cursor.execute(operation))
    ~~~~~~~~~~~^^^^^^^^^^^^^^^^^^^^^^^^^^^^
  File "/usr/local/google/home/konstantint/Projects/prefecture/.venv/lib/python3.13/site-packages/sqlalchemy/util/_concurrency_py3k.py", line 132, in await_only
    return current.parent.switch(awaitable)  # type: ignore[no-any-return,attr-defined] # noqa: E501
           ~~~~~~~~~~~~~~~~~~~~~^^^^^^^^^^^
  File "/usr/local/google/home/konstantint/Projects/prefecture/.venv/lib/python3.13/site-packages/sqlalchemy/util/_concurrency_py3k.py", line 196, in greenlet_spawn
    value = await result
            ^^^^^^^^^^^^
  File "/usr/local/google/home/konstantint/Projects/prefecture/.venv/lib/python3.13/site-packages/aiosqlite/cursor.py", line 40, in execute
    await self._execute(self._cursor.execute, sql, parameters)
  File "/usr/local/google/home/konstantint/Projects/prefecture/.venv/lib/python3.13/site-packages/aiosqlite/cursor.py", line 32, in _execute
    return await self._conn._execute(fn, *args, **kwargs)
           ^^^^^^^^^^^^^^^^^^^^^^^^^^^^^^^^^^^^^^^^^^^^^^
  File "/usr/local/google/home/konstantint/Projects/prefecture/.venv/lib/python3.13/site-packages/aiosqlite/core.py", line 160, in _execute
    return await future
           ^^^^^^^^^^^^
  File "/usr/local/google/home/konstantint/Projects/prefecture/.venv/lib/python3.13/site-packages/aiosqlite/core.py", line 63, in _connection_worker_thread
    result = function()
sqlalchemy.exc.OperationalError: (sqlite3.OperationalError) unable to open database file
(Background on this error at: https://sqlalche.me/e/20/e3q8)

14:18:31.728 | ERROR   | uvicorn.error - Application startup failed. Exiting.
14:18:37.606 | ERROR   | uvicorn.error - Traceback (most recent call last):
  File "/usr/local/google/home/konstantint/Projects/prefecture/.venv/lib/python3.13/site-packages/sqlalchemy/engine/base.py", line 143, in __init__
    self._dbapi_connection = engine.raw_connection()
                             ~~~~~~~~~~~~~~~~~~~~~^^
  File "/usr/local/google/home/konstantint/Projects/prefecture/.venv/lib/python3.13/site-packages/sqlalchemy/engine/base.py", line 3317, in raw_connection
    return self.pool.connect()
           ~~~~~~~~~~~~~~~~~^^
  File "/usr/local/google/home/konstantint/Projects/prefecture/.venv/lib/python3.13/site-packages/sqlalchemy/pool/base.py", line 448, in connect
    return _ConnectionFairy._checkout(self)
           ~~~~~~~~~~~~~~~~~~~~~~~~~~^^^^^^
  File "/usr/local/google/home/konstantint/Projects/prefecture/.venv/lib/python3.13/site-packages/sqlalchemy/pool/base.py", line 1272, in _checkout
    fairy = _ConnectionRecord.checkout(pool)
  File "/usr/local/google/home/konstantint/Projects/prefecture/.venv/lib/python3.13/site-packages/sqlalchemy/pool/base.py", line 712, in checkout
    rec = pool._do_get()
  File "/usr/local/google/home/konstantint/Projects/prefecture/.venv/lib/python3.13/site-packages/sqlalchemy/pool/impl.py", line 177, in _do_get
    with util.safe_reraise():
         ~~~~~~~~~~~~~~~~~^^
  File "/usr/local/google/home/konstantint/Projects/prefecture/.venv/lib/python3.13/site-packages/sqlalchemy/util/langhelpers.py", line 121, in __exit__
    raise exc_value.with_traceback(exc_tb)
  File "/usr/local/google/home/konstantint/Projects/prefecture/.venv/lib/python3.13/site-packages/sqlalchemy/pool/impl.py", line 175, in _do_get
    return self._create_connection()
           ~~~~~~~~~~~~~~~~~~~~~~~^^
  File "/usr/local/google/home/konstantint/Projects/prefecture/.venv/lib/python3.13/site-packages/sqlalchemy/pool/base.py", line 389, in _create_connection
    return _ConnectionRecord(self)
  File "/usr/local/google/home/konstantint/Projects/prefecture/.venv/lib/python3.13/site-packages/sqlalchemy/pool/base.py", line 674, in __init__
    self.__connect()
    ~~~~~~~~~~~~~~^^
  File "/usr/local/google/home/konstantint/Projects/prefecture/.venv/lib/python3.13/site-packages/sqlalchemy/pool/base.py", line 914, in __connect
    )._exec_w_sync_on_first_run(self.dbapi_connection, self)
      ~~~~~~~~~~~~~~~~~~~~~~~~~^^^^^^^^^^^^^^^^^^^^^^^^^^^^^
  File "/usr/local/google/home/konstantint/Projects/prefecture/.venv/lib/python3.13/site-packages/sqlalchemy/event/attr.py", line 501, in _exec_w_sync_on_first_run
    self(*args, **kw)
    ~~~~^^^^^^^^^^^^^
  File "/usr/local/google/home/konstantint/Projects/prefecture/.venv/lib/python3.13/site-packages/sqlalchemy/event/attr.py", line 515, in __call__
    fn(*args, **kw)
    ~~^^^^^^^^^^^^^
  File "/usr/local/google/home/konstantint/Projects/prefecture/.venv/lib/python3.13/site-packages/prefect/server/database/configurations.py", line 530, in setup_sqlite
    cursor.execute("PRAGMA journal_mode = WAL;")
    ~~~~~~~~~~~~~~^^^^^^^^^^^^^^^^^^^^^^^^^^^^^^
  File "/usr/local/google/home/konstantint/Projects/prefecture/.venv/lib/python3.13/site-packages/sqlalchemy/dialects/sqlite/aiosqlite.py", line 182, in execute
    self._adapt_connection._handle_exception(error)
    ~~~~~~~~~~~~~~~~~~~~~~~~~~~~~~~~~~~~~~~~^^^^^^^
  File "/usr/local/google/home/konstantint/Projects/prefecture/.venv/lib/python3.13/site-packages/sqlalchemy/dialects/sqlite/aiosqlite.py", line 342, in _handle_exception
    raise error
  File "/usr/local/google/home/konstantint/Projects/prefecture/.venv/lib/python3.13/site-packages/sqlalchemy/dialects/sqlite/aiosqlite.py", line 162, in execute
    self.await_(_cursor.execute(operation))
    ~~~~~~~~~~~^^^^^^^^^^^^^^^^^^^^^^^^^^^^
  File "/usr/local/google/home/konstantint/Projects/prefecture/.venv/lib/python3.13/site-packages/sqlalchemy/util/_concurrency_py3k.py", line 132, in await_only
    return current.parent.switch(awaitable)  # type: ignore[no-any-return,attr-defined] # noqa: E501
           ~~~~~~~~~~~~~~~~~~~~~^^^^^^^^^^^
  File "/usr/local/google/home/konstantint/Projects/prefecture/.venv/lib/python3.13/site-packages/sqlalchemy/util/_concurrency_py3k.py", line 196, in greenlet_spawn
    value = await result
            ^^^^^^^^^^^^
  File "/usr/local/google/home/konstantint/Projects/prefecture/.venv/lib/python3.13/site-packages/aiosqlite/cursor.py", line 40, in execute
    await self._execute(self._cursor.execute, sql, parameters)
  File "/usr/local/google/home/konstantint/Projects/prefecture/.venv/lib/python3.13/site-packages/aiosqlite/cursor.py", line 32, in _execute
    return await self._conn._execute(fn, *args, **kwargs)
           ^^^^^^^^^^^^^^^^^^^^^^^^^^^^^^^^^^^^^^^^^^^^^^
  File "/usr/local/google/home/konstantint/Projects/prefecture/.venv/lib/python3.13/site-packages/aiosqlite/core.py", line 160, in _execute
    return await future
           ^^^^^^^^^^^^
  File "/usr/local/google/home/konstantint/Projects/prefecture/.venv/lib/python3.13/site-packages/aiosqlite/core.py", line 63, in _connection_worker_thread
    result = function()
sqlite3.OperationalError: unable to open database file

The above exception was the direct cause of the following exception:

Traceback (most recent call last):
  File "/usr/local/google/home/konstantint/Projects/prefecture/.venv/lib/python3.13/site-packages/starlette/routing.py", line 638, in lifespan
    async with self.lifespan_context(app) as maybe_state:
               ~~~~~~~~~~~~~~~~~~~~~^^^^^
  File "/usr/lib/python3.13/contextlib.py", line 214, in __aenter__
    return await anext(self.gen)
           ^^^^^^^^^^^^^^^^^^^^^
  File "/usr/local/google/home/konstantint/Projects/prefecture/.venv/lib/python3.13/site-packages/prefect/server/api/server.py", line 921, in lifespan
    await run_migrations()
  File "/usr/local/google/home/konstantint/Projects/prefecture/.venv/lib/python3.13/site-packages/prefect/server/api/server.py", line 898, in run_migrations
    await db.create_db()
  File "/usr/local/google/home/konstantint/Projects/prefecture/.venv/lib/python3.13/site-packages/prefect/server/database/interface.py", line 77, in create_db
    await self.run_migrations_upgrade()
  File "/usr/local/google/home/konstantint/Projects/prefecture/.venv/lib/python3.13/site-packages/prefect/server/database/interface.py", line 115, in run_migrations_upgrade
    await run_sync_in_worker_thread(alembic_upgrade)
  File "/usr/local/google/home/konstantint/Projects/prefecture/.venv/lib/python3.13/site-packages/prefect/utilities/asyncutils/__init__.py", line 233, in run_sync_in_worker_thread
    result = await anyio.to_thread.run_sync(
             ^^^^^^^^^^^^^^^^^^^^^^^^^^^^^^^
        call_with_mark, call, abandon_on_cancel=True, limiter=get_thread_limiter()
        ^^^^^^^^^^^^^^^^^^^^^^^^^^^^^^^^^^^^^^^^^^^^^^^^^^^^^^^^^^^^^^^^^^^^^^^^^^
    )
    ^
  File "/usr/local/google/home/konstantint/Projects/prefecture/.venv/lib/python3.13/site-packages/anyio/to_thread.py", line 63, in run_sync
    return await get_async_backend().run_sync_in_worker_thread(
           ^^^^^^^^^^^^^^^^^^^^^^^^^^^^^^^^^^^^^^^^^^^^^^^^^^^^
        func, args, abandon_on_cancel=abandon_on_cancel, limiter=limiter
        ^^^^^^^^^^^^^^^^^^^^^^^^^^^^^^^^^^^^^^^^^^^^^^^^^^^^^^^^^^^^^^^^
    )
    ^
  File "/usr/local/google/home/konstantint/Projects/prefecture/.venv/lib/python3.13/site-packages/anyio/_backends/_asyncio.py", line 2518, in run_sync_in_worker_thread
    return await future
           ^^^^^^^^^^^^
  File "/usr/local/google/home/konstantint/Projects/prefecture/.venv/lib/python3.13/site-packages/anyio/_backends/_asyncio.py", line 1002, in run
    result = context.run(func, *args)
  File "/usr/local/google/home/konstantint/Projects/prefecture/.venv/lib/python3.13/site-packages/prefect/utilities/asyncutils/__init__.py", line 243, in call_with_mark
    return call()
  File "/usr/local/google/home/konstantint/Projects/prefecture/.venv/lib/python3.13/site-packages/prefect/server/database/alembic_commands.py", line 36, in wrapper
    return fn(*args, **kwargs)
  File "/usr/local/google/home/konstantint/Projects/prefecture/.venv/lib/python3.13/site-packages/prefect/server/database/alembic_commands.py", line 72, in alembic_upgrade
    alembic.command.upgrade(alembic_config(), revision, sql=dry_run)
    ~~~~~~~~~~~~~~~~~~~~~~~^^^^^^^^^^^^^^^^^^^^^^^^^^^^^^^^^^^^^^^^^
  File "/usr/local/google/home/konstantint/Projects/prefecture/.venv/lib/python3.13/site-packages/alembic/command.py", line 483, in upgrade
    script.run_env()
    ~~~~~~~~~~~~~~^^
  File "/usr/local/google/home/konstantint/Projects/prefecture/.venv/lib/python3.13/site-packages/alembic/script/base.py", line 545, in run_env
    util.load_python_file(self.dir, "env.py")
    ~~~~~~~~~~~~~~~~~~~~~^^^^^^^^^^^^^^^^^^^^
  File "/usr/local/google/home/konstantint/Projects/prefecture/.venv/lib/python3.13/site-packages/alembic/util/pyfiles.py", line 116, in load_python_file
    module = load_module_py(module_id, path)
  File "/usr/local/google/home/konstantint/Projects/prefecture/.venv/lib/python3.13/site-packages/alembic/util/pyfiles.py", line 136, in load_module_py
    spec.loader.exec_module(module)  # type: ignore
    ~~~~~~~~~~~~~~~~~~~~~~~^^^^^^^^
  File "<frozen importlib._bootstrap_external>", line 1023, in exec_module
  File "<frozen importlib._bootstrap>", line 488, in _call_with_frames_removed
  File "/usr/local/google/home/konstantint/Projects/prefecture/.venv/lib/python3.13/site-packages/prefect/server/database/_migrations/env.py", line 201, in <module>
    run_async_from_worker_thread(apply_migrations)
    ~~~~~~~~~~~~~~~~~~~~~~~~~~~~^^^^^^^^^^^^^^^^^^
  File "/usr/local/google/home/konstantint/Projects/prefecture/.venv/lib/python3.13/site-packages/prefect/utilities/asyncutils/__init__.py", line 254, in run_async_from_worker_thread
    return anyio.from_thread.run(call)
           ~~~~~~~~~~~~~~~~~~~~~^^^^^^
  File "/usr/local/google/home/konstantint/Projects/prefecture/.venv/lib/python3.13/site-packages/anyio/from_thread.py", line 90, in run
    return token.backend_class.run_async_from_thread(
           ~~~~~~~~~~~~~~~~~~~~~~~~~~~~~~~~~~~~~~~~~^
        func, args, token=token.native_token if explicit_token else None
        ^^^^^^^^^^^^^^^^^^^^^^^^^^^^^^^^^^^^^^^^^^^^^^^^^^^^^^^^^^^^^^^^
    )
    ^
  File "/usr/local/google/home/konstantint/Projects/prefecture/.venv/lib/python3.13/site-packages/anyio/_backends/_asyncio.py", line 2565, in run_async_from_thread
    return f.result()
           ~~~~~~~~^^
  File "/usr/lib/python3.13/concurrent/futures/_base.py", line 460, in result
    return self.__get_result()
           ~~~~~~~~~~~~~~~~~^^
  File "/usr/lib/python3.13/concurrent/futures/_base.py", line 402, in __get_result
    raise self._exception
  File "/usr/local/google/home/konstantint/Projects/prefecture/.venv/lib/python3.13/site-packages/anyio/_backends/_asyncio.py", line 2546, in task_wrapper
    return await func(*args)
           ^^^^^^^^^^^^^^^^^
  File "/usr/local/google/home/konstantint/Projects/prefecture/.venv/lib/python3.13/site-packages/prefect/server/database/_migrations/env.py", line 189, in apply_migrations
    async with engine.connect() as connection:
               ~~~~~~~~~~~~~~^^
  File "/usr/local/google/home/konstantint/Projects/prefecture/.venv/lib/python3.13/site-packages/sqlalchemy/ext/asyncio/base.py", line 121, in __aenter__
    return await self.start(is_ctxmanager=True)
           ^^^^^^^^^^^^^^^^^^^^^^^^^^^^^^^^^^^^
  File "/usr/local/google/home/konstantint/Projects/prefecture/.venv/lib/python3.13/site-packages/sqlalchemy/ext/asyncio/engine.py", line 275, in start
    await greenlet_spawn(self.sync_engine.connect)
  File "/usr/local/google/home/konstantint/Projects/prefecture/.venv/lib/python3.13/site-packages/sqlalchemy/util/_concurrency_py3k.py", line 201, in greenlet_spawn
    result = context.throw(*sys.exc_info())
  File "/usr/local/google/home/konstantint/Projects/prefecture/.venv/lib/python3.13/site-packages/sqlalchemy/engine/base.py", line 3293, in connect
    return self._connection_cls(self)
           ~~~~~~~~~~~~~~~~~~~~^^^^^^
  File "/usr/local/google/home/konstantint/Projects/prefecture/.venv/lib/python3.13/site-packages/sqlalchemy/engine/base.py", line 145, in __init__
    Connection._handle_dbapi_exception_noconnection(
    ~~~~~~~~~~~~~~~~~~~~~~~~~~~~~~~~~~~~~~~~~~~~~~~^
        err, dialect, engine
        ^^^^^^^^^^^^^^^^^^^^
    )
    ^
  File "/usr/local/google/home/konstantint/Projects/prefecture/.venv/lib/python3.13/site-packages/sqlalchemy/engine/base.py", line 2448, in _handle_dbapi_exception_noconnection
    raise sqlalchemy_exception.with_traceback(exc_info[2]) from e
  File "/usr/local/google/home/konstantint/Projects/prefecture/.venv/lib/python3.13/site-packages/sqlalchemy/engine/base.py", line 143, in __init__
    self._dbapi_connection = engine.raw_connection()
                             ~~~~~~~~~~~~~~~~~~~~~^^
  File "/usr/local/google/home/konstantint/Projects/prefecture/.venv/lib/python3.13/site-packages/sqlalchemy/engine/base.py", line 3317, in raw_connection
    return self.pool.connect()
           ~~~~~~~~~~~~~~~~~^^
  File "/usr/local/google/home/konstantint/Projects/prefecture/.venv/lib/python3.13/site-packages/sqlalchemy/pool/base.py", line 448, in connect
    return _ConnectionFairy._checkout(self)
           ~~~~~~~~~~~~~~~~~~~~~~~~~~^^^^^^
  File "/usr/local/google/home/konstantint/Projects/prefecture/.venv/lib/python3.13/site-packages/sqlalchemy/pool/base.py", line 1272, in _checkout
    fairy = _ConnectionRecord.checkout(pool)
  File "/usr/local/google/home/konstantint/Projects/prefecture/.venv/lib/python3.13/site-packages/sqlalchemy/pool/base.py", line 712, in checkout
    rec = pool._do_get()
  File "/usr/local/google/home/konstantint/Projects/prefecture/.venv/lib/python3.13/site-packages/sqlalchemy/pool/impl.py", line 177, in _do_get
    with util.safe_reraise():
         ~~~~~~~~~~~~~~~~~^^
  File "/usr/local/google/home/konstantint/Projects/prefecture/.venv/lib/python3.13/site-packages/sqlalchemy/util/langhelpers.py", line 121, in __exit__
    raise exc_value.with_traceback(exc_tb)
  File "/usr/local/google/home/konstantint/Projects/prefecture/.venv/lib/python3.13/site-packages/sqlalchemy/pool/impl.py", line 175, in _do_get
    return self._create_connection()
           ~~~~~~~~~~~~~~~~~~~~~~~^^
  File "/usr/local/google/home/konstantint/Projects/prefecture/.venv/lib/python3.13/site-packages/sqlalchemy/pool/base.py", line 389, in _create_connection
    return _ConnectionRecord(self)
  File "/usr/local/google/home/konstantint/Projects/prefecture/.venv/lib/python3.13/site-packages/sqlalchemy/pool/base.py", line 674, in __init__
    self.__connect()
    ~~~~~~~~~~~~~~^^
  File "/usr/local/google/home/konstantint/Projects/prefecture/.venv/lib/python3.13/site-packages/sqlalchemy/pool/base.py", line 914, in __connect
    )._exec_w_sync_on_first_run(self.dbapi_connection, self)
      ~~~~~~~~~~~~~~~~~~~~~~~~~^^^^^^^^^^^^^^^^^^^^^^^^^^^^^
  File "/usr/local/google/home/konstantint/Projects/prefecture/.venv/lib/python3.13/site-packages/sqlalchemy/event/attr.py", line 501, in _exec_w_sync_on_first_run
    self(*args, **kw)
    ~~~~^^^^^^^^^^^^^
  File "/usr/local/google/home/konstantint/Projects/prefecture/.venv/lib/python3.13/site-packages/sqlalchemy/event/attr.py", line 515, in __call__
    fn(*args, **kw)
    ~~^^^^^^^^^^^^^
  File "/usr/local/google/home/konstantint/Projects/prefecture/.venv/lib/python3.13/site-packages/prefect/server/database/configurations.py", line 530, in setup_sqlite
    cursor.execute("PRAGMA journal_mode = WAL;")
    ~~~~~~~~~~~~~~^^^^^^^^^^^^^^^^^^^^^^^^^^^^^^
  File "/usr/local/google/home/konstantint/Projects/prefecture/.venv/lib/python3.13/site-packages/sqlalchemy/dialects/sqlite/aiosqlite.py", line 182, in execute
    self._adapt_connection._handle_exception(error)
    ~~~~~~~~~~~~~~~~~~~~~~~~~~~~~~~~~~~~~~~~^^^^^^^
  File "/usr/local/google/home/konstantint/Projects/prefecture/.venv/lib/python3.13/site-packages/sqlalchemy/dialects/sqlite/aiosqlite.py", line 342, in _handle_exception
    raise error
  File "/usr/local/google/home/konstantint/Projects/prefecture/.venv/lib/python3.13/site-packages/sqlalchemy/dialects/sqlite/aiosqlite.py", line 162, in execute
    self.await_(_cursor.execute(operation))
    ~~~~~~~~~~~^^^^^^^^^^^^^^^^^^^^^^^^^^^^
  File "/usr/local/google/home/konstantint/Projects/prefecture/.venv/lib/python3.13/site-packages/sqlalchemy/util/_concurrency_py3k.py", line 132, in await_only
    return current.parent.switch(awaitable)  # type: ignore[no-any-return,attr-defined] # noqa: E501
           ~~~~~~~~~~~~~~~~~~~~~^^^^^^^^^^^
  File "/usr/local/google/home/konstantint/Projects/prefecture/.venv/lib/python3.13/site-packages/sqlalchemy/util/_concurrency_py3k.py", line 196, in greenlet_spawn
    value = await result
            ^^^^^^^^^^^^
  File "/usr/local/google/home/konstantint/Projects/prefecture/.venv/lib/python3.13/site-packages/aiosqlite/cursor.py", line 40, in execute
    await self._execute(self._cursor.execute, sql, parameters)
  File "/usr/local/google/home/konstantint/Projects/prefecture/.venv/lib/python3.13/site-packages/aiosqlite/cursor.py", line 32, in _execute
    return await self._conn._execute(fn, *args, **kwargs)
           ^^^^^^^^^^^^^^^^^^^^^^^^^^^^^^^^^^^^^^^^^^^^^^
  File "/usr/local/google/home/konstantint/Projects/prefecture/.venv/lib/python3.13/site-packages/aiosqlite/core.py", line 160, in _execute
    return await future
           ^^^^^^^^^^^^
  File "/usr/local/google/home/konstantint/Projects/prefecture/.venv/lib/python3.13/site-packages/aiosqlite/core.py", line 63, in _connection_worker_thread
    result = function()
sqlalchemy.exc.OperationalError: (sqlite3.OperationalError) unable to open database file
(Background on this error at: https://sqlalche.me/e/20/e3q8)

14:18:37.622 | ERROR   | uvicorn.error - Application startup failed. Exiting.
------------------------------ Captured log call -------------------------------
INFO     prefect:server.py:1127 Starting temporary server on http://127.0.0.1:8476
See https://docs.prefect.io/v3/concepts/server#how-to-guides for more information on running a dedicated Prefect server.
=========================== short test summary info ============================
FAILED prefecture/operations/templating_test.py::test_generate_template_only_params
FAILED prefecture/operations/templating_test.py::test_generate_template_with_loader
FAILED prefecture/operations/templating_test.py::test_generate_template_with_loader_remap
FAILED prefecture/operations/templating_test.py::test_run_dir_file_loader_days_ago
FAILED prefecture/operations/templating_test.py::test_run_dir_file_loader_fail_on_error
FAILED prefecture/operations/templating_test.py::test_artifact_key_generation
FAILED prefecture/operations/templating_test.py::test_artifact_key_generation_fallback
FAILED prefecture/operations/templating_test.py::test_run_dir_file_loader_load_json_success
FAILED prefecture/operations/templating_test.py::test_run_dir_file_loader_load_json_failure
FAILED prefecture/operations/templating_test.py::test_sqlalchemy_loader - htt...
FAILED prefecture/operations/templating_test.py::test_datetime_now_loader - h...
FAILED prefecture/operations/templating_test.py::test_run_dir_file_loader_config_name
FAILED prefecture/operations/templating_test.py::test_run_dir_file_loader_config_name_days_ago
======================== 13 failed in 274.37s (0:04:34) ========================
--- Logging error ---
Traceback (most recent call last):
  File "/usr/local/google/home/konstantint/Projects/prefecture/.venv/lib/python3.13/site-packages/prefect/logging/handlers.py", line 386, in emit
    self.console.print(message, soft_wrap=True)
    ~~~~~~~~~~~~~~~~~~^^^^^^^^^^^^^^^^^^^^^^^^^
  File "/usr/local/google/home/konstantint/Projects/prefecture/.venv/lib/python3.13/site-packages/rich/console.py", line 1704, in print
    with self:
         ^^^^
  File "/usr/local/google/home/konstantint/Projects/prefecture/.venv/lib/python3.13/site-packages/rich/console.py", line 864, in __exit__
    self._exit_buffer()
    ~~~~~~~~~~~~~~~~~^^
  File "/usr/local/google/home/konstantint/Projects/prefecture/.venv/lib/python3.13/site-packages/rich/console.py", line 820, in _exit_buffer
    self._check_buffer()
    ~~~~~~~~~~~~~~~~~~^^
  File "/usr/local/google/home/konstantint/Projects/prefecture/.venv/lib/python3.13/site-packages/rich/console.py", line 2055, in _check_buffer
    self._write_buffer()
    ~~~~~~~~~~~~~~~~~~^^
  File "/usr/local/google/home/konstantint/Projects/prefecture/.venv/lib/python3.13/site-packages/rich/console.py", line 2124, in _write_buffer
    self.file.write(text)
    ~~~~~~~~~~~~~~~^^^^^^
ValueError: I/O operation on closed file.
Call stack:
  File "/usr/local/google/home/konstantint/Projects/prefecture/.venv/lib/python3.13/site-packages/prefect/server/api/server.py", line 1206, in stop
    subprocess_server_logger.info(
  File "/usr/lib/python3.13/logging/__init__.py", line 1520, in info
    self._log(INFO, msg, args, **kwargs)
  File "/usr/lib/python3.13/logging/__init__.py", line 1665, in _log
    self.handle(record)
  File "/usr/lib/python3.13/logging/__init__.py", line 1681, in handle
    self.callHandlers(record)
  File "/usr/lib/python3.13/logging/__init__.py", line 1741, in callHandlers
    hdlr.handle(record)
  File "/usr/lib/python3.13/logging/__init__.py", line 1027, in handle
    self.emit(record)
  File "/usr/local/google/home/konstantint/Projects/prefecture/.venv/lib/python3.13/site-packages/prefect/logging/handlers.py", line 392, in emit
    self.handleError(record)
Message: 'Stopping temporary server on http://127.0.0.1:8892'
Arguments: ()
